WARNING: Redirecting 'python setup.py develop' to 'pip install -e . -v --no-build-isolation', for more info see https://github.com/pytorch/pytorch/issues/152276
Using pip 26.0.1 from /opt/homebrew/anaconda3/envs/test/lib/python3.10/site-packages/pip (python 3.10)
Obtaining file:///Users/wen/test/pytorch
  Checking if build backend supports build_editable: started
  Running command Checking if build backend supports build_editable
  Checking if build backend supports build_editable: finished with status 'done'
  Preparing editable metadata (pyproject.toml): started
  Running command Preparing editable metadata (pyproject.toml)
  Building wheel torch-2.11.0a0+git8a9a7f5
  Found cmake (/opt/homebrew/anaconda3/envs/test/bin/cmake) version: 4.2.3 (>=3.27)
  /opt/homebrew/anaconda3/envs/test/lib/python3.10/site-packages/setuptools/config/_apply_pyprojecttoml.py:82: SetuptoolsDeprecationWarning: `project.license` as a TOML table is deprecated
  !!

          ********************************************************************************
          Please use a simple string containing a SPDX expression for `project.license`. You can also use `project.license-files`. (Both options available on setuptools>=77.0.0).

          By 2027-Feb-18, you need to update your project and remove deprecated calls
          or your builds will no longer be supported.

          See https://packaging.python.org/en/latest/guides/writing-pyproject-toml/#license for details.
          ********************************************************************************

  !!
    corresp(dist, value, root_dir)
  running dist_info
  creating /private/var/folders/wp/nzhddn0d4qbct1bgrq21kpq80000gn/T/pip-modern-metadata-94u1o3_i/torch.egg-info
  writing /private/var/folders/wp/nzhddn0d4qbct1bgrq21kpq80000gn/T/pip-modern-metadata-94u1o3_i/torch.egg-info/PKG-INFO
  writing dependency_links to /private/var/folders/wp/nzhddn0d4qbct1bgrq21kpq80000gn/T/pip-modern-metadata-94u1o3_i/torch.egg-info/dependency_links.txt
  writing entry points to /private/var/folders/wp/nzhddn0d4qbct1bgrq21kpq80000gn/T/pip-modern-metadata-94u1o3_i/torch.egg-info/entry_points.txt
  writing requirements to /private/var/folders/wp/nzhddn0d4qbct1bgrq21kpq80000gn/T/pip-modern-metadata-94u1o3_i/torch.egg-info/requires.txt
  writing top-level names to /private/var/folders/wp/nzhddn0d4qbct1bgrq21kpq80000gn/T/pip-modern-metadata-94u1o3_i/torch.egg-info/top_level.txt
  writing manifest file '/private/var/folders/wp/nzhddn0d4qbct1bgrq21kpq80000gn/T/pip-modern-metadata-94u1o3_i/torch.egg-info/SOURCES.txt'
  reading manifest file '/private/var/folders/wp/nzhddn0d4qbct1bgrq21kpq80000gn/T/pip-modern-metadata-94u1o3_i/torch.egg-info/SOURCES.txt'
  reading manifest template 'MANIFEST.in'
  warning: no directories found matching 'ios'
  no previously-included directories found matching 'third_party/opentelemetry-cpp/third_party/prometheus-cpp/cmake/project-import-*'
  no previously-included directories found matching '**/.gitlab'
  warning: no previously-included files matching '*.o' found anywhere in distribution
  warning: no previously-included files matching '*.obj' found anywhere in distribution
  warning: no previously-included files matching '*.so' found anywhere in distribution
  warning: no previously-included files matching '*.dylib' found anywhere in distribution
  warning: no previously-included files matching '*.a' found anywhere in distribution
  warning: no previously-included files matching '*.swp' found anywhere in distribution
  warning: no previously-included files matching '*~' found anywhere in distribution
  adding license file 'LICENSE'
  adding license file 'NOTICE'
  writing manifest file '/private/var/folders/wp/nzhddn0d4qbct1bgrq21kpq80000gn/T/pip-modern-metadata-94u1o3_i/torch.egg-info/SOURCES.txt'
  creating '/private/var/folders/wp/nzhddn0d4qbct1bgrq21kpq80000gn/T/pip-modern-metadata-94u1o3_i/torch-2.11.0a0+git8a9a7f5.dist-info'
  Preparing editable metadata (pyproject.toml): finished with status 'done'
Requirement already satisfied: filelock in /opt/homebrew/anaconda3/envs/test/lib/python3.10/site-packages (from torch==2.11.0a0+git8a9a7f5) (3.25.2)
Requirement already satisfied: typing-extensions>=4.10.0 in /opt/homebrew/anaconda3/envs/test/lib/python3.10/site-packages (from torch==2.11.0a0+git8a9a7f5) (4.15.0)
Requirement already satisfied: sympy>=1.13.3 in /opt/homebrew/anaconda3/envs/test/lib/python3.10/site-packages (from torch==2.11.0a0+git8a9a7f5) (1.14.0)
Requirement already satisfied: networkx>=2.5.1 in /opt/homebrew/anaconda3/envs/test/lib/python3.10/site-packages (from torch==2.11.0a0+git8a9a7f5) (3.4.2)
Requirement already satisfied: jinja2 in /opt/homebrew/anaconda3/envs/test/lib/python3.10/site-packages (from torch==2.11.0a0+git8a9a7f5) (3.1.6)
Requirement already satisfied: fsspec>=0.8.5 in /opt/homebrew/anaconda3/envs/test/lib/python3.10/site-packages (from torch==2.11.0a0+git8a9a7f5) (2026.2.0)
Requirement already satisfied: mpmath<1.4,>=1.1.0 in /opt/homebrew/anaconda3/envs/test/lib/python3.10/site-packages (from sympy>=1.13.3->torch==2.11.0a0+git8a9a7f5) (1.3.0)
Requirement already satisfied: MarkupSafe>=2.0 in /opt/homebrew/anaconda3/envs/test/lib/python3.10/site-packages (from jinja2->torch==2.11.0a0+git8a9a7f5) (3.0.3)
Building wheels for collected packages: torch
  Building editable for torch (pyproject.toml): started
  Running command Building editable for torch (pyproject.toml)
  Building wheel torch-2.11.0a0+git8a9a7f5
  Found cmake (/opt/homebrew/anaconda3/envs/test/bin/cmake) version: 4.2.3 (>=3.27)
  -- Building version 2.11.0a0+git8a9a7f5
  cmake -GNinja -DBUILD_PYTHON=True -DBUILD_TEST=True -DCMAKE_BUILD_TYPE=Release -DCMAKE_INSTALL_PREFIX=/Users/wen/test/pytorch/torch -DCMAKE_PREFIX_PATH=/opt/homebrew/anaconda3/envs/test/lib/python3.10/site-packages -DPython_EXECUTABLE=/opt/homebrew/anaconda3/envs/test/bin/python -DPython_NumPy_INCLUDE_DIR=/opt/homebrew/anaconda3/envs/test/lib/python3.10/site-packages/numpy/_core/include -DTORCH_BUILD_VERSION=2.11.0a0+git8a9a7f5 -DUSE_NUMPY=True /Users/wen/test/pytorch
  CMake Deprecation Warning at CMakeLists.txt:8 (cmake_policy):
    The OLD behavior for policy CMP0126 will be removed from a future version
    of CMake.

    The cmake-policies(7) manual explains that the OLD behaviors of all
    policies are deprecated and that a policy should be set to OLD only under
    specific short-term circumstances.  Projects should be ported to the NEW
    behavior and not rely on setting a policy to OLD.


  -- The CXX compiler identification is AppleClang 17.0.0.17000013
  -- The C compiler identification is AppleClang 17.0.0.17000013
  -- Detecting CXX compiler ABI info
  -- Detecting CXX compiler ABI info - done
  -- Check for working CXX compiler: /usr/bin/c++ - skipped
  -- Detecting CXX compile features
  -- Detecting CXX compile features - done
  -- Detecting C compiler ABI info
  -- Detecting C compiler ABI info - done
  -- Check for working C compiler: /usr/bin/cc - skipped
  -- Detecting C compile features
  -- Detecting C compile features - done
  -- Not forcing any particular BLAS to be found
  -- CLANG_VERSION_STRING:         17.0
  -- sdk version: 15.4, mps supported: ON
  -- MPSGraph framework found
  -- Could not find ccache. Consider installing ccache to speed up compilation.
  -- Performing Test C_HAS_AVX_1
  -- Performing Test C_HAS_AVX_1 - Failed
  -- Performing Test C_HAS_AVX_2
  -- Performing Test C_HAS_AVX_2 - Failed
  -- Performing Test C_HAS_AVX_3
  -- Performing Test C_HAS_AVX_3 - Failed
  -- Performing Test C_HAS_AVX2_1
  -- Performing Test C_HAS_AVX2_1 - Failed
  -- Performing Test C_HAS_AVX2_2
  -- Performing Test C_HAS_AVX2_2 - Failed
  -- Performing Test C_HAS_AVX2_3
  -- Performing Test C_HAS_AVX2_3 - Failed
  -- Performing Test C_HAS_AVX512_1
  -- Performing Test C_HAS_AVX512_1 - Failed
  -- Performing Test C_HAS_AVX512_2
  -- Performing Test C_HAS_AVX512_2 - Failed
  -- Performing Test C_HAS_AVX512_3
  -- Performing Test C_HAS_AVX512_3 - Failed
  -- Performing Test CXX_HAS_AVX_1
  -- Performing Test CXX_HAS_AVX_1 - Failed
  -- Performing Test CXX_HAS_AVX_2
  -- Performing Test CXX_HAS_AVX_2 - Failed
  -- Performing Test CXX_HAS_AVX_3
  -- Performing Test CXX_HAS_AVX_3 - Failed
  -- Performing Test CXX_HAS_AVX2_1
  -- Performing Test CXX_HAS_AVX2_1 - Failed
  -- Performing Test CXX_HAS_AVX2_2
  -- Performing Test CXX_HAS_AVX2_2 - Failed
  -- Performing Test CXX_HAS_AVX2_3
  -- Performing Test CXX_HAS_AVX2_3 - Failed
  -- Performing Test CXX_HAS_AVX512_1
  -- Performing Test CXX_HAS_AVX512_1 - Failed
  -- Performing Test CXX_HAS_AVX512_2
  -- Performing Test CXX_HAS_AVX512_2 - Failed
  -- Performing Test CXX_HAS_AVX512_3
  -- Performing Test CXX_HAS_AVX512_3 - Failed
  -- Performing Test COMPILER_SUPPORTS_HIDDEN_VISIBILITY
  -- Performing Test COMPILER_SUPPORTS_HIDDEN_VISIBILITY - Success
  -- Performing Test COMPILER_SUPPORTS_HIDDEN_INLINE_VISIBILITY
  -- Performing Test COMPILER_SUPPORTS_HIDDEN_INLINE_VISIBILITY - Success
  -- Performing Test COMPILER_SUPPORTS_RDYNAMIC
  -- Performing Test COMPILER_SUPPORTS_RDYNAMIC - Success
  -- No OMAP3 processor on this machine.
  -- No OMAP4 processor on this machine.
  -- Compiler does not support SVE extension. Will not build perfkernels.
  CMake Warning at CMakeLists.txt:904 (message):
    x86_64 or aarch64 required for FBGEMM.  Not compiling with FBGEMM.  Turn
    this warning off by USE_FBGEMM=OFF.


  CUDA_TOOLKIT_ROOT_DIR not found or specified
  -- Could NOT find CUDA (missing: CUDA_TOOLKIT_ROOT_DIR CUDA_NVCC_EXECUTABLE CUDA_INCLUDE_DIRS CUDA_CUDART_LIBRARY)
  CMake Warning at cmake/public/cuda.cmake:40 (message):
    PyTorch: CUDA cannot be found.  Depending on whether you are building
    PyTorch or a PyTorch dependent library, the next warning / error will give
    you more info.
  Call Stack (most recent call first):
    cmake/Dependencies.cmake:44 (include)
    CMakeLists.txt:932 (include)


  CMake Warning at cmake/Dependencies.cmake:76 (message):
    Not compiling with CUDA.  Suppress this warning with -DUSE_CUDA=OFF.
  Call Stack (most recent call first):
    CMakeLists.txt:932 (include)


  CMake Warning at cmake/Dependencies.cmake:95 (message):
    Not compiling with XPU.  Could NOT find SYCL.  Suppress this warning with
    -DUSE_XPU=OFF.
  Call Stack (most recent call first):
    CMakeLists.txt:932 (include)


  -- Building using own protobuf under third_party per request.
  -- Use custom protobuf build.
  CMake Warning at cmake/ProtoBuf.cmake:37 (message):
    Ancient protobuf forces CMake compatibility
  Call Stack (most recent call first):
    cmake/ProtoBuf.cmake:87 (custom_protobuf_find)
    cmake/Dependencies.cmake:107 (include)
    CMakeLists.txt:932 (include)


  CMake Deprecation Warning at third_party/protobuf/cmake/CMakeLists.txt:2 (cmake_minimum_required):
    Compatibility with CMake < 3.10 will be removed from a future version of
    CMake.

    Update the VERSION argument <min> value.  Or, use the <min>...<max> syntax
    to tell CMake that the project requires at least <min> but has been updated
    to work with policies introduced by <max> or earlier.


  --
  -- 3.13.0.0
  -- Performing Test CMAKE_HAVE_LIBC_PTHREAD
  -- Performing Test CMAKE_HAVE_LIBC_PTHREAD - Success
  -- Found Threads: TRUE
  -- Performing Test protobuf_HAVE_BUILTIN_ATOMICS
  -- Performing Test protobuf_HAVE_BUILTIN_ATOMICS - Success
  -- Caffe2 protobuf include directory: $<BUILD_INTERFACE:/Users/wen/test/pytorch/third_party/protobuf/src>$<INSTALL_INTERFACE:include>
  -- Trying to find preferred BLAS backend of choice: MKL
  CMake Warning at cmake/Dependencies.cmake:221 (message):
    MKL could not be found.  Defaulting to Eigen
  Call Stack (most recent call first):
    CMakeLists.txt:932 (include)


  CMake Warning at cmake/Dependencies.cmake:287 (message):
    Preferred BLAS (MKL) cannot be found, now searching for a general BLAS
    library
  Call Stack (most recent call first):
    CMakeLists.txt:932 (include)


  -- Checking for [blis]
  --   Library blis: BLAS_blis_LIBRARY-NOTFOUND
  -- Checking for [Accelerate]
  --   Library Accelerate: /Library/Developer/CommandLineTools/SDKs/MacOSX.sdk/System/Library/Frameworks/Accelerate.framework
  -- Looking for sgemm_
  -- Looking for sgemm_ - found
  -- Performing Test BLAS_F2C_DOUBLE_WORKS
  -- Performing Test BLAS_F2C_DOUBLE_WORKS - Success
  -- Performing Test BLAS_F2C_FLOAT_WORKS
  -- Performing Test BLAS_F2C_FLOAT_WORKS - Failed
  -- This BLAS uses the F2C return conventions
  -- Performing Test BLAS_USE_CBLAS_DOT
  -- Performing Test BLAS_USE_CBLAS_DOT - Success
  -- BLAS_USE_CBLAS_DOT: TRUE
  -- BLAS_F2C: TRUE
  -- Found a library with BLAS API (accelerate). Full path: (/Library/Developer/CommandLineTools/SDKs/MacOSX.sdk/System/Library/Frameworks/Accelerate.framework)
  -- Looking for sbgemm_
  -- Looking for sbgemm_ - not found
  -- Looking for shgemm_
  -- Looking for shgemm_ - not found
  -- Using pocketfft in directory: /Users/wen/test/pytorch/third_party/pocketfft/
  CMake Deprecation Warning at third_party/pthreadpool/CMakeLists.txt:1 (CMAKE_MINIMUM_REQUIRED):
    Compatibility with CMake < 3.10 will be removed from a future version of
    CMake.

    Update the VERSION argument <min> value.  Or, use the <min>...<max> syntax
    to tell CMake that the project requires at least <min> but has been updated
    to work with policies introduced by <max> or earlier.


  CMake Deprecation Warning at third_party/FXdiv/CMakeLists.txt:1 (CMAKE_MINIMUM_REQUIRED):
    Compatibility with CMake < 3.10 will be removed from a future version of
    CMake.

    Update the VERSION argument <min> value.  Or, use the <min>...<max> syntax
    to tell CMake that the project requires at least <min> but has been updated
    to work with policies introduced by <max> or earlier.


  CMake Deprecation Warning at aten/src/ATen/native/quantized/cpu/qnnpack/CMakeLists.txt:7 (cmake_minimum_required):
    Compatibility with CMake < 3.10 will be removed from a future version of
    CMake.

    Update the VERSION argument <min> value.  Or, use the <min>...<max> syntax
    to tell CMake that the project requires at least <min> but has been updated
    to work with policies introduced by <max> or earlier.


  -- The ASM compiler identification is AppleClang
  -- Found assembler: /usr/bin/cc
  CMake Warning at aten/src/ATen/native/quantized/cpu/qnnpack/CMakeLists.txt:399 (message):
    Ancient psimd/FP16 forces CMake compatibility


  CMake Deprecation Warning at third_party/psimd/CMakeLists.txt:1 (CMAKE_MINIMUM_REQUIRED):
    Compatibility with CMake < 3.10 will be removed from a future version of
    CMake.

    Update the VERSION argument <min> value.  Or, use the <min>...<max> syntax
    to tell CMake that the project requires at least <min> but has been updated
    to work with policies introduced by <max> or earlier.


  CMake Deprecation Warning at third_party/FP16/CMakeLists.txt:1 (CMAKE_MINIMUM_REQUIRED):
    Compatibility with CMake < 3.10 will be removed from a future version of
    CMake.

    Update the VERSION argument <min> value.  Or, use the <min>...<max> syntax
    to tell CMake that the project requires at least <min> but has been updated
    to work with policies introduced by <max> or earlier.


  -- Brace yourself, we are building NNPACK
  CMake Warning at cmake/External/nnpack.cmake:66 (message):
    Ancient nnpack forces CMake compatibility
  Call Stack (most recent call first):
    cmake/Dependencies.cmake:510 (include)
    CMakeLists.txt:932 (include)


  CMake Deprecation Warning at third_party/NNPACK/CMakeLists.txt:1 (CMAKE_MINIMUM_REQUIRED):
    Compatibility with CMake < 3.10 will be removed from a future version of
    CMake.

    Update the VERSION argument <min> value.  Or, use the <min>...<max> syntax
    to tell CMake that the project requires at least <min> but has been updated
    to work with policies introduced by <max> or earlier.


  -- NNPACK backend is neon
  -- Building for XNNPACK_TARGET_PROCESSOR: arm64
  -- Generating microkernels.cmake
  Duplicate microkernel definition: src/qs8-qc4w-packw/gen/qs8-qc4w-packw-x8c8-gemm-goi-scalar.c and src/qs8-qc4w-packw/gen/qs8-qc4w-packw-x8c8-gemm-goi-avx256vnni.c (1th function)
  Duplicate microkernel definition: src/qs8-qc4w-packw/gen/qs8-qc4w-packw-x8c8-gemm-goi-avx256vnni.c and src/qs8-qc4w-packw/gen/qs8-qc4w-packw-x8c8-gemm-goi-avxvnni.c (1th function)
  No microkernel found in src/reference/unary-elementwise.cc
  No microkernel found in src/reference/packing.cc
  No microkernel found in src/reference/binary-elementwise.cc
  -- Found Git: /opt/homebrew/bin/git (found version "2.49.0")
  -- Google Benchmark version: v1.9.3, normalized to 1.9.3
  -- Looking for shm_open in rt
  -- Looking for shm_open in rt - not found
  -- Performing Test HAVE_CXX_FLAG_WALL
  -- Performing Test HAVE_CXX_FLAG_WALL - Success
  -- Performing Test HAVE_CXX_FLAG_WEXTRA
  -- Performing Test HAVE_CXX_FLAG_WEXTRA - Success
  -- Performing Test HAVE_CXX_FLAG_WSHADOW
  -- Performing Test HAVE_CXX_FLAG_WSHADOW - Success
  -- Performing Test HAVE_CXX_FLAG_WFLOAT_EQUAL
  -- Performing Test HAVE_CXX_FLAG_WFLOAT_EQUAL - Success
  -- Performing Test HAVE_CXX_FLAG_WOLD_STYLE_CAST
  -- Performing Test HAVE_CXX_FLAG_WOLD_STYLE_CAST - Success
  -- Performing Test HAVE_CXX_FLAG_WCONVERSION
  -- Performing Test HAVE_CXX_FLAG_WCONVERSION - Success
  -- Performing Test HAVE_CXX_FLAG_WERROR
  -- Performing Test HAVE_CXX_FLAG_WERROR - Success
  -- Performing Test HAVE_CXX_FLAG_WSUGGEST_OVERRIDE
  -- Performing Test HAVE_CXX_FLAG_WSUGGEST_OVERRIDE - Success
  -- Performing Test HAVE_CXX_FLAG_PEDANTIC
  -- Performing Test HAVE_CXX_FLAG_PEDANTIC - Success
  -- Performing Test HAVE_CXX_FLAG_PEDANTIC_ERRORS
  -- Performing Test HAVE_CXX_FLAG_PEDANTIC_ERRORS - Success
  -- Performing Test HAVE_CXX_FLAG_WSHORTEN_64_TO_32
  -- Performing Test HAVE_CXX_FLAG_WSHORTEN_64_TO_32 - Success
  -- Performing Test HAVE_CXX_FLAG_FSTRICT_ALIASING
  -- Performing Test HAVE_CXX_FLAG_FSTRICT_ALIASING - Success
  -- Performing Test HAVE_CXX_FLAG_WNO_DEPRECATED_DECLARATIONS
  -- Performing Test HAVE_CXX_FLAG_WNO_DEPRECATED_DECLARATIONS - Success
  -- Performing Test HAVE_CXX_FLAG_WNO_DEPRECATED
  -- Performing Test HAVE_CXX_FLAG_WNO_DEPRECATED - Success
  -- Performing Test HAVE_CXX_FLAG_WSTRICT_ALIASING
  -- Performing Test HAVE_CXX_FLAG_WSTRICT_ALIASING - Success
  -- Performing Test HAVE_CXX_FLAG_WD654
  -- Performing Test HAVE_CXX_FLAG_WD654 - Failed
  -- Performing Test HAVE_CXX_FLAG_WTHREAD_SAFETY
  -- Performing Test HAVE_CXX_FLAG_WTHREAD_SAFETY - Success
  -- Enabling additional flags: -DINCLUDE_DIRECTORIES=/Users/wen/test/pytorch/third_party/benchmark/include
  -- Compiling and running to test HAVE_THREAD_SAFETY_ATTRIBUTES
  -- Performing Test HAVE_THREAD_SAFETY_ATTRIBUTES -- success
  -- Performing Test HAVE_CXX_FLAG_COVERAGE
  -- Performing Test HAVE_CXX_FLAG_COVERAGE - Success
  -- Compiling and running to test HAVE_STD_REGEX
  -- Performing Test HAVE_STD_REGEX -- success
  -- Compiling and running to test HAVE_GNU_POSIX_REGEX
  -- Performing Test HAVE_GNU_POSIX_REGEX -- failed to compile
  -- Compiling and running to test HAVE_POSIX_REGEX
  -- Performing Test HAVE_POSIX_REGEX -- success
  -- Compiling and running to test HAVE_STEADY_CLOCK
  -- Performing Test HAVE_STEADY_CLOCK -- success
  -- Compiling and running to test HAVE_PTHREAD_AFFINITY
  -- Performing Test HAVE_PTHREAD_AFFINITY -- failed to compile
  -- Using third party subdirectory Eigen.
  -- Found Python: /opt/homebrew/anaconda3/envs/test/bin/python (found version "3.10.20") found components: Interpreter Development.Module NumPy
  -- Using third_party/pybind11.
  -- pybind11 include dirs: /Users/wen/test/pytorch/cmake/../third_party/pybind11/include
  -- Could NOT find OpenMP_C (missing: OpenMP_C_FLAGS OpenMP_C_LIB_NAMES)
  -- Could NOT find OpenMP_CXX (missing: OpenMP_CXX_FLAGS OpenMP_CXX_LIB_NAMES)
  -- Could NOT find OpenMP (missing: OpenMP_C_FOUND OpenMP_CXX_FOUND)
  CMake Warning at cmake/Dependencies.cmake:922 (message):
    Not compiling with OpenMP.  Suppress this warning with -DUSE_OPENMP=OFF
  Call Stack (most recent call first):
    CMakeLists.txt:932 (include)


  -- Found nvtx3: /Users/wen/test/pytorch/third_party/NVTX/c/include
  -- Found Python3: /opt/homebrew/anaconda3/envs/test/bin/python (found version "3.10.20") found components: Interpreter
  -- ONNX_PROTOC_EXECUTABLE: $<TARGET_FILE:protobuf::protoc>
  -- Protobuf_VERSION: Protobuf_VERSION_NOTFOUND
  Generated: /Users/wen/test/pytorch/build/third_party/onnx/onnx/onnx_onnx_torch-ml.proto
  Generated: /Users/wen/test/pytorch/build/third_party/onnx/onnx/onnx-operators_onnx_torch-ml.proto
  Generated: /Users/wen/test/pytorch/build/third_party/onnx/onnx/onnx-data_onnx_torch.proto
  --
  -- ******** Summary ********
  --   CMake version                     : 4.2.3
  --   CMake command                     : /opt/homebrew/anaconda3/envs/test/lib/python3.10/site-packages/cmake/data/bin/cmake
  --   System                            : Darwin
  --   C++ compiler                      : /usr/bin/c++
  --   C++ compiler version              : 17.0.0.17000013
  --   CXX flags                         :  -fvisibility-inlines-hidden -DUSE_PTHREADPOOL -Wnon-virtual-dtor
  --   Build type                        : Release
  --   Compile definitions               : ONNX_ML=1;ONNXIFI_ENABLE_EXT=1
  --   CMAKE_PREFIX_PATH                 : /opt/homebrew/anaconda3/envs/test/lib/python3.10/site-packages
  --   CMAKE_INSTALL_PREFIX              : /Users/wen/test/pytorch/torch
  --   CMAKE_MODULE_PATH                 : /Users/wen/test/pytorch/cmake/Modules;/Users/wen/test/pytorch/cmake/public/../Modules_CUDA_fix
  --
  --   ONNX version                      : 1.18.0
  --   ONNX NAMESPACE                    : onnx_torch
  --   ONNX_USE_LITE_PROTO               : OFF
  --   USE_PROTOBUF_SHARED_LIBS          : OFF
  --   ONNX_DISABLE_EXCEPTIONS           : OFF
  --   ONNX_DISABLE_STATIC_REGISTRATION  : OFF
  --   ONNX_WERROR                       : OFF
  --   ONNX_BUILD_TESTS                  : OFF
  --   BUILD_SHARED_LIBS                 : OFF
  --
  --   Protobuf compiler                 : $<TARGET_FILE:protobuf::protoc>
  --   Protobuf includes                 :
  --   Protobuf libraries                :
  --   ONNX_BUILD_PYTHON                 : OFF
  -- Found CUDA with FP16 support, compiling with torch.cuda.HalfTensor
  -- Adding -DNDEBUG to compile flags
  CMake Warning at cmake/Dependencies.cmake:1450 (message):
    Not compiling with MAGMA.  Suppress this warning with -DUSE_MAGMA=OFF.
  Call Stack (most recent call first):
    CMakeLists.txt:932 (include)


  -- No OMAP3 processor on this machine.
  -- No OMAP4 processor on this machine.
  -- Neon found with compiler flag : -D__NEON__
  -- Looking for cheev_
  -- Looking for cheev_ - found
  -- Found a library with LAPACK API (accelerate).
  disabling CUDA because NOT USE_CUDA is set
  disabling ROCM because NOT USE_ROCM is set
  -- MIOpen not found. Compiling without MIOpen support
  disabling MKLDNN because USE_MKLDNN is not set
  -- Looking for mmap
  -- Looking for mmap - found
  -- Looking for shm_open
  -- Looking for shm_open - found
  -- Looking for shm_unlink
  -- Looking for shm_unlink - found
  -- Looking for malloc_usable_size
  -- Looking for malloc_usable_size - not found
  -- Looking for posix_fallocate
  -- Looking for posix_fallocate - not found
  -- {fmt} version: 12.1.0
  -- Build type: Release
  -- Performing Test HAS_NULLPTR_WARNING
  -- Performing Test HAS_NULLPTR_WARNING - Success
  -- Using CPU-only version of Kineto
  -- Configuring Kineto dependency:
  --   KINETO_SOURCE_DIR = /Users/wen/test/pytorch/third_party/kineto/libkineto
  --   KINETO_BUILD_TESTS = OFF
  --   KINETO_LIBRARY_TYPE = static
  --  ROCM_SOURCE_DIR =
  -- Could not find nvcc, please set CUDAToolkit_ROOT.
  INFO LIBKINETO_NOAIUPTI NOT DEFINED adding subdirectory(src/plugin/aiupti)
  CMake Warning at third_party/kineto/libkineto/src/plugin/aiupti/FindAIUToolkit.cmake:42 (message):
    Cannot find RUNTIME_FULL_INSTALL_DIR or SENDNN_DIR, please set up the AIU
    environment.
  Call Stack (most recent call first):
    third_party/kineto/libkineto/src/plugin/aiupti/CMakeLists.txt:14 (include)


  CMake Warning at third_party/kineto/libkineto/src/plugin/aiupti/CMakeLists.txt:17 (message):
    AIU PTI has not built because


  --  CUPTI unavailable or disabled - not building GPU profilers
  --  ROCTRACER_INCLUDE_DIR = /include/roctracer
  --  DYNOLOG_INCLUDE_DIR = /Users/wen/test/pytorch/third_party/kineto/libkineto/third_party/dynolog/
  --  IPCFABRIC_INCLUDE_DIR = /Users/wen/test/pytorch/third_party/kineto/libkineto/third_party/dynolog//dynolog/src/ipcfabric/
  -- Configured Kineto (CPU)
  -- Running on macOS with Apple silicon
  -- Performing Test HAS_WERROR_RETURN_TYPE
  -- Performing Test HAS_WERROR_RETURN_TYPE - Success
  -- Performing Test HAS_WERROR_NON_VIRTUAL_DTOR
  -- Performing Test HAS_WERROR_NON_VIRTUAL_DTOR - Success
  -- Performing Test HAS_WERROR_BRACED_SCALAR_INIT
  -- Performing Test HAS_WERROR_BRACED_SCALAR_INIT - Success
  -- Performing Test HAS_WERROR_RANGE_LOOP_CONSTRUCT
  -- Performing Test HAS_WERROR_RANGE_LOOP_CONSTRUCT - Success
  -- Performing Test HAS_WERROR_BOOL_OPERATION
  -- Performing Test HAS_WERROR_BOOL_OPERATION - Success
  -- Performing Test HAS_WNARROWING
  -- Performing Test HAS_WNARROWING - Success
  -- Performing Test HAS_WNO_MISSING_FIELD_INITIALIZERS
  -- Performing Test HAS_WNO_MISSING_FIELD_INITIALIZERS - Success
  -- Performing Test HAS_WNO_UNKNOWN_PRAGMAS
  -- Performing Test HAS_WNO_UNKNOWN_PRAGMAS - Success
  -- Performing Test HAS_WNO_UNUSED_PARAMETER
  -- Performing Test HAS_WNO_UNUSED_PARAMETER - Success
  -- Performing Test HAS_WNO_STRICT_OVERFLOW
  -- Performing Test HAS_WNO_STRICT_OVERFLOW - Success
  -- Performing Test HAS_WNO_STRICT_ALIASING
  -- Performing Test HAS_WNO_STRICT_ALIASING - Success
  -- Performing Test HAS_WNO_STRINGOP_OVERFLOW
  -- Performing Test HAS_WNO_STRINGOP_OVERFLOW - Failed
  -- Performing Test HAS_WVLA_EXTENSION
  -- Performing Test HAS_WVLA_EXTENSION - Success
  -- Performing Test HAS_WSUGGEST_OVERRIDE
  -- Performing Test HAS_WSUGGEST_OVERRIDE - Success
  -- Performing Test HAS_WNEWLINE_EOF
  -- Performing Test HAS_WNEWLINE_EOF - Success
  -- Performing Test HAS_WINCONSISTENT_MISSING_OVERRIDE
  -- Performing Test HAS_WINCONSISTENT_MISSING_OVERRIDE - Success
  -- Performing Test HAS_WINCONSISTENT_MISSING_DESTRUCTOR_OVERRIDE
  -- Performing Test HAS_WINCONSISTENT_MISSING_DESTRUCTOR_OVERRIDE - Success
  -- Performing Test HAS_WNO_ERROR_OLD_STYLE_CAST
  -- Performing Test HAS_WNO_ERROR_OLD_STYLE_CAST - Success
  -- Performing Test HAS_WCONSTANT_CONVERSION
  -- Performing Test HAS_WCONSTANT_CONVERSION - Success
  -- Performing Test HAS_WNO_ALIGNED_ALLOCATION_UNAVAILABLE
  -- Performing Test HAS_WNO_ALIGNED_ALLOCATION_UNAVAILABLE - Failed
  -- Performing Test HAS_QUNUSED_ARGUMENTS
  -- Performing Test HAS_QUNUSED_ARGUMENTS - Success
  -- Performing Test HAS_FALIGNED_NEW
  -- Performing Test HAS_FALIGNED_NEW - Success
  -- Performing Test HAS_WNO_MAYBE_UNINITIALIZED
  -- Performing Test HAS_WNO_MAYBE_UNINITIALIZED - Failed
  -- Performing Test HAS_FSTANDALONE_DEBUG
  -- Performing Test HAS_FSTANDALONE_DEBUG - Success
  -- Performing Test HAS_FNO_MATH_ERRNO
  -- Performing Test HAS_FNO_MATH_ERRNO - Success
  -- Performing Test HAS_FNO_TRAPPING_MATH
  -- Performing Test HAS_FNO_TRAPPING_MATH - Success
  -- Performing Test HAS_WERROR_FORMAT
  -- Performing Test HAS_WERROR_FORMAT - Success
  -- Performing Test HAS_WNO_UNGUARDED_AVAILABILITY_NEW
  -- Performing Test HAS_WNO_UNGUARDED_AVAILABILITY_NEW - Success
  -- Performing Test HAS_WNO_MISSING_BRACES
  -- Performing Test HAS_WNO_MISSING_BRACES - Success
  -- don't use NUMA
  -- Looking for backtrace
  -- Looking for backtrace - found
  -- backtrace facility detected in default set of libraries
  -- Found Backtrace: /Library/Developer/CommandLineTools/SDKs/MacOSX.sdk/usr/include
  -- headers outputs:
  -- sources outputs:
  -- declarations_yaml outputs:
  -- Using ATen parallel backend: NATIVE
  disabling CUDA because USE_CUDA is set false
  -- Found OpenSSL: /opt/homebrew/lib/libcrypto.dylib (found version "3.6.0")
  -- Looking for sys/types.h
  -- Looking for sys/types.h - found
  -- Looking for stdint.h
  -- Looking for stdint.h - found
  -- Looking for stddef.h
  -- Looking for stddef.h - found
  -- Check size of long double
  -- Check size of long double - done
  -- Performing Test COMPILER_SUPPORTS_FLOAT128
  -- Performing Test COMPILER_SUPPORTS_FLOAT128 - Failed
  -- Could NOT find OpenMP_C (missing: OpenMP_C_FLAGS OpenMP_C_LIB_NAMES)
  -- Could NOT find OpenMP_CXX (missing: OpenMP_CXX_FLAGS OpenMP_CXX_LIB_NAMES)
  -- Could NOT find OpenMP (missing: OpenMP_C_FOUND OpenMP_CXX_FOUND)
  -- Performing Test COMPILER_SUPPORTS_WEAK_ALIASES
  -- Performing Test COMPILER_SUPPORTS_WEAK_ALIASES - Failed
  -- Performing Test COMPILER_SUPPORTS_BUILTIN_MATH
  -- Performing Test COMPILER_SUPPORTS_BUILTIN_MATH - Success
  -- Performing Test COMPILER_SUPPORTS_SYS_GETRANDOM
  -- Performing Test COMPILER_SUPPORTS_SYS_GETRANDOM - Failed
  -- Configuring build for SLEEF-v3.8.0
     Target system: Darwin-24.5.0
     Target processor: arm64
     Host system: Darwin-24.5.0
     Host processor: arm64
     Detected C compiler: AppleClang @ /usr/bin/cc
     CMake: 4.2.3
     Make program: /opt/homebrew/anaconda3/envs/test/bin/ninja
  -- Using option `-Wall -Wno-unused-function -Wno-attributes -Wno-unused-result -ffp-contract=off -fno-math-errno -fno-trapping-math` to compile libsleef
  -- Building shared libs : OFF
  -- Building static test bins: OFF
  -- MPFR : /opt/homebrew/lib/libmpfr.dylib
  -- MPFR header file in /opt/homebrew/include
  -- GMP : /opt/homebrew/lib/libgmp.dylib
  -- RT :
  -- FFTW3 : LIBFFTW3-NOTFOUND
  -- OPENSSL : 3.6.0
  -- SDE : SDE_COMMAND-NOTFOUND
  -- COMPILER_SUPPORTS_OPENMP :
  CMake Warning at cmake/Metal.cmake:59 (message):
    Machine can not compile metal shaders, fails with xcrun: error: unable to
    find utility "metal", not a developer tool or in PATH

  Call Stack (most recent call first):
    aten/src/ATen/CMakeLists.txt:798 (include)


  AT_INSTALL_INCLUDE_DIR include/ATen/core
  core header install: /Users/wen/test/pytorch/build/aten/src/ATen/core/TensorBody.h
  core header install: /Users/wen/test/pytorch/build/aten/src/ATen/core/aten_interned_strings.h
  core header install: /Users/wen/test/pytorch/build/aten/src/ATen/core/enum_tag.h
  -- Performing Test HAS_WMISSING_PROTOTYPES
  -- Performing Test HAS_WMISSING_PROTOTYPES - Success
  -- Performing Test HAS_WERROR_MISSING_PROTOTYPES
  -- Performing Test HAS_WERROR_MISSING_PROTOTYPES - Success
  -- The OBJC compiler identification is AppleClang 17.0.0.17000013
  -- The OBJCXX compiler identification is AppleClang 17.0.0.17000013
  -- Detecting OBJC compiler ABI info
  -- Detecting OBJC compiler ABI info - done
  -- Check for working OBJC compiler: /usr/bin/clang - skipped
  -- Detecting OBJCXX compiler ABI info
  -- Detecting OBJCXX compiler ABI info - done
  -- Check for working OBJCXX compiler: /usr/bin/clang++ - skipped
  -- Performing Test HAS_WNO_UNUSED_VARIABLE
  -- Performing Test HAS_WNO_UNUSED_VARIABLE - Success
  -- Performing Test HAS_WNO_UNUSED_BUT_SET_VARIABLE
  -- Performing Test HAS_WNO_UNUSED_BUT_SET_VARIABLE - Success
  -- Performing Test HAS_WNO_UNUSED_BUT_SET_PARAMETER
  -- Performing Test HAS_WNO_UNUSED_BUT_SET_PARAMETER - Success
  CMake Warning at CMakeLists.txt:1325 (message):
    Generated cmake files are only fully tested if one builds with system glog,
    gflags, and protobuf.  Other settings may generate files that are not well
    tested.


  --
  -- ******** Summary ********
  -- General:
  --   CMake version         : 4.2.3
  --   CMake command         : /opt/homebrew/anaconda3/envs/test/lib/python3.10/site-packages/cmake/data/bin/cmake
  --   System                : Darwin
  --   C++ compiler          : /usr/bin/c++
  --   C++ compiler id       : AppleClang
  --   C++ compiler version  : 17.0.0.17000013
  --   Using ccache if found : ON
  --   Found ccache          : CCACHE_PROGRAM-NOTFOUND
  --   CXX flags             :  -fvisibility-inlines-hidden -DUSE_PTHREADPOOL -DNDEBUG -DUSE_KINETO -DLIBKINETO_NOCUPTI -DLIBKINETO_NOROCTRACER -DLIBKINETO_NOXPUPTI=ON -DUSE_PYTORCH_QNNPACK -DAT_BUILD_ARM_VEC256_WITH_SLEEF -DUSE_XNNPACK -DSYMBOLICATE_MOBILE_DEBUG_HANDLE -O2 -fPIC -DC10_NODEPRECATED -Wall -Wextra -Werror=return-type -Werror=non-virtual-dtor -Werror=braced-scalar-init -Werror=range-loop-construct -Werror=bool-operation -Wnarrowing -Wno-missing-field-initializers -Wno-unknown-pragmas -Wno-unused-parameter -Wno-strict-overflow -Wno-strict-aliasing -Wvla-extension -Wsuggest-override -Wnewline-eof -Winconsistent-missing-override -Winconsistent-missing-destructor-override -Wno-pass-failed -Wno-error=old-style-cast -Wconstant-conversion -Qunused-arguments -faligned-new -fno-math-errno -fno-trapping-math -Werror=format -DUSE_MPS -Wno-missing-braces
  --   Shared LD flags       :  -rdynamic -weak_framework Foundation -weak_framework MetalPerformanceShaders -weak_framework MetalPerformanceShadersGraph -weak_framework Metal -weak_framework IOKit
  --   Static LD flags       :
  --   Module LD flags       :
  --   Build type            : Release
  --   Compile definitions   : ONNX_ML=1;ONNXIFI_ENABLE_EXT=1;ONNX_NAMESPACE=onnx_torch;HAVE_MMAP=1;_FILE_OFFSET_BITS=64;HAVE_SHM_OPEN=1;HAVE_SHM_UNLINK=1;USE_EXTERNAL_MZCRC;MINIZ_DISABLE_ZIP_READER_CRC32_CHECKS;AT_BUILD_ARM_VEC256_WITH_SLEEF
  --   CMAKE_PREFIX_PATH     : /opt/homebrew/anaconda3/envs/test/lib/python3.10/site-packages
  --   CMAKE_INSTALL_PREFIX  : /Users/wen/test/pytorch/torch
  --   USE_GOLD_LINKER       : OFF
  --
  --   TORCH_VERSION         : 2.11.0
  --   BUILD_STATIC_RUNTIME_BENCHMARK: OFF
  --   BUILD_BINARY          : OFF
  --   BUILD_CUSTOM_PROTOBUF : ON
  --     Link local protobuf : ON
  --   BUILD_PYTHON          : True
  --     Python version      : 3.10.20
  --     Python executable   : /opt/homebrew/anaconda3/envs/test/bin/python
  --     Python library      :
  --     Python includes     : /opt/homebrew/anaconda3/envs/test/include/python3.10
  --     Python site-package : /opt/homebrew/anaconda3/envs/test/lib/python3.10/site-packages
  --   BUILD_SHARED_LIBS     : ON
  --   CAFFE2_USE_MSVC_STATIC_RUNTIME     : OFF
  --   BUILD_TEST            : True
  --   BUILD_JNI             : OFF
  --   BUILD_MOBILE_AUTOGRAD : OFF
  --   BUILD_LITE_INTERPRETER: OFF
  --   CROSS_COMPILING_MACOSX :
  --   INTERN_BUILD_MOBILE   :
  --   TRACING_BASED         : OFF
  --   USE_BLAS              : 1
  --     BLAS                : accelerate
  --     BLAS_HAS_SBGEMM     :
  --     BLAS_HAS_SHGEMM     :
  --   USE_LAPACK            : 1
  --     LAPACK              : accelerate
  --   USE_ASAN              : OFF
  --   USE_LSAN              : OFF
  --   USE_TSAN              : OFF
  --   USE_CPP_CODE_COVERAGE : OFF
  --   USE_CUDA              : OFF
  --   USE_XPU               : OFF
  --   USE_ROCM              : OFF
  --   BUILD_NVFUSER         :
  --   USE_EIGEN_FOR_BLAS    : ON
  --   USE_EIGEN_FOR_SPARSE  : OFF
  --   USE_FBGEMM            : OFF
  --   USE_MSLK              : OFF
  --   USE_KINETO            : ON
  --   USE_GFLAGS            : OFF
  --   USE_GLOG              : OFF
  --   USE_LITE_PROTO        : OFF
  --   USE_PYTORCH_METAL     : OFF
  --   USE_PYTORCH_METAL_EXPORT     : OFF
  --   USE_MPS               : ON
  --   CAN_COMPILE_METAL     : NO
  --   USE_MKL               : OFF
  --   USE_MKLDNN            : OFF
  --   USE_KLEIDIAI          : ON
  --   USE_PRIORITIZED_TEXT_FOR_LD : OFF
  --   USE_UCC               : OFF
  --   USE_ITT               : OFF
  --   USE_XCCL              : OFF
  --   USE_NCCL              : OFF
  --   Found NVSHMEM         :
  --   USE_NNPACK            : ON
  --   USE_NUMPY             : ON
  --   USE_OBSERVERS         : ON
  --   USE_OPENCL            : OFF
  --   USE_OPENMP            : OFF
  --   USE_MIMALLOC          : OFF
  --   USE_VULKAN            : OFF
  --   USE_PROF              : OFF
  --   USE_PYTORCH_QNNPACK   : ON
  --   USE_XNNPACK           : ON
  --   USE_DISTRIBUTED       : OFF
  --   Public Dependencies  :
  --   Private Dependencies : Threads::Threads;pthreadpool;cpuinfo;pytorch_qnnpack;nnpack;XNNPACK;microkernels-prod;fp16;kleidiai;fmt::fmt-header-only;kineto
  --   Public CUDA Deps.    :
  --   Private CUDA Deps.   :
  --   USE_COREML_DELEGATE     : OFF
  --   BUILD_LAZY_TS_BACKEND   : ON
  --   USE_ROCM_KERNEL_ASSERT : OFF
  -- Configuring done (28.1s)
  -- Generating done (1.8s)
  -- Build files have been written to: /Users/wen/test/pytorch/build
  cmake --build . --target install --config Release
  [1/4] Generating ATen declarations_yaml
  [2/4] Generating ATen headers
  [3/4] Generating ATen sources
  [1/5650] Building CXX object third_party/protobuf/cmake/CMakeFiles/libprotobuf.dir/__/src/google/protobuf/io/io_win32.cc.o
  [2/5650] Building CXX object third_party/protobuf/cmake/CMakeFiles/libprotobuf.dir/__/src/google/protobuf/io/zero_copy_stream.cc.o
  [3/5650] Building CXX object third_party/protobuf/cmake/CMakeFiles/libprotobuf.dir/__/src/google/protobuf/io/strtod.cc.o
  [4/5650] Building CXX object third_party/protobuf/cmake/CMakeFiles/libprotobuf.dir/__/src/google/protobuf/arena.cc.o
  [5/5650] Building CXX object third_party/protobuf/cmake/CMakeFiles/libprotobuf.dir/__/src/google/protobuf/io/zero_copy_stream_impl.cc.o
  [6/5650] Building CXX object third_party/protobuf/cmake/CMakeFiles/libprotobuf.dir/__/src/google/protobuf/io/zero_copy_stream_impl_lite.cc.o
  [7/5650] Building CXX object third_party/protobuf/cmake/CMakeFiles/libprotobuf.dir/__/src/google/protobuf/generated_enum_util.cc.o
  [8/5650] Building CXX object third_party/protobuf/cmake/CMakeFiles/libprotobuf.dir/__/src/google/protobuf/any_lite.cc.o
  [9/5650] Building CXX object third_party/protobuf/cmake/CMakeFiles/libprotobuf.dir/__/src/google/protobuf/io/coded_stream.cc.o
  [10/5650] Building CXX object third_party/protobuf/cmake/CMakeFiles/libprotobuf.dir/__/src/google/protobuf/implicit_weak_message.cc.o
  [11/5650] Building CXX object third_party/protobuf/cmake/CMakeFiles/libprotobuf.dir/__/src/google/protobuf/stubs/bytestream.cc.o
  [12/5650] Building CXX object third_party/protobuf/cmake/CMakeFiles/libprotobuf.dir/__/src/google/protobuf/stubs/statusor.cc.o
  [13/5650] Building CXX object third_party/protobuf/cmake/CMakeFiles/libprotobuf.dir/__/src/google/protobuf/stubs/status.cc.o
  [14/5650] Building CXX object third_party/protobuf/cmake/CMakeFiles/libprotobuf.dir/__/src/google/protobuf/stubs/stringpiece.cc.o
  [15/5650] Building CXX object third_party/protobuf/cmake/CMakeFiles/libprotobuf.dir/__/src/google/protobuf/stubs/int128.cc.o
  [16/5650] Building CXX object third_party/protobuf/cmake/CMakeFiles/libprotobuf.dir/__/src/google/protobuf/stubs/common.cc.o
  [17/5650] Building CXX object third_party/protobuf/cmake/CMakeFiles/libprotobuf.dir/__/src/google/protobuf/message_lite.cc.o
  [18/5650] Building CXX object third_party/protobuf/cmake/CMakeFiles/libprotobuf.dir/__/src/google/protobuf/parse_context.cc.o
  [19/5650] Building CXX object third_party/protobuf/cmake/CMakeFiles/libprotobuf.dir/__/src/google/protobuf/stubs/stringprintf.cc.o
  [20/5650] Building CXX object third_party/protobuf/cmake/CMakeFiles/libprotobuf.dir/__/src/google/protobuf/generated_message_util.cc.o
  [21/5650] Building CXX object third_party/protobuf/cmake/CMakeFiles/libprotobuf.dir/__/src/google/protobuf/stubs/structurally_valid.cc.o
  [22/5650] Building CXX object third_party/protobuf/cmake/CMakeFiles/libprotobuf.dir/__/src/google/protobuf/stubs/time.cc.o
  [23/5650] Building CXX object third_party/protobuf/cmake/CMakeFiles/libprotobuf.dir/__/src/google/protobuf/generated_message_table_driven_lite.cc.o
  [24/5650] Building CXX object third_party/protobuf/cmake/CMakeFiles/libprotobuf.dir/__/src/google/protobuf/any.cc.o
  [25/5650] Building CXX object third_party/protobuf/cmake/CMakeFiles/libprotobuf.dir/__/src/google/protobuf/repeated_field.cc.o
  [26/5650] Building CXX object third_party/protobuf/cmake/CMakeFiles/libprotobuf.dir/__/src/google/protobuf/wire_format_lite.cc.o
  [27/5650] Building CXX object third_party/protobuf/cmake/CMakeFiles/libprotobuf.dir/__/src/google/protobuf/extension_set.cc.o
  [28/5650] Building CXX object third_party/protobuf/cmake/CMakeFiles/libprotobuf.dir/__/src/google/protobuf/any.pb.cc.o
  [29/5650] Building CXX object third_party/protobuf/cmake/CMakeFiles/libprotobuf.dir/__/src/google/protobuf/stubs/strutil.cc.o
  /Users/wen/test/pytorch/third_party/protobuf/src/google/protobuf/stubs/strutil.cc:507:11: warning: 'sprintf' is deprecated: This function is provided for compatibility reasons only.  Due to security concerns inherent in the design of sprintf(3), it is highly recommended that you use snprintf(3) instead. [-Wdeprecated-declarations]
    507 |           sprintf(dest + used, (use_hex ? "\\x%02x" : "\\%03o"),
        |           ^
  /Library/Developer/CommandLineTools/SDKs/MacOSX.sdk/usr/include/_stdio.h:278:1: note: 'sprintf' has been explicitly marked deprecated here
    278 | __deprecated_msg("This function is provided for compatibility reasons only.  Due to security concerns inherent in the design of sprintf(3), it is highly recommended that you use snprintf(3) instead.")
        | ^
  /Library/Developer/CommandLineTools/SDKs/MacOSX.sdk/usr/include/sys/cdefs.h:218:48: note: expanded from macro '__deprecated_msg'
    218 |         #define __deprecated_msg(_msg) __attribute__((__deprecated__(_msg)))
        |                                                       ^
  1 warning generated.
  [30/5650] Building CXX object third_party/protobuf/cmake/CMakeFiles/libprotobuf.dir/__/src/google/protobuf/duration.pb.cc.o
  [31/5650] Building CXX object third_party/protobuf/cmake/CMakeFiles/libprotobuf.dir/__/src/google/protobuf/compiler/importer.cc.o
  [32/5650] Building CXX object third_party/protobuf/cmake/CMakeFiles/libprotobuf.dir/__/src/google/protobuf/api.pb.cc.o
  [33/5650] Building CXX object third_party/protobuf/cmake/CMakeFiles/libprotobuf.dir/__/src/google/protobuf/empty.pb.cc.o
  [34/5650] Building CXX object third_party/protobuf/cmake/CMakeFiles/libprotobuf.dir/__/src/google/protobuf/io/gzip_stream.cc.o
  [35/5650] Building CXX object third_party/protobuf/cmake/CMakeFiles/libprotobuf.dir/__/src/google/protobuf/field_mask.pb.cc.o
  [36/5650] Building CXX object third_party/protobuf/cmake/CMakeFiles/libprotobuf.dir/__/src/google/protobuf/dynamic_message.cc.o
  [37/5650] Building CXX object third_party/protobuf/cmake/CMakeFiles/libprotobuf.dir/__/src/google/protobuf/extension_set_heavy.cc.o
  [38/5650] Building CXX object third_party/protobuf/cmake/CMakeFiles/libprotobuf.dir/__/src/google/protobuf/io/tokenizer.cc.o
  [39/5650] Building CXX object third_party/protobuf/cmake/CMakeFiles/libprotobuf.dir/__/src/google/protobuf/io/printer.cc.o
  [40/5650] Building CXX object third_party/protobuf/cmake/CMakeFiles/libprotobuf.dir/__/src/google/protobuf/service.cc.o
  [41/5650] Building CXX object third_party/protobuf/cmake/CMakeFiles/libprotobuf.dir/__/src/google/protobuf/map_field.cc.o
  [42/5650] Building CXX object third_party/protobuf/cmake/CMakeFiles/libprotobuf.dir/__/src/google/protobuf/stubs/substitute.cc.o
  [43/5650] Building CXX object third_party/protobuf/cmake/CMakeFiles/libprotobuf.dir/__/src/google/protobuf/reflection_ops.cc.o
  [44/5650] Building CXX object third_party/protobuf/cmake/CMakeFiles/libprotobuf.dir/__/src/google/protobuf/source_context.pb.cc.o
  [45/5650] Building CXX object third_party/protobuf/cmake/CMakeFiles/libprotobuf.dir/__/src/google/protobuf/message.cc.o
  [46/5650] Building CXX object third_party/protobuf/cmake/CMakeFiles/libprotobuf.dir/__/src/google/protobuf/generated_message_reflection.cc.o
  [47/5650] Building CXX object third_party/protobuf/cmake/CMakeFiles/libprotobuf.dir/__/src/google/protobuf/compiler/parser.cc.o
  [48/5650] Building CXX object third_party/protobuf/cmake/CMakeFiles/libprotobuf.dir/__/src/google/protobuf/descriptor_database.cc.o
  [49/5650] Building CXX object third_party/protobuf/cmake/CMakeFiles/libprotobuf.dir/__/src/google/protobuf/generated_message_table_driven.cc.o
  [50/5650] Building CXX object third_party/protobuf/cmake/CMakeFiles/libprotobuf.dir/__/src/google/protobuf/util/delimited_message_util.cc.o
  [51/5650] Building CXX object third_party/protobuf/cmake/CMakeFiles/libprotobuf.dir/__/src/google/protobuf/timestamp.pb.cc.o
  [52/5650] Building CXX object third_party/protobuf/cmake/CMakeFiles/libprotobuf.dir/__/src/google/protobuf/unknown_field_set.cc.o
  [53/5650] Building CXX object third_party/protobuf/cmake/CMakeFiles/libprotobuf.dir/__/src/google/protobuf/util/field_comparator.cc.o
  [54/5650] Building CXX object third_party/protobuf/cmake/CMakeFiles/libprotobuf.dir/__/src/google/protobuf/struct.pb.cc.o
  [55/5650] Building CXX object third_party/protobuf/cmake/CMakeFiles/libprotobuf.dir/__/src/google/protobuf/util/internal/error_listener.cc.o
  [56/5650] Building CXX object third_party/protobuf/cmake/CMakeFiles/libprotobuf.dir/__/src/google/protobuf/util/internal/json_escaping.cc.o
  [57/5650] Building CXX object third_party/protobuf/cmake/CMakeFiles/libprotobuf.dir/__/src/google/protobuf/util/field_mask_util.cc.o
  [58/5650] Building CXX object third_party/protobuf/cmake/CMakeFiles/libprotobuf.dir/__/src/google/protobuf/type.pb.cc.o
  [59/5650] Building CXX object third_party/protobuf/cmake/CMakeFiles/libprotobuf.dir/__/src/google/protobuf/util/internal/datapiece.cc.o
  [60/5650] Building CXX object third_party/protobuf/cmake/CMakeFiles/libprotobuf.dir/__/src/google/protobuf/util/internal/field_mask_utility.cc.o
  [61/5650] Building CXX object third_party/protobuf/cmake/CMakeFiles/libprotobuf.dir/__/src/google/protobuf/util/internal/json_objectwriter.cc.o
  [62/5650] Building CXX object third_party/protobuf/cmake/CMakeFiles/libprotobuf.dir/__/src/google/protobuf/descriptor.pb.cc.o
  [63/5650] Building CXX object third_party/protobuf/cmake/CMakeFiles/libprotobuf.dir/__/src/google/protobuf/util/internal/object_writer.cc.o
  [64/5650] Building CXX object third_party/protobuf/cmake/CMakeFiles/libprotobuf.dir/__/src/google/protobuf/util/internal/json_stream_parser.cc.o
  [65/5650] Building CXX object third_party/protobuf/cmake/CMakeFiles/libprotobuf.dir/__/src/google/protobuf/util/internal/default_value_objectwriter.cc.o
  [66/5650] Building CXX object third_party/protobuf/cmake/CMakeFiles/libprotobuf.dir/__/src/google/protobuf/util/internal/type_info_test_helper.cc.o
  [67/5650] Building CXX object third_party/protobuf/cmake/CMakeFiles/libprotobuf.dir/__/src/google/protobuf/text_format.cc.o
  [68/5650] Building CXX object third_party/protobuf/cmake/CMakeFiles/libprotobuf.dir/__/src/google/protobuf/util/internal/type_info.cc.o
  [69/5650] Building CXX object third_party/protobuf/cmake/CMakeFiles/libprotobuf.dir/__/src/google/protobuf/util/time_util.cc.o
  [70/5650] Building CXX object third_party/protobuf/cmake/CMakeFiles/libprotobuf.dir/__/src/google/protobuf/util/json_util.cc.o
  [71/5650] Building CXX object third_party/protobuf/cmake/CMakeFiles/libprotobuf.dir/__/src/google/protobuf/util/internal/utility.cc.o
  [72/5650] Building CXX object third_party/protobuf/cmake/CMakeFiles/libprotobuf.dir/__/src/google/protobuf/util/internal/protostream_objectsource.cc.o
  [73/5650] Building CXX object third_party/protobuf/cmake/CMakeFiles/libprotobuf.dir/__/src/google/protobuf/util/internal/proto_writer.cc.o
  [74/5650] Building CXX object third_party/protobuf/cmake/CMakeFiles/libprotobuf.dir/__/src/google/protobuf/util/type_resolver_util.cc.o
  [75/5650] Building CXX object third_party/protobuf/cmake/CMakeFiles/libprotobuf.dir/__/src/google/protobuf/util/internal/protostream_objectwriter.cc.o
  [76/5650] Building CXX object third_party/protobuf/cmake/CMakeFiles/libprotoc.dir/__/src/google/protobuf/compiler/code_generator.cc.o
  [77/5650] Building CXX object third_party/protobuf/cmake/CMakeFiles/libprotobuf.dir/__/src/google/protobuf/wrappers.pb.cc.o
  [78/5650] Building CXX object third_party/protobuf/cmake/CMakeFiles/libprotoc.dir/__/src/google/protobuf/compiler/cpp/cpp_enum_field.cc.o
  [79/5650] Building CXX object third_party/protobuf/cmake/CMakeFiles/libprotoc.dir/__/src/google/protobuf/compiler/cpp/cpp_extension.cc.o
  [80/5650] Building CXX object third_party/protobuf/cmake/CMakeFiles/libprotoc.dir/__/src/google/protobuf/compiler/cpp/cpp_field.cc.o
  [81/5650] Building CXX object third_party/protobuf/cmake/CMakeFiles/libprotoc.dir/__/src/google/protobuf/compiler/cpp/cpp_generator.cc.o
  [82/5650] Building CXX object third_party/protobuf/cmake/CMakeFiles/libprotobuf.dir/__/src/google/protobuf/util/message_differencer.cc.o
  [83/5650] Building CXX object third_party/protobuf/cmake/CMakeFiles/libprotoc.dir/__/src/google/protobuf/compiler/cpp/cpp_enum.cc.o
  [84/5650] Building CXX object third_party/protobuf/cmake/CMakeFiles/libprotobuf.dir/__/src/google/protobuf/descriptor.cc.o
  [85/5650] Building CXX object third_party/protobuf/cmake/CMakeFiles/libprotobuf.dir/__/src/google/protobuf/wire_format.cc.o
  [86/5650] Linking CXX static library lib/libprotobuf.a
  [87/5650] Building CXX object third_party/protobuf/cmake/CMakeFiles/libprotoc.dir/__/src/google/protobuf/compiler/cpp/cpp_map_field.cc.o
  [88/5650] Building CXX object third_party/protobuf/cmake/CMakeFiles/libprotoc.dir/__/src/google/protobuf/compiler/csharp/csharp_doc_comment.cc.o
  [89/5650] Building CXX object third_party/protobuf/cmake/CMakeFiles/libprotoc.dir/__/src/google/protobuf/compiler/cpp/cpp_primitive_field.cc.o
  [90/5650] Building CXX object third_party/protobuf/cmake/CMakeFiles/libprotoc.dir/__/src/google/protobuf/compiler/cpp/cpp_message_field.cc.o
  [91/5650] Building CXX object third_party/protobuf/cmake/CMakeFiles/libprotoc.dir/__/src/google/protobuf/compiler/cpp/cpp_service.cc.o
  [92/5650] Building CXX object third_party/protobuf/cmake/CMakeFiles/libprotoc.dir/__/src/google/protobuf/compiler/cpp/cpp_padding_optimizer.cc.o
  [93/5650] Building CXX object third_party/protobuf/cmake/CMakeFiles/libprotoc.dir/__/src/google/protobuf/compiler/cpp/cpp_string_field.cc.o
  [94/5650] Building CXX object third_party/protobuf/cmake/CMakeFiles/libprotoc.dir/__/src/google/protobuf/compiler/csharp/csharp_enum.cc.o
  [95/5650] Building CXX object third_party/protobuf/cmake/CMakeFiles/libprotoc.dir/__/src/google/protobuf/compiler/command_line_interface.cc.o
  [96/5650] Building CXX object third_party/protobuf/cmake/CMakeFiles/libprotoc.dir/__/src/google/protobuf/compiler/csharp/csharp_enum_field.cc.o
  [97/5650] Building CXX object third_party/protobuf/cmake/CMakeFiles/libprotoc.dir/__/src/google/protobuf/compiler/csharp/csharp_generator.cc.o
  [98/5650] Building CXX object third_party/protobuf/cmake/CMakeFiles/libprotoc.dir/__/src/google/protobuf/compiler/csharp/csharp_map_field.cc.o
  [99/5650] Building CXX object third_party/protobuf/cmake/CMakeFiles/libprotoc.dir/__/src/google/protobuf/compiler/csharp/csharp_helpers.cc.o
  [100/5650] Building CXX object third_party/protobuf/cmake/CMakeFiles/libprotoc.dir/__/src/google/protobuf/compiler/csharp/csharp_field_base.cc.o
  [101/5650] Building CXX object third_party/protobuf/cmake/CMakeFiles/libprotoc.dir/__/src/google/protobuf/compiler/csharp/csharp_primitive_field.cc.o
  [102/5650] Building CXX object third_party/protobuf/cmake/CMakeFiles/libprotoc.dir/__/src/google/protobuf/compiler/cpp/cpp_helpers.cc.o
  [103/5650] Building CXX object third_party/protobuf/cmake/CMakeFiles/libprotoc.dir/__/src/google/protobuf/compiler/cpp/cpp_file.cc.o
  [104/5650] Building CXX object third_party/protobuf/cmake/CMakeFiles/libprotoc.dir/__/src/google/protobuf/compiler/csharp/csharp_message_field.cc.o
  [105/5650] Building CXX object third_party/protobuf/cmake/CMakeFiles/libprotoc.dir/__/src/google/protobuf/compiler/csharp/csharp_repeated_enum_field.cc.o
  [106/5650] Building CXX object third_party/protobuf/cmake/CMakeFiles/libprotoc.dir/__/src/google/protobuf/compiler/csharp/csharp_reflection_class.cc.o
  [107/5650] Building CXX object third_party/protobuf/cmake/CMakeFiles/libprotoc.dir/__/src/google/protobuf/compiler/csharp/csharp_message.cc.o
  [108/5650] Building CXX object third_party/protobuf/cmake/CMakeFiles/libprotoc.dir/__/src/google/protobuf/compiler/csharp/csharp_repeated_primitive_field.cc.o
  [109/5650] Building CXX object third_party/protobuf/cmake/CMakeFiles/libprotoc.dir/__/src/google/protobuf/compiler/csharp/csharp_source_generator_base.cc.o
  [110/5650] Building CXX object third_party/protobuf/cmake/CMakeFiles/libprotoc.dir/__/src/google/protobuf/compiler/java/java_doc_comment.cc.o
  [111/5650] Building CXX object third_party/protobuf/cmake/CMakeFiles/libprotoc.dir/__/src/google/protobuf/compiler/csharp/csharp_repeated_message_field.cc.o
  [112/5650] Building CXX object third_party/protobuf/cmake/CMakeFiles/libprotoc.dir/__/src/google/protobuf/compiler/csharp/csharp_wrapper_field.cc.o
  [113/5650] Building CXX object third_party/protobuf/cmake/CMakeFiles/libprotoc.dir/__/src/google/protobuf/compiler/java/java_enum_field.cc.o
  [114/5650] Building CXX object third_party/protobuf/cmake/CMakeFiles/libprotoc.dir/__/src/google/protobuf/compiler/java/java_context.cc.o
  [115/5650] Building CXX object third_party/protobuf/cmake/CMakeFiles/libprotoc.dir/__/src/google/protobuf/compiler/java/java_enum.cc.o
  [116/5650] Building CXX object third_party/protobuf/cmake/CMakeFiles/libprotoc.dir/__/src/google/protobuf/compiler/java/java_enum_field_lite.cc.o
  [117/5650] Building CXX object third_party/protobuf/cmake/CMakeFiles/libprotoc.dir/__/src/google/protobuf/compiler/java/java_enum_lite.cc.o
  [118/5650] Building CXX object third_party/protobuf/cmake/CMakeFiles/libprotoc.dir/__/src/google/protobuf/compiler/java/java_extension.cc.o
  [119/5650] Building CXX object third_party/protobuf/cmake/CMakeFiles/libprotoc.dir/__/src/google/protobuf/compiler/java/java_extension_lite.cc.o
  [120/5650] Building CXX object third_party/protobuf/cmake/CMakeFiles/libprotoc.dir/__/src/google/protobuf/compiler/java/java_field.cc.o
  [121/5650] Building CXX object third_party/protobuf/cmake/CMakeFiles/libprotoc.dir/__/src/google/protobuf/compiler/java/java_generator_factory.cc.o
  [122/5650] Building CXX object third_party/protobuf/cmake/CMakeFiles/libprotoc.dir/__/src/google/protobuf/compiler/java/java_generator.cc.o
  [123/5650] Building CXX object third_party/protobuf/cmake/CMakeFiles/libprotoc.dir/__/src/google/protobuf/compiler/java/java_file.cc.o
  [124/5650] Building CXX object third_party/protobuf/cmake/CMakeFiles/libprotoc.dir/__/src/google/protobuf/compiler/java/java_map_field_lite.cc.o
  [125/5650] Building CXX object third_party/protobuf/cmake/CMakeFiles/libprotoc.dir/__/src/google/protobuf/compiler/java/java_map_field.cc.o
  [126/5650] Building CXX object third_party/protobuf/cmake/CMakeFiles/libprotoc.dir/__/src/google/protobuf/compiler/java/java_message_builder_lite.cc.o
  [127/5650] Building CXX object third_party/protobuf/cmake/CMakeFiles/libprotoc.dir/__/src/google/protobuf/compiler/java/java_message_builder.cc.o
  [128/5650] Building CXX object third_party/protobuf/cmake/CMakeFiles/libprotoc.dir/__/src/google/protobuf/compiler/cpp/cpp_message.cc.o
  [129/5650] Building CXX object third_party/protobuf/cmake/CMakeFiles/libprotoc.dir/__/src/google/protobuf/compiler/java/java_message_field.cc.o
  [130/5650] Building CXX object third_party/protobuf/cmake/CMakeFiles/libprotoc.dir/__/src/google/protobuf/compiler/java/java_message_field_lite.cc.o
  [131/5650] Building CXX object third_party/protobuf/cmake/CMakeFiles/libprotoc.dir/__/src/google/protobuf/compiler/java/java_name_resolver.cc.o
  [132/5650] Building CXX object third_party/protobuf/cmake/CMakeFiles/libprotoc.dir/__/src/google/protobuf/compiler/js/well_known_types_embed.cc.o
  [133/5650] Building CXX object third_party/protobuf/cmake/CMakeFiles/libprotoc.dir/__/src/google/protobuf/compiler/java/java_helpers.cc.o
  [134/5650] Building CXX object third_party/protobuf/cmake/CMakeFiles/libprotoc.dir/__/src/google/protobuf/compiler/java/java_message_lite.cc.o
  [135/5650] Building CXX object third_party/protobuf/cmake/CMakeFiles/libprotoc.dir/__/src/google/protobuf/compiler/java/java_message.cc.o
  [136/5650] Building CXX object third_party/protobuf/cmake/CMakeFiles/libprotoc.dir/__/src/google/protobuf/compiler/java/java_primitive_field.cc.o
  [137/5650] Building CXX object third_party/protobuf/cmake/CMakeFiles/libprotoc.dir/__/src/google/protobuf/compiler/java/java_string_field.cc.o
  [138/5650] Building CXX object third_party/protobuf/cmake/CMakeFiles/libprotoc.dir/__/src/google/protobuf/compiler/java/java_service.cc.o
  [139/5650] Building CXX object third_party/protobuf/cmake/CMakeFiles/libprotoc.dir/__/src/google/protobuf/compiler/java/java_string_field_lite.cc.o
  [140/5650] Building CXX object third_party/protobuf/cmake/CMakeFiles/libprotoc.dir/__/src/google/protobuf/compiler/java/java_primitive_field_lite.cc.o
  [141/5650] Building CXX object third_party/protobuf/cmake/CMakeFiles/libprotoc.dir/__/src/google/protobuf/compiler/java/java_shared_code_generator.cc.o
  [142/5650] Building CXX object third_party/protobuf/cmake/CMakeFiles/libprotoc.dir/__/src/google/protobuf/compiler/objectivec/objectivec_enum_field.cc.o
  [143/5650] Building CXX object third_party/protobuf/cmake/CMakeFiles/libprotoc.dir/__/src/google/protobuf/compiler/objectivec/objectivec_extension.cc.o
  [144/5650] Building CXX object third_party/protobuf/cmake/CMakeFiles/libprotoc.dir/__/src/google/protobuf/compiler/objectivec/objectivec_enum.cc.o
  [145/5650] Building CXX object third_party/protobuf/cmake/CMakeFiles/libprotoc.dir/__/src/google/protobuf/compiler/objectivec/objectivec_generator.cc.o
  [146/5650] Building CXX object third_party/protobuf/cmake/CMakeFiles/libprotoc.dir/__/src/google/protobuf/compiler/objectivec/objectivec_field.cc.o
  [147/5650] Building CXX object third_party/protobuf/cmake/CMakeFiles/libprotoc.dir/__/src/google/protobuf/compiler/objectivec/objectivec_message_field.cc.o
  [148/5650] Building CXX object third_party/protobuf/cmake/CMakeFiles/libprotoc.dir/__/src/google/protobuf/compiler/objectivec/objectivec_oneof.cc.o
  [149/5650] Building CXX object third_party/protobuf/cmake/CMakeFiles/libprotoc.dir/__/src/google/protobuf/compiler/objectivec/objectivec_map_field.cc.o
  [150/5650] Building CXX object third_party/protobuf/cmake/CMakeFiles/libprotoc.dir/__/src/google/protobuf/compiler/objectivec/objectivec_file.cc.o
  [151/5650] Building CXX object third_party/protobuf/cmake/CMakeFiles/libprotoc.dir/__/src/google/protobuf/compiler/objectivec/objectivec_primitive_field.cc.o
  [152/5650] Building C object confu-deps/pthreadpool/CMakeFiles/pthreadpool.dir/src/legacy-api.c.o
  [153/5650] Building CXX object third_party/protobuf/cmake/CMakeFiles/libprotoc.dir/__/src/google/protobuf/compiler/plugin.cc.o
  [154/5650] Building C object confu-deps/pthreadpool/CMakeFiles/pthreadpool.dir/src/memory.c.o
  [155/5650] Building C object confu-deps/pthreadpool/CMakeFiles/pthreadpool.dir/src/gcd.c.o
  [156/5650] Building CXX object third_party/protobuf/cmake/CMakeFiles/protoc.dir/__/src/google/protobuf/compiler/main.cc.o
  [157/5650] Building C object sleef/src/libm/CMakeFiles/mkrename.dir/mkrename.c.o
  [158/5650] Building CXX object third_party/protobuf/cmake/CMakeFiles/libprotoc.dir/__/src/google/protobuf/compiler/subprocess.cc.o
  [159/5650] Building C object sleef/src/libm/CMakeFiles/mkalias.dir/mkalias.c.o
  [160/5650] Building CXX object third_party/protobuf/cmake/CMakeFiles/libprotoc.dir/__/src/google/protobuf/compiler/zip_writer.cc.o
  [161/5650] Building C object sleef/src/libm/CMakeFiles/mkdisp.dir/mkdisp.c.o
  [162/5650] Building C object confu-deps/cpuinfo/CMakeFiles/cpuinfo.dir/src/cache.c.o
  [163/5650] Building C object confu-deps/cpuinfo/CMakeFiles/cpuinfo.dir/src/init.c.o
  [164/5650] Building C object confu-deps/cpuinfo/CMakeFiles/cpuinfo.dir/src/api.c.o
  [165/5650] Building C object confu-deps/cpuinfo/CMakeFiles/cpuinfo.dir/src/log.c.o
  [166/5650] Building C object confu-deps/cpuinfo/CMakeFiles/cpuinfo.dir/src/arm/uarch.c.o
  [167/5650] Building C object confu-deps/cpuinfo/CMakeFiles/cpuinfo.dir/src/arm/cache.c.o
  [168/5650] Building C object confu-deps/cpuinfo/CMakeFiles/cpuinfo.dir/src/mach/topology.c.o
  [169/5650] Building C object confu-deps/pthreadpool/CMakeFiles/pthreadpool.dir/src/portable-api.c.o
  [170/5650] Building CXX object third_party/protobuf/cmake/CMakeFiles/libprotoc.dir/__/src/google/protobuf/compiler/objectivec/objectivec_helpers.cc.o
  [171/5650] Building C object confu-deps/cpuinfo/CMakeFiles/cpuinfo.dir/src/arm/mach/init.c.o
  [172/5650] Building CXX object third_party/protobuf/cmake/CMakeFiles/libprotoc.dir/__/src/google/protobuf/compiler/objectivec/objectivec_message.cc.o
  [173/5650] Building CXX object third_party/protobuf/cmake/CMakeFiles/libprotoc.dir/__/src/google/protobuf/compiler/ruby/ruby_generator.cc.o
  [174/5650] Building C object confu-deps/XNNPACK/CMakeFiles/microkernels-prod.dir/src/f16-avgpool/f16-avgpool-9x-minmax-neonfp16arith-c8.c.o
  [175/5650] Building CXX object third_party/protobuf/cmake/CMakeFiles/libprotoc.dir/__/src/google/protobuf/compiler/plugin.pb.cc.o
  [176/5650] Building C object confu-deps/XNNPACK/CMakeFiles/microkernels-prod.dir/src/f16-avgpool/f16-avgpool-9p8x-minmax-neonfp16arith-c8.c.o
  [177/5650] Linking C static library lib/libpthreadpool.a
  [178/5650] Building C object confu-deps/XNNPACK/CMakeFiles/microkernels-prod.dir/src/f16-dwconv/gen/f16-dwconv-3p16c-minmax-neonfp16arith.c.o
  [179/5650] Building C object confu-deps/XNNPACK/CMakeFiles/microkernels-prod.dir/src/f16-dwconv/gen/f16-dwconv-25p8c-minmax-neonfp16arith-acc2.c.o
  [180/5650] Building C object confu-deps/XNNPACK/CMakeFiles/microkernels-prod.dir/src/f16-dwconv/gen/f16-dwconv-4p16c-minmax-neonfp16arith.c.o
  [181/5650] Building C object confu-deps/XNNPACK/CMakeFiles/microkernels-prod.dir/src/f16-conv-hwc2chw/f16-conv-hwc2chw-3x3s2p1c3x4-neonfp16arith-2x2.c.o
  [182/5650] Building C object confu-deps/XNNPACK/CMakeFiles/microkernels-prod.dir/src/f16-dwconv/gen/f16-dwconv-9p16c-minmax-neonfp16arith.c.o
  [183/5650] Building C object confu-deps/XNNPACK/CMakeFiles/microkernels-prod.dir/src/f16-f32-vcvt/gen/f16-f32-vcvt-scalar-u1.c.o
  [184/5650] Building C object confu-deps/XNNPACK/CMakeFiles/microkernels-prod.dir/src/f16-dwconv/gen/f16-dwconv-9p8c-minmax-neonfp16arith.c.o
  [185/5650] Building C object confu-deps/XNNPACK/CMakeFiles/microkernels-prod.dir/src/f16-dwconv2d-chw/gen/f16-dwconv2d-chw-3x3p1-minmax-neonfp16arith-2x8.c.o
  [186/5650] Building C object confu-deps/XNNPACK/CMakeFiles/microkernels-prod.dir/src/f16-dwconv2d-chw/gen/f16-dwconv2d-chw-3x3s2p1-minmax-neonfp16arith-1x8.c.o
  [187/5650] Building C object confu-deps/XNNPACK/CMakeFiles/microkernels-prod.dir/src/f16-f32-vcvt/gen/f16-f32-vcvt-scalar-u4.c.o
  [188/5650] Building C object confu-deps/XNNPACK/CMakeFiles/microkernels-prod.dir/src/f16-f32-vcvt/gen/f16-f32-vcvt-neon-int16-u16.c.o
  [189/5650] Building C object confu-deps/XNNPACK/CMakeFiles/microkernels-prod.dir/src/f16-f32-vcvt/gen/f16-f32-vcvt-neonfp16-u16.c.o
  [190/5650] Building C object confu-deps/XNNPACK/CMakeFiles/microkernels-prod.dir/src/f16-dwconv2d-chw/gen/f16-dwconv2d-chw-5x5p2-minmax-neonfp16arith-1x8.c.o
  [191/5650] Building C object confu-deps/XNNPACK/CMakeFiles/microkernels-prod.dir/src/f16-dwconv2d-chw/gen/f16-dwconv2d-chw-5x5s2p2-minmax-neonfp16arith-1x8.c.o
  [192/5650] Building ASM object confu-deps/XNNPACK/CMakeFiles/microkernels-prod.dir/src/f16-gemm/gen/f16-gemm-1x16-minmax-asm-aarch64-neonfp16arith-ld64.S.o
  [193/5650] Building ASM object confu-deps/XNNPACK/CMakeFiles/microkernels-prod.dir/src/f16-gemm/gen/f16-gemm-6x16-minmax-asm-aarch64-neonfp16arith-cortex-a55.S.o
  [194/5650] Building ASM object confu-deps/XNNPACK/CMakeFiles/microkernels-prod.dir/src/f16-gemm/gen/f16-gemm-4x16-minmax-asm-aarch64-neonfp16arith-ld64.S.o
  [195/5650] Building ASM object confu-deps/XNNPACK/CMakeFiles/microkernels-prod.dir/src/f16-gemm/gen/f16-gemm-6x16-minmax-asm-aarch64-neonfp16arith-cortex-a55r0.S.o
  [196/5650] Building ASM object confu-deps/XNNPACK/CMakeFiles/microkernels-prod.dir/src/f16-gemm/gen/f16-gemm-6x16-minmax-asm-aarch64-neonfp16arith-cortex-a75.S.o
  [197/5650] Building ASM object confu-deps/XNNPACK/CMakeFiles/microkernels-prod.dir/src/f16-gemm/gen/f16-gemm-6x16-minmax-asm-aarch64-neonfp16arith-ld64.S.o
  [198/5650] Building C object confu-deps/XNNPACK/CMakeFiles/microkernels-prod.dir/src/f16-f32acc-rdsum/gen/f16-f32acc-rdsum-7p7x-minmax-neonfp16arith-c16.c.o
  [199/5650] Building C object confu-deps/XNNPACK/CMakeFiles/microkernels-prod.dir/src/f16-f32acc-rsum/gen/f16-f32acc-rsum-neonfp16arith-u32-acc4.c.o
  [200/5650] Building ASM object confu-deps/XNNPACK/CMakeFiles/microkernels-prod.dir/src/f16-igemm/f16-igemm-1x16-minmax-asm-aarch64-neonfp16arith-ld64.S.o
  [201/5650] Building C object confu-deps/XNNPACK/CMakeFiles/microkernels-prod.dir/src/f16-gemm/gen/f16-gemm-1x8-minmax-neonfp16arith-ld64.c.o
  [202/5650] Building ASM object confu-deps/XNNPACK/CMakeFiles/microkernels-prod.dir/src/f16-igemm/f16-igemm-4x16-minmax-asm-aarch64-neonfp16arith-ld64.S.o
  [203/5650] Building ASM object confu-deps/XNNPACK/CMakeFiles/microkernels-prod.dir/src/f16-igemm/f16-igemm-6x16-minmax-asm-aarch64-neonfp16arith-cortex-a55.S.o
  [204/5650] Building C object confu-deps/XNNPACK/CMakeFiles/microkernels-prod.dir/src/f16-gemm/gen/f16-gemm-1x16-minmax-neonfp16arith-ld64.c.o
  [205/5650] Building C object confu-deps/XNNPACK/CMakeFiles/microkernels-prod.dir/src/f16-ibilinear/gen/f16-ibilinear-neonfp16arith-c8.c.o
  [206/5650] Building ASM object confu-deps/XNNPACK/CMakeFiles/microkernels-prod.dir/src/f16-igemm/f16-igemm-6x16-minmax-asm-aarch64-neonfp16arith-cortex-a55r0.S.o
  [207/5650] Building ASM object confu-deps/XNNPACK/CMakeFiles/microkernels-prod.dir/src/f16-igemm/f16-igemm-6x16-minmax-asm-aarch64-neonfp16arith-ld64.S.o
  [208/5650] Building C object confu-deps/XNNPACK/CMakeFiles/microkernels-prod.dir/src/f16-ibilinear-chw/gen/f16-ibilinear-chw-neonfp16arith-p8.c.o
  [209/5650] Building ASM object confu-deps/XNNPACK/CMakeFiles/microkernels-prod.dir/src/f16-igemm/f16-igemm-6x16-minmax-asm-aarch64-neonfp16arith-cortex-a75.S.o
  [210/5650] Building C object confu-deps/XNNPACK/CMakeFiles/microkernels-prod.dir/src/f16-gemm/gen/f16-gemm-6x8-minmax-neonfp16arith-ld64.c.o
  [211/5650] Building C object confu-deps/XNNPACK/CMakeFiles/microkernels-prod.dir/src/f16-gemm/gen/f16-gemm-6x16-minmax-neonfp16arith-ld64.c.o
  [212/5650] Building CXX object third_party/protobuf/cmake/CMakeFiles/libprotoc.dir/__/src/google/protobuf/compiler/php/php_generator.cc.o
  [213/5650] Building C object confu-deps/XNNPACK/CMakeFiles/microkernels-prod.dir/src/f16-igemm/gen/f16-igemm-1x16-minmax-neonfp16arith-ld64.c.o
  [214/5650] Building C object confu-deps/XNNPACK/CMakeFiles/microkernels-prod.dir/src/f16-igemm/gen/f16-igemm-6x16-minmax-neonfp16arith-ld64.c.o
  [215/5650] Building C object confu-deps/XNNPACK/CMakeFiles/microkernels-prod.dir/src/f16-qs8-vcvt/gen/f16-qs8-vcvt-scalar-imagic-u4.c.o
  [216/5650] Building C object confu-deps/XNNPACK/CMakeFiles/microkernels-prod.dir/src/f16-pavgpool/f16-pavgpool-9x-minmax-neonfp16arith-c8.c.o
  [217/5650] Building C object confu-deps/XNNPACK/CMakeFiles/microkernels-prod.dir/src/f16-igemm/gen/f16-igemm-6x8-minmax-neonfp16arith-ld64.c.o
  [218/5650] Building C object confu-deps/XNNPACK/CMakeFiles/microkernels-prod.dir/src/f16-maxpool/f16-maxpool-9p8x-minmax-neonfp16arith-c8.c.o
  [219/5650] Building C object confu-deps/XNNPACK/CMakeFiles/microkernels-prod.dir/src/f16-igemm/gen/f16-igemm-1x8-minmax-neonfp16arith-ld64.c.o
  [220/5650] Building C object confu-deps/XNNPACK/CMakeFiles/microkernels-prod.dir/src/f16-pavgpool/f16-pavgpool-9p8x-minmax-neonfp16arith-c8.c.o
  [221/5650] Building C object confu-deps/XNNPACK/CMakeFiles/microkernels-prod.dir/src/f16-qs8-vcvt/gen/f16-qs8-vcvt-neonfp16arith-u32.c.o
  [222/5650] Building C object confu-deps/XNNPACK/CMakeFiles/microkernels-prod.dir/src/f16-qu8-vcvt/gen/f16-qu8-vcvt-scalar-imagic-u4.c.o
  [223/5650] Building C object confu-deps/XNNPACK/CMakeFiles/microkernels-prod.dir/src/f16-rminmax/gen/f16-rmax-scalar-u2-acc2.c.o
  [224/5650] Building C object confu-deps/XNNPACK/CMakeFiles/microkernels-prod.dir/src/f16-rminmax/gen/f16-rminmax-scalar-u2-acc2.c.o
  [225/5650] Building C object confu-deps/XNNPACK/CMakeFiles/microkernels-prod.dir/src/f16-raddstoreexpminusmax/gen/f16-raddstoreexpminusmax-neonfp16arith-rr2-p2-u32.c.o
  [226/5650] Building C object confu-deps/XNNPACK/CMakeFiles/microkernels-prod.dir/src/f16-rminmax/gen/f16-rmax-neonfp16arith-u32-acc4.c.o
  [227/5650] Building C object confu-deps/XNNPACK/CMakeFiles/microkernels-prod.dir/src/f16-rminmax/gen/f16-rminmax-neonfp16arith-u32-acc4.c.o
  [228/5650] Building C object confu-deps/XNNPACK/CMakeFiles/microkernels-prod.dir/src/f16-spmm/gen/f16-spmm-32x1-minmax-neonfp16arith-pipelined.c.o
  [229/5650] Building C object confu-deps/XNNPACK/CMakeFiles/microkernels-prod.dir/src/f16-vbinary/gen/f16-vaddc-neonfp16arith-u16.c.o
  [230/5650] Building C object confu-deps/XNNPACK/CMakeFiles/microkernels-prod.dir/src/f16-vbinary/gen/f16-vdiv-aarch64-neonfp16arith-u8.c.o
  [231/5650] Building C object confu-deps/XNNPACK/CMakeFiles/microkernels-prod.dir/src/f16-vbinary/gen/f16-vdiv-fp16arith-u2.c.o
  [232/5650] Building CXX object third_party/protobuf/cmake/CMakeFiles/libprotoc.dir/__/src/google/protobuf/compiler/python/python_generator.cc.o
  [233/5650] Building C object confu-deps/XNNPACK/CMakeFiles/microkernels-prod.dir/src/f16-vbinary/gen/f16-vadd-neonfp16arith-u16.c.o
  [234/5650] Building C object confu-deps/XNNPACK/CMakeFiles/microkernels-prod.dir/src/f16-vbinary/gen/f16-vdivc-aarch64-neonfp16arith-u8.c.o
  [235/5650] Building C object confu-deps/XNNPACK/CMakeFiles/microkernels-prod.dir/src/f16-vbinary/gen/f16-vdivc-fp16arith-u2.c.o
  [236/5650] Building C object confu-deps/XNNPACK/CMakeFiles/microkernels-prod.dir/src/f16-vbinary/gen/f16-vmax-neonfp16arith-u16.c.o
  [237/5650] Building C object confu-deps/XNNPACK/CMakeFiles/microkernels-prod.dir/src/f16-vbinary/gen/f16-vmaxc-neonfp16arith-u16.c.o
  [238/5650] Building C object confu-deps/XNNPACK/CMakeFiles/microkernels-prod.dir/src/f16-vbinary/gen/f16-vmin-neonfp16arith-u16.c.o
  [239/5650] Building C object confu-deps/XNNPACK/CMakeFiles/microkernels-prod.dir/src/f16-vbinary/gen/f16-vmul-neonfp16arith-u16.c.o
  [240/5650] Building C object confu-deps/XNNPACK/CMakeFiles/microkernels-prod.dir/src/f16-vbinary/gen/f16-vpreluc-neonfp16arith-u16.c.o
  [241/5650] Building C object confu-deps/XNNPACK/CMakeFiles/microkernels-prod.dir/src/f16-vbinary/gen/f16-vmulc-neonfp16arith-u16.c.o
  [242/5650] Building C object confu-deps/XNNPACK/CMakeFiles/microkernels-prod.dir/src/f16-vbinary/gen/f16-vrdivc-aarch64-neonfp16arith-u8.c.o
  [243/5650] Building C object confu-deps/XNNPACK/CMakeFiles/microkernels-prod.dir/src/f16-vbinary/gen/f16-vrpreluc-neonfp16arith-u16.c.o
  [244/5650] Building C object confu-deps/XNNPACK/CMakeFiles/microkernels-prod.dir/src/f16-vbinary/gen/f16-vminc-neonfp16arith-u16.c.o
  [245/5650] Building C object confu-deps/XNNPACK/CMakeFiles/microkernels-prod.dir/src/f16-vbinary/gen/f16-vrdivc-fp16arith-u2.c.o
  [246/5650] Building C object confu-deps/XNNPACK/CMakeFiles/microkernels-prod.dir/src/f16-vbinary/gen/f16-vrsubc-neonfp16arith-u16.c.o
  [247/5650] Building C object confu-deps/XNNPACK/CMakeFiles/microkernels-prod.dir/src/f16-vbinary/gen/f16-vprelu-neonfp16arith-u16.c.o
  [248/5650] Building C object confu-deps/XNNPACK/CMakeFiles/microkernels-prod.dir/src/f16-vbinary/gen/f16-vsqrdiff-neonfp16arith-u16.c.o
  [249/5650] Building C object confu-deps/XNNPACK/CMakeFiles/microkernels-prod.dir/src/f16-vbinary/gen/f16-vsqrdiffc-neonfp16arith-u16.c.o
  [250/5650] Building C object confu-deps/XNNPACK/CMakeFiles/microkernels-prod.dir/src/f16-vbinary/gen/f16-vsub-neonfp16arith-u16.c.o
  [251/5650] Building C object confu-deps/XNNPACK/CMakeFiles/microkernels-prod.dir/src/f16-vcmul/gen/f16-vcmul-neonfp16arith-u16.c.o
  [252/5650] Building C object confu-deps/XNNPACK/CMakeFiles/microkernels-prod.dir/src/f16-vbinary/gen/f16-vsubc-neonfp16arith-u16.c.o
  [253/5650] Building C object confu-deps/XNNPACK/CMakeFiles/microkernels-prod.dir/src/f16-vclamp/gen/f16-vclamp-neonfp16arith-u16.c.o
  [254/5650] Building C object confu-deps/XNNPACK/CMakeFiles/microkernels-prod.dir/src/f16-vlrelu/gen/f16-vlrelu-neonfp16arith-u16.c.o
  [255/5650] Building C object confu-deps/XNNPACK/CMakeFiles/microkernels-prod.dir/src/f16-velu/gen/f16-velu-neonfp16arith-rr1-p3-u16.c.o
  [256/5650] Building C object confu-deps/XNNPACK/CMakeFiles/microkernels-prod.dir/src/f16-vhswish/gen/f16-vhswish-neonfp16arith-u16.c.o
  [257/5650] Building C object confu-deps/XNNPACK/CMakeFiles/microkernels-prod.dir/src/f16-vrnd/gen/f16-vrndd-neonfp16arith-u16.c.o
  [258/5650] Building C object confu-deps/XNNPACK/CMakeFiles/microkernels-prod.dir/src/f16-vmulcaddc/gen/f16-vmulcaddc-c8-minmax-neonfp16arith-2x.c.o
  [259/5650] Building C object confu-deps/XNNPACK/CMakeFiles/microkernels-prod.dir/src/f16-vrnd/gen/f16-vrndu-neonfp16arith-u16.c.o
  [260/5650] Building CXX object third_party/protobuf/cmake/CMakeFiles/libprotoc.dir/__/src/google/protobuf/compiler/js/js_generator.cc.o
  [261/5650] Building C object confu-deps/XNNPACK/CMakeFiles/microkernels-prod.dir/src/f16-vrnd/gen/f16-vrndne-neonfp16arith-u16.c.o
  [262/5650] Building C object confu-deps/XNNPACK/CMakeFiles/microkernels-prod.dir/src/f16-vrnd/gen/f16-vrndz-neonfp16arith-u16.c.o
  [263/5650] Building C object confu-deps/XNNPACK/CMakeFiles/microkernels-prod.dir/src/f16-vrsqrt/gen/f16-vrsqrt-neonfp16arith-rsqrt-u16.c.o
  [264/5650] Building C object confu-deps/XNNPACK/CMakeFiles/microkernels-prod.dir/src/f16-vtanh/gen/f16-vtanh-aarch64-neonfp16arith-expm1minus-rr1-p3h2ts-div-u32.c.o
  [265/5650] Building C object confu-deps/XNNPACK/CMakeFiles/microkernels-prod.dir/src/f16-vsigmoid/gen/f16-vsigmoid-neonfp16arith-rr2-p2-nr1recps-u16.c.o
  [266/5650] Building C object confu-deps/XNNPACK/CMakeFiles/microkernels-prod.dir/src/f16-vsqrt/gen/f16-vsqrt-aarch64-neonfp16arith-sqrt-u8.c.o
  [267/5650] Building C object confu-deps/XNNPACK/CMakeFiles/microkernels-prod.dir/src/f16-vsigmoid/gen/f16-vsigmoid-neonfp16arith-rr2-p2-nr1fma-u32.c.o
  [268/5650] Building C object confu-deps/XNNPACK/CMakeFiles/microkernels-prod.dir/src/f16-vsqrt/gen/f16-vsqrt-neonfp16arith-nr1fma1adj-u8.c.o
  [269/5650] Building C object confu-deps/XNNPACK/CMakeFiles/microkernels-prod.dir/src/f32-argmaxpool/f32-argmaxpool-4x-scalar-c1.c.o
  [270/5650] Building C object confu-deps/XNNPACK/CMakeFiles/microkernels-prod.dir/src/f16-vunary/gen/f16-vabs-neonfp16arith-u16.c.o
  [271/5650] Building C object confu-deps/XNNPACK/CMakeFiles/microkernels-prod.dir/src/f16-vtanh/gen/f16-vtanh-neonfp16arith-expm1minus-rr1-p3h2ts-nr1fma-u32.c.o
  [272/5650] Building C object confu-deps/XNNPACK/CMakeFiles/microkernels-prod.dir/src/f16-vunary/gen/f16-vneg-neonfp16arith-u16.c.o
  [273/5650] Linking CXX static library lib/libprotoc.a
  [274/5650] Building C object confu-deps/XNNPACK/CMakeFiles/microkernels-prod.dir/src/f16-vunary/gen/f16-vsqr-neonfp16arith-u16.c.o
  [275/5650] Building C object confu-deps/XNNPACK/CMakeFiles/microkernels-prod.dir/src/f32-argmaxpool/f32-argmaxpool-9p8x-scalar-c1.c.o
  [276/5650] Building C object confu-deps/XNNPACK/CMakeFiles/microkernels-prod.dir/src/f32-argmaxpool/f32-argmaxpool-4x-neon-c4.c.o
  [277/5650] Building C object confu-deps/XNNPACK/CMakeFiles/microkernels-prod.dir/src/f32-argmaxpool/f32-argmaxpool-9x-scalar-c1.c.o
  [278/5650] Building C object confu-deps/XNNPACK/CMakeFiles/microkernels-prod.dir/src/f32-avgpool/f32-avgpool-9p8x-minmax-scalar-c1.c.o
  [279/5650] Building C object confu-deps/XNNPACK/CMakeFiles/microkernels-prod.dir/src/f32-avgpool/f32-avgpool-9x-minmax-scalar-c1.c.o
  [280/5650] Building C object confu-deps/XNNPACK/CMakeFiles/microkernels-prod.dir/src/f32-argmaxpool/f32-argmaxpool-9x-neon-c4.c.o
  [281/5650] Building ASM object confu-deps/XNNPACK/CMakeFiles/microkernels-prod.dir/src/f32-dwconv/f32-dwconv-9p4c-minmax-asm-aarch64-neonfma-cortex-a55.S.o
  [282/5650] Building C object confu-deps/XNNPACK/CMakeFiles/microkernels-prod.dir/src/f32-avgpool/f32-avgpool-9x-minmax-neon-c4.c.o
  [283/5650] Building C object confu-deps/XNNPACK/CMakeFiles/microkernels-prod.dir/src/f32-conv-hwc2chw/f32-conv-hwc2chw-3x3s2p1c3x4-scalar-1x1.c.o
  [284/5650] Building C object confu-deps/XNNPACK/CMakeFiles/microkernels-prod.dir/src/f32-dwconv/gen/f32-dwconv-25p1c-minmax-scalar-acc2.c.o
  [285/5650] Linking CXX executable bin/protoc-3.13.0.0
  [286/5650] Building C object confu-deps/XNNPACK/CMakeFiles/microkernels-prod.dir/src/f32-argmaxpool/f32-argmaxpool-9p8x-neon-c4.c.o
  [287/5650] Building C object confu-deps/XNNPACK/CMakeFiles/microkernels-prod.dir/src/f32-dwconv/gen/f32-dwconv-25p1c-scalar-acc2.c.o
  [288/5650] Building C object confu-deps/XNNPACK/CMakeFiles/microkernels-prod.dir/src/f32-conv-hwc2chw/f32-conv-hwc2chw-3x3s2p1c3x4-aarch64-neonfma-2x2.c.o
  [289/5650] Building C object confu-deps/XNNPACK/CMakeFiles/microkernels-prod.dir/src/f32-avgpool/f32-avgpool-9p8x-minmax-neon-c4.c.o
  [290/5650] Creating executable symlink bin/protoc
  [291/5650] Building C object confu-deps/XNNPACK/CMakeFiles/microkernels-prod.dir/src/f32-dwconv/gen/f32-dwconv-3p1c-minmax-scalar-acc2.c.o
  [292/5650] Building C object confu-deps/XNNPACK/CMakeFiles/microkernels-prod.dir/src/f32-dwconv/gen/f32-dwconv-3p1c-scalar-acc2.c.o
  [293/5650] Running gen_proto.py on onnx/onnx.in.proto
  Processing /Users/wen/test/pytorch/third_party/onnx/onnx/onnx.in.proto
  Writing /Users/wen/test/pytorch/build/third_party/onnx/onnx/onnx_onnx_torch-ml.proto
  Writing /Users/wen/test/pytorch/build/third_party/onnx/onnx/onnx_onnx_torch-ml.proto3
  Writing /Users/wen/test/pytorch/build/third_party/onnx/onnx/onnx-ml.pb.h
  generating /Users/wen/test/pytorch/build/third_party/onnx/onnx/onnx_pb.py
  [294/5650] Building C object confu-deps/XNNPACK/CMakeFiles/microkernels-prod.dir/src/f32-dwconv/gen/f32-dwconv-4p1c-scalar-acc2.c.o
  [295/5650] Building C object confu-deps/XNNPACK/CMakeFiles/microkernels-prod.dir/src/f32-dwconv/gen/f32-dwconv-4p1c-minmax-scalar-acc2.c.o
  [296/5650] Building C object confu-deps/XNNPACK/CMakeFiles/microkernels-prod.dir/src/f32-dwconv/gen/f32-dwconv-2f2m2l4c1s1r-minmax-scalar-acc2.c.o
  [297/5650] Building C object confu-deps/XNNPACK/CMakeFiles/microkernels-prod.dir/src/f32-dwconv/gen/f32-dwconv-3p8c-minmax-neon.c.o
  [298/5650] Building C object confu-deps/XNNPACK/CMakeFiles/microkernels-prod.dir/src/f32-dwconv/gen/f32-dwconv-3p8c-minmax-neonfma.c.o
  [299/5650] Building C object confu-deps/XNNPACK/CMakeFiles/microkernels-prod.dir/src/f32-dwconv/gen/f32-dwconv-25p8c-minmax-neon-acc2.c.o
  [300/5650] Building C object confu-deps/XNNPACK/CMakeFiles/microkernels-prod.dir/src/f32-dwconv/gen/f32-dwconv-25p8c-minmax-neonfma-acc2.c.o
  [301/5650] Building C object confu-deps/XNNPACK/CMakeFiles/microkernels-prod.dir/src/f32-dwconv/gen/f32-dwconv-9p1c-minmax-scalar-acc2.c.o
  [302/5650] Building C object confu-deps/XNNPACK/CMakeFiles/microkernels-prod.dir/src/f32-dwconv/gen/f32-dwconv-4p8c-minmax-neonfma.c.o
  [303/5650] Building C object confu-deps/XNNPACK/CMakeFiles/microkernels-prod.dir/src/f32-conv-hwc2chw/f32-conv-hwc2chw-3x3s2p1c3x4-neon-2x2.c.o
  [304/5650] Building C object confu-deps/XNNPACK/CMakeFiles/microkernels-prod.dir/src/f32-dwconv/gen/f32-dwconv-4p8c-minmax-neon.c.o
  [305/5650] Building C object confu-deps/XNNPACK/CMakeFiles/microkernels-prod.dir/src/f32-dwconv/gen/f32-dwconv-9p1c-scalar-acc2.c.o
  [306/5650] Building C object confu-deps/XNNPACK/CMakeFiles/microkernels-prod.dir/src/f32-dwconv/gen/f32-dwconv-5f5m5l8c4s4r-minmax-neonfma-acc2.c.o
  [307/5650] Building C object confu-deps/XNNPACK/CMakeFiles/microkernels-prod.dir/src/f32-dwconv/gen/f32-dwconv-8f8m9l4c4s4r-minmax-neon-acc2.c.o
  [308/5650] Building C object confu-deps/XNNPACK/CMakeFiles/microkernels-prod.dir/src/f32-dwconv2d-chw/gen/f32-dwconv2d-chw-3x3p1-minmax-scalar-2x1-acc2.c.o
  [309/5650] Building C object confu-deps/XNNPACK/CMakeFiles/microkernels-prod.dir/src/f32-dwconv2d-chw/gen/f32-dwconv2d-chw-3x3p1-minmax-scalar-4x1.c.o
  [310/5650] Building C object confu-deps/XNNPACK/CMakeFiles/microkernels-prod.dir/src/f32-dwconv/gen/f32-dwconv-9p8c-minmax-neon.c.o
  [311/5650] Building C object confu-deps/XNNPACK/CMakeFiles/microkernels-prod.dir/src/f32-dwconv2d-chw/gen/f32-dwconv2d-chw-3x3s2p1-minmax-scalar-1x1-acc2.c.o
  [312/5650] Building C object confu-deps/XNNPACK/CMakeFiles/microkernels-prod.dir/src/f32-dwconv2d-chw/gen/f32-dwconv2d-chw-3x3p1-minmax-neon-2x4.c.o
  [313/5650] Building C object confu-deps/XNNPACK/CMakeFiles/microkernels-prod.dir/src/f32-dwconv/gen/f32-dwconv-9p8c-minmax-neonfma.c.o
  [314/5650] Building C object confu-deps/XNNPACK/CMakeFiles/microkernels-prod.dir/src/f32-dwconv2d-chw/gen/f32-dwconv2d-chw-3x3p1-minmax-aarch64-neonfma-3x4.c.o
  [315/5650] Building C object confu-deps/XNNPACK/CMakeFiles/microkernels-prod.dir/src/f32-dwconv2d-chw/gen/f32-dwconv2d-chw-3x3s2p1-minmax-neon-1x4.c.o
  [316/5650] Building C object confu-deps/XNNPACK/CMakeFiles/microkernels-prod.dir/src/f32-dwconv2d-chw/gen/f32-dwconv2d-chw-3x3s2p1-minmax-scalar-2x1-acc2.c.o
  [317/5650] Building C object confu-deps/XNNPACK/CMakeFiles/microkernels-prod.dir/src/f32-dwconv2d-chw/gen/f32-dwconv2d-chw-3x3s2p1-minmax-aarch64-neonfma-2x4-acc2.c.o
  [318/5650] Building C object confu-deps/XNNPACK/CMakeFiles/microkernels-prod.dir/src/f32-dwconv2d-chw/gen/f32-dwconv2d-chw-5x5p2-minmax-scalar-1x1-acc5.c.o
  [319/5650] Building C object confu-deps/XNNPACK/CMakeFiles/microkernels-prod.dir/src/f32-dwconv2d-chw/gen/f32-dwconv2d-chw-5x5p2-minmax-scalar-2x1-acc2.c.o
  [320/5650] Building C object confu-deps/XNNPACK/CMakeFiles/microkernels-prod.dir/src/f32-f16-vcvt/gen/f32-f16-vcvt-scalar-bitcast-u4.c.o
  [321/5650] Building C object confu-deps/XNNPACK/CMakeFiles/microkernels-prod.dir/src/f32-dwconv2d-chw/gen/f32-dwconv2d-chw-5x5s2p2-minmax-scalar-1x1-acc5.c.o
  [322/5650] Building C object confu-deps/XNNPACK/CMakeFiles/microkernels-prod.dir/src/f32-dwconv2d-chw/gen/f32-dwconv2d-chw-5x5p2-minmax-neon-1x4.c.o
  [323/5650] Building C object confu-deps/XNNPACK/CMakeFiles/microkernels-prod.dir/src/f32-dwconv2d-chw/gen/f32-dwconv2d-chw-5x5s2p2-minmax-aarch64-neonfma-1x4-acc2.c.o
  [324/5650] Building C object confu-deps/XNNPACK/CMakeFiles/microkernels-prod.dir/src/f32-f16-vcvt/gen/f32-f16-vcvt-scalar-fabsf-u2.c.o
  [325/5650] Building C object confu-deps/XNNPACK/CMakeFiles/microkernels-prod.dir/src/f32-f16-vcvt/gen/f32-f16-vcvt-neonfp16-u16.c.o
  [326/5650] Building C object confu-deps/XNNPACK/CMakeFiles/microkernels-prod.dir/src/f32-dwconv2d-chw/gen/f32-dwconv2d-chw-5x5s2p2-minmax-scalar-2x1-acc2.c.o
  [327/5650] Building C object confu-deps/XNNPACK/CMakeFiles/microkernels-prod.dir/src/f32-dwconv2d-chw/gen/f32-dwconv2d-chw-5x5s2p2-minmax-neon-1x4.c.o
  [328/5650] Building C object confu-deps/XNNPACK/CMakeFiles/microkernels-prod.dir/src/f32-dwconv2d-chw/gen/f32-dwconv2d-chw-5x5p2-minmax-aarch64-neonfma-4x4.c.o
  [329/5650] Building C object confu-deps/XNNPACK/CMakeFiles/microkernels-prod.dir/src/f32-gemm/gen/f32-gemm-1x4-minmax-scalar.c.o
  [330/5650] Building ASM object confu-deps/XNNPACK/CMakeFiles/microkernels-prod.dir/src/f32-gemm/gen/f32-gemm-1x8-minmax-asm-aarch64-neonfma-cortex-a53-prfm.S.o
  [331/5650] Building C object confu-deps/XNNPACK/CMakeFiles/microkernels-prod.dir/src/f32-gemm/gen/f32-gemm-1x4-scalar.c.o
  [332/5650] Building ASM object confu-deps/XNNPACK/CMakeFiles/microkernels-prod.dir/src/f32-gemm/gen/f32-gemm-1x8-minmax-asm-aarch64-neonfma-cortex-a53.S.o
  [333/5650] Building C object confu-deps/XNNPACK/CMakeFiles/microkernels-prod.dir/src/f32-f16-vcvt/gen/f32-f16-vcvt-neon-u8.c.o
  [334/5650] Building ASM object confu-deps/XNNPACK/CMakeFiles/microkernels-prod.dir/src/f32-gemm/gen/f32-gemm-1x8-minmax-asm-aarch64-neonfma-cortex-a75-prfm.S.o
  [335/5650] Building C object confu-deps/XNNPACK/CMakeFiles/microkernels-prod.dir/src/f32-gemm/gen/f32-gemm-1x4-relu-scalar.c.o
  [336/5650] Building ASM object confu-deps/XNNPACK/CMakeFiles/microkernels-prod.dir/src/f32-gemm/gen/f32-gemm-1x8-minmax-asm-aarch64-neonfma-cortex-a75.S.o
  [337/5650] Building ASM object confu-deps/XNNPACK/CMakeFiles/microkernels-prod.dir/src/f32-gemm/gen/f32-gemm-1x8-minmax-asm-aarch64-neonfma-ld128-acc2.S.o
  [338/5650] Building ASM object confu-deps/XNNPACK/CMakeFiles/microkernels-prod.dir/src/f32-gemm/gen/f32-gemm-1x8-minmax-asm-aarch64-neonfma-ld128-acc4.S.o
  [339/5650] Building ASM object confu-deps/XNNPACK/CMakeFiles/microkernels-prod.dir/src/f32-gemm/gen/f32-gemm-4x2-minmax-asm-aarch64-neonfma-ld128.S.o
  [340/5650] Building C object confu-deps/XNNPACK/CMakeFiles/microkernels-prod.dir/src/f32-gemm/gen/f32-gemm-2x4-relu-scalar.c.o
  [341/5650] Building C object confu-deps/XNNPACK/CMakeFiles/microkernels-prod.dir/src/f32-gemm/gen/f32-gemm-2x4-scalar.c.o
  [342/5650] Building C object confu-deps/XNNPACK/CMakeFiles/microkernels-prod.dir/src/f32-gemm/gen/f32-gemm-2x4-minmax-scalar.c.o
  [343/5650] Building C object confu-deps/XNNPACK/CMakeFiles/microkernels-prod.dir/src/f32-gemm/gen/f32-gemm-4x2-minmax-scalar.c.o
  [344/5650] Building C object confu-deps/XNNPACK/CMakeFiles/microkernels-prod.dir/src/f32-gemm/gen/f32-gemm-1x8-minmax-aarch64-neonfma-lane-ld128.c.o
  [345/5650] Building C object confu-deps/XNNPACK/CMakeFiles/microkernels-prod.dir/src/f32-gemm/gen/f32-gemm-1x8s4-minmax-neonfma.c.o
  [346/5650] Building C object confu-deps/XNNPACK/CMakeFiles/microkernels-prod.dir/src/f32-gemm/gen/f32-gemm-4x2-scalar.c.o
  [347/5650] Building C object confu-deps/XNNPACK/CMakeFiles/microkernels-prod.dir/src/f32-gemm/gen/f32-gemm-1x8-minmax-neon-lane-ld64.c.o
  [348/5650] Building ASM object confu-deps/XNNPACK/CMakeFiles/microkernels-prod.dir/src/f32-gemm/gen/f32-gemm-4x8-minmax-asm-aarch64-neonfma-cortex-a53-prfm.S.o
  [349/5650] Building C object confu-deps/XNNPACK/CMakeFiles/microkernels-prod.dir/src/f32-gemm/gen/f32-gemm-4x4-minmax-scalar.c.o
  [350/5650] Building ASM object confu-deps/XNNPACK/CMakeFiles/microkernels-prod.dir/src/f32-gemm/gen/f32-gemm-4x8-minmax-asm-aarch64-neonfma-cortex-a53.S.o
  [351/5650] Building C object confu-deps/XNNPACK/CMakeFiles/microkernels-prod.dir/src/f32-gemm/gen/f32-gemm-4x4-relu-scalar.c.o
  [352/5650] Building ASM object confu-deps/XNNPACK/CMakeFiles/microkernels-prod.dir/src/f32-gemm/gen/f32-gemm-4x8-minmax-asm-aarch64-neonfma-cortex-a75-prfm.S.o
  [353/5650] Building ASM object confu-deps/XNNPACK/CMakeFiles/microkernels-prod.dir/src/f32-gemm/gen/f32-gemm-4x8-minmax-asm-aarch64-neonfma-cortex-a55.S.o
  [354/5650] Building ASM object confu-deps/XNNPACK/CMakeFiles/microkernels-prod.dir/src/f32-gemm/gen/f32-gemm-4x8-minmax-asm-aarch64-neonfma-cortex-a75.S.o
  [355/5650] Building ASM object confu-deps/XNNPACK/CMakeFiles/microkernels-prod.dir/src/f32-gemm/gen/f32-gemm-4x8-minmax-asm-aarch64-neonfma-ld128.S.o
  [356/5650] Building C object confu-deps/XNNPACK/CMakeFiles/microkernels-prod.dir/src/f32-gemm/gen/f32-gemm-4x2-minmax-aarch64-neonfma-lane-ld64.c.o
  [357/5650] Building C object confu-deps/XNNPACK/CMakeFiles/microkernels-prod.dir/src/f32-gemm/gen/f32-gemm-4x2-minmax-neon-lane-ld64.c.o
  [358/5650] Building C object confu-deps/XNNPACK/CMakeFiles/microkernels-prod.dir/src/f32-gemm/gen/f32-gemm-4x4-scalar.c.o
  [359/5650] Running C++ protocol buffer compiler on /Users/wen/test/pytorch/build/third_party/onnx/onnx/onnx_onnx_torch-ml.proto
  [360/5650] Building ASM object confu-deps/XNNPACK/CMakeFiles/microkernels-prod.dir/src/f32-gemm/gen/f32-gemm-6x8-minmax-asm-aarch64-neonfma-cortex-a53.S.o
  [361/5650] Building ASM object confu-deps/XNNPACK/CMakeFiles/microkernels-prod.dir/src/f32-gemm/gen/f32-gemm-6x8-minmax-asm-aarch64-neonfma-cortex-a53-prfm.S.o
  [362/5650] Building ASM object confu-deps/XNNPACK/CMakeFiles/microkernels-prod.dir/src/f32-gemm/gen/f32-gemm-6x8-minmax-asm-aarch64-neonfma-cortex-a55.S.o
  [363/5650] Building ASM object confu-deps/XNNPACK/CMakeFiles/microkernels-prod.dir/src/f32-gemm/gen/f32-gemm-6x8-minmax-asm-aarch64-neonfma-cortex-a75-prfm.S.o
  [364/5650] Building ASM object confu-deps/XNNPACK/CMakeFiles/microkernels-prod.dir/src/f32-gemm/gen/f32-gemm-6x8-minmax-asm-aarch64-neonfma-cortex-a73.S.o
  [365/5650] Building ASM object confu-deps/XNNPACK/CMakeFiles/microkernels-prod.dir/src/f32-gemm/gen/f32-gemm-6x8-minmax-asm-aarch64-neonfma-ld128.S.o
  [366/5650] Building C object confu-deps/XNNPACK/CMakeFiles/microkernels-prod.dir/src/f32-ibilinear-chw/gen/f32-ibilinear-chw-scalar-p4.c.o
  [367/5650] Building ASM object confu-deps/XNNPACK/CMakeFiles/microkernels-prod.dir/src/f32-igemm/f32-igemm-4x8-minmax-asm-aarch64-neonfma-cortex-a55.S.o
  [368/5650] Building C object confu-deps/XNNPACK/CMakeFiles/microkernels-prod.dir/src/f32-ibilinear/gen/f32-ibilinear-scalar-c2.c.o
  [369/5650] Building ASM object confu-deps/XNNPACK/CMakeFiles/microkernels-prod.dir/src/f32-igemm/f32-igemm-6x8-minmax-asm-aarch64-neonfma-cortex-a55.S.o
  [370/5650] Building C object confu-deps/XNNPACK/CMakeFiles/microkernels-prod.dir/src/f32-ibilinear-chw/gen/f32-ibilinear-chw-neon-p8.c.o
  [371/5650] Building C object confu-deps/XNNPACK/CMakeFiles/microkernels-prod.dir/src/f32-ibilinear/gen/f32-ibilinear-neon-c8.c.o
  [372/5650] Building ASM object confu-deps/XNNPACK/CMakeFiles/microkernels-prod.dir/src/f32-igemm/f32-igemm-6x8-minmax-asm-aarch64-neonfma-cortex-a73.S.o
  [373/5650] Building C object confu-deps/XNNPACK/CMakeFiles/microkernels-prod.dir/src/f32-ibilinear-chw/gen/f32-ibilinear-chw-neonfma-p8.c.o
  [374/5650] Building C object confu-deps/XNNPACK/CMakeFiles/microkernels-prod.dir/src/f32-gemm/gen/f32-gemm-4x8-minmax-neon-lane-ld128.c.o
  [375/5650] Building C object confu-deps/XNNPACK/CMakeFiles/microkernels-prod.dir/src/f32-gemm/gen/f32-gemm-4x8s4-minmax-neonfma.c.o
  [376/5650] Building C object confu-deps/XNNPACK/CMakeFiles/microkernels-prod.dir/src/f32-ibilinear/gen/f32-ibilinear-neonfma-c8.c.o
  [377/5650] Building C object confu-deps/XNNPACK/CMakeFiles/microkernels-prod.dir/src/f32-gemm/gen/f32-gemm-6x8-minmax-aarch64-neonfma-lane-ld128.c.o
  [378/5650] Building C object confu-deps/XNNPACK/CMakeFiles/microkernels-prod.dir/src/f32-igemm/gen/f32-igemm-1x4-minmax-scalar.c.o
  [379/5650] Building C object confu-deps/XNNPACK/CMakeFiles/microkernels-prod.dir/src/f32-igemm/gen/f32-igemm-1x4-relu-scalar.c.o
  [380/5650] Building C object confu-deps/XNNPACK/CMakeFiles/microkernels-prod.dir/src/f32-igemm/gen/f32-igemm-1x4-scalar.c.o
  [381/5650] Building ASM object confu-deps/XNNPACK/CMakeFiles/microkernels-prod.dir/src/f32-igemm/gen/f32-igemm-1x8-minmax-asm-aarch64-neonfma-cortex-a53.S.o
  [382/5650] Building ASM object confu-deps/XNNPACK/CMakeFiles/microkernels-prod.dir/src/f32-igemm/gen/f32-igemm-1x8-minmax-asm-aarch64-neonfma-cortex-a75-prfm.S.o
  [383/5650] Building ASM object confu-deps/XNNPACK/CMakeFiles/microkernels-prod.dir/src/f32-igemm/gen/f32-igemm-1x8-minmax-asm-aarch64-neonfma-cortex-a53-prfm.S.o
  [384/5650] Building ASM object confu-deps/XNNPACK/CMakeFiles/microkernels-prod.dir/src/f32-igemm/gen/f32-igemm-1x8-minmax-asm-aarch64-neonfma-cortex-a75.S.o
  [385/5650] Building ASM object confu-deps/XNNPACK/CMakeFiles/microkernels-prod.dir/src/f32-igemm/gen/f32-igemm-1x8-minmax-asm-aarch64-neonfma-ld64.S.o
  [386/5650] Building C object confu-deps/XNNPACK/CMakeFiles/microkernels-prod.dir/src/f32-igemm/gen/f32-igemm-2x4-minmax-scalar.c.o
  [387/5650] Building C object confu-deps/XNNPACK/CMakeFiles/microkernels-prod.dir/src/f32-igemm/gen/f32-igemm-2x4-relu-scalar.c.o
  [388/5650] Building ASM object confu-deps/XNNPACK/CMakeFiles/microkernels-prod.dir/src/f32-igemm/gen/f32-igemm-4x2-minmax-asm-aarch64-neonfma-cortex-a75-prfm.S.o
  [389/5650] Building C object confu-deps/XNNPACK/CMakeFiles/microkernels-prod.dir/src/f32-igemm/gen/f32-igemm-1x8s4-minmax-neonfma.c.o
  [390/5650] Building C object confu-deps/XNNPACK/CMakeFiles/microkernels-prod.dir/src/f32-igemm/gen/f32-igemm-4x2-scalar.c.o
  [391/5650] Building C object confu-deps/XNNPACK/CMakeFiles/microkernels-prod.dir/src/f32-gemm/gen/f32-gemm-6x8s4-minmax-neonfma.c.o
  [392/5650] Building C object confu-deps/XNNPACK/CMakeFiles/microkernels-prod.dir/src/f32-igemm/gen/f32-igemm-2x4-scalar.c.o
  [393/5650] Building C object confu-deps/XNNPACK/CMakeFiles/microkernels-prod.dir/src/f32-igemm/gen/f32-igemm-4x2-minmax-scalar.c.o
  [394/5650] Building ASM object confu-deps/XNNPACK/CMakeFiles/microkernels-prod.dir/src/f32-igemm/gen/f32-igemm-4x8-minmax-asm-aarch64-neonfma-cortex-a53-prfm.S.o
  [395/5650] Building C object confu-deps/XNNPACK/CMakeFiles/microkernels-prod.dir/src/f32-igemm/gen/f32-igemm-4x4-minmax-scalar.c.o
  [396/5650] Building C object confu-deps/XNNPACK/CMakeFiles/microkernels-prod.dir/src/f32-igemm/gen/f32-igemm-1x8-minmax-aarch64-neonfma-lane-ld128.c.o
  [397/5650] Building C object confu-deps/XNNPACK/CMakeFiles/microkernels-prod.dir/src/f32-igemm/gen/f32-igemm-4x4-scalar.c.o
  [398/5650] Building ASM object confu-deps/XNNPACK/CMakeFiles/microkernels-prod.dir/src/f32-igemm/gen/f32-igemm-4x8-minmax-asm-aarch64-neonfma-ld128.S.o
  [399/5650] Building ASM object confu-deps/XNNPACK/CMakeFiles/microkernels-prod.dir/src/f32-igemm/gen/f32-igemm-4x8-minmax-asm-aarch64-neonfma-cortex-a53.S.o
  [400/5650] Building ASM object confu-deps/XNNPACK/CMakeFiles/microkernels-prod.dir/src/f32-igemm/gen/f32-igemm-4x8-minmax-asm-aarch64-neonfma-cortex-a75-prfm.S.o
  [401/5650] Building ASM object confu-deps/XNNPACK/CMakeFiles/microkernels-prod.dir/src/f32-igemm/gen/f32-igemm-4x8-minmax-asm-aarch64-neonfma-cortex-a75.S.o
  [402/5650] Building C object confu-deps/XNNPACK/CMakeFiles/microkernels-prod.dir/src/f32-igemm/gen/f32-igemm-4x4-relu-scalar.c.o
  [403/5650] Building ASM object confu-deps/XNNPACK/CMakeFiles/microkernels-prod.dir/src/f32-igemm/gen/f32-igemm-6x8-minmax-asm-aarch64-neonfma-cortex-a53-prfm.S.o
  [404/5650] Building C object confu-deps/XNNPACK/CMakeFiles/microkernels-prod.dir/src/f32-igemm/gen/f32-igemm-4x2-minmax-neon-lane-ld64.c.o
  [405/5650] Building ASM object confu-deps/XNNPACK/CMakeFiles/microkernels-prod.dir/src/f32-igemm/gen/f32-igemm-6x8-minmax-asm-aarch64-neonfma-cortex-a75-prfm.S.o
  [406/5650] Building ASM object confu-deps/XNNPACK/CMakeFiles/microkernels-prod.dir/src/f32-igemm/gen/f32-igemm-6x8-minmax-asm-aarch64-neonfma-cortex-a53.S.o
  [407/5650] Building ASM object confu-deps/XNNPACK/CMakeFiles/microkernels-prod.dir/src/f32-igemm/gen/f32-igemm-6x8-minmax-asm-aarch64-neonfma-ld128.S.o
  [408/5650] Building C object confu-deps/XNNPACK/CMakeFiles/microkernels-prod.dir/src/f32-igemm/gen/f32-igemm-4x2-minmax-aarch64-neonfma-lane-ld64.c.o
  [409/5650] Building C object confu-deps/XNNPACK/CMakeFiles/microkernels-prod.dir/src/f32-igemm/gen/f32-igemm-4x8-minmax-neon-lane-ld128.c.o
  [410/5650] Building C object confu-deps/XNNPACK/CMakeFiles/microkernels-prod.dir/src/f32-igemm/gen/f32-igemm-1x8-minmax-neon-lane-ld64.c.o
  [411/5650] Building C object confu-deps/XNNPACK/CMakeFiles/microkernels-prod.dir/src/f32-maxpool/f32-maxpool-9p8x-minmax-neon-c4.c.o
  [412/5650] Building C object confu-deps/XNNPACK/CMakeFiles/microkernels-prod.dir/src/f32-pavgpool/f32-pavgpool-9x-minmax-scalar-c1.c.o
  [413/5650] Building C object confu-deps/XNNPACK/CMakeFiles/microkernels-prod.dir/src/f32-pavgpool/f32-pavgpool-9p8x-minmax-scalar-c1.c.o
  [414/5650] Building C object confu-deps/XNNPACK/CMakeFiles/microkernels-prod.dir/src/f32-maxpool/f32-maxpool-9p8x-minmax-scalar-c1.c.o
  [415/5650] Building C object confu-deps/XNNPACK/CMakeFiles/microkernels-prod.dir/src/f32-qc4w-gemm/gen/f32-qc4w-gemm-1x4-minmax-scalar.c.o
  [416/5650] Building C object confu-deps/XNNPACK/CMakeFiles/microkernels-prod.dir/src/f32-pavgpool/f32-pavgpool-9x-minmax-neon-c4.c.o
  [417/5650] Building C object confu-deps/XNNPACK/CMakeFiles/microkernels-prod.dir/src/f32-igemm/gen/f32-igemm-4x8s4-minmax-neonfma.c.o
  [418/5650] Building C object confu-deps/XNNPACK/CMakeFiles/microkernels-prod.dir/src/f32-pavgpool/f32-pavgpool-9p8x-minmax-neon-c4.c.o
  [419/5650] Building C object confu-deps/XNNPACK/CMakeFiles/microkernels-prod.dir/src/f32-igemm/gen/f32-igemm-6x8-minmax-aarch64-neonfma-lane-ld128.c.o
  [420/5650] Building C object confu-deps/XNNPACK/CMakeFiles/microkernels-prod.dir/src/f32-igemm/gen/f32-igemm-6x8s4-minmax-neonfma.c.o
  [421/5650] Building C object confu-deps/XNNPACK/CMakeFiles/microkernels-prod.dir/src/f32-qc4w-gemm/gen/f32-qc4w-gemm-1x8-minmax-aarch64-neonfma-lane-ld128.c.o
  [422/5650] Building C object confu-deps/XNNPACK/CMakeFiles/microkernels-prod.dir/src/f32-qc8w-gemm/gen/f32-qc8w-gemm-1x4-minmax-scalar.c.o
  [423/5650] Building ASM object confu-deps/XNNPACK/CMakeFiles/microkernels-prod.dir/src/f32-qc8w-gemm/gen/f32-qc8w-gemm-1x8-minmax-asm-aarch64-neonfma-ld128-acc4.S.o
  [424/5650] Building C object confu-deps/XNNPACK/CMakeFiles/microkernels-prod.dir/src/f32-qc4w-gemm/gen/f32-qc4w-gemm-4x4-minmax-scalar.c.o
  [425/5650] Building ASM object confu-deps/XNNPACK/CMakeFiles/microkernels-prod.dir/src/f32-qc8w-gemm/gen/f32-qc8w-gemm-1x8-minmax-asm-aarch64-neonfma-ld128.S.o
  [426/5650] Building C object confu-deps/XNNPACK/CMakeFiles/microkernels-prod.dir/src/f32-qc4w-gemm/gen/f32-qc4w-gemm-4x8-minmax-aarch64-neonfma-lane-ld128.c.o
  [427/5650] Building C object confu-deps/XNNPACK/CMakeFiles/microkernels-prod.dir/src/f32-qc4w-gemm/gen/f32-qc4w-gemm-1x8-minmax-neon-lane-ld64.c.o
  [428/5650] Building C object confu-deps/XNNPACK/CMakeFiles/microkernels-prod.dir/src/f32-qc8w-gemm/gen/f32-qc8w-gemm-4x4-minmax-scalar.c.o
  [429/5650] Building C object confu-deps/XNNPACK/CMakeFiles/microkernels-prod.dir/src/f32-qc8w-gemm/gen/f32-qc8w-gemm-1x8-minmax-aarch64-neonfma-lane-ld64.c.o
  [430/5650] Building C object confu-deps/XNNPACK/CMakeFiles/microkernels-prod.dir/src/f32-qc8w-gemm/gen/f32-qc8w-gemm-1x8-minmax-neon-lane-ld64.c.o
  [431/5650] Building ASM object confu-deps/XNNPACK/CMakeFiles/microkernels-prod.dir/src/f32-qc8w-gemm/gen/f32-qc8w-gemm-6x8-minmax-asm-aarch64-neonfma-ld128.S.o
  [432/5650] Building C object confu-deps/XNNPACK/CMakeFiles/microkernels-prod.dir/src/f32-qc4w-gemm/gen/f32-qc4w-gemm-6x8-minmax-aarch64-neonfma-lane-ld128.c.o
  [433/5650] Building C object confu-deps/XNNPACK/CMakeFiles/microkernels-prod.dir/src/f32-qs8-vcvt/gen/f32-qs8-vcvt-scalar-imagic-u1.c.o
  [434/5650] Building C object confu-deps/XNNPACK/CMakeFiles/microkernels-prod.dir/src/f32-qs8-vcvt/gen/f32-qs8-vcvt-scalar-lrintf-u4.c.o
  [435/5650] Building C object confu-deps/XNNPACK/CMakeFiles/microkernels-prod.dir/src/f32-qs8-vcvt/gen/f32-qs8-vcvt-scalar-imagic-u4.c.o
  [436/5650] Building C object confu-deps/XNNPACK/CMakeFiles/microkernels-prod.dir/src/f32-qs8-vcvt/gen/f32-qs8-vcvt-neonv8-u32.c.o
  [437/5650] Building C object confu-deps/XNNPACK/CMakeFiles/microkernels-prod.dir/src/f32-qs8-vcvt/gen/f32-qs8-vcvt-neon-u32.c.o
  [438/5650] Building C object confu-deps/XNNPACK/CMakeFiles/microkernels-prod.dir/src/f32-qu8-vcvt/gen/f32-qu8-vcvt-scalar-imagic-u1.c.o
  [439/5650] Building C object confu-deps/XNNPACK/CMakeFiles/microkernels-prod.dir/src/f32-qu8-vcvt/gen/f32-qu8-vcvt-scalar-lrintf-u4.c.o
  [440/5650] Building C object confu-deps/XNNPACK/CMakeFiles/microkernels-prod.dir/src/f32-qc8w-gemm/gen/f32-qc8w-gemm-4x8-minmax-neon-lane-ld64.c.o
  [441/5650] Building C object confu-deps/XNNPACK/CMakeFiles/microkernels-prod.dir/src/f32-qc8w-gemm/gen/f32-qc8w-gemm-6x8-minmax-aarch64-neonfma-lane-ld64.c.o
  [442/5650] Building C object confu-deps/XNNPACK/CMakeFiles/microkernels-prod.dir/src/f32-raddstoreexpminusmax/gen/f32-raddstoreexpminusmax-scalar-rr2-p5-u4-acc2.c.o
  [443/5650] Building C object confu-deps/XNNPACK/CMakeFiles/microkernels-prod.dir/src/f32-qu8-vcvt/gen/f32-qu8-vcvt-scalar-imagic-u4.c.o
  [444/5650] Building C object confu-deps/XNNPACK/CMakeFiles/microkernels-prod.dir/src/f32-rminmax/gen/f32-rmax-scalar-u4-acc4.c.o
  [445/5650] Building C object confu-deps/XNNPACK/CMakeFiles/microkernels-prod.dir/src/f32-qu8-vcvt/gen/f32-qu8-vcvt-neon-u32.c.o
  [446/5650] Building C object confu-deps/XNNPACK/CMakeFiles/microkernels-prod.dir/src/f32-rdsum/gen/f32-rdsum-7p7x-minmax-scalar.c.o
  [447/5650] Building C object confu-deps/XNNPACK/CMakeFiles/microkernels-prod.dir/src/f32-qc4w-gemm/gen/f32-qc4w-gemm-4x8-minmax-neon-lane-ld64.c.o
  [448/5650] Building C object confu-deps/XNNPACK/CMakeFiles/microkernels-prod.dir/src/f32-raddstoreexpminusmax/gen/f32-raddstoreexpminusmax-neonfma-rr1-lut64-p2-u16-acc2.c.o
  [449/5650] Building C object confu-deps/XNNPACK/CMakeFiles/microkernels-prod.dir/src/f32-rminmax/gen/f32-rminmax-scalar-u4-acc4.c.o
  [450/5650] Building C object confu-deps/XNNPACK/CMakeFiles/microkernels-prod.dir/src/f32-rsum/gen/f32-rsum-scalar-u4-acc4.c.o
  [451/5650] Building C object confu-deps/XNNPACK/CMakeFiles/microkernels-prod.dir/src/f32-rminmax/gen/f32-rmax-neon-u16-acc4.c.o
  [452/5650] Building C object confu-deps/XNNPACK/CMakeFiles/microkernels-prod.dir/src/f32-rminmax/gen/f32-rminmax-neon-u16-acc4.c.o
  [453/5650] Building C object confu-deps/XNNPACK/CMakeFiles/microkernels-prod.dir/src/f32-rsum/gen/f32-rsum-neon-u16-acc4.c.o
  [454/5650] Building C object confu-deps/XNNPACK/CMakeFiles/microkernels-prod.dir/src/f32-spmm/gen/f32-spmm-8x1-minmax-scalar.c.o
  [455/5650] Building C object confu-deps/XNNPACK/CMakeFiles/microkernels-prod.dir/src/f32-spmm/gen/f32-spmm-8x2-minmax-scalar.c.o
  [456/5650] Building C object confu-deps/XNNPACK/CMakeFiles/microkernels-prod.dir/src/f32-spmm/gen/f32-spmm-8x4-minmax-scalar.c.o
  [457/5650] Building C object confu-deps/XNNPACK/CMakeFiles/microkernels-prod.dir/src/f32-rdsum/gen/f32-rdsum-7p7x-minmax-neon-c16.c.o
  [458/5650] Building C object confu-deps/XNNPACK/CMakeFiles/microkernels-prod.dir/src/f32-vbinary/gen/f32-vadd-scalar-u8.c.o
  [459/5650] Building C object confu-deps/XNNPACK/CMakeFiles/microkernels-prod.dir/src/f32-qu8-vcvt/gen/f32-qu8-vcvt-neonv8-u32.c.o
  [460/5650] Building C object confu-deps/XNNPACK/CMakeFiles/microkernels-prod.dir/src/f32-spmm/gen/f32-spmm-32x1-minmax-neonfma-pipelined.c.o
  [461/5650] Building C object confu-deps/XNNPACK/CMakeFiles/microkernels-prod.dir/src/f32-vbinary/gen/f32-vaddc-scalar-u8.c.o
  [462/5650] Building C object confu-deps/XNNPACK/CMakeFiles/microkernels-prod.dir/src/f32-vbinary/gen/f32-vadd-neon-u8.c.o
  [463/5650] Building C object confu-deps/XNNPACK/CMakeFiles/microkernels-prod.dir/src/f32-vbinary/gen/f32-vdiv-scalar-u2.c.o
  [464/5650] Building C object confu-deps/XNNPACK/CMakeFiles/microkernels-prod.dir/src/f32-vbinary/gen/f32-vdivc-scalar-u2.c.o
  [465/5650] Building C object confu-deps/XNNPACK/CMakeFiles/microkernels-prod.dir/src/f32-vbinary/gen/f32-vaddc-neon-u8.c.o
  [466/5650] Building C object confu-deps/XNNPACK/CMakeFiles/microkernels-prod.dir/src/f32-spmm/gen/f32-spmm-32x1-minmax-neon.c.o
  [467/5650] Building C object confu-deps/XNNPACK/CMakeFiles/microkernels-prod.dir/src/f32-vbinary/gen/f32-vmax-scalar-u8.c.o
  [468/5650] Building C object confu-deps/XNNPACK/CMakeFiles/microkernels-prod.dir/src/f32-vbinary/gen/f32-vdiv-aarch64-neon-u8.c.o
  [469/5650] Building C object confu-deps/XNNPACK/CMakeFiles/microkernels-prod.dir/src/f32-spmm/gen/f32-spmm-32x4-minmax-aarch64-neonfma.c.o
  [470/5650] Building C object confu-deps/XNNPACK/CMakeFiles/microkernels-prod.dir/src/f32-vbinary/gen/f32-vmaxc-scalar-u8.c.o
  [471/5650] Building C object confu-deps/XNNPACK/CMakeFiles/microkernels-prod.dir/src/f32-vbinary/gen/f32-vmax-neon-u8.c.o
  [472/5650] Building C object confu-deps/XNNPACK/CMakeFiles/microkernels-prod.dir/src/f32-spmm/gen/f32-spmm-32x2-minmax-aarch64-neonfma.c.o
  [473/5650] Building C object confu-deps/XNNPACK/CMakeFiles/microkernels-prod.dir/src/f32-vbinary/gen/f32-vminc-scalar-u8.c.o
  [474/5650] Building C object confu-deps/XNNPACK/CMakeFiles/microkernels-prod.dir/src/f32-vbinary/gen/f32-vmin-scalar-u8.c.o
  [475/5650] Building C object confu-deps/XNNPACK/CMakeFiles/microkernels-prod.dir/src/f32-vbinary/gen/f32-vdivc-aarch64-neon-u8.c.o
  [476/5650] Building C object confu-deps/XNNPACK/CMakeFiles/microkernels-prod.dir/src/f32-vbinary/gen/f32-vmaxc-neon-u8.c.o
  [477/5650] Building C object confu-deps/XNNPACK/CMakeFiles/microkernels-prod.dir/src/f32-vbinary/gen/f32-vmin-neon-u8.c.o
  [478/5650] Building C object confu-deps/XNNPACK/CMakeFiles/microkernels-prod.dir/src/f32-vbinary/gen/f32-vminc-neon-u8.c.o
  [479/5650] Building C object confu-deps/XNNPACK/CMakeFiles/microkernels-prod.dir/src/f32-vbinary/gen/f32-vmul-scalar-u8.c.o
  [480/5650] Building C object confu-deps/XNNPACK/CMakeFiles/microkernels-prod.dir/src/f32-vbinary/gen/f32-vpreluc-scalar-u8.c.o
  [481/5650] Building C object confu-deps/XNNPACK/CMakeFiles/microkernels-prod.dir/src/f32-vbinary/gen/f32-vmulc-scalar-u8.c.o
  [482/5650] Building C object confu-deps/XNNPACK/CMakeFiles/microkernels-prod.dir/src/f32-vbinary/gen/f32-vprelu-neon-u8.c.o
  [483/5650] Building C object confu-deps/XNNPACK/CMakeFiles/microkernels-prod.dir/src/f32-vbinary/gen/f32-vprelu-scalar-u8.c.o
  [484/5650] Building C object confu-deps/XNNPACK/CMakeFiles/microkernels-prod.dir/src/f32-vbinary/gen/f32-vpreluc-neon-u8.c.o
  [485/5650] Building C object confu-deps/XNNPACK/CMakeFiles/microkernels-prod.dir/src/f32-vbinary/gen/f32-vmulc-neon-u8.c.o
  [486/5650] Building C object confu-deps/XNNPACK/CMakeFiles/microkernels-prod.dir/src/f32-vbinary/gen/f32-vmul-neon-u8.c.o
  [487/5650] Building C object confu-deps/XNNPACK/CMakeFiles/microkernels-prod.dir/src/f32-vbinary/gen/f32-vrdivc-scalar-u2.c.o
  [488/5650] Building C object confu-deps/XNNPACK/CMakeFiles/microkernels-prod.dir/src/f32-vbinary/gen/f32-vrpreluc-scalar-u8.c.o
  [489/5650] Building C object confu-deps/XNNPACK/CMakeFiles/microkernels-prod.dir/src/f32-vbinary/gen/f32-vrpreluc-neon-u8.c.o
  [490/5650] Building C object confu-deps/XNNPACK/CMakeFiles/microkernels-prod.dir/src/f32-vbinary/gen/f32-vrsubc-scalar-u8.c.o
  [491/5650] Building C object confu-deps/XNNPACK/CMakeFiles/microkernels-prod.dir/src/f32-vbinary/gen/f32-vrdivc-aarch64-neon-u8.c.o
  [492/5650] Building C object confu-deps/XNNPACK/CMakeFiles/microkernels-prod.dir/src/f32-vbinary/gen/f32-vrsubc-neon-u8.c.o
  [493/5650] Building C object confu-deps/XNNPACK/CMakeFiles/microkernels-prod.dir/src/f32-vbinary/gen/f32-vsqrdiff-scalar-u8.c.o
  [494/5650] Building C object confu-deps/XNNPACK/CMakeFiles/microkernels-prod.dir/src/f32-vbinary/gen/f32-vsqrdiffc-scalar-u8.c.o
  [495/5650] Building C object confu-deps/XNNPACK/CMakeFiles/microkernels-prod.dir/src/f32-vbinary/gen/f32-vsub-scalar-u8.c.o
  [496/5650] Building C object confu-deps/XNNPACK/CMakeFiles/microkernels-prod.dir/src/f32-vbinary/gen/f32-vsqrdiffc-neon-u8.c.o
  [497/5650] Building C object confu-deps/XNNPACK/CMakeFiles/microkernels-prod.dir/src/f32-vclamp/gen/f32-vclamp-scalar-u4.c.o
  [498/5650] Building C object confu-deps/XNNPACK/CMakeFiles/microkernels-prod.dir/src/f32-vbinary/gen/f32-vsubc-scalar-u8.c.o
  [499/5650] Building C object confu-deps/XNNPACK/CMakeFiles/microkernels-prod.dir/src/f32-vcmul/gen/f32-vcmul-scalar-u4.c.o
  [500/5650] Building C object confu-deps/XNNPACK/CMakeFiles/microkernels-prod.dir/src/f32-vbinary/gen/f32-vsubc-neon-u8.c.o
  [501/5650] Building C object confu-deps/XNNPACK/CMakeFiles/microkernels-prod.dir/src/f32-vcopysign/gen/f32-vcopysign-scalar.c.o
  [502/5650] Building C object confu-deps/XNNPACK/CMakeFiles/microkernels-prod.dir/src/f32-vbinary/gen/f32-vsub-neon-u8.c.o
  [503/5650] Building C object confu-deps/XNNPACK/CMakeFiles/microkernels-prod.dir/src/f32-vclamp/gen/f32-vclamp-neon-u16.c.o
  [504/5650] Building C object confu-deps/XNNPACK/CMakeFiles/microkernels-prod.dir/src/f32-vcopysign/gen/f32-vcopysignc-scalar.c.o
  [505/5650] Building C object confu-deps/XNNPACK/CMakeFiles/microkernels-prod.dir/src/f32-vbinary/gen/f32-vsqrdiff-neon-u8.c.o
  [506/5650] Building C object confu-deps/XNNPACK/CMakeFiles/microkernels-prod.dir/src/f32-vcmul/gen/f32-vcmul-neon-u8.c.o
  [507/5650] Building C object confu-deps/XNNPACK/CMakeFiles/microkernels-prod.dir/src/f32-vcopysign/gen/f32-vrcopysignc-scalar.c.o
  [508/5650] Building C object confu-deps/XNNPACK/CMakeFiles/microkernels-prod.dir/src/f32-vcopysign/gen/f32-vcopysign-neon.c.o
  [509/5650] Building C object confu-deps/XNNPACK/CMakeFiles/microkernels-prod.dir/src/f32-velu/gen/f32-velu-scalar-rr2-lut16-p3-u2.c.o
  [510/5650] Building C object confu-deps/XNNPACK/CMakeFiles/microkernels-prod.dir/src/f32-velu/gen/f32-velu-scalar-rr2-lut16-p3-u4.c.o
  [511/5650] Building C object confu-deps/XNNPACK/CMakeFiles/microkernels-prod.dir/src/f32-vexp/gen/f32-vexp-scalar-exp.c.o
  [512/5650] Building C object confu-deps/XNNPACK/CMakeFiles/microkernels-prod.dir/src/f32-vcopysign/gen/f32-vrcopysignc-neon.c.o
  [513/5650] Building C object confu-deps/XNNPACK/CMakeFiles/microkernels-prod.dir/src/f32-vhswish/gen/f32-vhswish-scalar-u4.c.o
  [514/5650] Building C object confu-deps/XNNPACK/CMakeFiles/microkernels-prod.dir/src/f32-vgelu/gen/f32-vgelu-scalar-rational-12-10-div.c.o
  [515/5650] Building C object confu-deps/XNNPACK/CMakeFiles/microkernels-prod.dir/src/f32-vcopysign/gen/f32-vcopysignc-neon.c.o
  [516/5650] Building C object confu-deps/XNNPACK/CMakeFiles/microkernels-prod.dir/src/f32-vlrelu/gen/f32-vlrelu-scalar-u4.c.o
  [517/5650] Building C object confu-deps/XNNPACK/CMakeFiles/microkernels-prod.dir/src/f32-velu/gen/f32-velu-neonfma-rr1-p6-u8.c.o
  [518/5650] Building C object confu-deps/XNNPACK/CMakeFiles/microkernels-prod.dir/src/f32-vhswish/gen/f32-vhswish-neon-u16.c.o
  [519/5650] Building C object confu-deps/XNNPACK/CMakeFiles/microkernels-prod.dir/src/f32-velu/gen/f32-velu-neonfma-rr1-lut16-p3-u16.c.o
  [520/5650] Building C object confu-deps/XNNPACK/CMakeFiles/microkernels-prod.dir/src/f32-velu/gen/f32-velu-neon-rr2-lut16-p3-u8.c.o
  [521/5650] Building C object confu-deps/XNNPACK/CMakeFiles/microkernels-prod.dir/src/f32-vlog/gen/f32-vlog-scalar-rational-3-3-div.c.o
  [522/5650] Building C object confu-deps/XNNPACK/CMakeFiles/microkernels-prod.dir/src/f32-vmulcaddc/gen/f32-vmulcaddc-c1-minmax-scalar-2x.c.o
  [523/5650] Building C object confu-deps/XNNPACK/CMakeFiles/microkernels-prod.dir/src/f32-vgelu/gen/f32-vgelu-neon-rational-12-10-div.c.o
  [524/5650] Building C object confu-deps/XNNPACK/CMakeFiles/microkernels-prod.dir/src/f32-vlrelu/gen/f32-vlrelu-neon-u8.c.o
  [525/5650] Building C object confu-deps/XNNPACK/CMakeFiles/microkernels-prod.dir/src/f32-vrelu/gen/f32-vrelu-scalar-u8.c.o
  [526/5650] Building C object confu-deps/XNNPACK/CMakeFiles/microkernels-prod.dir/src/f32-vlog/gen/f32-vlog-neon-rational-3-3-div.c.o
  [527/5650] Building C object confu-deps/XNNPACK/CMakeFiles/microkernels-prod.dir/src/f32-vrnd/gen/f32-vrndd-neonv8-u8.c.o
  [528/5650] Building C object confu-deps/XNNPACK/CMakeFiles/microkernels-prod.dir/src/f32-vmulcaddc/gen/f32-vmulcaddc-c4-minmax-neon-2x.c.o
  [529/5650] Building C object confu-deps/XNNPACK/CMakeFiles/microkernels-prod.dir/src/f32-vmulcaddc/gen/f32-vmulcaddc-c4-minmax-neonfma-2x.c.o
  [530/5650] Building C object confu-deps/XNNPACK/CMakeFiles/microkernels-prod.dir/src/f32-vrnd/gen/f32-vrndd-scalar-libm-u1.c.o
  [531/5650] Building C object confu-deps/XNNPACK/CMakeFiles/microkernels-prod.dir/src/f32-vrnd/gen/f32-vrndne-scalar-libm-u1.c.o
  [532/5650] Building C object confu-deps/XNNPACK/CMakeFiles/microkernels-prod.dir/src/f32-vrnd/gen/f32-vrndd-scalar-libm-u4.c.o
  [533/5650] Building C object confu-deps/XNNPACK/CMakeFiles/microkernels-prod.dir/src/f32-vrnd/gen/f32-vrndne-scalar-libm-u4.c.o
  [534/5650] Building C object confu-deps/XNNPACK/CMakeFiles/microkernels-prod.dir/src/f32-vrnd/gen/f32-vrndd-neon-u8.c.o
  [535/5650] Building C object confu-deps/XNNPACK/CMakeFiles/microkernels-prod.dir/src/f32-vrnd/gen/f32-vrndne-neon-u8.c.o
  [536/5650] Building C object confu-deps/XNNPACK/CMakeFiles/microkernels-prod.dir/src/f32-vrnd/gen/f32-vrndu-scalar-libm-u4.c.o
  [537/5650] Building C object confu-deps/XNNPACK/CMakeFiles/microkernels-prod.dir/src/f32-vrnd/gen/f32-vrndu-scalar-libm-u1.c.o
  [538/5650] Building C object confu-deps/XNNPACK/CMakeFiles/microkernels-prod.dir/src/f32-vrnd/gen/f32-vrndz-scalar-libm-u1.c.o
  [539/5650] Building C object confu-deps/XNNPACK/CMakeFiles/microkernels-prod.dir/src/f32-vrnd/gen/f32-vrndz-scalar-libm-u4.c.o
  [540/5650] Building C object confu-deps/XNNPACK/CMakeFiles/microkernels-prod.dir/src/f32-vrsqrt/gen/f32-vrsqrt-scalar-rsqrt-u1.c.o
  [541/5650] Building C object confu-deps/XNNPACK/CMakeFiles/microkernels-prod.dir/src/f32-vrnd/gen/f32-vrndz-neonv8-u8.c.o
  [542/5650] Building C object confu-deps/XNNPACK/CMakeFiles/microkernels-prod.dir/src/f32-vrnd/gen/f32-vrndu-neon-u8.c.o
  [543/5650] Building C object confu-deps/XNNPACK/CMakeFiles/microkernels-prod.dir/src/f32-vrnd/gen/f32-vrndz-neon-u8.c.o
  [544/5650] Building C object confu-deps/XNNPACK/CMakeFiles/microkernels-prod.dir/src/f32-vrsqrt/gen/f32-vrsqrt-scalar-rsqrt-u4.c.o
  [545/5650] Building C object confu-deps/XNNPACK/CMakeFiles/microkernels-prod.dir/src/f32-vrnd/gen/f32-vrndne-neonv8-u8.c.o
  [546/5650] Building C object confu-deps/XNNPACK/CMakeFiles/microkernels-prod.dir/src/f32-vrsqrt/gen/f32-vrsqrt-neon-rsqrt-u16.c.o
  [547/5650] Building C object confu-deps/XNNPACK/CMakeFiles/microkernels-prod.dir/src/f32-vrnd/gen/f32-vrndu-neonv8-u8.c.o
  [548/5650] Building C object confu-deps/XNNPACK/CMakeFiles/microkernels-prod.dir/src/f32-vsigmoid/gen/f32-vsigmoid-scalar-rr2-lut64-p2-div-u2.c.o
  [549/5650] Building C object confu-deps/XNNPACK/CMakeFiles/microkernels-prod.dir/src/f32-vsqrt/gen/f32-vsqrt-scalar-sqrt-u1.c.o
  [550/5650] Building C object confu-deps/XNNPACK/CMakeFiles/microkernels-prod.dir/src/f32-vunary/gen/f32-vabs-scalar.c.o
  [551/5650] Building C object confu-deps/XNNPACK/CMakeFiles/microkernels-prod.dir/src/f32-vtanh/gen/f32-vtanh-scalar-rational-9-8-div.c.o
  [552/5650] Building C object confu-deps/XNNPACK/CMakeFiles/microkernels-prod.dir/src/f32-vunary/gen/f32-vneg-scalar.c.o
  [553/5650] Building C object confu-deps/XNNPACK/CMakeFiles/microkernels-prod.dir/src/f32-vsigmoid/gen/f32-vsigmoid-neon-rr2-lut64-p2-nr2recps-u8.c.o
  [554/5650] Building C object confu-deps/XNNPACK/CMakeFiles/microkernels-prod.dir/src/pf32-gemm/pf32-gemm-32x32-minmax-neonsme2.c.o
  /Users/wen/test/pytorch/third_party/XNNPACK/src/pf32-gemm/pf32-gemm-32x32-minmax-neonsme2.c:24:1: warning: non-void function does not return a value [-Wreturn-type]
     24 | }
        | ^
  /Users/wen/test/pytorch/third_party/XNNPACK/src/pf32-gemm/pf32-gemm-32x32-minmax-neonsme2.c:34:1: warning: non-void function does not return a value [-Wreturn-type]
     34 | }
        | ^
  2 warnings generated.
  [555/5650] Building C object confu-deps/XNNPACK/CMakeFiles/microkernels-prod.dir/src/f32-vsigmoid/gen/f32-vsigmoid-neonfma-rr1-lut64-p2-nr2recps-u16.c.o
  [556/5650] Building C object confu-deps/XNNPACK/CMakeFiles/microkernels-prod.dir/src/f32-vunary/gen/f32-vsqr-scalar.c.o
  [557/5650] Building C object confu-deps/XNNPACK/CMakeFiles/microkernels-prod.dir/src/f32-vsqrt/gen/f32-vsqrt-aarch64-neon-sqrt-u4.c.o
  [558/5650] Building C object confu-deps/XNNPACK/CMakeFiles/microkernels-prod.dir/src/f32-vtanh/gen/f32-vtanh-neon-rational-9-8-div.c.o
  [559/5650] Building C object confu-deps/XNNPACK/CMakeFiles/microkernels-prod.dir/src/f32-vunary/gen/f32-vneg-neon.c.o
  [560/5650] Building C object confu-deps/XNNPACK/CMakeFiles/microkernels-prod.dir/src/f32-vunary/gen/f32-vsqr-neon.c.o
  [561/5650] Building C object confu-deps/XNNPACK/CMakeFiles/microkernels-prod.dir/src/f32-vunary/gen/f32-vabs-neon.c.o
  [562/5650] Building C object confu-deps/XNNPACK/CMakeFiles/microkernels-prod.dir/src/qd8-f16-qc4w-gemm/gen/qd8-f16-qc4w-gemm-1x16c4-minmax-neondotfp16arith.c.o
  [563/5650] Building C object confu-deps/XNNPACK/CMakeFiles/microkernels-prod.dir/src/qd8-f16-qb4w-gemm/gen/qd8-f16-qb4w-gemm-1x16-minmax-neonfp16arith-mlal-lane.c.o
  [564/5650] Building C object confu-deps/XNNPACK/CMakeFiles/microkernels-prod.dir/src/qd8-f16-qc8w-gemm/gen/qd8-f16-qc8w-gemm-1x16c4-minmax-neondotfp16arith.c.o
  [565/5650] Building C object confu-deps/XNNPACK/CMakeFiles/microkernels-prod.dir/src/qd8-f16-qb4w-gemm/gen/qd8-f16-qb4w-gemm-1x16c4-minmax-neondotfp16arith.c.o
  [566/5650] Building C object confu-deps/XNNPACK/CMakeFiles/microkernels-prod.dir/src/qd8-f16-qc4w-gemm/gen/qd8-f16-qc4w-gemm-4x16c4-minmax-neondotfp16arith.c.o
  [567/5650] Building C object confu-deps/XNNPACK/CMakeFiles/microkernels-prod.dir/src/qd8-f16-qc4w-gemm/gen/qd8-f16-qc4w-gemm-1x16-minmax-neonfp16arith-mlal-lane.c.o
  [568/5650] Building ASM object confu-deps/XNNPACK/CMakeFiles/microkernels-prod.dir/src/qd8-f16-qc8w-gemm/gen/qd8-f16-qc8w-gemm-4x16c4-minmax-asm-aarch64-neondot-ld128.S.o
  [569/5650] Building C object confu-deps/XNNPACK/CMakeFiles/microkernels-prod.dir/src/qd8-f16-qc8w-gemm/gen/qd8-f16-qc8w-gemm-1x8c2s4-minmax-neonfp16arith.c.o
  [570/5650] Building C object confu-deps/XNNPACK/CMakeFiles/microkernels-prod.dir/src/qd8-f16-qc8w-gemm/gen/qd8-f16-qc8w-gemm-1x8c4-minmax-neondotfp16arith.c.o
  [571/5650] Building C object confu-deps/XNNPACK/CMakeFiles/microkernels-prod.dir/src/qd8-f16-qb4w-gemm/gen/qd8-f16-qb4w-gemm-4x16c4-minmax-neondotfp16arith.c.o
  [572/5650] Building ASM object confu-deps/XNNPACK/CMakeFiles/microkernels-prod.dir/src/qd8-f16-qc8w-gemm/gen/qd8-f16-qc8w-gemm-4x16c4-minmax-asm-aarch64-neondotfp16arith-cortex-a55.S.o
  [573/5650] Building ASM object confu-deps/XNNPACK/CMakeFiles/microkernels-prod.dir/src/qd8-f16-qc8w-igemm/gen/qd8-f16-qc8w-igemm-4x16c4-minmax-asm-aarch64-neondot-cortex-a55.S.o
  [574/5650] Building ASM object confu-deps/XNNPACK/CMakeFiles/microkernels-prod.dir/src/qd8-f16-qc8w-igemm/gen/qd8-f16-qc8w-igemm-4x16c4-minmax-asm-aarch64-neondot-ld128.S.o
  [575/5650] Building C object confu-deps/XNNPACK/CMakeFiles/microkernels-prod.dir/src/qd8-f16-qc8w-gemm/gen/qd8-f16-qc8w-gemm-4x8c4-minmax-neondotfp16arith.c.o
  [576/5650] Building C object confu-deps/XNNPACK/CMakeFiles/microkernels-prod.dir/src/qd8-f16-qc8w-gemm/gen/qd8-f16-qc8w-gemm-4x16c4-minmax-neondotfp16arith.c.o
  [577/5650] Building C object confu-deps/XNNPACK/CMakeFiles/microkernels-prod.dir/src/qd8-f16-qc8w-gemm/gen/qd8-f16-qc8w-gemm-2x8c2s4-minmax-neonfp16arith.c.o
  [578/5650] Building C object confu-deps/XNNPACK/CMakeFiles/microkernels-prod.dir/src/qd8-f16-qc8w-igemm/gen/qd8-f16-qc8w-igemm-4x16c4-minmax-neondotfp16arith.c.o
  [579/5650] Building C object confu-deps/XNNPACK/CMakeFiles/microkernels-prod.dir/src/qd8-f16-qc4w-gemm/gen/qd8-f16-qc4w-gemm-6x16-minmax-neonfp16arith-mlal-lane.c.o
  [580/5650] Building C object confu-deps/XNNPACK/CMakeFiles/microkernels-prod.dir/src/qd8-f16-qc8w-igemm/gen/qd8-f16-qc8w-igemm-1x16c4-minmax-neondotfp16arith.c.o
  [581/5650] Building C object confu-deps/XNNPACK/CMakeFiles/microkernels-prod.dir/src/qd8-f16-qc8w-igemm/gen/qd8-f16-qc8w-igemm-1x8c4-minmax-neondotfp16arith.c.o
  [582/5650] Building C object confu-deps/XNNPACK/CMakeFiles/microkernels-prod.dir/src/qd8-f16-qc8w-igemm/gen/qd8-f16-qc8w-igemm-2x8c2s4-minmax-neonfp16arith-mlal.c.o
  [583/5650] Building C object confu-deps/XNNPACK/CMakeFiles/microkernels-prod.dir/src/qd8-f32-qb4w-gemm/gen/qd8-f32-qb4w-gemm-1x4-minmax-scalar.c.o
  [584/5650] Building C object confu-deps/XNNPACK/CMakeFiles/microkernels-prod.dir/src/qd8-f16-qc8w-igemm/gen/qd8-f16-qc8w-igemm-1x8c2s4-minmax-neonfp16arith-mlal.c.o
  [585/5650] Building C object confu-deps/XNNPACK/CMakeFiles/microkernels-prod.dir/src/qd8-f16-qb4w-gemm/gen/qd8-f16-qb4w-gemm-6x16-minmax-neonfp16arith-mlal-lane.c.o
  [586/5650] Building C object confu-deps/XNNPACK/CMakeFiles/microkernels-prod.dir/src/qd8-f32-qb4w-gemm/gen/qd8-f32-qb4w-gemm-4x4-minmax-scalar.c.o
  [587/5650] Building C object confu-deps/XNNPACK/CMakeFiles/microkernels-prod.dir/src/qd8-f32-qc4w-gemm/gen/qd8-f32-qc4w-gemm-1x4-minmax-scalar.c.o
  [588/5650] Building C object confu-deps/XNNPACK/CMakeFiles/microkernels-prod.dir/src/qd8-f32-qb4w-gemm/gen/qd8-f32-qb4w-gemm-1x16-minmax-neon-mlal-lane.c.o
  [589/5650] Building C object confu-deps/XNNPACK/CMakeFiles/microkernels-prod.dir/src/qd8-f32-qb4w-gemm/gen/qd8-f32-qb4w-gemm-1x16c4-minmax-neondot.c.o
  [590/5650] Building C object confu-deps/XNNPACK/CMakeFiles/microkernels-prod.dir/src/qd8-f16-qc8w-igemm/gen/qd8-f16-qc8w-igemm-4x8c4-minmax-neondotfp16arith.c.o
  [591/5650] Building C object confu-deps/XNNPACK/CMakeFiles/microkernels-prod.dir/src/qd8-f32-qc4w-gemm/gen/qd8-f32-qc4w-gemm-4x4-minmax-scalar.c.o
  [592/5650] Building C object confu-deps/XNNPACK/CMakeFiles/microkernels-prod.dir/src/qd8-f32-qc8w-gemm/gen/qd8-f32-qc8w-gemm-1x2-minmax-scalar.c.o
  [593/5650] Building C object confu-deps/XNNPACK/CMakeFiles/microkernels-prod.dir/src/qd8-f32-qc8w-gemm/gen/qd8-f32-qc8w-gemm-1x4-minmax-scalar.c.o
  [594/5650] Building C object confu-deps/XNNPACK/CMakeFiles/microkernels-prod.dir/src/qd8-f32-qc4w-gemm/gen/qd8-f32-qc4w-gemm-4x16c4-minmax-neondot.c.o
  [595/5650] Building C object confu-deps/XNNPACK/CMakeFiles/microkernels-prod.dir/src/qd8-f32-qc4w-gemm/gen/qd8-f32-qc4w-gemm-1x16c4-minmax-neondot.c.o
  [596/5650] Building C object confu-deps/XNNPACK/CMakeFiles/microkernels-prod.dir/src/qd8-f32-qc8w-gemm/gen/qd8-f32-qc8w-gemm-1x16c4-minmax-neondot.c.o
  [597/5650] Building C object confu-deps/XNNPACK/CMakeFiles/microkernels-prod.dir/src/qd8-f32-qc4w-gemm/gen/qd8-f32-qc4w-gemm-1x16-minmax-neon-mlal-lane.c.o
  [598/5650] Building C object confu-deps/XNNPACK/CMakeFiles/microkernels-prod.dir/src/qd8-f32-qb4w-gemm/gen/qd8-f32-qb4w-gemm-4x16c4-minmax-neondot.c.o
  [599/5650] Building ASM object confu-deps/XNNPACK/CMakeFiles/microkernels-prod.dir/src/qd8-f32-qc8w-gemm/gen/qd8-f32-qc8w-gemm-4x16c4-minmax-asm-aarch64-neondot-ld128.S.o
  [600/5650] Building ASM object confu-deps/XNNPACK/CMakeFiles/microkernels-prod.dir/src/qd8-f32-qc8w-gemm/gen/qd8-f32-qc8w-gemm-4x16c4-minmax-asm-aarch64-neondot-cortex-a55.S.o
  [601/5650] Building C object confu-deps/XNNPACK/CMakeFiles/microkernels-prod.dir/src/qd8-f32-qc8w-gemm/gen/qd8-f32-qc8w-gemm-2x2-minmax-scalar.c.o
  [602/5650] Building C object confu-deps/XNNPACK/CMakeFiles/microkernels-prod.dir/src/qd8-f32-qc8w-gemm/gen/qd8-f32-qc8w-gemm-1x8c4-minmax-neondot.c.o
  [603/5650] Building C object confu-deps/XNNPACK/CMakeFiles/microkernels-prod.dir/src/qd8-f32-qc8w-gemm/gen/qd8-f32-qc8w-gemm-1x8c2s4-minmax-neon-mlal.c.o
  [604/5650] Building C object confu-deps/XNNPACK/CMakeFiles/microkernels-prod.dir/src/qd8-f32-qc8w-gemm/gen/qd8-f32-qc8w-gemm-4x4-minmax-scalar.c.o
  [605/5650] Building C object confu-deps/XNNPACK/CMakeFiles/microkernels-prod.dir/src/qd8-f32-qc8w-igemm/gen/qd8-f32-qc8w-igemm-1x4-minmax-scalar.c.o
  [606/5650] Building C object confu-deps/XNNPACK/CMakeFiles/microkernels-prod.dir/src/qd8-f32-qc8w-igemm/gen/qd8-f32-qc8w-igemm-1x2-minmax-scalar.c.o
  [607/5650] Building C object confu-deps/XNNPACK/CMakeFiles/microkernels-prod.dir/src/qd8-f32-qc4w-gemm/gen/qd8-f32-qc4w-gemm-6x16-minmax-neon-mlal-lane.c.o
  [608/5650] Building C object confu-deps/XNNPACK/CMakeFiles/microkernels-prod.dir/src/qd8-f32-qc8w-gemm/gen/qd8-f32-qc8w-gemm-2x8c2s4-minmax-neon-mlal.c.o
  [609/5650] Building C object confu-deps/XNNPACK/CMakeFiles/microkernels-prod.dir/src/qd8-f32-qc8w-gemm/gen/qd8-f32-qc8w-gemm-4x16c4-minmax-neondot.c.o
  [610/5650] Building C object confu-deps/XNNPACK/CMakeFiles/microkernels-prod.dir/src/qd8-f32-qc8w-gemm/gen/qd8-f32-qc8w-gemm-4x8c4-minmax-neondot.c.o
  [611/5650] Building C object confu-deps/XNNPACK/CMakeFiles/microkernels-prod.dir/src/qd8-f32-qc8w-igemm/gen/qd8-f32-qc8w-igemm-1x16c4-minmax-neondot.c.o
  [612/5650] Building C object confu-deps/XNNPACK/CMakeFiles/microkernels-prod.dir/src/qd8-f32-qb4w-gemm/gen/qd8-f32-qb4w-gemm-6x16-minmax-neon-mlal-lane.c.o
  [613/5650] Building C object confu-deps/XNNPACK/CMakeFiles/microkernels-prod.dir/src/qd8-f32-qc8w-igemm/gen/qd8-f32-qc8w-igemm-2x2-minmax-scalar.c.o
  [614/5650] Building C object confu-deps/XNNPACK/CMakeFiles/microkernels-prod.dir/src/qd8-f32-qc8w-igemm/gen/qd8-f32-qc8w-igemm-1x8c2s4-minmax-neon-mlal.c.o
  [615/5650] Building ASM object confu-deps/XNNPACK/CMakeFiles/microkernels-prod.dir/src/qd8-f32-qc8w-igemm/gen/qd8-f32-qc8w-igemm-4x16c4-minmax-asm-aarch64-neondot-cortex-a55.S.o
  [616/5650] Building ASM object confu-deps/XNNPACK/CMakeFiles/microkernels-prod.dir/src/qd8-f32-qc8w-igemm/gen/qd8-f32-qc8w-igemm-4x16c4-minmax-asm-aarch64-neondot-ld128.S.o
  [617/5650] Building C object confu-deps/XNNPACK/CMakeFiles/microkernels-prod.dir/src/qd8-f32-qc8w-igemm/gen/qd8-f32-qc8w-igemm-1x8c4-minmax-neondot.c.o
  [618/5650] Building C object confu-deps/XNNPACK/CMakeFiles/microkernels-prod.dir/src/qp8-f32-qc4w-gemm/qp8-f32-qc4w-gemm-minmax-1x8c16s2-aarch64-neondot.c.o
  [619/5650] Building C object confu-deps/XNNPACK/CMakeFiles/microkernels-prod.dir/src/qp8-f32-qb4w-gemm/qp8-f32-qb4w-gemm-minmax-1x4c16s2-aarch64-neondot.c.o
  [620/5650] Building C object confu-deps/XNNPACK/CMakeFiles/microkernels-prod.dir/src/qp8-f32-qb4w-gemm/qp8-f32-qb4w-gemm-minmax-1x8c16s2-aarch64-neondot.c.o
  [621/5650] Building C object confu-deps/XNNPACK/CMakeFiles/microkernels-prod.dir/src/qd8-f32-qc8w-igemm/gen/qd8-f32-qc8w-igemm-4x4-minmax-scalar.c.o
  [622/5650] Building C object confu-deps/XNNPACK/CMakeFiles/microkernels-prod.dir/src/qs8-dwconv/gen/qs8-dwconv-25p1c-minmax-fp32-scalar-imagic.c.o
  [623/5650] Building C object confu-deps/XNNPACK/CMakeFiles/microkernels-prod.dir/src/qd8-f32-qc8w-igemm/gen/qd8-f32-qc8w-igemm-2x8c2s4-minmax-neon-mlal.c.o
  [624/5650] Building C object confu-deps/XNNPACK/CMakeFiles/microkernels-prod.dir/src/qd8-f32-qc8w-igemm/gen/qd8-f32-qc8w-igemm-4x16c4-minmax-neondot.c.o
  [625/5650] Building C object confu-deps/XNNPACK/CMakeFiles/microkernels-prod.dir/src/qd8-f32-qc8w-igemm/gen/qd8-f32-qc8w-igemm-4x8c4-minmax-neondot.c.o
  [626/5650] Building C object confu-deps/XNNPACK/CMakeFiles/microkernels-prod.dir/src/qs8-dwconv/gen/qs8-dwconv-25p1c-minmax-fp32-scalar-fmagic.c.o
  [627/5650] Building C object confu-deps/XNNPACK/CMakeFiles/microkernels-prod.dir/src/qs8-dwconv/gen/qs8-dwconv-25p2c-minmax-fp32-scalar-lrintf.c.o
  [628/5650] Building C object confu-deps/XNNPACK/CMakeFiles/microkernels-prod.dir/src/qs8-dwconv/gen/qs8-dwconv-9p1c-minmax-fp32-scalar-fmagic.c.o
  [629/5650] Building C object confu-deps/XNNPACK/CMakeFiles/microkernels-prod.dir/src/qs8-dwconv/gen/qs8-dwconv-9p2c-minmax-fp32-scalar-imagic.c.o
  [630/5650] Building C object confu-deps/XNNPACK/CMakeFiles/microkernels-prod.dir/src/qs8-dwconv/gen/qs8-dwconv-25p8c-minmax-rndnu-neon-mla8-ld64.c.o
  [631/5650] Building C object confu-deps/XNNPACK/CMakeFiles/microkernels-prod.dir/src/qs8-f32-vcvt/gen/qs8-f32-vcvt-scalar-u1.c.o
  [632/5650] Building C object confu-deps/XNNPACK/CMakeFiles/microkernels-prod.dir/src/qs8-dwconv/gen/qs8-dwconv-25p16c-minmax-rndnu-neon-mla8-ld64.c.o
  [633/5650] Building C object confu-deps/XNNPACK/CMakeFiles/microkernels-prod.dir/src/qs8-dwconv/gen/qs8-dwconv-9p2c-minmax-fp32-scalar-lrintf.c.o
  [634/5650] Building C object confu-deps/XNNPACK/CMakeFiles/microkernels-prod.dir/src/qs8-f32-vcvt/gen/qs8-f32-vcvt-scalar-u4.c.o
  [635/5650] Building C object confu-deps/XNNPACK/CMakeFiles/microkernels-prod.dir/src/qs8-f32-vcvt/gen/qs8-f32-vcvt-neon-u32.c.o
  [636/5650] Building C object confu-deps/XNNPACK/CMakeFiles/microkernels-prod.dir/src/qs8-dwconv/gen/qs8-dwconv-9p16c-minmax-rndnu-neon-mla8-ld64.c.o
  [637/5650] Building C object confu-deps/XNNPACK/CMakeFiles/microkernels-prod.dir/src/qs8-qc8w-dwconv/gen/qs8-qc8w-dwconv-25p1c-minmax-fp32-scalar-fmagic.c.o
  [638/5650] Building C object confu-deps/XNNPACK/CMakeFiles/microkernels-prod.dir/src/qs8-f16-vcvt/gen/qs8-f16-vcvt-neonfp16arith-u32.c.o
  [639/5650] Building C object confu-deps/XNNPACK/CMakeFiles/microkernels-prod.dir/src/qs8-qc8w-dwconv/gen/qs8-qc8w-dwconv-25p1c-minmax-fp32-scalar-imagic.c.o
  [640/5650] Building C object confu-deps/XNNPACK/CMakeFiles/microkernels-prod.dir/src/qs8-qc8w-dwconv/gen/qs8-qc8w-dwconv-25p2c-minmax-fp32-scalar-lrintf.c.o
  [641/5650] Building C object confu-deps/XNNPACK/CMakeFiles/microkernels-prod.dir/src/qs8-qc8w-dwconv/gen/qs8-qc8w-dwconv-3p1c-minmax-fp32-scalar-fmagic.c.o
  [642/5650] Building C object confu-deps/XNNPACK/CMakeFiles/microkernels-prod.dir/src/qs8-qc8w-dwconv/gen/qs8-qc8w-dwconv-3p2c-minmax-fp32-scalar-imagic.c.o
  [643/5650] Building C object confu-deps/XNNPACK/CMakeFiles/microkernels-prod.dir/src/qs8-qc8w-dwconv/gen/qs8-qc8w-dwconv-3p2c-minmax-fp32-scalar-lrintf.c.o
  [644/5650] Building C object confu-deps/XNNPACK/CMakeFiles/microkernels-prod.dir/src/qs8-qc8w-dwconv/gen/qs8-qc8w-dwconv-25p8c-minmax-fp32-neonv8-mla8-ld64.c.o
  [645/5650] Building C object confu-deps/XNNPACK/CMakeFiles/microkernels-prod.dir/src/qs8-qc8w-dwconv/gen/qs8-qc8w-dwconv-25p16c-minmax-fp32-neonv8-mla8-ld64.c.o
  [646/5650] Building C object confu-deps/XNNPACK/CMakeFiles/microkernels-prod.dir/src/qs8-qc8w-dwconv/gen/qs8-qc8w-dwconv-3p16c-minmax-fp32-neon-mla8-ld128.c.o
  [647/5650] Building C object confu-deps/XNNPACK/CMakeFiles/microkernels-prod.dir/src/qs8-qc8w-dwconv/gen/qs8-qc8w-dwconv-25p8c-minmax-fp32-neon-mla8-ld64.c.o
  [648/5650] Building C object confu-deps/XNNPACK/CMakeFiles/microkernels-prod.dir/src/qs8-qc8w-dwconv/gen/qs8-qc8w-dwconv-3p16c-minmax-fp32-neonv8-mla8-ld128.c.o
  [649/5650] Building C object confu-deps/XNNPACK/CMakeFiles/microkernels-prod.dir/src/qs8-qc8w-dwconv/gen/qs8-qc8w-dwconv-9p1c-minmax-fp32-scalar-fmagic.c.o
  [650/5650] Building C object confu-deps/XNNPACK/CMakeFiles/microkernels-prod.dir/src/qs8-qc8w-dwconv/gen/qs8-qc8w-dwconv-9p2c-minmax-fp32-scalar-imagic.c.o
  [651/5650] Building C object confu-deps/XNNPACK/CMakeFiles/microkernels-prod.dir/src/qs8-qc8w-dwconv/gen/qs8-qc8w-dwconv-9p2c-minmax-fp32-scalar-lrintf.c.o
  [652/5650] Building C object confu-deps/XNNPACK/CMakeFiles/microkernels-prod.dir/src/qs8-qc8w-dwconv/gen/qs8-qc8w-dwconv-9p16c-minmax-fp32-neon-mla8-ld64.c.o
  [653/5650] Building C object confu-deps/XNNPACK/CMakeFiles/microkernels-prod.dir/src/qs8-qc8w-gemm/gen/qs8-qc8w-gemm-1x2-minmax-fp32-scalar-imagic.c.o
  [654/5650] Building C object confu-deps/XNNPACK/CMakeFiles/microkernels-prod.dir/src/qs8-qc8w-gemm/gen/qs8-qc8w-gemm-1x4-minmax-fp32-scalar-lrintf.c.o
  [655/5650] Building C object confu-deps/XNNPACK/CMakeFiles/microkernels-prod.dir/src/qs8-qc8w-dwconv/gen/qs8-qc8w-dwconv-9p16c-minmax-fp32-neonv8-mla8-ld64.c.o
  [656/5650] Building C object confu-deps/XNNPACK/CMakeFiles/microkernels-prod.dir/src/qs8-qc8w-gemm/gen/qs8-qc8w-gemm-1x16c4-minmax-fp32-neondot.c.o
  [657/5650] Building C object confu-deps/XNNPACK/CMakeFiles/microkernels-prod.dir/src/qs8-qc8w-gemm/gen/qs8-qc8w-gemm-1x16-minmax-fp32-neonv8-mlal-lane.c.o
  [658/5650] Building ASM object confu-deps/XNNPACK/CMakeFiles/microkernels-prod.dir/src/qs8-qc8w-gemm/gen/qs8-qc8w-gemm-1x8c8-minmax-fp32-asm-aarch64-neon-mlal-cortex-a53-prfm.S.o
  [659/5650] Building ASM object confu-deps/XNNPACK/CMakeFiles/microkernels-prod.dir/src/qs8-qc8w-gemm/gen/qs8-qc8w-gemm-1x8c8-minmax-fp32-asm-aarch64-neon-mlal-prfm.S.o
  [660/5650] Building ASM object confu-deps/XNNPACK/CMakeFiles/microkernels-prod.dir/src/qs8-qc8w-gemm/gen/qs8-qc8w-gemm-1x8c8-minmax-fp32-asm-aarch64-neon-mlal.S.o
  [661/5650] Building ASM object confu-deps/XNNPACK/CMakeFiles/microkernels-prod.dir/src/qs8-qc8w-gemm/gen/qs8-qc8w-gemm-2x8c8-minmax-fp32-asm-aarch64-neon-mlal-cortex-a53-prfm.S.o
  [662/5650] Building ASM object confu-deps/XNNPACK/CMakeFiles/microkernels-prod.dir/src/qs8-qc8w-gemm/gen/qs8-qc8w-gemm-2x8c8-minmax-fp32-asm-aarch64-neon-mlal-prfm.S.o
  [663/5650] Building ASM object confu-deps/XNNPACK/CMakeFiles/microkernels-prod.dir/src/qs8-qc8w-gemm/gen/qs8-qc8w-gemm-2x8c8-minmax-fp32-asm-aarch64-neon-mlal.S.o
  [664/5650] Building C object confu-deps/XNNPACK/CMakeFiles/microkernels-prod.dir/src/qs8-qc8w-gemm/gen/qs8-qc8w-gemm-2x2-minmax-fp32-scalar-imagic.c.o
  [665/5650] Building C object confu-deps/XNNPACK/CMakeFiles/microkernels-prod.dir/src/qs8-qc8w-gemm/gen/qs8-qc8w-gemm-1x8c2s4-minmax-fp32-neonv8-mlal.c.o
  [666/5650] Building C object confu-deps/XNNPACK/CMakeFiles/microkernels-prod.dir/src/qs8-qc8w-gemm/gen/qs8-qc8w-gemm-1x8c2s4-minmax-fp32-neon-mlal.c.o
  [667/5650] Building C object confu-deps/XNNPACK/CMakeFiles/microkernels-prod.dir/src/qs8-qc8w-gemm/gen/qs8-qc8w-gemm-1x8c4-minmax-fp32-neondot.c.o
  [668/5650] Building ASM object confu-deps/XNNPACK/CMakeFiles/microkernels-prod.dir/src/qs8-qc8w-gemm/gen/qs8-qc8w-gemm-4x16-minmax-fp32-asm-aarch64-neon-mlal-lane-cortex-a53.S.o
  [669/5650] Building C object confu-deps/XNNPACK/CMakeFiles/microkernels-prod.dir/src/qs8-qc8w-gemm/gen/qs8-qc8w-gemm-3x4-minmax-fp32-scalar-lrintf.c.o
  [670/5650] Building ASM object confu-deps/XNNPACK/CMakeFiles/microkernels-prod.dir/src/qs8-qc8w-gemm/gen/qs8-qc8w-gemm-4x16-minmax-fp32-asm-aarch64-neon-mlal-lane-ld64.S.o
  [671/5650] Building ASM object confu-deps/XNNPACK/CMakeFiles/microkernels-prod.dir/src/qs8-qc8w-gemm/gen/qs8-qc8w-gemm-4x16c4-minmax-fp32-asm-aarch64-neondot-cortex-a55.S.o
  [672/5650] Building C object confu-deps/XNNPACK/CMakeFiles/microkernels-prod.dir/src/qs8-qc8w-gemm/gen/qs8-qc8w-gemm-2x8c2s4-minmax-fp32-neon-mlal.c.o
  [673/5650] Building ASM object confu-deps/XNNPACK/CMakeFiles/microkernels-prod.dir/src/qs8-qc8w-gemm/gen/qs8-qc8w-gemm-4x16c4-minmax-fp32-asm-aarch64-neondot-ld128.S.o
  [674/5650] Building C object confu-deps/XNNPACK/CMakeFiles/microkernels-prod.dir/src/qs8-qc8w-gemm/gen/qs8-qc8w-gemm-2x8c2s4-minmax-fp32-neonv8-mlal.c.o
  [675/5650] Building C object confu-deps/XNNPACK/CMakeFiles/microkernels-prod.dir/src/qs8-qc8w-igemm/gen/qs8-qc8w-igemm-1x4-minmax-fp32-scalar-lrintf.c.o
  [676/5650] Building C object confu-deps/XNNPACK/CMakeFiles/microkernels-prod.dir/src/qs8-qc8w-igemm/gen/qs8-qc8w-igemm-1x2-minmax-fp32-scalar-imagic.c.o
  [677/5650] Building C object confu-deps/XNNPACK/CMakeFiles/microkernels-prod.dir/src/qs8-qc8w-gemm/gen/qs8-qc8w-gemm-4x16c4-minmax-fp32-neondot.c.o
  [678/5650] Building C object confu-deps/XNNPACK/CMakeFiles/microkernels-prod.dir/src/qs8-qc8w-gemm/gen/qs8-qc8w-gemm-4x8c4-minmax-fp32-neondot.c.o
  [679/5650] Building ASM object confu-deps/XNNPACK/CMakeFiles/microkernels-prod.dir/src/qs8-qc8w-igemm/gen/qs8-qc8w-igemm-1x8c8-minmax-fp32-asm-aarch64-neon-mlal-cortex-a53-prfm.S.o
  [680/5650] Building C object confu-deps/XNNPACK/CMakeFiles/microkernels-prod.dir/src/qs8-qc8w-igemm/gen/qs8-qc8w-igemm-1x16-minmax-fp32-neonv8-mlal-lane.c.o
  [681/5650] Building C object confu-deps/XNNPACK/CMakeFiles/microkernels-prod.dir/src/qs8-qc8w-igemm/gen/qs8-qc8w-igemm-1x8c4-minmax-fp32-neondot.c.o
  [682/5650] Building ASM object confu-deps/XNNPACK/CMakeFiles/microkernels-prod.dir/src/qs8-qc8w-igemm/gen/qs8-qc8w-igemm-1x8c8-minmax-fp32-asm-aarch64-neon-mlal.S.o
  [683/5650] Building C object confu-deps/XNNPACK/CMakeFiles/microkernels-prod.dir/src/qs8-qc8w-igemm/gen/qs8-qc8w-igemm-1x8c2s4-minmax-fp32-neonv8-mlal.c.o
  [684/5650] Building ASM object confu-deps/XNNPACK/CMakeFiles/microkernels-prod.dir/src/qs8-qc8w-igemm/gen/qs8-qc8w-igemm-1x8c8-minmax-fp32-asm-aarch64-neon-mlal-prfm.S.o
  [685/5650] Building C object confu-deps/XNNPACK/CMakeFiles/microkernels-prod.dir/src/qs8-qc8w-igemm/gen/qs8-qc8w-igemm-1x16c4-minmax-fp32-neondot.c.o
  [686/5650] Building C object confu-deps/XNNPACK/CMakeFiles/microkernels-prod.dir/src/qs8-qc8w-igemm/gen/qs8-qc8w-igemm-1x8c2s4-minmax-fp32-neon-mlal.c.o
  [687/5650] Building ASM object confu-deps/XNNPACK/CMakeFiles/microkernels-prod.dir/src/qs8-qc8w-igemm/gen/qs8-qc8w-igemm-2x8c8-minmax-fp32-asm-aarch64-neon-mlal-cortex-a53-prfm.S.o
  [688/5650] Building ASM object confu-deps/XNNPACK/CMakeFiles/microkernels-prod.dir/src/qs8-qc8w-igemm/gen/qs8-qc8w-igemm-2x8c8-minmax-fp32-asm-aarch64-neon-mlal-prfm.S.o
  [689/5650] Building ASM object confu-deps/XNNPACK/CMakeFiles/microkernels-prod.dir/src/qs8-qc8w-igemm/gen/qs8-qc8w-igemm-4x16-minmax-fp32-asm-aarch64-neon-mlal-lane-cortex-a53.S.o
  [690/5650] Building ASM object confu-deps/XNNPACK/CMakeFiles/microkernels-prod.dir/src/qs8-qc8w-igemm/gen/qs8-qc8w-igemm-2x8c8-minmax-fp32-asm-aarch64-neon-mlal.S.o
  [691/5650] Building ASM object confu-deps/XNNPACK/CMakeFiles/microkernels-prod.dir/src/qs8-qc8w-igemm/gen/qs8-qc8w-igemm-4x16-minmax-fp32-asm-aarch64-neon-mlal-lane-ld64.S.o
  [692/5650] Building ASM object confu-deps/XNNPACK/CMakeFiles/microkernels-prod.dir/src/qs8-qc8w-igemm/gen/qs8-qc8w-igemm-4x16c4-minmax-fp32-asm-aarch64-neondot-cortex-a55.S.o
  [693/5650] Building ASM object confu-deps/XNNPACK/CMakeFiles/microkernels-prod.dir/src/qs8-qc8w-igemm/gen/qs8-qc8w-igemm-4x16c4-minmax-fp32-asm-aarch64-neondot-ld128.S.o
  [694/5650] Building C object confu-deps/XNNPACK/CMakeFiles/microkernels-prod.dir/src/qs8-qc8w-igemm/gen/qs8-qc8w-igemm-2x2-minmax-fp32-scalar-imagic.c.o
  [695/5650] Building C object confu-deps/XNNPACK/CMakeFiles/microkernels-prod.dir/src/qs8-qc8w-igemm/gen/qs8-qc8w-igemm-2x8c2s4-minmax-fp32-neonv8-mlal.c.o
  [696/5650] Building C object confu-deps/XNNPACK/CMakeFiles/microkernels-prod.dir/src/qs8-qc8w-igemm/gen/qs8-qc8w-igemm-2x8c2s4-minmax-fp32-neon-mlal.c.o
  [697/5650] Building C object confu-deps/XNNPACK/CMakeFiles/microkernels-prod.dir/src/qs8-qc8w-igemm/gen/qs8-qc8w-igemm-3x4-minmax-fp32-scalar-lrintf.c.o
  [698/5650] Building C object confu-deps/XNNPACK/CMakeFiles/microkernels-prod.dir/src/qs8-rdsum/gen/qs8-rdsum-minmax-fp32-scalar-u1-acc1.c.o
  [699/5650] Building C object confu-deps/XNNPACK/CMakeFiles/microkernels-prod.dir/src/qs8-rsum/gen/qs8-rsum-scalar-u4.c.o
  [700/5650] Building C object confu-deps/XNNPACK/CMakeFiles/microkernels-prod.dir/src/qs8-qc8w-igemm/gen/qs8-qc8w-igemm-4x16c4-minmax-fp32-neondot.c.o
  [701/5650] Building C object confu-deps/XNNPACK/CMakeFiles/microkernels-prod.dir/src/qs8-qc8w-igemm/gen/qs8-qc8w-igemm-4x8c4-minmax-fp32-neondot.c.o
  [702/5650] Building C object confu-deps/XNNPACK/CMakeFiles/microkernels-prod.dir/src/qs8-packw/gen/qs8-packw-x16c8-gemm-goi-scalar.c.o
  [703/5650] Building C object confu-deps/XNNPACK/CMakeFiles/microkernels-prod.dir/src/qs8-vadd/gen/qs8-vadd-minmax-scalar-u1.c.o
  [704/5650] Building C object confu-deps/XNNPACK/CMakeFiles/microkernels-prod.dir/src/qs8-rsum/gen/qs8-rsum-neondot-u32-acc2.c.o
  [705/5650] Building C object confu-deps/XNNPACK/CMakeFiles/microkernels-prod.dir/src/qs8-rdsum/gen/qs8-rdsum-7p7x-minmax-fp32-neon-c32.c.o
  [706/5650] Building C object confu-deps/XNNPACK/CMakeFiles/microkernels-prod.dir/src/qs8-rsum/gen/qs8-rsum-neon-u32-acc2.c.o
  [707/5650] Building C object confu-deps/XNNPACK/CMakeFiles/microkernels-prod.dir/src/qs8-vadd/gen/qs8-vadd-minmax-scalar-u4.c.o
  [708/5650] Building C object confu-deps/XNNPACK/CMakeFiles/microkernels-prod.dir/src/qs8-vadd/gen/qs8-vadd-minmax-neon-ld64-u16.c.o
  [709/5650] Building C object confu-deps/XNNPACK/CMakeFiles/microkernels-prod.dir/src/qs8-vaddc/gen/qs8-vaddc-minmax-scalar-u1.c.o
  [710/5650] Building C object confu-deps/XNNPACK/CMakeFiles/microkernels-prod.dir/src/qs8-vadd/gen/qs8-vadd-minmax-neon-ld64-u32.c.o
  [711/5650] Building C object confu-deps/XNNPACK/CMakeFiles/microkernels-prod.dir/src/qs8-vaddc/gen/qs8-vaddc-minmax-scalar-u4.c.o
  [712/5650] Building C object confu-deps/XNNPACK/CMakeFiles/microkernels-prod.dir/src/qs8-vcvt/gen/qs8-vcvt-scalar-u1.c.o
  [713/5650] Building C object confu-deps/XNNPACK/CMakeFiles/microkernels-prod.dir/src/qs8-vcvt/gen/qs8-vcvt-scalar-u4.c.o
  [714/5650] Building C object confu-deps/XNNPACK/CMakeFiles/microkernels-prod.dir/src/qs8-vaddc/gen/qs8-vaddc-minmax-neon-ld64-u16.c.o
  [715/5650] Building C object confu-deps/XNNPACK/CMakeFiles/microkernels-prod.dir/src/qs8-vlrelu/gen/qs8-vlrelu-scalar-select-u4.c.o
  [716/5650] Building C object confu-deps/XNNPACK/CMakeFiles/microkernels-prod.dir/src/qs8-vlrelu/gen/qs8-vlrelu-scalar-andxor-u4.c.o
  [717/5650] Building C object confu-deps/XNNPACK/CMakeFiles/microkernels-prod.dir/src/qs8-vcvt/gen/qs8-vcvt-neon-u32.c.o
  [718/5650] Building C object confu-deps/XNNPACK/CMakeFiles/microkernels-prod.dir/src/qs8-vmul/gen/qs8-vmul-minmax-fp32-scalar-u4.c.o
  [719/5650] Building C object confu-deps/XNNPACK/CMakeFiles/microkernels-prod.dir/src/qs8-vaddc/gen/qs8-vaddc-minmax-neon-ld64-u32.c.o
  [720/5650] Building C object confu-deps/XNNPACK/CMakeFiles/microkernels-prod.dir/src/qs8-vmulc/gen/qs8-vmulc-minmax-fp32-scalar-u4.c.o
  [721/5650] Building C object confu-deps/XNNPACK/CMakeFiles/microkernels-prod.dir/src/qu8-avgpool/qu8-avgpool-9p8x-minmax-fp32-scalar-imagic-c1.c.o
  [722/5650] Building C object confu-deps/XNNPACK/CMakeFiles/microkernels-prod.dir/src/qs8-vmul/gen/qs8-vmul-minmax-rndnu-neon-ld64-u16.c.o
  [723/5650] Building C object confu-deps/XNNPACK/CMakeFiles/microkernels-prod.dir/src/qu8-avgpool/qu8-avgpool-9x-minmax-fp32-scalar-imagic-c1.c.o
  [724/5650] Building C object confu-deps/XNNPACK/CMakeFiles/microkernels-prod.dir/src/qs8-vlrelu/gen/qs8-vlrelu-neon-u32.c.o
  [725/5650] Building C object confu-deps/XNNPACK/CMakeFiles/microkernels-prod.dir/src/qu8-dwconv/gen/qu8-dwconv-25p1c-minmax-fp32-scalar-fmagic.c.o
  [726/5650] Building C object confu-deps/XNNPACK/CMakeFiles/microkernels-prod.dir/src/qs8-vmulc/gen/qs8-vmulc-minmax-rndnu-neon-ld64-u16.c.o
  [727/5650] Building C object confu-deps/XNNPACK/CMakeFiles/microkernels-prod.dir/src/qu8-avgpool/qu8-avgpool-9x-minmax-fp32-neon-c8.c.o
  [728/5650] Building C object confu-deps/XNNPACK/CMakeFiles/microkernels-prod.dir/src/qu8-avgpool/qu8-avgpool-9p8x-minmax-fp32-neon-c8.c.o
  [729/5650] Building C object confu-deps/XNNPACK/CMakeFiles/microkernels-prod.dir/src/qu8-dwconv/gen/qu8-dwconv-25p2c-minmax-fp32-scalar-lrintf.c.o
  [730/5650] Building C object confu-deps/XNNPACK/CMakeFiles/microkernels-prod.dir/src/qu8-dwconv/gen/qu8-dwconv-25p1c-minmax-fp32-scalar-imagic.c.o
  [731/5650] Building C object confu-deps/XNNPACK/CMakeFiles/microkernels-prod.dir/src/qu8-dwconv/gen/qu8-dwconv-9p1c-minmax-fp32-scalar-fmagic.c.o
  [732/5650] Building C object confu-deps/XNNPACK/CMakeFiles/microkernels-prod.dir/src/qu8-dwconv/gen/qu8-dwconv-9p2c-minmax-fp32-scalar-imagic.c.o
  [733/5650] Building C object confu-deps/XNNPACK/CMakeFiles/microkernels-prod.dir/src/qu8-f32-vcvt/gen/qu8-f32-vcvt-scalar-u1.c.o
  [734/5650] Building C object confu-deps/XNNPACK/CMakeFiles/microkernels-prod.dir/src/qu8-f32-vcvt/gen/qu8-f32-vcvt-scalar-u4.c.o
  [735/5650] Building C object confu-deps/XNNPACK/CMakeFiles/microkernels-prod.dir/src/qu8-dwconv/gen/qu8-dwconv-9p2c-minmax-fp32-scalar-lrintf.c.o
  [736/5650] Building C object confu-deps/XNNPACK/CMakeFiles/microkernels-prod.dir/src/qu8-dwconv/gen/qu8-dwconv-9p16c-minmax-rndnu-neon-mul8.c.o
  [737/5650] Building C object confu-deps/XNNPACK/CMakeFiles/microkernels-prod.dir/src/qu8-f32-vcvt/gen/qu8-f32-vcvt-neon-u32.c.o
  [738/5650] Building C object confu-deps/XNNPACK/CMakeFiles/microkernels-prod.dir/src/qu8-dwconv/gen/qu8-dwconv-25p8c-minmax-rndnu-neon-mul8.c.o
  [739/5650] Building C object confu-deps/XNNPACK/CMakeFiles/microkernels-prod.dir/src/qu8-gemm/gen/qu8-gemm-1x4-minmax-fp32-scalar-lrintf.c.o
  [740/5650] Building C object confu-deps/XNNPACK/CMakeFiles/microkernels-prod.dir/src/qu8-gemm/gen/qu8-gemm-1x2-minmax-fp32-scalar-imagic.c.o
  [741/5650] Building ASM object confu-deps/XNNPACK/CMakeFiles/microkernels-prod.dir/src/qu8-gemm/gen/qu8-gemm-4x16-minmax-rndnu-asm-aarch64-neon-mlal-lane-cortex-a53-prfm.S.o
  [742/5650] Building ASM object confu-deps/XNNPACK/CMakeFiles/microkernels-prod.dir/src/qu8-gemm/gen/qu8-gemm-4x16-minmax-rndnu-asm-aarch64-neon-mlal-lane-cortex-a75-prfm.S.o
  [743/5650] Building C object confu-deps/XNNPACK/CMakeFiles/microkernels-prod.dir/src/qu8-gemm/gen/qu8-gemm-1x16-minmax-rndnu-neon-mlal-lane.c.o
  [744/5650] Building C object confu-deps/XNNPACK/CMakeFiles/microkernels-prod.dir/src/qu8-gemm/gen/qu8-gemm-3x4-minmax-fp32-scalar-lrintf.c.o
  [745/5650] Building ASM object confu-deps/XNNPACK/CMakeFiles/microkernels-prod.dir/src/qu8-gemm/gen/qu8-gemm-4x16-minmax-rndnu-asm-aarch64-neon-mlal-lane-cortex-a75.S.o
  [746/5650] Building C object confu-deps/XNNPACK/CMakeFiles/microkernels-prod.dir/src/qu8-gemm/gen/qu8-gemm-2x2-minmax-fp32-scalar-imagic.c.o
  [747/5650] Building C object confu-deps/XNNPACK/CMakeFiles/microkernels-prod.dir/src/qu8-gemm/gen/qu8-gemm-1x16-minmax-rndnu16-neon-mlal-lane.c.o
  [748/5650] Building ASM object confu-deps/XNNPACK/CMakeFiles/microkernels-prod.dir/src/qu8-gemm/gen/qu8-gemm-4x16-minmax-rndnu16-asm-aarch64-neon-mlal-lane-cortex-a53-prfm.S.o
  [749/5650] Building C object confu-deps/XNNPACK/CMakeFiles/microkernels-prod.dir/src/qu8-gemm/gen/qu8-gemm-1x8-minmax-rndnu-neon-mlal-lane.c.o
  [750/5650] Building C object confu-deps/XNNPACK/CMakeFiles/microkernels-prod.dir/src/qu8-gemm/gen/qu8-gemm-3x8-minmax-rndnu-neon-mlal-lane.c.o
  [751/5650] Building C object confu-deps/XNNPACK/CMakeFiles/microkernels-prod.dir/src/qu8-igemm/gen/qu8-igemm-1x2-minmax-fp32-scalar-imagic.c.o
  [752/5650] Building C object confu-deps/XNNPACK/CMakeFiles/microkernels-prod.dir/src/qu8-igemm/gen/qu8-igemm-1x4-minmax-fp32-scalar-lrintf.c.o
  [753/5650] Building C object confu-deps/XNNPACK/CMakeFiles/microkernels-prod.dir/src/qu8-igemm/gen/qu8-igemm-2x2-minmax-fp32-scalar-imagic.c.o
  [754/5650] Building C object confu-deps/XNNPACK/CMakeFiles/microkernels-prod.dir/src/qu8-igemm/gen/qu8-igemm-1x16-minmax-rndnu-neon-mlal-lane.c.o
  [755/5650] Building C object confu-deps/XNNPACK/CMakeFiles/microkernels-prod.dir/src/qu8-igemm/gen/qu8-igemm-1x8-minmax-rndnu-neon-mlal-lane.c.o
  [756/5650] Building C object confu-deps/XNNPACK/CMakeFiles/microkernels-prod.dir/src/qu8-gemm/gen/qu8-gemm-4x16-minmax-rndnu-neon-mlal-lane.c.o
  [757/5650] Building C object confu-deps/XNNPACK/CMakeFiles/microkernels-prod.dir/src/qu8-igemm/gen/qu8-igemm-3x4-minmax-fp32-scalar-lrintf.c.o
  [758/5650] Building ASM object confu-deps/XNNPACK/CMakeFiles/microkernels-prod.dir/src/qu8-igemm/gen/qu8-igemm-4x16-minmax-rndnu-asm-aarch64-neon-mlal-lane-cortex-a53-prfm.S.o
  [759/5650] Building C object confu-deps/XNNPACK/CMakeFiles/microkernels-prod.dir/src/qu8-igemm/gen/qu8-igemm-1x16-minmax-rndnu16-neon-mlal-lane.c.o
  [760/5650] Building ASM object confu-deps/XNNPACK/CMakeFiles/microkernels-prod.dir/src/qu8-igemm/gen/qu8-igemm-4x16-minmax-rndnu-asm-aarch64-neon-mlal-lane-cortex-a75-prfm.S.o
  [761/5650] Building ASM object confu-deps/XNNPACK/CMakeFiles/microkernels-prod.dir/src/qu8-igemm/gen/qu8-igemm-4x16-minmax-rndnu-asm-aarch64-neon-mlal-lane-cortex-a75.S.o
  [762/5650] Building ASM object confu-deps/XNNPACK/CMakeFiles/microkernels-prod.dir/src/qu8-igemm/gen/qu8-igemm-4x16-minmax-rndnu16-asm-aarch64-neon-mlal-lane-cortex-a53-prfm.S.o
  [763/5650] Building C object confu-deps/XNNPACK/CMakeFiles/microkernels-prod.dir/src/qu8-igemm/gen/qu8-igemm-3x8-minmax-rndnu-neon-mlal-lane.c.o
  [764/5650] Building C object confu-deps/XNNPACK/CMakeFiles/microkernels-prod.dir/src/qu8-rdsum/gen/qu8-rdsum-scalar.c.o
  [765/5650] Building C object confu-deps/XNNPACK/CMakeFiles/microkernels-prod.dir/src/qu8-rsum/gen/qu8-rsum-scalar-u4.c.o
  [766/5650] Building C object confu-deps/XNNPACK/CMakeFiles/microkernels-prod.dir/src/qu8-rdsum/gen/qu8-rdsum-7p7x-neon-u16.c.o
  [767/5650] Building C object confu-deps/XNNPACK/CMakeFiles/microkernels-prod.dir/src/qu8-vadd/gen/qu8-vadd-minmax-scalar-u1.c.o
  [768/5650] Building C object confu-deps/XNNPACK/CMakeFiles/microkernels-prod.dir/src/qu8-rsum/gen/qu8-rsum-neon-u32-acc2.c.o
  [769/5650] Building C object confu-deps/XNNPACK/CMakeFiles/microkernels-prod.dir/src/qs8-qu8-packw/gen/qs8-qu8-packw-x16c8-gemm-goi-scalar.c.o
  [770/5650] Building C object confu-deps/XNNPACK/CMakeFiles/microkernels-prod.dir/src/qu8-vadd/gen/qu8-vadd-minmax-scalar-u4.c.o
  [771/5650] Building C object confu-deps/XNNPACK/CMakeFiles/microkernels-prod.dir/src/qu8-igemm/gen/qu8-igemm-4x16-minmax-rndnu-neon-mlal-lane.c.o
  [772/5650] Building C object confu-deps/XNNPACK/CMakeFiles/microkernels-prod.dir/src/qu8-vadd/gen/qu8-vadd-minmax-neon-ld64-u32.c.o
  [773/5650] Building C object confu-deps/XNNPACK/CMakeFiles/microkernels-prod.dir/src/qu8-rdsum/gen/qu8-rdsum-7p7x-neon-u32.c.o
  [774/5650] Building C object confu-deps/XNNPACK/CMakeFiles/microkernels-prod.dir/src/qu8-vadd/gen/qu8-vadd-minmax-neon-ld64-u16.c.o
  [775/5650] Building C object confu-deps/XNNPACK/CMakeFiles/microkernels-prod.dir/src/qu8-vcvt/gen/qu8-vcvt-scalar-u1.c.o
  [776/5650] Building C object confu-deps/XNNPACK/CMakeFiles/microkernels-prod.dir/src/qu8-vaddc/gen/qu8-vaddc-minmax-neon-ld64-u16.c.o
  [777/5650] Building C object confu-deps/XNNPACK/CMakeFiles/microkernels-prod.dir/src/qu8-vcvt/gen/qu8-vcvt-scalar-u4.c.o
  [778/5650] Building C object confu-deps/XNNPACK/CMakeFiles/microkernels-prod.dir/src/qu8-vaddc/gen/qu8-vaddc-minmax-scalar-u1.c.o
  [779/5650] Building C object confu-deps/XNNPACK/CMakeFiles/microkernels-prod.dir/src/qu8-vaddc/gen/qu8-vaddc-minmax-scalar-u4.c.o
  [780/5650] Building C object confu-deps/XNNPACK/CMakeFiles/microkernels-prod.dir/src/qu8-vlrelu/gen/qu8-vlrelu-scalar-select-u4.c.o
  [781/5650] Building C object confu-deps/XNNPACK/CMakeFiles/microkernels-prod.dir/src/qu8-vlrelu/gen/qu8-vlrelu-scalar-andxor-u4.c.o
  [782/5650] Building C object confu-deps/XNNPACK/CMakeFiles/microkernels-prod.dir/src/qu8-vaddc/gen/qu8-vaddc-minmax-neon-ld64-u32.c.o
  [783/5650] Building C object confu-deps/XNNPACK/CMakeFiles/microkernels-prod.dir/src/qu8-vmul/gen/qu8-vmul-minmax-fp32-scalar-u4.c.o
  [784/5650] Building C object confu-deps/XNNPACK/CMakeFiles/microkernels-prod.dir/src/qu8-vcvt/gen/qu8-vcvt-neon-u32.c.o
  [785/5650] Building C object confu-deps/XNNPACK/CMakeFiles/microkernels-prod.dir/src/qu8-vmulc/gen/qu8-vmulc-minmax-fp32-scalar-u4.c.o
  [786/5650] Building C object confu-deps/XNNPACK/CMakeFiles/microkernels-prod.dir/src/qu8-vlrelu/gen/qu8-vlrelu-neon-u32.c.o
  [787/5650] Building C object confu-deps/XNNPACK/CMakeFiles/microkernels-prod.dir/src/qu8-vmul/gen/qu8-vmul-minmax-rndnu-neon-ld64-u16.c.o
  [788/5650] Building C object confu-deps/XNNPACK/CMakeFiles/microkernels-prod.dir/src/qu8-vmulc/gen/qu8-vmulc-minmax-rndnu-neon-ld64-u16.c.o
  [789/5650] Building C object confu-deps/XNNPACK/CMakeFiles/microkernels-prod.dir/src/s32-f32-vcvt/gen/s32-f32-vcvt-scalar.c.o
  [790/5650] Building C object confu-deps/XNNPACK/CMakeFiles/microkernels-prod.dir/src/s8-ibilinear/gen/s8-ibilinear-scalar-c1.c.o
  [791/5650] Building C object confu-deps/XNNPACK/CMakeFiles/microkernels-prod.dir/src/s8-maxpool/s8-maxpool-9p8x-minmax-scalar-c1.c.o
  [792/5650] Building C object confu-deps/XNNPACK/CMakeFiles/microkernels-prod.dir/src/s32-f32-vcvt/gen/s32-f32-vcvt-neon.c.o
  [793/5650] Building C object confu-deps/XNNPACK/CMakeFiles/microkernels-prod.dir/src/s8-ibilinear/gen/s8-ibilinear-neon-c16.c.o
  [794/5650] Building C object confu-deps/XNNPACK/CMakeFiles/microkernels-prod.dir/src/s8-ibilinear/gen/s8-ibilinear-neon-c8.c.o
  [795/5650] Building C object confu-deps/XNNPACK/CMakeFiles/microkernels-prod.dir/src/s8-vclamp/s8-vclamp-scalar-u4.c.o
  [796/5650] Building C object confu-deps/XNNPACK/CMakeFiles/microkernels-prod.dir/src/u8-lut32norm/u8-lut32norm-scalar.c.o
  [797/5650] Building C object confu-deps/XNNPACK/CMakeFiles/microkernels-prod.dir/src/u8-ibilinear/gen/u8-ibilinear-scalar-c1.c.o
  [798/5650] Building C object confu-deps/XNNPACK/CMakeFiles/microkernels-prod.dir/src/s8-vclamp/s8-vclamp-neon-u64.c.o
  [799/5650] Building C object confu-deps/XNNPACK/CMakeFiles/microkernels-prod.dir/src/u8-maxpool/u8-maxpool-9p8x-minmax-scalar-c1.c.o
  [800/5650] Building C object confu-deps/XNNPACK/CMakeFiles/microkernels-prod.dir/src/u8-ibilinear/gen/u8-ibilinear-neon-c16.c.o
  [801/5650] Building C object confu-deps/XNNPACK/CMakeFiles/microkernels-prod.dir/src/u8-rmax/u8-rmax-scalar-u2.c.o
  [802/5650] Building C object confu-deps/XNNPACK/CMakeFiles/microkernels-prod.dir/src/s8-maxpool/s8-maxpool-9p8x-minmax-neon-c16.c.o
  [803/5650] Building C object confu-deps/XNNPACK/CMakeFiles/microkernels-prod.dir/src/u8-vclamp/u8-vclamp-scalar-u4.c.o
  [804/5650] Building C object confu-deps/XNNPACK/CMakeFiles/microkernels-prod.dir/src/u8-maxpool/u8-maxpool-9p8x-minmax-neon-c16.c.o
  [805/5650] Building C object confu-deps/XNNPACK/CMakeFiles/microkernels-prod.dir/src/u8-ibilinear/gen/u8-ibilinear-neon-c8.c.o
  [806/5650] Building C object confu-deps/XNNPACK/CMakeFiles/microkernels-prod.dir/src/x16-transposec/gen/x16-transposec-2x4-scalar-int.c.o
  [807/5650] Building C object confu-deps/XNNPACK/CMakeFiles/microkernels-prod.dir/src/u8-rmax/u8-rmax-neon-u16.c.o
  [808/5650] Building C object confu-deps/XNNPACK/CMakeFiles/microkernels-prod.dir/src/x24-transposec/gen/x24-transposec-1x2-scalar.c.o
  [809/5650] Building C object confu-deps/XNNPACK/CMakeFiles/microkernels-prod.dir/src/u8-vclamp/u8-vclamp-neon-u64.c.o
  [810/5650] Building C object confu-deps/XNNPACK/CMakeFiles/microkernels-prod.dir/src/x16-transposec/gen/x16-transposec-8x8-reuse-dec-zip-neon.c.o
  [811/5650] Building C object confu-deps/XNNPACK/CMakeFiles/microkernels-prod.dir/src/x24-transposec/x24-transposec-2x2-neon-tbl64.c.o
  [812/5650] Building C object confu-deps/XNNPACK/CMakeFiles/microkernels-prod.dir/src/x16-packw/gen/x16-packw-x8-gemm-goi-neon-ld4lane-u8-prfm.c.o
  [813/5650] Building C object confu-deps/XNNPACK/CMakeFiles/microkernels-prod.dir/src/x32-pack-lh/x32-packlh-neonsme2.c.o
  /Users/wen/test/pytorch/third_party/XNNPACK/src/x32-pack-lh/x32-packlh-neonsme2.c:46:1: warning: non-void function does not return a value [-Wreturn-type]
     46 | }
        | ^
  1 warning generated.
  [814/5650] Building C object confu-deps/XNNPACK/CMakeFiles/microkernels-prod.dir/src/x32-packw/gen/x32-packw-x2-gemm-goi-scalar-float-u4.c.o
  [815/5650] Building C object confu-deps/XNNPACK/CMakeFiles/microkernels-prod.dir/src/x32-packw/gen/x32-packw-x4-gemm-goi-scalar-float-u4.c.o
  [816/5650] Building C object confu-deps/XNNPACK/CMakeFiles/microkernels-prod.dir/src/x24-transposec/x24-transposec-4x4-aarch64-neon-tbl128.c.o
  [817/5650] Building C object confu-deps/XNNPACK/CMakeFiles/microkernels-prod.dir/src/x32-transposec/gen/x32-transposec-2x4-scalar-int.c.o
  [818/5650] Building C object confu-deps/XNNPACK/CMakeFiles/microkernels-prod.dir/src/x32-packw/gen/x32-packw-x2-gemm-goi-neon-ld2lane-u2-prfm.c.o
  [819/5650] Building C object confu-deps/XNNPACK/CMakeFiles/microkernels-prod.dir/src/x32-unpool/x32-unpool-scalar.c.o
  [820/5650] Building C object confu-deps/XNNPACK/CMakeFiles/microkernels-prod.dir/src/x32-packw/gen/x32-packw-x8-gemm-goi-neon-ld4lane-u4-prfm.c.o
  [821/5650] Building C object confu-deps/XNNPACK/CMakeFiles/microkernels-prod.dir/src/x32-unpool/x32-unpool-neon.c.o
  [822/5650] Building C object confu-deps/XNNPACK/CMakeFiles/microkernels-prod.dir/src/x32-zip/x32-zip-x2-scalar.c.o
  [823/5650] Building C object confu-deps/XNNPACK/CMakeFiles/microkernels-prod.dir/src/x32-transposec/x32-transposec-4x4-aarch64-neon-tbl128.c.o
  [824/5650] Building C object confu-deps/XNNPACK/CMakeFiles/microkernels-prod.dir/src/x32-transposec/gen/x32-transposec-4x4-reuse-dec-zip-neon.c.o
  [825/5650] Building C object confu-deps/XNNPACK/CMakeFiles/microkernels-prod.dir/src/x32-zip/x32-zip-x2-neon.c.o
  [826/5650] Building C object confu-deps/XNNPACK/CMakeFiles/microkernels-prod.dir/src/x32-packw/gen/x32-packw-x8s4-gemm-goi-neon-ld4lane-u4-prfm.c.o
  [827/5650] Building C object confu-deps/XNNPACK/CMakeFiles/microkernels-prod.dir/src/x32-zip/x32-zip-x3-scalar.c.o
  [828/5650] Building C object confu-deps/XNNPACK/CMakeFiles/microkernels-prod.dir/src/x32-zip/x32-zip-x4-scalar.c.o
  [829/5650] Building C object confu-deps/XNNPACK/CMakeFiles/microkernels-prod.dir/src/x32-zip/x32-zip-xm-scalar.c.o
  [830/5650] Building C object confu-deps/XNNPACK/CMakeFiles/microkernels-prod.dir/src/x32-zip/x32-zip-x3-neon.c.o
  [831/5650] Building C object confu-deps/XNNPACK/CMakeFiles/microkernels-prod.dir/src/x64-transposec/gen/x64-transposec-4x2-scalar-int.c.o
  [832/5650] Building C object confu-deps/XNNPACK/CMakeFiles/microkernels-prod.dir/src/x32-zip/x32-zip-x4-neon.c.o
  [833/5650] Building C object confu-deps/XNNPACK/CMakeFiles/microkernels-prod.dir/src/x8-lut/gen/x8-lut-scalar-u4.c.o
  [834/5650] Building C object confu-deps/XNNPACK/CMakeFiles/microkernels-prod.dir/src/x8-packq/x8-packq-scalar-f32qp8-u1.c.o
  [835/5650] Building C object confu-deps/XNNPACK/CMakeFiles/microkernels-prod.dir/src/x64-transposec/gen/x64-transposec-2x2-reuse-dec-zip-neon.c.o
  [836/5650] Building C object confu-deps/XNNPACK/CMakeFiles/microkernels-prod.dir/src/x32-zip/x32-zip-xm-neon.c.o
  [837/5650] Building C object confu-deps/XNNPACK/CMakeFiles/microkernels-prod.dir/src/x8-lut/gen/x8-lut-aarch64-neon-tbx128x4-u64.c.o
  [838/5650] Building C object confu-deps/XNNPACK/CMakeFiles/microkernels-prod.dir/src/x64-transposec/gen/x64-transposec-2x2-multi-dec-zip-neon.c.o
  [839/5650] Building C object confu-deps/XNNPACK/CMakeFiles/microkernels-prod.dir/src/x8-packq/x8-packq-aarch64-neon-f32qp8-u2.c.o
  [840/5650] Building C object confu-deps/XNNPACK/CMakeFiles/microkernels-prod.dir/src/x8-packw/gen/x8-packw-x4-gemm-goi-scalar-u2.c.o
  [841/5650] Building C object confu-deps/XNNPACK/CMakeFiles/microkernels-prod.dir/src/x8-zip/x8-zip-x2-scalar.c.o
  [842/5650] Building C object confu-deps/XNNPACK/CMakeFiles/microkernels-prod.dir/src/x8-transposec/gen/x8-transposec-2x4-scalar-int.c.o
  [843/5650] Building C object confu-deps/XNNPACK/CMakeFiles/microkernels-prod.dir/src/x16-packw/gen/x16-packw-x16-gemm-goi-neon-ld4lane-u8-prfm.c.o
  [844/5650] Building C object confu-deps/XNNPACK/CMakeFiles/microkernels-prod.dir/src/x8-packw/gen/x8-packw-x8-gemm-goi-scalar-u2.c.o
  [845/5650] Building C object confu-deps/XNNPACK/CMakeFiles/microkernels-prod.dir/src/x8-zip/x8-zip-x3-scalar.c.o
  [846/5650] Building C object confu-deps/XNNPACK/CMakeFiles/microkernels-prod.dir/src/x8-zip/x8-zip-x4-scalar.c.o
  [847/5650] Building C object confu-deps/XNNPACK/CMakeFiles/microkernels-prod.dir/src/x8-transposec/gen/x8-transposec-16x16-reuse-dec-zip-neon.c.o
  [848/5650] Building C object confu-deps/XNNPACK/CMakeFiles/microkernels-prod.dir/src/x8-zip/x8-zip-xm-scalar.c.o
  [849/5650] Building C object confu-deps/XNNPACK/CMakeFiles/microkernels-prod.dir/src/x8-zip/x8-zip-x3-neon.c.o
  [850/5650] Building C object confu-deps/XNNPACK/CMakeFiles/microkernels-prod.dir/src/x8-zip/x8-zip-x2-neon.c.o
  [851/5650] Building C object confu-deps/XNNPACK/CMakeFiles/microkernels-prod.dir/src/x8-zip/x8-zip-x4-neon.c.o
  [852/5650] Building C object confu-deps/XNNPACK/CMakeFiles/microkernels-prod.dir/src/xx-copy/xx-copy-scalar-memcpy.c.o
  [853/5650] Building C object confu-deps/XNNPACK/CMakeFiles/microkernels-prod.dir/src/xx-fill/xx-fill-scalar-u16.c.o
  [854/5650] Building C object confu-deps/XNNPACK/CMakeFiles/microkernels-prod.dir/src/x8-zip/x8-zip-xm-neon.c.o
  [855/5650] Building C object confu-deps/XNNPACK/CMakeFiles/microkernels-prod.dir/src/xx-pad/xx-pad-p4-scalar-u16.c.o
  [856/5650] Building C object confu-deps/XNNPACK/CMakeFiles/microkernels-prod.dir/src/xx-transposev/xx-transposev-1x1-scalar-memcpy.c.o
  [857/5650] Building C object confu-deps/XNNPACK/CMakeFiles/microkernels-prod.dir/src/tables/exp2-k-over-64.c.o
  [858/5650] Building C object confu-deps/XNNPACK/CMakeFiles/microkernels-prod.dir/src/xx-fill/xx-fill-neon-u64.c.o
  [859/5650] Building C object confu-deps/XNNPACK/CMakeFiles/microkernels-prod.dir/src/tables/exp2-k-over-2048.c.o
  [860/5650] Building C object confu-deps/XNNPACK/CMakeFiles/microkernels-prod.dir/src/tables/exp2minus-k-over-4.c.o
  [861/5650] Building C object confu-deps/XNNPACK/CMakeFiles/microkernels-prod.dir/src/xx-pad/xx-pad-p16-neon-u16.c.o
  [862/5650] Building C object confu-deps/XNNPACK/CMakeFiles/microkernels-prod.dir/src/tables/exp2minus-k-over-32.c.o
  [863/5650] Building C object confu-deps/XNNPACK/CMakeFiles/microkernels-prod.dir/src/tables/exp2minus-k-over-2048.c.o
  [864/5650] Building C object confu-deps/XNNPACK/CMakeFiles/microkernels-prod.dir/src/tables/exp2minus-k-over-8.c.o
  [865/5650] Building C object confu-deps/XNNPACK/CMakeFiles/microkernels-prod.dir/src/tables/exp2minus-k-over-16.c.o
  [866/5650] Building C object confu-deps/XNNPACK/CMakeFiles/microkernels-prod.dir/src/tables/exp2minus-k-over-64.c.o
  [867/5650] Building C object confu-deps/XNNPACK/CMakeFiles/microkernels-prod.dir/src/tables/vlog.c.o
  [868/5650] Running gen_proto.py on onnx/onnx-operators.in.proto
  Processing /Users/wen/test/pytorch/third_party/onnx/onnx/onnx-operators.in.proto
  Writing /Users/wen/test/pytorch/build/third_party/onnx/onnx/onnx-operators_onnx_torch-ml.proto
  Writing /Users/wen/test/pytorch/build/third_party/onnx/onnx/onnx-operators_onnx_torch-ml.proto3
  Writing /Users/wen/test/pytorch/build/third_party/onnx/onnx/onnx-operators-ml.pb.h
  generating /Users/wen/test/pytorch/build/third_party/onnx/onnx/onnx_operators_pb.py
  [869/5650] Running gen_proto.py on onnx/onnx-data.in.proto
  Processing /Users/wen/test/pytorch/third_party/onnx/onnx/onnx-data.in.proto
  Writing /Users/wen/test/pytorch/build/third_party/onnx/onnx/onnx-data_onnx_torch.proto
  Writing /Users/wen/test/pytorch/build/third_party/onnx/onnx/onnx-data_onnx_torch.proto3
  Writing /Users/wen/test/pytorch/build/third_party/onnx/onnx/onnx-data.pb.h
  generating /Users/wen/test/pytorch/build/third_party/onnx/onnx/onnx_data_pb.py
  [870/5650] Building C object confu-deps/XNNPACK/CMakeFiles/microkernels-prod.dir/src/x8-packw/gen/x8-packw-x16-gemm-goi-scalar-u2.c.o
  [871/5650] Linking C executable sleef/bin/mkdisp
  [872/5650] Building C object confu-deps/XNNPACK/CMakeFiles/hardware-config.dir/src/configs/hardware-config.c.o
  [873/5650] Linking C executable sleef/bin/mkrename
  [874/5650] Linking C static library lib/libcpuinfo.a
  [875/5650] Linking C executable sleef/bin/mkalias
  [876/5650] Building C object confu-deps/XNNPACK/CMakeFiles/logging.dir/src/enums/allocation-type.c.o
  [877/5650] Building C object confu-deps/XNNPACK/CMakeFiles/logging.dir/src/enums/microkernel-type.c.o
  [878/5650] Building C object confu-deps/XNNPACK/CMakeFiles/logging.dir/src/enums/datatype-strings.c.o
  [879/5650] Building C object confu-deps/XNNPACK/CMakeFiles/logging.dir/src/enums/node-type.c.o
  [880/5650] Building C object confu-deps/XNNPACK/CMakeFiles/logging.dir/src/enums/operator-type.c.o
  [881/5650] Building C object confu-deps/XNNPACK/CMakeFiles/logging.dir/src/log.c.o
  [882/5650] Building C object confu-deps/XNNPACK/CMakeFiles/allocator.dir/src/allocator.c.o
  [883/5650] Building C object confu-deps/XNNPACK/CMakeFiles/datatype.dir/src/datatype.c.o
  [884/5650] Building C object confu-deps/XNNPACK/CMakeFiles/normalization.dir/src/normalization.c.o
  [885/5650] Building C object confu-deps/XNNPACK/CMakeFiles/microkernel-utils.dir/src/microkernel-utils.c.o
  [886/5650] Building C object confu-deps/XNNPACK/CMakeFiles/memory.dir/src/memory.c.o
  [887/5650] Building C object confu-deps/XNNPACK/CMakeFiles/cache.dir/src/cache.c.o
  [888/5650] Building C object confu-deps/XNNPACK/CMakeFiles/indirection.dir/src/indirection.c.o
  [889/5650] Building C object confu-deps/XNNPACK/CMakeFiles/mutex.dir/src/mutex.c.o
  [890/5650] Building C object confu-deps/XNNPACK/CMakeFiles/microparams-init.dir/src/microparams-init.c.o
  [891/5650] Building C object confu-deps/XNNPACK/CMakeFiles/operators.dir/src/operator-delete.c.o
  [892/5650] Building C object confu-deps/XNNPACK/CMakeFiles/operators.dir/src/operators/argmax-pooling-nhwc.c.o
  [893/5650] Building C object confu-deps/XNNPACK/CMakeFiles/operators.dir/src/operators/average-pooling-nhwc.c.o
  [894/5650] Building C object confu-deps/XNNPACK/CMakeFiles/operators.dir/src/operators/channel-shuffle-nc.c.o
  [895/5650] Building C object confu-deps/XNNPACK/CMakeFiles/operators.dir/src/operators/constant-pad-nd.c.o
  [896/5650] Building C object confu-deps/XNNPACK/CMakeFiles/operators.dir/src/operators/batch-matrix-multiply-nc.c.o
  [897/5650] Building C object confu-deps/XNNPACK/CMakeFiles/operators.dir/src/operators/binary-elementwise-nd.c.o
  [898/5650] Building C object confu-deps/XNNPACK/CMakeFiles/operators.dir/src/operators/dynamic-fully-connected-nc.c.o
  [899/5650] Building C object confu-deps/XNNPACK/CMakeFiles/operators.dir/src/operators/convolution-nchw.c.o
  [900/5650] Building C object confu-deps/XNNPACK/CMakeFiles/operators.dir/src/operators/max-pooling-nhwc.c.o
  [901/5650] Building C object confu-deps/XNNPACK/CMakeFiles/operators.dir/src/operators/pack-lh.c.o
  [902/5650] Building C object confu-deps/XNNPACK/CMakeFiles/operators.dir/src/operators/reduce-nd.c.o
  [903/5650] Building C object confu-deps/XNNPACK/CMakeFiles/operators.dir/src/operators/convolution-nhwc.c.o
  [904/5650] Building C object confu-deps/XNNPACK/CMakeFiles/operators.dir/src/operators/resize-bilinear-nchw.c.o
  [905/5650] Building C object confu-deps/XNNPACK/CMakeFiles/operators.dir/src/operators/rope-nthc.c.o
  [906/5650] Building C object confu-deps/XNNPACK/CMakeFiles/operators.dir/src/operators/resize-bilinear-nhwc.c.o
  [907/5650] Building C object confu-deps/XNNPACK/CMakeFiles/operators.dir/src/operators/deconvolution-nhwc.c.o
  [908/5650] Building C object confu-deps/XNNPACK/CMakeFiles/operators.dir/src/operators/scaled-dot-product-attention-nhtc.c.o
  [909/5650] Building C object confu-deps/XNNPACK/CMakeFiles/operators.dir/src/operators/fully-connected-nc.c.o
  [910/5650] Building C object confu-deps/XNNPACK/CMakeFiles/operators.dir/src/operators/softmax-nc.c.o
  [911/5650] Building C object confu-deps/XNNPACK/CMakeFiles/operators.dir/src/operators/unpooling-nhwc.c.o
  [912/5650] Building C object confu-deps/XNNPACK/CMakeFiles/operators.dir/src/operators/unary-elementwise-nc.c.o
  [913/5650] Building C object confu-deps/XNNPACK/CMakeFiles/operators.dir/src/operators/slice-nd.c.o
  [914/5650] Building C object confu-deps/XNNPACK/CMakeFiles/operator-utils.dir/src/operator-utils.c.o
  [915/5650] Building C object confu-deps/XNNPACK/CMakeFiles/operators.dir/src/operators/transpose-nd.c.o
  [916/5650] Building C object confu-deps/XNNPACK/CMakeFiles/subgraph.dir/src/memory-planner.c.o
  [917/5650] Building C object confu-deps/XNNPACK/CMakeFiles/subgraph.dir/src/subgraph/argmax-pooling-2d.c.o
  [918/5650] Building C object confu-deps/XNNPACK/CMakeFiles/subgraph.dir/src/subgraph/average-pooling-2d.c.o
  [919/5650] Building C object confu-deps/XNNPACK/CMakeFiles/operator-run.dir/src/operator-run.c.o
  [920/5650] Building C object confu-deps/XNNPACK/CMakeFiles/subgraph.dir/src/runtime.c.o
  [921/5650] Building C object confu-deps/XNNPACK/CMakeFiles/subgraph.dir/src/subgraph/batch-matrix-multiply.c.o
  [922/5650] Building C object confu-deps/XNNPACK/CMakeFiles/subgraph.dir/src/subgraph/binary.c.o
  [923/5650] Building C object confu-deps/XNNPACK/CMakeFiles/subgraph.dir/src/subgraph/concatenate.c.o
  [924/5650] Building C object confu-deps/XNNPACK/CMakeFiles/subgraph.dir/src/subgraph.c.o
  [925/5650] Building C object confu-deps/XNNPACK/CMakeFiles/subgraph.dir/src/subgraph/deprecated.c.o
  [926/5650] Building C object confu-deps/XNNPACK/CMakeFiles/subgraph.dir/src/subgraph/copy.c.o
  [927/5650] Building C object confu-deps/XNNPACK/CMakeFiles/subgraph.dir/src/subgraph/deconvolution-2d.c.o
  [928/5650] Building C object confu-deps/XNNPACK/CMakeFiles/subgraph.dir/src/subgraph/depth-to-space-2d.c.o
  [929/5650] Building C object confu-deps/XNNPACK/CMakeFiles/subgraph.dir/src/subgraph/depthwise-convolution-2d.c.o
  [930/5650] Building C object confu-deps/XNNPACK/CMakeFiles/subgraph.dir/src/subgraph/convolution-2d.c.o
  [931/5650] Building C object confu-deps/XNNPACK/CMakeFiles/subgraph.dir/src/subgraph/even-split.c.o
  [932/5650] Building C object confu-deps/XNNPACK/CMakeFiles/subgraph.dir/src/subgraph/max-pooling-2d.c.o
  [933/5650] Building C object confu-deps/XNNPACK/CMakeFiles/subgraph.dir/src/subgraph/fully-connected-sparse.c.o
  [934/5650] Building C object confu-deps/XNNPACK/CMakeFiles/subgraph.dir/src/subgraph/pack-lh.c.o
  [935/5650] Building C object confu-deps/XNNPACK/CMakeFiles/subgraph.dir/src/subgraph/fully-connected.c.o
  [936/5650] Building C object confu-deps/XNNPACK/CMakeFiles/subgraph.dir/src/subgraph/reshape-helpers.c.o
  [937/5650] Building C object confu-deps/XNNPACK/CMakeFiles/subgraph.dir/src/subgraph/softmax.c.o
  [938/5650] Building C object confu-deps/XNNPACK/CMakeFiles/subgraph.dir/src/subgraph/space-to-depth-2d.c.o
  [939/5650] Building C object confu-deps/XNNPACK/CMakeFiles/subgraph.dir/src/subgraph/scaled-dot-product-attention.c.o
  [940/5650] Building C object confu-deps/XNNPACK/CMakeFiles/subgraph.dir/src/subgraph/static-reduce.c.o
  [941/5650] Building C object confu-deps/XNNPACK/CMakeFiles/subgraph.dir/src/subgraph/static-resize-bilinear-2d.c.o
  [942/5650] Building C object confu-deps/XNNPACK/CMakeFiles/subgraph.dir/src/subgraph/static-constant-pad.c.o
  [943/5650] Building C object confu-deps/XNNPACK/CMakeFiles/subgraph.dir/src/subgraph/static-transpose.c.o
  [944/5650] Building C object confu-deps/XNNPACK/CMakeFiles/subgraph.dir/src/subgraph/unpooling-2d.c.o
  [945/5650] Building C object confu-deps/XNNPACK/CMakeFiles/subgraph.dir/src/subgraph/static-slice.c.o
  [946/5650] Building C object confu-deps/XNNPACK/CMakeFiles/subgraph.dir/src/subgraph/validation.c.o
  [947/5650] Building C object confu-deps/XNNPACK/CMakeFiles/subgraph.dir/src/subgraph/unary.c.o
  [948/5650] Building C object confu-deps/XNNPACK/CMakeFiles/microkernels-prod.dir/src/x8-packw/gen/x8-packw-x32-gemm-goi-scalar-u2.c.o
  [949/5650] Running C++ protocol buffer compiler on /Users/wen/test/pytorch/build/third_party/onnx/onnx/onnx-operators_onnx_torch-ml.proto
  [950/5650] Running C++ protocol buffer compiler on /Users/wen/test/pytorch/build/third_party/onnx/onnx/onnx-data_onnx_torch.proto
  [951/5650] Building C object confu-deps/XNNPACK/CMakeFiles/subgraph.dir/src/tensor.c.o
  [952/5650] Generating sleeflibm_PURECFMA_SCALAR.h.tmp
  [953/5650] Generating sleeflibm_PUREC_SCALAR.h.tmp
  [954/5650] Generating sleeflibm_ADVSIMD.h.tmp
  [955/5650] Generating sleeflibm_ADVSIMDNOFMA.h.tmp
  [956/5650] Generating sleeflibm_DSP_SCALAR.h.tmp
  [957/5650] Generating sleeflibm_ADVSIMD_.h.tmp
  [958/5650] Generating sleeflibm_SVE.h.tmp
  [959/5650] Generating sleeflibm_SVENOFMA.h.tmp
  [960/5650] Building C object confu-deps/clog/CMakeFiles/clog.dir/src/clog.c.o
  [961/5650] Generating include/renameadvsimdnofma.h
  Generating renameadvsimdnofma.h: mkrename cinz_ 2 4 advsimdnofma
  [962/5650] Generating include/renameadvsimd.h
  Generating renameadvsimd.h: mkrename finz_ 2 4 advsimd
  [963/5650] Generating include/renamepurec_scalar.h
  Generating renamepurec_scalar.h: mkrename cinz_ 1 1 purec
  [964/5650] Generating include/renamepurecfma_scalar.h
  Generating renamepurecfma_scalar.h: mkrename finz_ 1 1 purecfma
  [965/5650] Generating include/renamecuda.h
  Generating renamecuda.h: mkrename finz_ 1 1 cuda
  [966/5650] Generating ../../../include/sleef.h
  [967/5650] Generating alias_ADVSIMD_dp.h.tmp
  [968/5650] Generating alias_ADVSIMD_sp.h.tmp
  [969/5650] Generating include/renamedspscalar.h
  [970/5650] Generating include/alias_advsimd.h
  [971/5650] Building CXX object confu-deps/XNNPACK/CMakeFiles/packing.dir/src/reference/packing.cc.o
  [972/5650] Building CXX object confu-deps/XNNPACK/CMakeFiles/reference-ukernels.dir/src/reference/unary-elementwise.cc.o
  [973/5650] Building C object confu-deps/pytorch_qnnpack/CMakeFiles/pytorch_qnnpack.dir/src/init.c.o
  [974/5650] Building C object confu-deps/pytorch_qnnpack/CMakeFiles/pytorch_qnnpack.dir/src/add.c.o
  [975/5650] Building C object confu-deps/pytorch_qnnpack/CMakeFiles/pytorch_qnnpack.dir/src/average-pooling.c.o
  [976/5650] Building C object confu-deps/pytorch_qnnpack/CMakeFiles/pytorch_qnnpack.dir/src/channel-shuffle.c.o
  [977/5650] Building C object confu-deps/pytorch_qnnpack/CMakeFiles/pytorch_qnnpack.dir/src/clamp.c.o
  [978/5650] Building C object confu-deps/pytorch_qnnpack/CMakeFiles/pytorch_qnnpack.dir/src/deconvolution.c.o
  [979/5650] Generating dispscalar.c.body
  [980/5650] Building C object confu-deps/pytorch_qnnpack/CMakeFiles/pytorch_qnnpack.dir/src/convolution.c.o
  [981/5650] Building CXX object confu-deps/pytorch_qnnpack/CMakeFiles/pytorch_qnnpack.dir/src/fc-prepack.cc.o
  [982/5650] Generating dispscalar.c
  [983/5650] Building C object confu-deps/pytorch_qnnpack/CMakeFiles/pytorch_qnnpack.dir/src/fully-connected.c.o
  [984/5650] Building CXX object confu-deps/XNNPACK/CMakeFiles/reference-ukernels.dir/src/reference/binary-elementwise.cc.o
  [985/5650] Building CXX object confu-deps/pytorch_qnnpack/CMakeFiles/pytorch_qnnpack.dir/src/conv-prepack.cc.o
  [986/5650] Building C object confu-deps/pytorch_qnnpack/CMakeFiles/pytorch_qnnpack.dir/src/hardswish.c.o
  [987/5650] Building C object confu-deps/pytorch_qnnpack/CMakeFiles/pytorch_qnnpack.dir/src/hardsigmoid.c.o
  [988/5650] Building C object confu-deps/pytorch_qnnpack/CMakeFiles/pytorch_qnnpack.dir/src/fully-connected-sparse.c.o
  [989/5650] Building C object confu-deps/pytorch_qnnpack/CMakeFiles/pytorch_qnnpack.dir/src/leaky-relu.c.o
  [990/5650] Building C object confu-deps/pytorch_qnnpack/CMakeFiles/pytorch_qnnpack.dir/src/global-average-pooling.c.o
  [991/5650] Building C object confu-deps/pytorch_qnnpack/CMakeFiles/pytorch_qnnpack.dir/src/max-pooling.c.o
  [992/5650] Building C object confu-deps/pytorch_qnnpack/CMakeFiles/pytorch_qnnpack.dir/src/sigmoid.c.o
  [993/5650] Building C object confu-deps/pytorch_qnnpack/CMakeFiles/pytorch_qnnpack.dir/src/softargmax.c.o
  [994/5650] Building C object confu-deps/pytorch_qnnpack/CMakeFiles/pytorch_qnnpack.dir/src/operator-delete.c.o
  [995/5650] Building C object confu-deps/pytorch_qnnpack/CMakeFiles/pytorch_qnnpack.dir/src/tanh.c.o
  [996/5650] Building CXX object confu-deps/pytorch_qnnpack/CMakeFiles/pytorch_qnnpack.dir/src/fc-run.cc.o
  [997/5650] Building CXX object confu-deps/pytorch_qnnpack/CMakeFiles/pytorch_qnnpack.dir/src/fc-unpack.cc.o
  [998/5650] Building CXX object confu-deps/pytorch_qnnpack/CMakeFiles/pytorch_qnnpack.dir/src/fc-dynamic-run.cc.o
  [999/5650] Building C object confu-deps/pytorch_qnnpack/CMakeFiles/pytorch_qnnpack.dir/src/x8lut/scalar.c.o
  [1000/5650] Building C object confu-deps/pytorch_qnnpack/CMakeFiles/pytorch_qnnpack.dir/src/u8lut32norm/scalar.c.o
  [1001/5650] Building C object confu-deps/pytorch_qnnpack/CMakeFiles/pytorch_qnnpack.dir/src/operator-run.c.o
  [1002/5650] Building CXX object confu-deps/pytorch_qnnpack/CMakeFiles/pytorch_qnnpack.dir/src/deconv-run.cc.o
  [1003/5650] Building C object confu-deps/pytorch_qnnpack/CMakeFiles/pytorch_qnnpack.dir/src/sgemm/6x8-psimd.c.o
  [1004/5650] Building C object confu-deps/pytorch_qnnpack/CMakeFiles/pytorch_qnnpack.dir/src/q8avgpool/up8x9-neon.c.o
  [1005/5650] Building C object confu-deps/pytorch_qnnpack/CMakeFiles/pytorch_qnnpack.dir/src/indirection.c.o
  [1006/5650] Building C object confu-deps/pytorch_qnnpack/CMakeFiles/pytorch_qnnpack.dir/src/q8avgpool/mp8x9p8q-neon.c.o
  [1007/5650] Building C object confu-deps/pytorch_qnnpack/CMakeFiles/pytorch_qnnpack.dir/src/q8avgpool/up8xm-neon.c.o
  [1008/5650] Building C object confu-deps/pytorch_qnnpack/CMakeFiles/pytorch_qnnpack.dir/src/q8conv/4x8-neon.c.o
  [1009/5650] Building C object confu-deps/pytorch_qnnpack/CMakeFiles/pytorch_qnnpack.dir/src/q8dwconv/mp8x25-neon.c.o
  [1010/5650] Building C object confu-deps/pytorch_qnnpack/CMakeFiles/pytorch_qnnpack.dir/src/q8dwconv/mp8x25-neon-per-channel.c.o
  [1011/5650] Building C object confu-deps/pytorch_qnnpack/CMakeFiles/pytorch_qnnpack.dir/src/q8dwconv/mp8x27-neon.c.o
  [1012/5650] Building C object confu-deps/pytorch_qnnpack/CMakeFiles/pytorch_qnnpack.dir/src/q8conv/8x8-neon.c.o
  [1013/5650] Building C object confu-deps/pytorch_qnnpack/CMakeFiles/pytorch_qnnpack.dir/src/q8dwconv/up8x9-neon.c.o
  [1014/5650] Building C object confu-deps/pytorch_qnnpack/CMakeFiles/pytorch_qnnpack.dir/src/q8gavgpool/up8x7-neon.c.o
  [1015/5650] Building C object confu-deps/pytorch_qnnpack/CMakeFiles/pytorch_qnnpack.dir/src/q8gavgpool/mp8x7p7q-neon.c.o
  [1016/5650] Building C object confu-deps/pytorch_qnnpack/CMakeFiles/pytorch_qnnpack.dir/src/q8dwconv/up8x9-neon-per-channel.c.o
  [1017/5650] Building C object confu-deps/pytorch_qnnpack/CMakeFiles/pytorch_qnnpack.dir/src/q8gavgpool/up8xm-neon.c.o
  [1018/5650] Building C object confu-deps/pytorch_qnnpack/CMakeFiles/pytorch_qnnpack.dir/src/q8gemm/4x-sumrows-neon.c.o
  [1019/5650] Building C object confu-deps/pytorch_qnnpack/CMakeFiles/pytorch_qnnpack.dir/src/q8gemm/4x8-dq-neon.c.o
  [1020/5650] Building C object confu-deps/pytorch_qnnpack/CMakeFiles/pytorch_qnnpack.dir/src/q8gemm/4x8-neon.c.o
  [1021/5650] Building C object confu-deps/pytorch_qnnpack/CMakeFiles/pytorch_qnnpack.dir/src/q8gemm/6x4-neon.c.o
  [1022/5650] Building C object confu-deps/pytorch_qnnpack/CMakeFiles/pytorch_qnnpack.dir/src/q8gemm/4x8c2-xzp-neon.c.o
  [1023/5650] Building CXX object confu-deps/pytorch_qnnpack/CMakeFiles/pytorch_qnnpack.dir/src/conv-run.cc.o
  [1024/5650] Building C object confu-deps/pytorch_qnnpack/CMakeFiles/pytorch_qnnpack.dir/src/q8vadd/neon.c.o
  [1025/5650] Building C object confu-deps/pytorch_qnnpack/CMakeFiles/pytorch_qnnpack.dir/src/q8gemm/8x8-neon.c.o
  [1026/5650] Building C object confu-deps/pytorch_qnnpack/CMakeFiles/pytorch_qnnpack.dir/src/sgemm/5x8-neon.c.o
  [1027/5650] Building C object confu-deps/pytorch_qnnpack/CMakeFiles/pytorch_qnnpack.dir/src/u8maxpool/sub16-neon.c.o
  [1028/5650] Building C object confu-deps/pytorch_qnnpack/CMakeFiles/pytorch_qnnpack.dir/src/u8clamp/neon.c.o
  [1029/5650] Building C object confu-deps/pytorch_qnnpack/CMakeFiles/pytorch_qnnpack.dir/src/u8rmax/neon.c.o
  [1030/5650] Building C object confu-deps/pytorch_qnnpack/CMakeFiles/pytorch_qnnpack.dir/src/sgemm/6x8-neon.c.o
  [1031/5650] Building C object confu-deps/pytorch_qnnpack/CMakeFiles/pytorch_qnnpack.dir/src/u8maxpool/16x9p8q-neon.c.o
  [1032/5650] Building C object confu-deps/pytorch_qnnpack/CMakeFiles/pytorch_qnnpack.dir/src/x8zip/x2-neon.c.o
  [1033/5650] Building ASM object confu-deps/pytorch_qnnpack/CMakeFiles/pytorch_qnnpack.dir/src/q8conv/8x8-aarch64-neon.S.o
  [1034/5650] Building ASM object confu-deps/pytorch_qnnpack/CMakeFiles/pytorch_qnnpack.dir/src/q8gemm/8x8-aarch64-neon.S.o
  [1035/5650] Building ASM object confu-deps/pytorch_qnnpack/CMakeFiles/pytorch_qnnpack.dir/src/q8gemm/8x8-dq-aarch64-neon.S.o
  [1036/5650] Building ASM object confu-deps/pytorch_qnnpack/CMakeFiles/pytorch_qnnpack.dir/src/q8gemm_sparse/8x4-packA-aarch64-neon.S.o
  [1037/5650] Building C object confu-deps/pytorch_qnnpack/CMakeFiles/pytorch_qnnpack.dir/src/x8zip/x4-neon.c.o
  [1038/5650] Building C object confu-deps/pytorch_qnnpack/CMakeFiles/pytorch_qnnpack.dir/src/x8zip/x3-neon.c.o
  [1039/5650] Building ASM object confu-deps/pytorch_qnnpack/CMakeFiles/pytorch_qnnpack.dir/src/q8gemm_sparse/8x8c8x1-dq-packedA-aarch64-neon.S.o
  [1040/5650] Building ASM object confu-deps/pytorch_qnnpack/CMakeFiles/pytorch_qnnpack.dir/src/q8gemm_sparse/8x8c1x4-dq-packedA-aarch64-neon.S.o
  [1041/5650] Linking C static library lib/libclog.a
  [1042/5650] Building C object confu-deps/pytorch_qnnpack/CMakeFiles/pytorch_qnnpack.dir/src/x8zip/xm-neon.c.o
  [1043/5650] Building C object confu-deps/NNPACK/CMakeFiles/nnpack.dir/src/fully-connected-inference.c.o
  [1044/5650] Building C object confu-deps/NNPACK/CMakeFiles/nnpack.dir/src/init.c.o
  [1045/5650] Building C object confu-deps/NNPACK/CMakeFiles/nnpack.dir/src/pooling-output.c.o
  [1046/5650] Building C object confu-deps/NNPACK/CMakeFiles/nnpack.dir/src/softmax-output.c.o
  [1047/5650] Building C object confu-deps/NNPACK/CMakeFiles/nnpack.dir/src/relu-output.c.o
  [1048/5650] Building CXX object third_party/onnx/CMakeFiles/onnx_proto.dir/onnx/onnx-operators_onnx_torch-ml.pb.cc.o
  [1049/5650] Building C object confu-deps/NNPACK/CMakeFiles/nnpack.dir/src/fully-connected-output.c.o
  [1050/5650] Building C object confu-deps/NNPACK/CMakeFiles/nnpack.dir/src/relu-input-gradient.c.o
  [1051/5650] Building C object confu-deps/NNPACK/CMakeFiles/nnpack.dir/src/convolution-kernel-gradient.c.o
  [1052/5650] Building C object confu-deps/NNPACK/CMakeFiles/nnpack.dir/src/convolution-input-gradient.c.o
  [1053/5650] Building C object confu-deps/NNPACK/CMakeFiles/nnpack.dir/src/convolution-output.c.o
  [1054/5650] Building C object confu-deps/NNPACK/CMakeFiles/nnpack.dir/src/convolution-inference.c.o
  [1055/5650] Building CXX object third_party/onnx/CMakeFiles/onnx_proto.dir/onnx/onnx-data_onnx_torch.pb.cc.o
  [1056/5650] Building C object confu-deps/NNPACK/CMakeFiles/nnpack.dir/src/psimd/2d-fourier-8x8.c.o
  [1057/5650] Building C object confu-deps/NNPACK/CMakeFiles/nnpack.dir/src/neon/blas/s4gemm.c.o
  [1058/5650] Building C object confu-deps/NNPACK/CMakeFiles/nnpack.dir/src/neon/blas/h4gemm.c.o
  [1059/5650] Building C object confu-deps/NNPACK/CMakeFiles/nnpack.dir/src/neon/blas/c4gemm-conjb.c.o
  [1060/5650] Building C object confu-deps/NNPACK/CMakeFiles/nnpack.dir/src/neon/2d-winograd-8x8-3x3-fp16.c.o
  [1061/5650] Building C object confu-deps/NNPACK/CMakeFiles/nnpack.dir/src/neon/blas/s4c2gemm-conjb.c.o
  [1062/5650] Building C object confu-deps/NNPACK/CMakeFiles/nnpack.dir/src/neon/blas/conv1x1.c.o
  [1063/5650] Building C object confu-deps/NNPACK/CMakeFiles/nnpack.dir/src/neon/relu.c.o
  [1064/5650] Building C object confu-deps/NNPACK/CMakeFiles/nnpack.dir/src/neon/2d-winograd-8x8-3x3.c.o
  [1065/5650] Building C object confu-deps/NNPACK/CMakeFiles/nnpack.dir/src/neon/blas/sgemm.c.o
  [1066/5650] Building C object confu-deps/NNPACK/CMakeFiles/nnpack.dir/src/psimd/2d-fourier-16x16.c.o
  [1067/5650] Building C object confu-deps/NNPACK/CMakeFiles/nnpack.dir/src/psimd/softmax.c.o
  [1068/5650] Building C object confu-deps/NNPACK/CMakeFiles/nnpack.dir/src/neon/blas/c4gemm.c.o
  [1069/5650] Building C object confu-deps/NNPACK/CMakeFiles/nnpack.dir/src/neon/blas/sdotxf.c.o
  [1070/5650] Building C object confu-deps/NNPACK/CMakeFiles/nnpack.dir/src/neon/blas/s4c2gemm.c.o
  [1071/5650] Building C object confu-deps/NNPACK/CMakeFiles/nnpack.dir/src/neon/blas/c4gemm-conjb-transc.c.o
  [1072/5650] Building C object confu-deps/NNPACK/CMakeFiles/nnpack.dir/src/neon/blas/s4c2gemm-conjb-transc.c.o
  [1073/5650] Building C object confu-deps/NNPACK/CMakeFiles/nnpack.dir/src/psimd/blas/shdotxf.c.o
  [1074/5650] Building CXX object third_party/onnx/CMakeFiles/onnx.dir/onnx/common/assertions.cc.o
  [1075/5650] Building CXX object third_party/onnx/CMakeFiles/onnx.dir/onnx/common/path.cc.o
  [1076/5650] Building CXX object third_party/onnx/CMakeFiles/onnx.dir/onnx/common/status.cc.o
  [1077/5650] Building CXX object third_party/onnx/CMakeFiles/onnx.dir/onnx/common/model_helpers.cc.o
  [1078/5650] Building CXX object third_party/onnx/CMakeFiles/onnx.dir/onnx/common/interned_strings.cc.o
  [1079/5650] Building CXX object third_party/onnx/CMakeFiles/onnx.dir/onnx/defs/attr_proto_util.cc.o
  [1080/5650] Building CXX object third_party/onnx/CMakeFiles/onnx.dir/onnx/defs/data_type_utils.cc.o
  [1081/5650] Building CXX object third_party/onnx/CMakeFiles/onnx.dir/onnx/defs/controlflow/defs.cc.o
  [1082/5650] Building CXX object third_party/onnx/CMakeFiles/onnx.dir/onnx/defs/controlflow/utils.cc.o
  [1083/5650] Building C object confu-deps/XNNPACK/CMakeFiles/microkernels-prod.dir/src/x16-packw/gen/x16-packw-x64-gemm-goi-scalar-int-u4.c.o
  [1084/5650] Building CXX object third_party/onnx/CMakeFiles/onnx.dir/onnx/checker.cc.o
  [1085/5650] Building CXX object third_party/onnx/CMakeFiles/onnx_proto.dir/onnx/onnx_onnx_torch-ml.pb.cc.o
  [1086/5650] Building CXX object third_party/onnx/CMakeFiles/onnx.dir/onnx/defs/function.cc.o
  [1087/5650] Linking CXX static library lib/libonnx_proto.a
  [1088/5650] Building CXX object third_party/onnx/CMakeFiles/onnx.dir/onnx/defs/controlflow/old.cc.o
  [1089/5650] Building CXX object third_party/onnx/CMakeFiles/onnx.dir/onnx/defs/generator/utils.cc.o
  [1090/5650] Building CXX object third_party/onnx/CMakeFiles/onnx.dir/onnx/common/ir_pb_converter.cc.o
  [1091/5650] Building CXX object third_party/onnx/CMakeFiles/onnx.dir/onnx/defs/generator/defs.cc.o
  [1092/5650] Building CXX object third_party/onnx/CMakeFiles/onnx.dir/onnx/defs/math/utils.cc.o
  [1093/5650] Building CXX object third_party/onnx/CMakeFiles/onnx.dir/onnx/defs/image/defs.cc.o
  [1094/5650] Building CXX object third_party/onnx/CMakeFiles/onnx.dir/onnx/defs/generator/old.cc.o
  [1095/5650] Building CXX object third_party/onnx/CMakeFiles/onnx.dir/onnx/defs/logical/defs.cc.o
  [1096/5650] Building CXX object third_party/onnx/CMakeFiles/onnx.dir/onnx/defs/logical/old.cc.o
  [1097/5650] Building CXX object third_party/onnx/CMakeFiles/onnx.dir/onnx/defs/printer.cc.o
  [1098/5650] Building CXX object third_party/onnx/CMakeFiles/onnx.dir/onnx/defs/object_detection/defs.cc.o
  [1099/5650] Building CXX object third_party/onnx/CMakeFiles/onnx.dir/onnx/defs/object_detection/old.cc.o
  [1100/5650] Building CXX object third_party/onnx/CMakeFiles/onnx.dir/onnx/defs/optional/defs.cc.o
  [1101/5650] Building CXX object third_party/onnx/CMakeFiles/onnx.dir/onnx/defs/optional/old.cc.o
  [1102/5650] Building CXX object third_party/onnx/CMakeFiles/onnx.dir/onnx/defs/parser.cc.o
  [1103/5650] Building CXX object third_party/onnx/CMakeFiles/onnx.dir/onnx/defs/quantization/defs.cc.o
  [1104/5650] Building CXX object third_party/onnx/CMakeFiles/onnx.dir/onnx/defs/reduction/utils.cc.o
  [1105/5650] Building CXX object third_party/onnx/CMakeFiles/onnx.dir/onnx/defs/reduction/defs.cc.o
  [1106/5650] Building CXX object third_party/onnx/CMakeFiles/onnx.dir/onnx/defs/rnn/defs.cc.o
  [1107/5650] Building CXX object third_party/onnx/CMakeFiles/onnx.dir/onnx/defs/quantization/old.cc.o
  [1108/5650] Building CXX object third_party/onnx/CMakeFiles/onnx.dir/onnx/defs/math/defs.cc.o
  [1109/5650] Building CXX object third_party/onnx/CMakeFiles/onnx.dir/onnx/defs/rnn/old.cc.o
  [1110/5650] Building CXX object third_party/onnx/CMakeFiles/onnx.dir/onnx/defs/reduction/old.cc.o
  [1111/5650] Building CXX object third_party/onnx/CMakeFiles/onnx.dir/onnx/defs/nn/defs.cc.o
  [1112/5650] Building CXX object third_party/onnx/CMakeFiles/onnx.dir/onnx/defs/shape_inference.cc.o
  [1113/5650] Building CXX object third_party/onnx/CMakeFiles/onnx.dir/onnx/defs/math/old.cc.o
  [1114/5650] Building CXX object third_party/onnx/CMakeFiles/onnx.dir/onnx/defs/tensor_proto_util.cc.o
  [1115/5650] Building CXX object third_party/onnx/CMakeFiles/onnx.dir/onnx/defs/tensor_util.cc.o
  [1116/5650] Building CXX object third_party/onnx/CMakeFiles/onnx.dir/onnx/defs/nn/old.cc.o
  [1117/5650] Building CXX object third_party/onnx/CMakeFiles/onnx.dir/onnx/defs/tensor/utils.cc.o
  [1118/5650] Building CXX object third_party/onnx/CMakeFiles/onnx.dir/onnx/defs/sequence/defs.cc.o
  [1119/5650] Building CXX object third_party/onnx/CMakeFiles/onnx.dir/onnx/defs/text/defs.cc.o
  [1120/5650] Building C object third_party/kleidiai/CMakeFiles/kleidiai.dir/kai/ukernels/matmul/pack/kai_lhs_quant_pack_qai8dxp_f32.c.o
  [1121/5650] Building C object confu-deps/XNNPACK/CMakeFiles/microkernels-prod.dir/src/qs8-packw/gen/qs8-packw-x64c4-gemm-goi-scalar.c.o
  [1122/5650] Building C object third_party/kleidiai/CMakeFiles/kleidiai.dir/kai/ukernels/matmul/pack/kai_lhs_quant_pack_qsi8d32p_f32.c.o
  [1123/5650] Linking C static library lib/libmicrokernels-prod.a
  [1124/5650] Generating build_identifier.c
  [1125/5650] Building C object third_party/kleidiai/CMakeFiles/kleidiai.dir/kai/ukernels/matmul/pack/kai_rhs_pack_kxn_qsi4c32p_qsu4c32s1s0.c.o
  [1126/5650] Building C object confu-deps/XNNPACK/CMakeFiles/XNNPACK.dir/src/configs/argmaxpool-config.c.o
  [1127/5650] Building C object confu-deps/XNNPACK/CMakeFiles/XNNPACK.dir/src/configs/avgpool-config.c.o
  [1128/5650] Building C object confu-deps/XNNPACK/CMakeFiles/XNNPACK.dir/src/configs/cmul-config.c.o
  [1129/5650] Building C object confu-deps/XNNPACK/CMakeFiles/XNNPACK.dir/src/configs/binary-elementwise-config.c.o
  [1130/5650] Building C object confu-deps/XNNPACK/CMakeFiles/XNNPACK.dir/src/configs/conv-hwc2chw-config.c.o
  [1131/5650] Building C object confu-deps/XNNPACK/CMakeFiles/XNNPACK.dir/src/configs/dwconv-config.c.o
  [1132/5650] Building CXX object third_party/onnx/CMakeFiles/onnx.dir/onnx/defs/training/defs.cc.o
  [1133/5650] Building C object confu-deps/XNNPACK/CMakeFiles/XNNPACK.dir/src/configs/experiments-config.c.o
  [1134/5650] Building C object confu-deps/XNNPACK/CMakeFiles/XNNPACK.dir/src/configs/dwconv2d-chw-config.c.o
  [1135/5650] Building C object confu-deps/XNNPACK/CMakeFiles/XNNPACK.dir/src/configs/ibilinear-chw-config.c.o
  [1136/5650] Building C object confu-deps/XNNPACK/CMakeFiles/XNNPACK.dir/src/configs/ibilinear-config.c.o
  [1137/5650] Building C object confu-deps/XNNPACK/CMakeFiles/XNNPACK.dir/src/configs/gemm-config.c.o
  [1138/5650] Building C object confu-deps/XNNPACK/CMakeFiles/XNNPACK.dir/src/configs/lut32norm-config.c.o
  [1139/5650] Building C object confu-deps/XNNPACK/CMakeFiles/XNNPACK.dir/src/configs/maxpool-config.c.o
  [1140/5650] Building C object confu-deps/XNNPACK/CMakeFiles/XNNPACK.dir/src/configs/pavgpool-config.c.o
  [1141/5650] Building C object confu-deps/XNNPACK/CMakeFiles/XNNPACK.dir/src/configs/pack-lh-config.c.o
  [1142/5650] Building C object confu-deps/XNNPACK/CMakeFiles/XNNPACK.dir/src/configs/raddstoreexpminusmax-config.c.o
  [1143/5650] Building CXX object third_party/onnx/CMakeFiles/onnx.dir/onnx/defs/traditionalml/old.cc.o
  [1144/5650] Building C object confu-deps/XNNPACK/CMakeFiles/XNNPACK.dir/src/configs/reduce-config.c.o
  [1145/5650] Building C object confu-deps/XNNPACK/CMakeFiles/XNNPACK.dir/src/configs/rmax-config.c.o
  [1146/5650] Building C object confu-deps/XNNPACK/CMakeFiles/XNNPACK.dir/src/configs/spmm-config.c.o
  [1147/5650] Building C object confu-deps/XNNPACK/CMakeFiles/XNNPACK.dir/src/configs/transpose-config.c.o
  [1148/5650] Building CXX object third_party/onnx/CMakeFiles/onnx.dir/onnx/defs/traditionalml/defs.cc.o
  [1149/5650] Building C object confu-deps/XNNPACK/CMakeFiles/XNNPACK.dir/src/configs/unpool-config.c.o
  [1150/5650] Building C object confu-deps/XNNPACK/CMakeFiles/XNNPACK.dir/src/configs/vmulcaddc-config.c.o
  [1151/5650] Building C object confu-deps/XNNPACK/CMakeFiles/XNNPACK.dir/src/configs/xx-fill-config.c.o
  [1152/5650] Building C object confu-deps/XNNPACK/CMakeFiles/XNNPACK.dir/src/configs/unary-elementwise-config.c.o
  [1153/5650] Building C object confu-deps/XNNPACK/CMakeFiles/XNNPACK.dir/src/configs/xx-pad-config.c.o
  [1154/5650] Building C object confu-deps/XNNPACK/CMakeFiles/XNNPACK.dir/src/configs/x8-lut-config.c.o
  [1155/5650] Building C object confu-deps/XNNPACK/CMakeFiles/XNNPACK.dir/src/params.c.o
  [1156/5650] Building C object confu-deps/XNNPACK/CMakeFiles/XNNPACK.dir/src/init.c.o
  [1157/5650] Building C object confu-deps/XNNPACK/CMakeFiles/XNNPACK.dir/src/configs/zip-config.c.o
  [1158/5650] Building C object confu-deps/XNNPACK/CMakeFiles/XNNPACK.dir/build_identifier.c.o
  [1159/5650] Building CXX object third_party/onnx/CMakeFiles/onnx.dir/onnx/version_converter/helper.cc.o
  [1160/5650] Building C object third_party/kleidiai/CMakeFiles/kleidiai.dir/kai/ukernels/matmul/pack/kai_rhs_pack_nxk_qsi4cxp_qs4cxs1s0.c.o
  [1161/5650] Building C object third_party/kleidiai/CMakeFiles/kleidiai.dir/kai/ukernels/matmul/pack/kai_rhs_pack_nxk_qsi4c32p_qsu4c32s1s0.c.o
  [1162/5650] Building C object third_party/kleidiai/CMakeFiles/kleidiai.dir/kai/ukernels/matmul/pack/kai_rhs_pack_nxk_qsi4c32pscalef16_qsu4c32s16s0.c.o
  [1163/5650] Building C object third_party/kleidiai/CMakeFiles/kleidiai.dir/kai/ukernels/matmul/pack/kai_rhs_pack_kxn_qsi4cxp_qs4cxs1s0.c.o
  [1164/5650] Building C object third_party/kleidiai/CMakeFiles/kleidiai.dir/kai/ukernels/matmul/matmul_clamp_f32_f32_f32p/kai_matmul_clamp_f32_f32_f32p8x1biasf32_6x8x4_neon_mla.c.o
  [1165/5650] Building ASM object third_party/kleidiai/CMakeFiles/kleidiai.dir/kai/ukernels/matmul/matmul_clamp_f32_f32_f32p/kai_matmul_clamp_f32_f32_f32p8x1biasf32_6x8x4_neon_mla_asm.S.o
  [1166/5650] Building ASM object third_party/kleidiai/CMakeFiles/kleidiai.dir/kai/ukernels/matmul/matmul_clamp_f32_f32_f32p/kai_matmul_clamp_f32_f32_f32p16x1b_6x16_neon_mla_asm.S.o
  [1167/5650] Building ASM object third_party/kleidiai/CMakeFiles/kleidiai.dir/kai/ukernels/matmul/matmul_clamp_f32_f32_f32p/kai_matmul_clamp_f32_f32_f32p16x1b_6x16_neon_mla_cortexa55_asm.S.o
  [1168/5650] Building C object third_party/kleidiai/CMakeFiles/kleidiai.dir/kai/ukernels/matmul/matmul_clamp_f32_f32_f32p/kai_matmul_clamp_f32_f32_f32p16x1b_6x16_neon_mla.c.o
  [1169/5650] Building C object third_party/kleidiai/CMakeFiles/kleidiai.dir/kai/ukernels/matmul/matmul_clamp_f32_f32_f32p/kai_matmul_clamp_f32_f32_f32p16x1b_6x16_neon_mla_cortexa55.c.o
  [1170/5650] Building C object third_party/kleidiai/CMakeFiles/kleidiai.dir/kai/ukernels/matmul/pack/kai_lhs_quant_pack_qsi8d32p_f32_neon.c.o
  [1171/5650] Building C object third_party/kleidiai/CMakeFiles/kleidiai.dir/kai/ukernels/matmul/pack/kai_lhs_quant_pack_qai8dxp_bf16_neon.c.o
  [1172/5650] Building ASM object third_party/kleidiai/CMakeFiles/kleidiai.dir/kai/ukernels/matmul/pack/kai_rhs_pack_kxn_x32p16x1b_x32_x32_neon_asm.S.o
  [1173/5650] Building C object third_party/kleidiai/CMakeFiles/kleidiai.dir/kai/ukernels/matmul/pack/kai_lhs_quant_pack_qsi8d32pscalef32_f32_neon.c.o
  [1174/5650] Building C object third_party/kleidiai/CMakeFiles/kleidiai.dir/kai/ukernels/matmul/pack/kai_lhs_quant_pack_qsi8d32p4x8sb_f32_neon.c.o
  [1175/5650] Building C object third_party/kleidiai/CMakeFiles/kleidiai.dir/kai/ukernels/matmul/pack/kai_rhs_pack_kxn_x32p16x1b_x32_x32_neon.c.o
  [1176/5650] Building C object third_party/kleidiai/CMakeFiles/kleidiai.dir/kai/ukernels/matmul/pack/kai_rhs_pack_nxk_qai4c32p_qau4c32s0s1_f32_f32_f32_neon.c.o
  [1177/5650] Building C object third_party/kleidiai/CMakeFiles/kleidiai.dir/kai/ukernels/matmul/pack/kai_rhs_pack_nxk_qai4c32ps1s0nrx4_qau4c32s0s1_f32_f32_f32_neon.c.o
  [1178/5650] Building C object third_party/kleidiai/CMakeFiles/kleidiai.dir/kai/ukernels/matmul/pack/kai_rhs_pack_nxk_qai4c32ps1s0nrx4_qau4c32s1s0_f32_f32_f32_neon.c.o
  [1179/5650] Building C object third_party/kleidiai/CMakeFiles/kleidiai.dir/kai/ukernels/matmul/pack/kai_rhs_pack_nxk_qsi4cxps1s0_qsu4cxs1s0_neon.c.o
  [1180/5650] Building C object third_party/kleidiai/CMakeFiles/kleidiai.dir/kai/ukernels/matmul/pack/kai_rhs_pack_nxk_qsi4c32pnrx8_qsu4c32s1s0_neon.c.o
  [1181/5650] Building C object third_party/kleidiai/CMakeFiles/kleidiai.dir/kai/ukernels/matmul/pack/kai_rhs_pack_nxk_qsi4c32pnrx4_qsu4c32s1s0_neon.c.o
  [1182/5650] Building C object third_party/kleidiai/CMakeFiles/kleidiai.dir/kai/ukernels/matmul/pack/kai_rhs_pack_nxk_qsi4c32ps1s0scalef16_qsu4c32s16s0_neon.c.o
  [1183/5650] Building C object third_party/kleidiai/CMakeFiles/kleidiai.dir/kai/ukernels/matmul/pack/kai_rhs_pack_kxn_qsi8cxp_qsi8cx_neon.c.o
  [1184/5650] Building C object third_party/kleidiai/CMakeFiles/kleidiai.dir/kai/ukernels/matmul/pack/kai_rhs_pack_kxn_f32p8x1biasf32_f32_f32_neon.c.o
  [1185/5650] Building C object third_party/kleidiai/CMakeFiles/kleidiai.dir/kai/ukernels/matmul/pack/kai_rhs_pack_nxk_qsi8cxp_qsi8cx_neon.c.o
  [1186/5650] Building ASM object third_party/kleidiai/CMakeFiles/kleidiai.dir/kai/ukernels/matmul/matmul_clamp_f16_f16_f16p/kai_matmul_clamp_f16_f16_f16p32x1b_6x32_neon_mla_asm.S.o
  [1187/5650] Building ASM object third_party/kleidiai/CMakeFiles/kleidiai.dir/kai/ukernels/matmul/matmul_clamp_f16_f16_f16p/kai_matmul_clamp_f16_f16_f16p32x1b_6x32_neon_mla_cortexa55_asm.S.o
  [1188/5650] Building ASM object third_party/kleidiai/CMakeFiles/kleidiai.dir/kai/ukernels/matmul/pack/kai_rhs_pack_kxn_x16p32x1b_x16_x16_neon_asm.S.o
  [1189/5650] Building C object third_party/kleidiai/CMakeFiles/kleidiai.dir/kai/ukernels/matmul/matmul_clamp_f16_f16_f16p/kai_matmul_clamp_f16_f16_f16p32x1b_6x32_neon_mla.c.o
  [1190/5650] Building C object third_party/kleidiai/CMakeFiles/kleidiai.dir/kai/ukernels/matmul/matmul_clamp_f16_f16_f16p/kai_matmul_clamp_f16_f16_f16p32x1b_6x32_neon_mla_cortexa55.c.o
  [1191/5650] Building C object third_party/kleidiai/CMakeFiles/kleidiai.dir/kai/ukernels/matmul/pack/kai_rhs_pack_kxn_x16p32x1b_x16_x16_neon.c.o
  [1192/5650] Building C object third_party/kleidiai/CMakeFiles/kleidiai.dir/kai/ukernels/matmul/matmul_clamp_f16_f16_f16p/kai_matmul_clamp_f16_f16_f16p16x1biasf16_6x16x8_neon_mla.c.o
  [1193/5650] Building ASM object third_party/kleidiai/CMakeFiles/kleidiai.dir/kai/ukernels/matmul/matmul_clamp_f16_qai8dxp_qsi4cxp/kai_matmul_clamp_f16_qai8dxp1x4_qsi4cxp4x4_1x4_neon_dotprod_asm.S.o
  [1194/5650] Building C object third_party/kleidiai/CMakeFiles/kleidiai.dir/kai/ukernels/matmul/pack/kai_rhs_pack_kxn_f16p16x1biasf16_f16_f16_neon.c.o
  [1195/5650] Building C object third_party/kleidiai/CMakeFiles/kleidiai.dir/kai/ukernels/matmul/pack/kai_lhs_quant_pack_qsi8d32pscalef32_f16_neon.c.o
  [1196/5650] Building CXX object third_party/onnx/CMakeFiles/onnx.dir/onnx/defs/schema.cc.o
  [1197/5650] Building ASM object third_party/kleidiai/CMakeFiles/kleidiai.dir/kai/ukernels/matmul/matmul_clamp_f16_qai8dxp_qsi4cxp/kai_matmul_clamp_f16_qai8dxp1x8_qsi4cxp4x8_1x4_neon_dotprod_asm.S.o
  [1198/5650] Building ASM object third_party/kleidiai/CMakeFiles/kleidiai.dir/kai/ukernels/matmul/matmul_clamp_f16_qai8dxp_qsi4cxp/kai_matmul_clamp_f16_qai8dxp4x4_qsi4cxp4x4_16x4_neon_dotprod_asm.S.o
  [1199/5650] Building C object third_party/kleidiai/CMakeFiles/kleidiai.dir/kai/ukernels/matmul/pack/kai_lhs_quant_pack_qai8dxp_f16_neon.c.o
  [1200/5650] Building C object third_party/kleidiai/CMakeFiles/kleidiai.dir/kai/ukernels/matmul/matmul_clamp_f16_qai8dxp_qsi4cxp/kai_matmul_clamp_f16_qai8dxp1x4_qsi4cxp4x4_1x4_neon_dotprod.c.o
  [1201/5650] Building ASM object third_party/kleidiai/CMakeFiles/kleidiai.dir/kai/ukernels/matmul/matmul_clamp_f16_qai8dxp_qsi8cxp/kai_matmul_clamp_f16_qai8dxp1x4_qsi8cxp4x4_1x4_neon_dotprod_asm.S.o
  [1202/5650] Building ASM object third_party/kleidiai/CMakeFiles/kleidiai.dir/kai/ukernels/matmul/matmul_clamp_f16_qai8dxp_qsi8cxp/kai_matmul_clamp_f16_qai8dxp1x8_qsi8cxp4x8_1x4_neon_dotprod_asm.S.o
  [1203/5650] Building C object third_party/kleidiai/CMakeFiles/kleidiai.dir/kai/ukernels/matmul/matmul_clamp_f16_qai8dxp_qsi4cxp/kai_matmul_clamp_f16_qai8dxp1x8_qsi4cxp4x8_1x4_neon_dotprod.c.o
  [1204/5650] Building C object third_party/kleidiai/CMakeFiles/kleidiai.dir/kai/ukernels/matmul/matmul_clamp_f16_qai8dxp_qsi4cxp/kai_matmul_clamp_f16_qai8dxp4x4_qsi4cxp4x4_16x4_neon_dotprod.c.o
  [1205/5650] Building C object third_party/kleidiai/CMakeFiles/kleidiai.dir/kai/ukernels/matmul/matmul_clamp_f16_qai8dxp_qsi8cxp/kai_matmul_clamp_f16_qai8dxp1x4_qsi8cxp4x4_1x4_neon_dotprod.c.o
  [1206/5650] Building ASM object third_party/kleidiai/CMakeFiles/kleidiai.dir/kai/ukernels/matmul/matmul_clamp_f16_qai8dxp_qsi8cxp/kai_matmul_clamp_f16_qai8dxp4x4_qsi8cxp4x4_16x4_neon_dotprod_asm.S.o
  [1207/5650] Building ASM object third_party/kleidiai/CMakeFiles/kleidiai.dir/kai/ukernels/matmul/matmul_clamp_f16_qsi8d32p_qai4c32p/kai_matmul_clamp_f16_qsi8d32p1x4_qai4c32p4x4_1x4_neon_dotprod_asm.S.o
  [1208/5650] Building C object third_party/kleidiai/CMakeFiles/kleidiai.dir/kai/ukernels/matmul/matmul_clamp_f16_qai8dxp_qsi8cxp/kai_matmul_clamp_f16_qai8dxp1x8_qsi8cxp4x8_1x4_neon_dotprod.c.o
  [1209/5650] Building ASM object third_party/kleidiai/CMakeFiles/kleidiai.dir/kai/ukernels/matmul/matmul_clamp_f16_qsi8d32p_qai4c32p/kai_matmul_clamp_f16_qsi8d32p1x8_qai4c32p4x8_1x4_neon_dotprod_asm.S.o
  [1210/5650] Building C object third_party/kleidiai/CMakeFiles/kleidiai.dir/kai/ukernels/matmul/matmul_clamp_f16_qai8dxp_qsi8cxp/kai_matmul_clamp_f16_qai8dxp4x4_qsi8cxp4x4_16x4_neon_dotprod.c.o
  [1211/5650] Building ASM object third_party/kleidiai/CMakeFiles/kleidiai.dir/kai/ukernels/matmul/matmul_clamp_f16_qsi8d32p_qai4c32p/kai_matmul_clamp_f16_qsi8d32p4x4_qai4c32p4x4_8x4_neon_dotprod_asm.S.o
  [1212/5650] Building C object third_party/kleidiai/CMakeFiles/kleidiai.dir/kai/ukernels/matmul/matmul_clamp_f16_qsi8d32p_qai4c32p/kai_matmul_clamp_f16_qsi8d32p1x4_qai4c32p4x4_1x4_neon_dotprod.c.o
  [1213/5650] Building ASM object third_party/kleidiai/CMakeFiles/kleidiai.dir/kai/ukernels/matmul/matmul_clamp_f16_qsi8d32p_qai4c32p/kai_matmul_clamp_f16_qsi8d32p4x8_qai4c32p4x8_8x4_neon_i8mm_asm.S.o
  [1214/5650] Building ASM object third_party/kleidiai/CMakeFiles/kleidiai.dir/kai/ukernels/matmul/matmul_clamp_f16_qai8dxp_qsi4cxp/kai_matmul_clamp_f16_qai8dxp4x8_qsi4cxp4x8_16x4_neon_i8mm_asm.S.o
  [1215/5650] Building C object third_party/kleidiai/CMakeFiles/kleidiai.dir/kai/ukernels/matmul/matmul_clamp_f16_qsi8d32p_qai4c32p/kai_matmul_clamp_f16_qsi8d32p4x4_qai4c32p4x4_8x4_neon_dotprod.c.o
  [1216/5650] Building C object third_party/kleidiai/CMakeFiles/kleidiai.dir/kai/ukernels/matmul/matmul_clamp_f16_qsi8d32p_qai4c32p/kai_matmul_clamp_f16_qsi8d32p4x8_qai4c32p4x8_8x4_neon_i8mm.c.o
  [1217/5650] Building C object third_party/kleidiai/CMakeFiles/kleidiai.dir/kai/ukernels/matmul/matmul_clamp_f16_qsi8d32p_qai4c32p/kai_matmul_clamp_f16_qsi8d32p1x8_qai4c32p4x8_1x4_neon_dotprod.c.o
  [1218/5650] Building ASM object third_party/kleidiai/CMakeFiles/kleidiai.dir/kai/ukernels/matmul/matmul_clamp_f16_qai8dxp_qsi8cxp/kai_matmul_clamp_f16_qai8dxp4x8_qsi8cxp4x8_16x4_neon_i8mm_asm.S.o
  [1219/5650] Building C object third_party/kleidiai/CMakeFiles/kleidiai.dir/kai/ukernels/matmul/matmul_clamp_f16_qai8dxp_qsi4cxp/kai_matmul_clamp_f16_qai8dxp4x8_qsi4cxp4x8_16x4_neon_i8mm.c.o
  [1220/5650] Building C object third_party/kleidiai/CMakeFiles/kleidiai.dir/kai/ukernels/matmul/matmul_clamp_f16_qai8dxp_qsi8cxp/kai_matmul_clamp_f16_qai8dxp4x8_qsi8cxp4x8_16x4_neon_i8mm.c.o
  [1221/5650] Building C object third_party/kleidiai/CMakeFiles/kleidiai.dir/kai/ukernels/matmul/matmul_clamp_f32_bf16p_bf16p/kai_matmul_clamp_f32_bf16p8x4_bf16p12x4b_8x12_neon_mmla.c.o
  [1222/5650] Building C object third_party/kleidiai/CMakeFiles/kleidiai.dir/kai/ukernels/matmul/pack/kai_lhs_quant_pack_bf16p1x4_f32_neon.c.o
  [1223/5650] Building C object third_party/kleidiai/CMakeFiles/kleidiai.dir/kai/ukernels/matmul/matmul_clamp_f32_bf16p_bf16p/kai_matmul_clamp_f32_bf16p1x4_bf16p12x4b_1x36_neon_dot.c.o
  [1224/5650] Building C object third_party/kleidiai/CMakeFiles/kleidiai.dir/kai/ukernels/matmul/pack/kai_lhs_quant_pack_bf16p8x4_f32_neon.c.o
  [1225/5650] Building C object third_party/kleidiai/CMakeFiles/kleidiai.dir/kai/ukernels/matmul/pack/kai_rhs_quant_pack_kxn_bf16p12x4biasf32_f32_neon.c.o
  [1226/5650] Building C object third_party/kleidiai/CMakeFiles/kleidiai.dir/kai/ukernels/matmul/matmul_clamp_f16_bf16p_bf16p/kai_matmul_clamp_f16_bf16p8x4_bf16p12x4b_8x12_neon_mmla.c.o
  [1227/5650] Building ASM object third_party/kleidiai/CMakeFiles/kleidiai.dir/kai/ukernels/matmul/matmul_clamp_f32_qai8dxp_qsi4c32p/kai_matmul_clamp_f32_qai8dxp1x4_qsi4c32p4x4_1x4_neon_dotprod_asm.S.o
  [1228/5650] Building C object third_party/kleidiai/CMakeFiles/kleidiai.dir/kai/ukernels/matmul/pack/kai_lhs_pack_bf16p8x4_f16_neon.c.o
  [1229/5650] Building ASM object third_party/kleidiai/CMakeFiles/kleidiai.dir/kai/ukernels/matmul/matmul_clamp_f32_qai8dxp_qsi4c32p/kai_matmul_clamp_f32_qai8dxp1x4_qsi4c32p8x4_1x8_neon_dotprod_asm.S.o
  [1230/5650] Building C object third_party/kleidiai/CMakeFiles/kleidiai.dir/kai/ukernels/matmul/matmul_clamp_f32_qai8dxp_qsi4c32p/kai_matmul_clamp_f32_qai8dxp1x4_qsi4c32p4x4_1x4_neon_dotprod.c.o
  [1231/5650] Building C object third_party/kleidiai/CMakeFiles/kleidiai.dir/kai/ukernels/matmul/pack/kai_rhs_pack_kxn_bf16p12x4biasf16_f16_neon.c.o
  [1232/5650] Building C object third_party/kleidiai/CMakeFiles/kleidiai.dir/kai/ukernels/matmul/pack/kai_rhs_pack_kxn_bf16p12x4biasf32_f16_neon.c.o
  [1233/5650] Building C object third_party/kleidiai/CMakeFiles/kleidiai.dir/kai/ukernels/matmul/matmul_clamp_f32_qai8dxp_qsi4c32p/kai_matmul_clamp_f32_qai8dxp1x4_qsi4c32p8x4_1x8_neon_dotprod.c.o
  [1234/5650] Building ASM object third_party/kleidiai/CMakeFiles/kleidiai.dir/kai/ukernels/matmul/matmul_clamp_f32_qai8dxp_qsi4c32p/kai_matmul_clamp_f32_qai8dxp1x8_qsi4c32p4x8_1x4x32_neon_dotprod_asm.S.o
  [1235/5650] Building ASM object third_party/kleidiai/CMakeFiles/kleidiai.dir/kai/ukernels/matmul/matmul_clamp_f32_qai8dxp_qsi4c32p/kai_matmul_clamp_f32_qai8dxp1x8_qsi4c32p8x8_1x8_neon_dotprod_asm.S.o
  [1236/5650] Building ASM object third_party/kleidiai/CMakeFiles/kleidiai.dir/kai/ukernels/matmul/matmul_clamp_f32_qai8dxp_qsi4c32p/kai_matmul_clamp_f32_qai8dxp1x8_qsi4c32p8x8_1x8x32_neon_dotprod_asm.S.o
  [1237/5650] Building C object third_party/kleidiai/CMakeFiles/kleidiai.dir/kai/ukernels/matmul/matmul_clamp_f32_qai8dxp_qsi4c32p/kai_matmul_clamp_f32_qai8dxp1x8_qsi4c32p4x8_1x4x32_neon_dotprod.c.o
  [1238/5650] Building ASM object third_party/kleidiai/CMakeFiles/kleidiai.dir/kai/ukernels/matmul/matmul_clamp_f32_qai8dxp_qsi4c32p/kai_matmul_clamp_f32_qai8dxp4x4_qsi4c32p4x4_16x4_neon_dotprod_asm.S.o
  [1239/5650] Building ASM object third_party/kleidiai/CMakeFiles/kleidiai.dir/kai/ukernels/matmul/matmul_clamp_f32_qai8dxp_qsi4c32p/kai_matmul_clamp_f32_qai8dxp4x4_qsi4c32p8x4_4x8_neon_dotprod_asm.S.o
  [1240/5650] Building C object third_party/kleidiai/CMakeFiles/kleidiai.dir/kai/ukernels/matmul/matmul_clamp_f32_qai8dxp_qsi4c32p/kai_matmul_clamp_f32_qai8dxp1x8_qsi4c32p8x8_1x8_neon_dotprod.c.o
  [1241/5650] Building C object third_party/kleidiai/CMakeFiles/kleidiai.dir/kai/ukernels/matmul/matmul_clamp_f32_qai8dxp_qsi4c32p/kai_matmul_clamp_f32_qai8dxp1x8_qsi4c32p8x8_1x8x32_neon_dotprod.c.o
  [1242/5650] Building C object third_party/kleidiai/CMakeFiles/kleidiai.dir/kai/ukernels/matmul/matmul_clamp_f32_qai8dxp_qsi4c32p/kai_matmul_clamp_f32_qai8dxp4x4_qsi4c32p4x4_16x4_neon_dotprod.c.o
  [1243/5650] Building ASM object third_party/kleidiai/CMakeFiles/kleidiai.dir/kai/ukernels/matmul/matmul_clamp_f32_qsi8d32p_qai4c32p/kai_matmul_clamp_f32_qsi8d32p1x4_qai4c32p4x4_1x4_neon_dotprod_asm.S.o
  [1244/5650] Building C object third_party/kleidiai/CMakeFiles/kleidiai.dir/kai/ukernels/matmul/matmul_clamp_f32_qsi8d32p_qai4c32p/kai_matmul_clamp_f32_qsi8d32p1x4_qai4c32p4x4_1x4_neon_dotprod.c.o
  [1245/5650] Building ASM object third_party/kleidiai/CMakeFiles/kleidiai.dir/kai/ukernels/matmul/matmul_clamp_f32_qsi8d32p_qai4c32p/kai_matmul_clamp_f32_qsi8d32p1x8_qai4c32p4x8_1x4_neon_dotprod_asm.S.o
  [1246/5650] Building C object third_party/kleidiai/CMakeFiles/kleidiai.dir/kai/ukernels/matmul/matmul_clamp_f32_qai8dxp_qsi4c32p/kai_matmul_clamp_f32_qai8dxp4x4_qsi4c32p8x4_4x8_neon_dotprod.c.o
  [1247/5650] Building ASM object third_party/kleidiai/CMakeFiles/kleidiai.dir/kai/ukernels/matmul/matmul_clamp_f32_qsi8d32p_qai4c32p/kai_matmul_clamp_f32_qsi8d32p4x4_qai4c32p4x4_8x4_neon_dotprod_asm.S.o
  [1248/5650] Building CXX object third_party/onnx/CMakeFiles/onnx.dir/onnx/shape_inference/implementation.cc.o
  [1249/5650] Building ASM object third_party/kleidiai/CMakeFiles/kleidiai.dir/kai/ukernels/matmul/matmul_clamp_bf16_qai8dxp_qsi4cxp/kai_matmul_clamp_bf16_qai8dxp1x8_qsi4cxp8x8_1x8_neon_dotprod_asm.S.o
  [1250/5650] Building C object third_party/kleidiai/CMakeFiles/kleidiai.dir/kai/ukernels/matmul/matmul_clamp_f32_qsi8d32p_qai4c32p/kai_matmul_clamp_f32_qsi8d32p1x8_qai4c32p4x8_1x4_neon_dotprod.c.o
  [1251/5650] Building ASM object third_party/kleidiai/CMakeFiles/kleidiai.dir/kai/ukernels/matmul/matmul_clamp_bf16_qai8dxp_qsi4c32p/kai_matmul_clamp_bf16_qai8dxp1x8_qsi4c32p4x8_1x4_neon_dotprod_asm.S.o
  [1252/5650] Building C object third_party/kleidiai/CMakeFiles/kleidiai.dir/kai/ukernels/matmul/matmul_clamp_f32_qsi8d32p_qai4c32p/kai_matmul_clamp_f32_qsi8d32p4x4_qai4c32p4x4_8x4_neon_dotprod.c.o
  [1253/5650] Building C object third_party/kleidiai/CMakeFiles/kleidiai.dir/kai/ukernels/matmul/matmul_clamp_bf16_qai8dxp_qsi4cxp/kai_matmul_clamp_bf16_qai8dxp1x8_qsi4cxp8x8_1x8_neon_dotprod.c.o
  [1254/5650] Building C object third_party/kleidiai/CMakeFiles/kleidiai.dir/kai/ukernels/matmul/matmul_clamp_bf16_qai8dxp_qsi4c32p/kai_matmul_clamp_bf16_qai8dxp1x8_qsi4c32p4x8_1x4_neon_dotprod.c.o
  [1255/5650] Building C object third_party/kleidiai/CMakeFiles/kleidiai.dir/kai/ukernels/matmul/matmul_clamp_f32_qai8dxp_qsi4cxp/kai_matmul_clamp_f32_qai8dxp1x4_qsi4cxp4x4_1x4_neon_dotprod.c.o
  [1256/5650] Building C object third_party/kleidiai/CMakeFiles/kleidiai.dir/kai/ukernels/matmul/matmul_clamp_f32_qai8dxp_qsi4cxp/kai_matmul_clamp_f32_qai8dxp1x8_qsi4cxp4x8_1x4x32_neon_dotprod.c.o
  [1257/5650] Building C object third_party/kleidiai/CMakeFiles/kleidiai.dir/kai/ukernels/matmul/matmul_clamp_f32_qai8dxp_qsi4cxp/kai_matmul_clamp_f32_qai8dxp1x8_qsi4cxp8x8_1x8x32_neon_dotprod.c.o
  [1258/5650] Building C object third_party/kleidiai/CMakeFiles/kleidiai.dir/kai/ukernels/matmul/matmul_clamp_f32_qai8dxp_qsi4cxp/kai_matmul_clamp_f32_qai8dxp4x4_qsi4cxp8x4_8x8x32_neon_dotprod.c.o
  [1259/5650] Building C object third_party/kleidiai/CMakeFiles/kleidiai.dir/kai/ukernels/matmul/matmul_clamp_f32_qai8dxp_qsi4cxp/kai_matmul_clamp_f32_qai8dxp4x8_qsi4cxp4x4_16x4x32_neon_dotprod.c.o
  [1260/5650] Building C object third_party/kleidiai/CMakeFiles/kleidiai.dir/kai/ukernels/matmul/matmul_clamp_f32_qai8dxp_qsi8cxp/kai_matmul_clamp_f32_qai8dxp1x4_qsi8cxp4x4_1x4_neon_dotprod.c.o
  [1261/5650] Building ASM object third_party/kleidiai/CMakeFiles/kleidiai.dir/kai/ukernels/matmul/matmul_clamp_f32_qai8dxp_qsi4c32p/kai_matmul_clamp_f32_qai8dxp4x8_qsi4c32p4x8_16x4x32_neon_i8mm_asm.S.o
  [1262/5650] Building C object third_party/kleidiai/CMakeFiles/kleidiai.dir/kai/ukernels/matmul/matmul_clamp_f32_qai8dxp_qsi8cxp/kai_matmul_clamp_f32_qai8dxp1x8_qsi8cxp4x8_1x4_neon_dotprod.c.o
  [1263/5650] Building C object third_party/kleidiai/CMakeFiles/kleidiai.dir/kai/ukernels/matmul/matmul_clamp_f32_qai8dxp_qsi8cxp/kai_matmul_clamp_f32_qai8dxp4x4_qsi8cxp4x4_16x4_neon_dotprod.c.o
  [1264/5650] Building C object third_party/kleidiai/CMakeFiles/kleidiai.dir/kai/ukernels/matmul/matmul_clamp_f32_qsi8d32p_qsi4c32p/kai_matmul_clamp_f32_qsi8d32p1x8_qsi4c32p4x8_1x4x32_neon_dotprod.c.o
  [1265/5650] Building C object third_party/kleidiai/CMakeFiles/kleidiai.dir/kai/ukernels/matmul/matmul_clamp_f32_qsi8d32p_qsi4c32p/kai_matmul_clamp_f32_qsi8d32p1x4_qsi4c32p4x4_1x4_neon_dotprod.c.o
  [1266/5650] Building CXX object third_party/onnx/CMakeFiles/onnx.dir/onnx/inliner/inliner.cc.o
  [1267/5650] Building ASM object third_party/kleidiai/CMakeFiles/kleidiai.dir/kai/ukernels/matmul/matmul_clamp_f32_qai8dxp_qsi4c32p/kai_matmul_clamp_f32_qai8dxp4x8_qsi4c32p4x8_8x4x32_neon_i8mm_asm.S.o
  [1268/5650] Building C object third_party/kleidiai/CMakeFiles/kleidiai.dir/kai/ukernels/matmul/matmul_clamp_f32_qsi8d32p_qsi4c32p/kai_matmul_clamp_f32_qsi8d32p4x4_qsi4c32p4x4_16x4_neon_dotprod.c.o
  [1269/5650] Building C object third_party/kleidiai/CMakeFiles/kleidiai.dir/kai/ukernels/matmul/matmul_clamp_f32_qai8dxp_qsi4c32p/kai_matmul_clamp_f32_qai8dxp4x8_qsi4c32p4x8_16x4x32_neon_i8mm.c.o
  [1270/5650] Building ASM object third_party/kleidiai/CMakeFiles/kleidiai.dir/kai/ukernels/matmul/matmul_clamp_f32_qai8dxp_qsi4c32p/kai_matmul_clamp_f32_qai8dxp4x8_qsi4c32p8x8_4x8_neon_i8mm_asm.S.o
  [1271/5650] Building ASM object third_party/kleidiai/CMakeFiles/kleidiai.dir/kai/ukernels/matmul/matmul_clamp_f32_qai8dxp_qsi4c32p/kai_matmul_clamp_f32_qai8dxp4x8_qsi4c32p8x8_4x8x32_neon_i8mm_asm.S.o
  [1272/5650] Building ASM object third_party/kleidiai/CMakeFiles/kleidiai.dir/kai/ukernels/matmul/matmul_clamp_f32_qsi8d32p_qai4c32p/kai_matmul_clamp_f32_qsi8d32p4x8_qai4c32p4x8_8x4_neon_i8mm_asm.S.o
  [1273/5650] Building ASM object third_party/kleidiai/CMakeFiles/kleidiai.dir/kai/ukernels/matmul/matmul_clamp_bf16_qai8dxp_qsi4cxp/kai_matmul_clamp_bf16_qai8dxp4x8_qsi4cxp8x8_8x8_neon_i8mm_asm.S.o
  [1274/5650] Building C object third_party/kleidiai/CMakeFiles/kleidiai.dir/kai/ukernels/matmul/matmul_clamp_f32_qai8dxp_qsi4c32p/kai_matmul_clamp_f32_qai8dxp4x8_qsi4c32p8x8_4x8_neon_i8mm.c.o
  [1275/5650] Building C object third_party/kleidiai/CMakeFiles/kleidiai.dir/kai/ukernels/matmul/matmul_clamp_f32_qai8dxp_qsi4c32p/kai_matmul_clamp_f32_qai8dxp4x8_qsi4c32p4x8_8x4x32_neon_i8mm.c.o
  [1276/5650] Building C object third_party/kleidiai/CMakeFiles/kleidiai.dir/kai/ukernels/matmul/matmul_clamp_f32_qai8dxp_qsi4c32p/kai_matmul_clamp_f32_qai8dxp4x8_qsi4c32p8x8_4x8x32_neon_i8mm.c.o
  [1277/5650] Building ASM object third_party/kleidiai/CMakeFiles/kleidiai.dir/kai/ukernels/matmul/matmul_clamp_bf16_qai8dxp_qsi4c32p/kai_matmul_clamp_bf16_qai8dxp4x8_qsi4c32p4x8_16x4_neon_i8mm_asm.S.o
  [1278/5650] Building C object third_party/kleidiai/CMakeFiles/kleidiai.dir/kai/ukernels/matmul/matmul_clamp_f32_qsi8d32p_qai4c32p/kai_matmul_clamp_f32_qsi8d32p4x8_qai4c32p4x8_8x4_neon_i8mm.c.o
  [1279/5650] Building C object third_party/kleidiai/CMakeFiles/kleidiai.dir/kai/ukernels/matmul/matmul_clamp_bf16_qai8dxp_qsi4cxp/kai_matmul_clamp_bf16_qai8dxp4x8_qsi4cxp8x8_8x8_neon_i8mm.c.o
  [1280/5650] Building C object third_party/kleidiai/CMakeFiles/kleidiai.dir/kai/ukernels/matmul/matmul_clamp_bf16_qai8dxp_qsi4c32p/kai_matmul_clamp_bf16_qai8dxp4x8_qsi4c32p4x8_16x4_neon_i8mm.c.o
  [1281/5650] Building ASM object third_party/kleidiai/CMakeFiles/kleidiai.dir/kai/kai_common_sme_asm.S.o
  [1282/5650] Building C object third_party/kleidiai/CMakeFiles/kleidiai.dir/kai/ukernels/matmul/matmul_clamp_f32_qai8dxp_qsi4cxp/kai_matmul_clamp_f32_qai8dxp4x8_qsi4cxp4x8_4x4x32_neon_i8mm.c.o
  [1283/5650] Building C object third_party/kleidiai/CMakeFiles/kleidiai.dir/kai/ukernels/matmul/matmul_clamp_f32_qai8dxp_qsi4cxp/kai_matmul_clamp_f32_qai8dxp4x8_qsi4cxp8x8_4x8x32_neon_i8mm.c.o
  [1284/5650] Building C object third_party/kleidiai/CMakeFiles/kleidiai.dir/kai/ukernels/matmul/matmul_clamp_f32_qai8dxp_qsi4cxp/kai_matmul_clamp_f32_qai8dxp4x8_qsi4cxp4x8_8x4x32_neon_i8mm.c.o
  [1285/5650] Building C object third_party/kleidiai/CMakeFiles/kleidiai.dir/kai/ukernels/matmul/matmul_clamp_f32_qai8dxp_qsi4cxp/kai_matmul_clamp_f32_qai8dxp4x8_qsi4cxp8x8_8x8x32_neon_i8mm.c.o
  [1286/5650] Building C object third_party/kleidiai/CMakeFiles/kleidiai.dir/kai/ukernels/matmul/matmul_clamp_f32_qai8dxp_qsi8cxp/kai_matmul_clamp_f32_qai8dxp4x8_qsi8cxp4x8_16x4_neon_i8mm.c.o
  [1287/5650] Building ASM object third_party/kleidiai/CMakeFiles/kleidiai.dir/kai/ukernels/matmul/imatmul_clamp_f16_f16p_f16p/kai_imatmul_clamp_f16_f16p2vlx2_f16p2vlx2b_2vlx2vl_sme_mopa_asm.S.o
  [1288/5650] Building ASM object third_party/kleidiai/CMakeFiles/kleidiai.dir/kai/ukernels/matmul/imatmul_clamp_f32_f32p_f32p/kai_imatmul_clamp_f32_f32p2vlx1_f32p2vlx1b_2vlx2vl_sme_mopa_asm.S.o
  [1289/5650] Building C object third_party/kleidiai/CMakeFiles/kleidiai.dir/kai/ukernels/matmul/matmul_clamp_f32_qsi8d32p_qsi4c32p/kai_matmul_clamp_f32_qsi8d32p4x8_qsi4c32p4x8_16x4_neon_i8mm.c.o
  [1290/5650] Building C object third_party/kleidiai/CMakeFiles/kleidiai.dir/kai/ukernels/matmul/matmul_clamp_f32_qsi8d32p_qsi4c32p/kai_matmul_clamp_f32_qsi8d32p4x8_qsi4c32p4x8_8x4x32_neon_i8mm.c.o
  [1291/5650] Building C object third_party/kleidiai/CMakeFiles/kleidiai.dir/kai/ukernels/dwconv/pack/kai_rhs_dwconv_pack_x32p1vlx1b_x32_x32_sme.c.o
  [1292/5650] Building ASM object third_party/kleidiai/CMakeFiles/kleidiai.dir/kai/ukernels/matmul/imatmul_clamp_qai8_qai8p_qsi8cxp/kai_imatmul_clamp_qai8_qai8p2vlx4_qsi8cxp2vlx4sb_2vlx2vl_sme_mopa_asm.S.o
  [1293/5650] Building C object third_party/kleidiai/CMakeFiles/kleidiai.dir/kai/ukernels/matmul/imatmul_clamp_f16_f16p_f16p/kai_imatmul_clamp_f16_f16p2vlx2_f16p2vlx2b_2vlx2vl_sme_mopa.c.o
  [1294/5650] Building ASM object third_party/kleidiai/CMakeFiles/kleidiai.dir/kai/ukernels/matmul/matmul_clamp_f16_f16_f16p/kai_matmul_clamp_f16_f16_f16p2vlx2b_1x8vl_sme_mla_asm.S.o
  [1295/5650] Building ASM object third_party/kleidiai/CMakeFiles/kleidiai.dir/kai/ukernels/matmul/matmul_clamp_f16_f16p_f16p/kai_matmul_clamp_f16_f16p2vlx2_f16p2vlx2b_2vlx2vl_sme_mopa_asm.S.o
  [1296/5650] Building C object third_party/kleidiai/CMakeFiles/kleidiai.dir/kai/ukernels/matmul/imatmul_clamp_f32_f32p_f32p/kai_imatmul_clamp_f32_f32p2vlx1_f32p2vlx1b_2vlx2vl_sme_mopa.c.o
  [1297/5650] Building C object third_party/kleidiai/CMakeFiles/kleidiai.dir/kai/ukernels/matmul/imatmul_clamp_qai8_qai8p_qsi8cxp/kai_imatmul_clamp_qai8_qai8p2vlx4_qsi8cxp2vlx4sb_2vlx2vl_sme_mopa.c.o
  [1298/5650] Building ASM object third_party/kleidiai/CMakeFiles/kleidiai.dir/kai/ukernels/matmul/matmul_clamp_f32_f32_f32p/kai_matmul_clamp_f32_f32_f32p2vlx1b_1x8vl_sme_mla_asm.S.o
  [1299/5650] Building ASM object third_party/kleidiai/CMakeFiles/kleidiai.dir/kai/ukernels/matmul/matmul_clamp_f32_f32p_f32p/kai_matmul_clamp_f32_f32p2vlx1_f32p2vlx1b_2vlx2vl_sme_mopa_asm.S.o
  [1300/5650] Building C object third_party/kleidiai/CMakeFiles/kleidiai.dir/kai/ukernels/matmul/matmul_clamp_f16_f16_f16p/kai_matmul_clamp_f16_f16_f16p2vlx2b_1x8vl_sme_mla.c.o
  [1301/5650] Building ASM object third_party/kleidiai/CMakeFiles/kleidiai.dir/kai/ukernels/matmul/matmul_clamp_f32_qai8dxp_qsi8cxp/kai_matmul_clamp_f32_qai8dxp1x4_qsi8cxp4vlx4_1x4vl_sme_dot_asm.S.o
  [1302/5650] Building C object third_party/kleidiai/CMakeFiles/kleidiai.dir/kai/ukernels/matmul/matmul_clamp_f16_f16p_f16p/kai_matmul_clamp_f16_f16p2vlx2_f16p2vlx2b_2vlx2vl_sme_mopa.c.o
  [1303/5650] Building ASM object third_party/kleidiai/CMakeFiles/kleidiai.dir/kai/ukernels/matmul/matmul_clamp_f32_qai8dxp_qsi8cxp/kai_matmul_clamp_f32_qai8dxp1vlx4_qsi8cxp4vlx4_1vlx4vl_sme_mopa_asm.S.o
  [1304/5650] Building ASM object third_party/kleidiai/CMakeFiles/kleidiai.dir/kai/ukernels/matmul/pack/kai_lhs_imatmul_pack_x16p2vlx2_x16p_sme_asm.S.o
  [1305/5650] Building ASM object third_party/kleidiai/CMakeFiles/kleidiai.dir/kai/ukernels/matmul/matmul_clamp_qai8_qai8p_qsi8cxp/kai_matmul_clamp_qai8_qai8p2vlx4_qsi8cxp2vlx4sb_2vlx2vl_sme_mopa_asm.S.o
  [1306/5650] Building C object third_party/kleidiai/CMakeFiles/kleidiai.dir/kai/ukernels/matmul/matmul_clamp_f32_f32_f32p/kai_matmul_clamp_f32_f32_f32p2vlx1b_1x8vl_sme_mla.c.o
  [1307/5650] Building C object third_party/kleidiai/CMakeFiles/kleidiai.dir/kai/ukernels/matmul/matmul_clamp_f32_qai8dxp_qsi8cxp/kai_matmul_clamp_f32_qai8dxp1x4_qsi8cxp4vlx4_1x4vl_sme_dot.c.o
  [1308/5650] Building C object third_party/kleidiai/CMakeFiles/kleidiai.dir/kai/ukernels/matmul/matmul_clamp_f32_qai8dxp_qsi8cxp/kai_matmul_clamp_f32_qai8dxp1vlx4_qsi8cxp4vlx4_1vlx4vl_sme_mopa.c.o
  [1309/5650] Building C object third_party/kleidiai/CMakeFiles/kleidiai.dir/kai/ukernels/matmul/matmul_clamp_f32_f32p_f32p/kai_matmul_clamp_f32_f32p2vlx1_f32p2vlx1b_2vlx2vl_sme_mopa.c.o
  [1310/5650] Building ASM object third_party/kleidiai/CMakeFiles/kleidiai.dir/kai/ukernels/matmul/pack/kai_lhs_imatmul_pack_x32p2vlx1_x32p_sme_asm.S.o
  [1311/5650] Building ASM object third_party/kleidiai/CMakeFiles/kleidiai.dir/kai/ukernels/matmul/pack/kai_lhs_imatmul_pack_x8p2vlx4_x8p_sme_asm.S.o
  [1312/5650] Building C object third_party/kleidiai/CMakeFiles/kleidiai.dir/kai/ukernels/matmul/matmul_clamp_qai8_qai8p_qsi8cxp/kai_matmul_clamp_qai8_qai8p2vlx4_qsi8cxp2vlx4sb_2vlx2vl_sme_mopa.c.o
  [1313/5650] Building ASM object third_party/kleidiai/CMakeFiles/kleidiai.dir/kai/ukernels/matmul/pack/kai_lhs_pack_f32p2vlx1_f32_sme_asm.S.o
  [1314/5650] Building C object third_party/kleidiai/CMakeFiles/kleidiai.dir/kai/ukernels/matmul/pack/kai_lhs_imatmul_pack_x16p2vlx2_x16p_sme.c.o
  [1315/5650] Building C object third_party/kleidiai/CMakeFiles/kleidiai.dir/kai/ukernels/matmul/pack/kai_lhs_imatmul_pack_x32p2vlx1_x32p_sme.c.o
  [1316/5650] Building ASM object third_party/kleidiai/CMakeFiles/kleidiai.dir/kai/ukernels/matmul/pack/kai_lhs_pack_x16p2vlx2_x16_sme_asm.S.o
  [1317/5650] Building ASM object third_party/kleidiai/CMakeFiles/kleidiai.dir/kai/ukernels/matmul/pack/kai_lhs_pack_x8p2vlx4_x8_sme_asm.S.o
  [1318/5650] Building C object third_party/kleidiai/CMakeFiles/kleidiai.dir/kai/ukernels/matmul/pack/kai_lhs_imatmul_pack_x8p2vlx4_x8p_sme.c.o
  [1319/5650] Building ASM object third_party/kleidiai/CMakeFiles/kleidiai.dir/kai/ukernels/matmul/pack/kai_rhs_imatmul_pack_kxn_qsi8cxp2vlx4sb_qs8cx_f32_i32_sme_asm.S.o
  [1320/5650] Building ASM object third_party/kleidiai/CMakeFiles/kleidiai.dir/kai/ukernels/matmul/pack/kai_rhs_imatmul_pack_kxn_x16p2vlx2b_x16_x16_sme_asm.S.o
  [1321/5650] Building C object third_party/kleidiai/CMakeFiles/kleidiai.dir/kai/ukernels/matmul/pack/kai_lhs_pack_f32p2vlx1_f32_sme.c.o
  [1322/5650] Building C object third_party/kleidiai/CMakeFiles/kleidiai.dir/kai/ukernels/matmul/pack/kai_lhs_pack_x8p2vlx4_x8_sme.c.o
  [1323/5650] Building C object third_party/kleidiai/CMakeFiles/kleidiai.dir/kai/ukernels/matmul/pack/kai_lhs_pack_x16p2vlx2_x16_sme.c.o
  [1324/5650] Building ASM object third_party/kleidiai/CMakeFiles/kleidiai.dir/kai/ukernels/matmul/pack/kai_rhs_imatmul_pack_kxn_x32p2vlx1b_x32_x32_sme_asm.S.o
  [1325/5650] Building ASM object third_party/kleidiai/CMakeFiles/kleidiai.dir/kai/ukernels/matmul/pack/kai_rhs_pack_kxn_f32p16vlx1b_f32_f32_sme_asm.S.o
  [1326/5650] Building C object third_party/kleidiai/CMakeFiles/kleidiai.dir/kai/ukernels/matmul/pack/kai_rhs_imatmul_pack_kxn_qsi8cxp2vlx4sb_qs8cx_f32_i32_sme.c.o
  [1327/5650] Building C object third_party/kleidiai/CMakeFiles/kleidiai.dir/kai/ukernels/matmul/pack/kai_rhs_imatmul_pack_kxn_x16p2vlx2b_x16_x16_sme.c.o
  [1328/5650] Building C object third_party/kleidiai/CMakeFiles/kleidiai.dir/kai/ukernels/matmul/pack/kai_rhs_imatmul_pack_kxn_x32p2vlx1b_x32_x32_sme.c.o
  [1329/5650] Building C object third_party/kleidiai/CMakeFiles/kleidiai.dir/kai/ukernels/matmul/pack/kai_rhs_pack_kxn_f32p16vlx1b_f32_f32_sme.c.o
  [1330/5650] Building ASM object third_party/kleidiai/CMakeFiles/kleidiai.dir/kai/ukernels/matmul/pack/kai_rhs_pack_kxn_f32p2vlx1biasf32_f32_f32_sme_asm.S.o
  [1331/5650] Building ASM object third_party/kleidiai/CMakeFiles/kleidiai.dir/kai/ukernels/matmul/pack/kai_rhs_pack_kxn_qsi8cxp2vlx4sb_qs8cx_f32_i32_sme_asm.S.o
  [1332/5650] Building ASM object third_party/kleidiai/CMakeFiles/kleidiai.dir/kai/ukernels/matmul/pack/kai_rhs_pack_kxn_x16p2vlx2b_x16_x16_sme_asm.S.o
  [1333/5650] Building C object third_party/kleidiai/CMakeFiles/kleidiai.dir/kai/ukernels/matmul/pack/kai_rhs_pack_kxn_f32p2vlx1biasf32_f32_f32_sme.c.o
  [1334/5650] Building ASM object third_party/kleidiai/CMakeFiles/kleidiai.dir/kai/ukernels/matmul/pack/kai_rhs_pack_nxk_f32p2vlx1biasf32_f32_f32_sme_asm.S.o
  [1335/5650] Building ASM object third_party/kleidiai/CMakeFiles/kleidiai.dir/kai/ukernels/matmul/pack/kai_rhs_pack_nxk_x16p2vlx2b_x16_x16_sme_asm.S.o
  [1336/5650] Building C object third_party/kleidiai/CMakeFiles/kleidiai.dir/kai/ukernels/matmul/pack/kai_rhs_pack_kxn_qsi8cxp2vlx4sb_qs8cx_f32_i32_sme.c.o
  [1337/5650] Building C object third_party/kleidiai/CMakeFiles/kleidiai.dir/kai/ukernels/matmul/pack/kai_rhs_pack_kxn_x16p2vlx2b_x16_x16_sme.c.o
  [1338/5650] Building C object third_party/kleidiai/CMakeFiles/kleidiai.dir/kai/ukernels/matmul/pack/kai_rhs_pack_nxk_f32p2vlx1biasf32_f32_f32_sme.c.o
  [1339/5650] Building ASM object third_party/kleidiai/CMakeFiles/kleidiai.dir/kai/ukernels/dwconv/dwconv_f32_f32_f32p/kai_dwconv_clamp_f32_f32_f32p1vlx1b_3x3_s1_4xc_sme2_mla_asm.S.o
  [1340/5650] Building ASM object third_party/kleidiai/CMakeFiles/kleidiai.dir/kai/ukernels/matmul/imatmul_clamp_f16_f16p_f16p/kai_imatmul_clamp_f16_f16p2vlx2_f16p2vlx2_2vlx2vl_sme2_mopa_asm.S.o
  [1341/5650] Building ASM object third_party/kleidiai/CMakeFiles/kleidiai.dir/kai/ukernels/matmul/imatmul_clamp_f32_f32p_f32p/kai_imatmul_clamp_f32_f32p2vlx1_f32p2vlx1b_2vlx2vl_sme2_mopa_asm.S.o
  [1342/5650] Building C object third_party/kleidiai/CMakeFiles/kleidiai.dir/kai/ukernels/matmul/pack/kai_rhs_pack_nxk_x16p2vlx2b_x16_x16_sme.c.o
  [1343/5650] Building ASM object third_party/kleidiai/CMakeFiles/kleidiai.dir/kai/ukernels/matmul/imatmul_clamp_qai8_qai8p_qsi8cxp/kai_imatmul_clamp_qai8_qai8p2vlx4_qsi8cxpsb2vlx4_2vlx2vl_sme2_mopa_asm.S.o
  [1344/5650] Building ASM object third_party/kleidiai/CMakeFiles/kleidiai.dir/kai/ukernels/matmul/matmul_clamp_f16_f16_f16p/kai_matmul_clamp_f16_f16_f16p2vlx2b_1x16vl_sme2_dot_asm.S.o
  [1345/5650] Building C object third_party/kleidiai/CMakeFiles/kleidiai.dir/kai/ukernels/dwconv/dwconv_f32_f32_f32p/kai_dwconv_clamp_f32_f32_f32p1vlx1b_3x3_s1_4xc_sme2_mla.c.o
  [1346/5650] Building C object third_party/kleidiai/CMakeFiles/kleidiai.dir/kai/ukernels/matmul/imatmul_clamp_f16_f16p_f16p/kai_imatmul_clamp_f16_f16p2vlx2_f16p2vlx2_2vlx2vl_sme2_mopa.c.o
  [1347/5650] Building C object third_party/kleidiai/CMakeFiles/kleidiai.dir/kai/ukernels/matmul/imatmul_clamp_f32_f32p_f32p/kai_imatmul_clamp_f32_f32p2vlx1_f32p2vlx1b_2vlx2vl_sme2_mopa.c.o
  [1348/5650] Building ASM object third_party/kleidiai/CMakeFiles/kleidiai.dir/kai/ukernels/matmul/matmul_clamp_f16_f16p_f16p/kai_matmul_clamp_f16_f16p2vlx2_f16p2vlx2_2vlx2vl_sme2_mopa_asm.S.o
  [1349/5650] Building C object third_party/kleidiai/CMakeFiles/kleidiai.dir/kai/ukernels/matmul/imatmul_clamp_qai8_qai8p_qsi8cxp/kai_imatmul_clamp_qai8_qai8p2vlx4_qsi8cxpsb2vlx4_2vlx2vl_sme2_mopa.c.o
  [1350/5650] Building ASM object third_party/kleidiai/CMakeFiles/kleidiai.dir/kai/ukernels/matmul/matmul_clamp_f16_qsi8d32p_qai4c32p/kai_matmul_clamp_f16_qsi8d32p1vlx4_qai4c32p4vlx4_1vlx4vl_sme2_mopa_asm.S.o
  [1351/5650] Building C object third_party/kleidiai/CMakeFiles/kleidiai.dir/kai/ukernels/matmul/matmul_clamp_f16_f16_f16p/kai_matmul_clamp_f16_f16_f16p2vlx2b_1x16vl_sme2_dot.c.o
  [1352/5650] Building ASM object third_party/kleidiai/CMakeFiles/kleidiai.dir/kai/ukernels/matmul/matmul_clamp_f16_qsi8d32p_qai4c32p/kai_matmul_clamp_f16_qsi8d32p1x4_qai4c32p4vlx4_1x4vl_sme2_dot_asm.S.o
  [1353/5650] Building ASM object third_party/kleidiai/CMakeFiles/kleidiai.dir/kai/ukernels/matmul/matmul_clamp_f32_f32_f32p/kai_matmul_clamp_f32_f32_f32p16vlx1b_1x16vl_sme2_mla_asm.S.o
  [1354/5650] Building C object third_party/kleidiai/CMakeFiles/kleidiai.dir/kai/ukernels/matmul/matmul_clamp_f16_f16p_f16p/kai_matmul_clamp_f16_f16p2vlx2_f16p2vlx2_2vlx2vl_sme2_mopa.c.o
  [1355/5650] Building ASM object third_party/kleidiai/CMakeFiles/kleidiai.dir/kai/ukernels/matmul/matmul_clamp_f32_f32_f32p/kai_matmul_clamp_f32_f32_f32p2vlx1b_1x16vl_sme2_mla_asm.S.o
  [1356/5650] Building ASM object third_party/kleidiai/CMakeFiles/kleidiai.dir/kai/ukernels/matmul/matmul_clamp_f32_f32p_f32p/kai_matmul_clamp_f32_f32p2vlx1_f32p2vlx1biasf32_sme2_mopa_asm.S.o
  [1357/5650] Building C object third_party/kleidiai/CMakeFiles/kleidiai.dir/kai/ukernels/matmul/matmul_clamp_f16_qsi8d32p_qai4c32p/kai_matmul_clamp_f16_qsi8d32p1x4_qai4c32p4vlx4_1x4vl_sme2_dot.c.o
  [1358/5650] Building C object third_party/kleidiai/CMakeFiles/kleidiai.dir/kai/ukernels/matmul/matmul_clamp_f32_f32_f32p/kai_matmul_clamp_f32_f32_f32p16vlx1b_1x16vl_sme2_mla.c.o
  [1359/5650] Building ASM object third_party/kleidiai/CMakeFiles/kleidiai.dir/kai/ukernels/matmul/matmul_clamp_f32_qai8dxp_qsi8cxp/kai_matmul_clamp_f32_qai8dxp1vlx4_qsi8cxp4vlx4_1vlx4vl_sme2_mopa_asm.S.o
  [1360/5650] Building C object third_party/kleidiai/CMakeFiles/kleidiai.dir/kai/ukernels/matmul/matmul_clamp_f32_f32_f32p/kai_matmul_clamp_f32_f32_f32p2vlx1b_1x16vl_sme2_mla.c.o
  [1361/5650] Building C object third_party/kleidiai/CMakeFiles/kleidiai.dir/kai/ukernels/matmul/matmul_clamp_f32_f32p_f32p/kai_matmul_clamp_f32_f32p2vlx1_f32p2vlx1biasf32_sme2_mopa.c.o
  [1362/5650] Building C object third_party/kleidiai/CMakeFiles/kleidiai.dir/kai/ukernels/matmul/matmul_clamp_f16_qsi8d32p_qai4c32p/kai_matmul_clamp_f16_qsi8d32p1vlx4_qai4c32p4vlx4_1vlx4vl_sme2_mopa.c.o
  [1363/5650] Building ASM object third_party/kleidiai/CMakeFiles/kleidiai.dir/kai/ukernels/matmul/matmul_clamp_f32_qai8dxp_qsi8cxp/kai_matmul_clamp_f32_qai8dxp1x4_qsi8cxp4vlx4_1x4vl_sme2_dot_asm.S.o
  [1364/5650] Building C object third_party/kleidiai/CMakeFiles/kleidiai.dir/kai/ukernels/matmul/matmul_clamp_f32_qai8dxp_qsi8cxp/kai_matmul_clamp_f32_qai8dxp1vlx4_qsi8cxp4vlx4_1vlx4vl_sme2_mopa.c.o
  [1365/5650] Building ASM object third_party/kleidiai/CMakeFiles/kleidiai.dir/kai/ukernels/matmul/matmul_clamp_f32_qsi8d32p_qai4c32p/kai_matmul_clamp_f32_qsi8d32p1vlx4_qai4c32p4vlx4_1vlx4vl_sme2_mopa_asm.S.o
  [1366/5650] Building ASM object third_party/kleidiai/CMakeFiles/kleidiai.dir/kai/ukernels/matmul/matmul_clamp_f32_qsi8d32p_qai4c32p/kai_matmul_clamp_f32_qsi8d32p1x4_qai4c32p4vlx4_1x4vl_sme2_dot_asm.S.o
  [1367/5650] Building ASM object third_party/kleidiai/CMakeFiles/kleidiai.dir/kai/ukernels/matmul/matmul_clamp_fp32_bf16p_bf16p/kai_matmul_clamp_f32_bf16p2vlx2_bf16p2vlx2_2vlx2vl_sme2_mopa_asm.S.o
  [1368/5650] Building C object third_party/kleidiai/CMakeFiles/kleidiai.dir/kai/ukernels/matmul/matmul_clamp_f32_qai8dxp_qsi8cxp/kai_matmul_clamp_f32_qai8dxp1x4_qsi8cxp4vlx4_1x4vl_sme2_dot.c.o
  [1369/5650] Building ASM object third_party/kleidiai/CMakeFiles/kleidiai.dir/kai/ukernels/matmul/matmul_clamp_qai8_qai8_qsi8cxp/kai_matmul_clamp_qai8_qai8_qsi8cxp2vlx4sb_1x16vl_sme2_dot_asm.S.o
  [1370/5650] Building CXX object third_party/onnx/CMakeFiles/onnx.dir/onnx/defs/tensor/defs.cc.o
  [1371/5650] Building C object third_party/kleidiai/CMakeFiles/kleidiai.dir/kai/ukernels/matmul/matmul_clamp_f32_qsi8d32p_qai4c32p/kai_matmul_clamp_f32_qsi8d32p1x4_qai4c32p4vlx4_1x4vl_sme2_dot.c.o
  [1372/5650] Building ASM object third_party/kleidiai/CMakeFiles/kleidiai.dir/kai/ukernels/matmul/matmul_clamp_qai8_qai8p_qsi8cxp/kai_matmul_clamp_qai8_qai8p2vlx4_qsi8cxpsb2vlx4_2vlx2vl_sme2_mopa_asm.S.o
  [1373/5650] Building C object third_party/kleidiai/CMakeFiles/kleidiai.dir/kai/ukernels/matmul/matmul_clamp_f32_qsi8d32p_qai4c32p/kai_matmul_clamp_f32_qsi8d32p1vlx4_qai4c32p4vlx4_1vlx4vl_sme2_mopa.c.o
  [1374/5650] Building C object third_party/kleidiai/CMakeFiles/kleidiai.dir/kai/ukernels/matmul/matmul_clamp_qai8_qai8_qsi8cxp/kai_matmul_clamp_qai8_qai8_qsi8cxp2vlx4sb_1x16vl_sme2_dot.c.o
  [1375/5650] Building C object third_party/kleidiai/CMakeFiles/kleidiai.dir/kai/ukernels/matmul/matmul_clamp_fp32_bf16p_bf16p/kai_matmul_clamp_f32_bf16p2vlx2_bf16p2vlx2_2vlx2vl_sme2_mopa.c.o
  [1376/5650] Building C object third_party/kleidiai/CMakeFiles/kleidiai.dir/kai/ukernels/matmul/matmul_clamp_qai8_qai8p_qsi8cxp/kai_matmul_clamp_qai8_qai8p2vlx4_qsi8cxpsb2vlx4_2vlx2vl_sme2_mopa.c.o
  [1377/5650] Building C object third_party/kleidiai/CMakeFiles/kleidiai.dir/kai/ukernels/matmul/matmul_clamp_f32_qai8dxp_qsi4cxp/kai_matmul_clamp_f32_qai8dxp1x4_qsi4cxp4vlx4_1x4vl_sme2_sdot.c.o
  [1378/5650] Building C object third_party/kleidiai/CMakeFiles/kleidiai.dir/kai/ukernels/matmul/pack/kai_lhs_pack_bf16p2vlx2_f32_sme.c.o
  [1379/5650] Building C object third_party/kleidiai/CMakeFiles/kleidiai.dir/kai/ukernels/matmul/matmul_clamp_f32_qsi8d32p_qsi4c32p/kai_matmul_clamp_f32_qsi8d32p1vlx4_qsi4c32p4vlx4_1vlx4vl_sme2_mopa.c.o
  [1380/5650] Building C object third_party/kleidiai/CMakeFiles/kleidiai.dir/kai/ukernels/matmul/matmul_clamp_f32_qai8dxp_qsi4cxp/kai_matmul_clamp_f32_qai8dxp1vlx8_qsi4cxp4vlx8_1vlx4vl_sme2_mopa.c.o
  [1381/5650] Building C object third_party/kleidiai/CMakeFiles/kleidiai.dir/kai/ukernels/matmul/matmul_clamp_f32_qsi8d32p_qsi4c32p/kai_matmul_clamp_f32_qsi8d32p1x4_qsi4c32p4vlx4_1x4vl_sme2_sdot.c.o
  [1382/5650] Building C object third_party/kleidiai/CMakeFiles/kleidiai.dir/kai/ukernels/matmul/pack/kai_rhs_pack_kxn_bf16p2vlx2b_f32_x32_sme.c.o
  [1383/5650] Building CXX object third_party/kineto/libkineto/CMakeFiles/kineto_api.dir/src/ThreadUtil.cpp.o
  /Users/wen/test/pytorch/third_party/kineto/libkineto/src/ThreadUtil.cpp:87:23: warning: 'syscall' is deprecated: first deprecated in macOS 10.12 - syscall(2) is unsupported; please switch to a supported interface. For SYS_kdebug_trace use kdebug_signpost(). [-Wdeprecated-declarations]
     87 |     sysTid = (int32_t)syscall(SYS_thread_selfid);
        |                       ^
  /Library/Developer/CommandLineTools/SDKs/MacOSX.sdk/usr/include/unistd.h:744:6: note: 'syscall' has been explicitly marked deprecated here
    744 | int      syscall(int, ...);
        |          ^
  1 warning generated.
  [1384/5650] Building CXX object third_party/kineto/libkineto/CMakeFiles/kineto_base.dir/src/ApproximateClock.cpp.o
  [1385/5650] Building CXX object third_party/kineto/libkineto/CMakeFiles/kineto_base.dir/src/DaemonConfigLoader.cpp.o
  [1386/5650] Building CXX object third_party/kineto/libkineto/CMakeFiles/kineto_api.dir/src/libkineto_api.cpp.o
  [1387/5650] Building CXX object third_party/kineto/libkineto/CMakeFiles/kineto_base.dir/src/Demangle.cpp.o
  [1388/5650] Building CXX object third_party/kineto/libkineto/CMakeFiles/kineto_base.dir/src/ConfigLoader.cpp.o
  [1389/5650] Building CXX object third_party/kineto/libkineto/CMakeFiles/kineto_base.dir/src/CuptiActivityApi.cpp.o
  [1390/5650] Building CXX object third_party/kineto/libkineto/CMakeFiles/kineto_base.dir/src/DeviceUtil.cpp.o
  [1391/5650] Building CXX object third_party/kineto/libkineto/CMakeFiles/kineto_base.dir/src/DeviceProperties.cpp.o
  [1392/5650] Building CXX object third_party/kineto/libkineto/CMakeFiles/kineto_base.dir/src/IpcFabricConfigClient.cpp.o
  [1393/5650] Building CXX object third_party/kineto/libkineto/CMakeFiles/kineto_base.dir/src/LoggingAPI.cpp.o
  [1394/5650] Building CXX object third_party/kineto/libkineto/CMakeFiles/kineto_base.dir/src/ActivityType.cpp.o
  [1395/5650] Building CXX object third_party/kineto/libkineto/CMakeFiles/kineto_base.dir/src/AbstractConfig.cpp.o
  [1396/5650] Building CXX object third_party/kineto/libkineto/CMakeFiles/kineto_base.dir/src/init.cpp.o
  [1397/5650] Building CXX object third_party/kineto/libkineto/CMakeFiles/kineto_base.dir/src/ActivityProfilerProxy.cpp.o
  [1398/5650] Building CXX object third_party/kineto/libkineto/CMakeFiles/kineto_base.dir/src/Config.cpp.o
  [1399/5650] Building CXX object c10/CMakeFiles/c10.dir/core/Allocator.cpp.o
  [1400/5650] Building CXX object third_party/kineto/libkineto/CMakeFiles/kineto_base.dir/src/ILoggerObserver.cpp.o
  [1401/5650] Building CXX object third_party/kineto/libkineto/CMakeFiles/kineto_base.dir/src/GenericTraceActivity.cpp.o
  [1402/5650] Building CXX object c10/CMakeFiles/c10.dir/core/AutogradState.cpp.o
  [1403/5650] Building CXX object c10/CMakeFiles/c10.dir/core/CachingDeviceAllocator.cpp.o
  [1404/5650] Building CXX object c10/CMakeFiles/c10.dir/core/AllocatorConfig.cpp.o
  [1405/5650] Building CXX object third_party/kineto/libkineto/CMakeFiles/kineto_base.dir/src/ActivityProfilerController.cpp.o
  [1406/5650] Building CXX object c10/CMakeFiles/c10.dir/core/ConstantSymNodeImpl.cpp.o
  [1407/5650] Building CXX object c10/CMakeFiles/c10.dir/core/CopyBytes.cpp.o
  [1408/5650] Building CXX object third_party/kineto/libkineto/CMakeFiles/kineto_base.dir/src/Logger.cpp.o
  [1409/5650] Building CXX object third_party/onnx/CMakeFiles/onnx.dir/onnx/version_converter/convert.cc.o
  [1410/5650] Building CXX object c10/CMakeFiles/c10.dir/core/CPUAllocator.cpp.o
  [1411/5650] Building CXX object c10/CMakeFiles/c10.dir/core/DeviceType.cpp.o
  [1412/5650] Building CXX object c10/CMakeFiles/c10.dir/core/Device.cpp.o
  [1413/5650] Building CXX object c10/CMakeFiles/c10.dir/core/DefaultDtype.cpp.o
  [1414/5650] Building CXX object c10/CMakeFiles/c10.dir/core/DispatchKeySet.cpp.o
  [1415/5650] Building CXX object third_party/onnx/CMakeFiles/onnx.dir/onnx/defs/tensor/old.cc.o
  [1416/5650] Building CXX object c10/CMakeFiles/c10.dir/core/GradMode.cpp.o
  [1417/5650] Building CXX object third_party/kineto/libkineto/CMakeFiles/kineto_base.dir/src/CuptiActivityProfiler.cpp.o
  [1418/5650] Building CXX object third_party/kineto/libkineto/CMakeFiles/kineto_base.dir/src/output_csv.cpp.o
  [1419/5650] Building CXX object c10/CMakeFiles/c10.dir/core/InferenceMode.cpp.o
  [1420/5650] Building CXX object c10/CMakeFiles/c10.dir/core/SafePyObject.cpp.o
  [1421/5650] Building CXX object c10/CMakeFiles/c10.dir/core/RefcountedDeleter.cpp.o
  [1422/5650] Building CXX object c10/CMakeFiles/c10.dir/core/Scalar.cpp.o
  [1423/5650] Building CXX object c10/CMakeFiles/c10.dir/core/GeneratorImpl.cpp.o
  [1424/5650] Building CXX object c10/CMakeFiles/c10.dir/core/Storage.cpp.o
  [1425/5650] Building CXX object c10/CMakeFiles/c10.dir/core/SymBool.cpp.o
  [1426/5650] Building CXX object c10/CMakeFiles/c10.dir/core/SymFloat.cpp.o
  [1427/5650] Building CXX object third_party/kineto/libkineto/CMakeFiles/kineto_base.dir/src/output_json.cpp.o
  [1428/5650] Building CXX object c10/CMakeFiles/c10.dir/core/Stream.cpp.o
  [1429/5650] Building CXX object c10/CMakeFiles/c10.dir/core/StorageImpl.cpp.o
  [1430/5650] Building CXX object c10/CMakeFiles/c10.dir/core/ScalarType.cpp.o
  [1431/5650] Building CXX object c10/CMakeFiles/c10.dir/core/SymIntArrayRef.cpp.o
  [1432/5650] Building CXX object c10/CMakeFiles/c10.dir/core/SymNodeImpl.cpp.o
  [1433/5650] Building CXX object c10/CMakeFiles/c10.dir/core/impl/HermeticPyObjectTLS.cpp.o
  [1434/5650] Building CXX object c10/CMakeFiles/c10.dir/core/SymInt.cpp.o
  [1435/5650] Building CXX object c10/CMakeFiles/c10.dir/core/DispatchKey.cpp.o
  [1436/5650] Building CXX object c10/CMakeFiles/c10.dir/core/impl/COWDeleter.cpp.o
  [1437/5650] Building CXX object c10/CMakeFiles/c10.dir/core/WrapDimMinimal.cpp.o
  [1438/5650] Building CXX object c10/CMakeFiles/c10.dir/core/impl/GPUTrace.cpp.o
  [1439/5650] Building CXX object c10/CMakeFiles/c10.dir/core/impl/COW.cpp.o
  [1440/5650] Building CXX object c10/CMakeFiles/c10.dir/core/TensorOptions.cpp.o
  [1441/5650] Building CXX object c10/CMakeFiles/c10.dir/core/impl/LocalDispatchKeySet.cpp.o
  [1442/5650] Building CXX object c10/CMakeFiles/c10.dir/core/impl/DeviceGuardImplInterface.cpp.o
  [1443/5650] Building CXX object c10/CMakeFiles/c10.dir/core/SymbolicShapeMeta.cpp.o
  [1444/5650] Building CXX object c10/CMakeFiles/c10.dir/core/UndefinedTensorImpl.cpp.o
  [1445/5650] Building CXX object c10/CMakeFiles/c10.dir/core/impl/SizesAndStrides.cpp.o
  [1446/5650] Building CXX object c10/CMakeFiles/c10.dir/core/impl/PythonDispatcherTLS.cpp.o
  [1447/5650] Building CXX object c10/CMakeFiles/c10.dir/core/impl/PyInterpreterHooks.cpp.o
  [1448/5650] Building CXX object c10/CMakeFiles/c10.dir/util/ApproximateClock.cpp.o
  [1449/5650] Building CXX object c10/CMakeFiles/c10.dir/core/impl/TorchDispatchModeTLS.cpp.o
  [1450/5650] Building CXX object c10/CMakeFiles/c10.dir/core/impl/PyInterpreter.cpp.o
  [1451/5650] Building CXX object c10/CMakeFiles/c10.dir/util/Bfloat16.cpp.o
  [1452/5650] Building CXX object c10/CMakeFiles/c10.dir/mobile/CPUCachingAllocator.cpp.o
  [1453/5650] Building CXX object c10/CMakeFiles/c10.dir/core/impl/alloc_cpu.cpp.o
  [1454/5650] Building CXX object c10/CMakeFiles/c10.dir/core/thread_pool.cpp.o
  [1455/5650] Building CXX object c10/CMakeFiles/c10.dir/util/C++17.cpp.o
  [1456/5650] Building CXX object c10/CMakeFiles/c10.dir/util/Backtrace.cpp.o
  [1457/5650] Building CXX object c10/CMakeFiles/c10.dir/util/DeadlockDetection.cpp.o
  [1458/5650] Building CXX object c10/CMakeFiles/c10.dir/util/Float8_e4m3fn.cpp.o
  [1459/5650] Building CXX object c10/CMakeFiles/c10.dir/util/Float8_e4m3fnuz.cpp.o
  [1460/5650] Building CXX object c10/CMakeFiles/c10.dir/util/Float8_e5m2fnuz.cpp.o
  [1461/5650] Building CXX object c10/CMakeFiles/c10.dir/util/Float8_e8m0fnu.cpp.o
  [1462/5650] Building CXX object c10/CMakeFiles/c10.dir/mobile/CPUProfilingAllocator.cpp.o
  [1463/5650] Building CXX object c10/CMakeFiles/c10.dir/util/DynamicCounter.cpp.o
  [1464/5650] Building CXX object c10/CMakeFiles/c10.dir/util/Float8_e5m2.cpp.o
  [1465/5650] Building CXX object c10/CMakeFiles/c10.dir/util/ParallelGuard.cpp.o
  [1466/5650] Building CXX object c10/CMakeFiles/c10.dir/util/Exception.cpp.o
  [1467/5650] Building CXX object c10/CMakeFiles/c10.dir/util/Optional.cpp.o
  [1468/5650] Building CXX object c10/CMakeFiles/c10.dir/util/Half.cpp.o
  [1469/5650] Building CXX object c10/CMakeFiles/c10.dir/core/TensorImpl.cpp.o
  [1470/5650] Building CXX object c10/CMakeFiles/c10.dir/util/LeftRight.cpp.o
  [1471/5650] Building CXX object c10/CMakeFiles/c10.dir/util/Type_no_demangle.cpp.o
  [1472/5650] Building CXX object c10/CMakeFiles/c10.dir/util/Gauge.cpp.o
  [1473/5650] Building CXX object c10/CMakeFiles/c10.dir/util/Unicode.cpp.o
  [1474/5650] Building CXX object c10/CMakeFiles/c10.dir/util/MathConstants.cpp.o
  [1475/5650] Building CXX object c10/CMakeFiles/c10.dir/util/TypeTraits.cpp.o
  [1476/5650] Building CXX object c10/CMakeFiles/c10.dir/util/TypeList.cpp.o
  [1477/5650] Building CXX object c10/CMakeFiles/c10.dir/util/SmallVector.cpp.o
  [1478/5650] Building CXX object c10/CMakeFiles/c10.dir/util/UniqueVoidPtr.cpp.o
  [1479/5650] Building CXX object c10/CMakeFiles/c10.dir/util/Type_demangle.cpp.o
  [1480/5650] Building CXX object c10/CMakeFiles/c10.dir/util/flags_use_gflags.cpp.o
  [1481/5650] Building CXX object c10/CMakeFiles/c10.dir/util/StringUtil.cpp.o
  [1482/5650] Building CXX object c10/CMakeFiles/c10.dir/util/TypeCast.cpp.o
  [1483/5650] Building CXX object c10/CMakeFiles/c10.dir/util/ThreadLocalDebugInfo.cpp.o
  [1484/5650] Building CXX object c10/CMakeFiles/c10.dir/util/error.cpp.o
  [1485/5650] Building CXX object c10/CMakeFiles/c10.dir/util/complex_math.cpp.o
  [1486/5650] Building CXX object c10/CMakeFiles/c10.dir/util/NetworkFlow.cpp.o
  [1487/5650] Building CXX object c10/CMakeFiles/c10.dir/util/thread_name.cpp.o
  [1488/5650] Building CXX object c10/CMakeFiles/c10.dir/util/intrusive_ptr.cpp.o
  [1489/5650] Building CXX object c10/CMakeFiles/c10.dir/util/WaitCounter.cpp.o
  [1490/5650] Building CXX object c10/CMakeFiles/c10.dir/util/int128.cpp.o
  [1491/5650] Building CXX object c10/CMakeFiles/c10.dir/util/env.cpp.o
  [1492/5650] Building CXX object c10/CMakeFiles/c10.dir/util/flags_use_no_gflags.cpp.o
  [1493/5650] Building CXX object c10/CMakeFiles/c10.dir/util/Logging.cpp.o
  [1494/5650] Building C object sleef/src/libm/CMakeFiles/sleefdetadvsimdnofma.dir/sleefsimdsp.c.o
  [1495/5650] Building C object sleef/src/libm/CMakeFiles/sleefdetadvsimdnofma.dir/sleefsimddp.c.o
  [1496/5650] Building CXX object c10/CMakeFiles/c10.dir/util/numa.cpp.o
  [1497/5650] Building CXX object c10/CMakeFiles/c10.dir/util/signal_handler.cpp.o
  [1498/5650] Building C object sleef/src/libm/CMakeFiles/sleefdetadvsimd.dir/sleefsimdsp.c.o
  [1499/5650] Building C object sleef/src/libm/CMakeFiles/sleefdetpurec_scalar.dir/sleefsimdsp.c.o
  [1500/5650] Building C object sleef/src/libm/CMakeFiles/sleefdetadvsimd.dir/sleefsimddp.c.o
  [1501/5650] Building C object sleef/src/libm/CMakeFiles/sleefdetpurec_scalar.dir/sleefsimddp.c.o
  [1502/5650] Building C object sleef/src/libm/CMakeFiles/sleefpurec_scalar.dir/sleefsimdsp.c.o
  [1503/5650] Building C object sleef/src/libm/CMakeFiles/sleefadvsimdnofma.dir/sleefsimddp.c.o
  [1504/5650] Building C object sleef/src/libm/CMakeFiles/sleefadvsimdnofma.dir/sleefsimdsp.c.o
  [1505/5650] Building C object sleef/src/libm/CMakeFiles/sleef.dir/rempitab.c.o
  [1506/5650] Building C object sleef/src/libm/CMakeFiles/sleefpurec_scalar.dir/sleefsimddp.c.o
  [1507/5650] Building C object sleef/src/libm/CMakeFiles/sleefdetpurecfma_scalar.dir/sleefsimdsp.c.o
  [1508/5650] Building C object sleef/src/libm/CMakeFiles/sleefpurecfma_scalar.dir/sleefsimdsp.c.o
  [1509/5650] Building C object sleef/src/common/CMakeFiles/common.dir/common.c.o
  [1510/5650] Building C object sleef/src/libm/CMakeFiles/sleefpurecfma_scalar.dir/sleefsimddp.c.o
  [1511/5650] Linking C static library lib/libnnpack.a
  [1512/5650] Linking CXX static library lib/libpytorch_qnnpack.a
  [1513/5650] Building C object sleef/src/libm/CMakeFiles/sleefdetpurecfma_scalar.dir/sleefsimddp.c.o
  [1514/5650] Linking CXX static library lib/libXNNPACK.a
  [1515/5650] Linking C static library lib/libkleidiai.a
  [1516/5650] Linking CXX static library lib/libkineto.a
  [1517/5650] Building C object sleef/src/libm/CMakeFiles/sleefadvsimd.dir/sleefsimddp.c.o
  [1518/5650] Building C object sleef/src/libm/CMakeFiles/dispscalar_obj.dir/dispscalar.c.o
  [1519/5650] Building C object sleef/src/libm/CMakeFiles/sleefadvsimd.dir/sleefsimdsp.c.o
  [1520/5650] Linking CXX static library lib/libonnx.a
  [1521/5650] Linking C static library sleef/lib/libsleef.a
  [1522/5650] Building CXX object c10/CMakeFiles/c10.dir/util/typeid.cpp.o
  [1523/5650] Building CXX object third_party/benchmark/src/CMakeFiles/benchmark.dir/benchmark_name.cc.o
  [1524/5650] Building CXX object third_party/benchmark/src/CMakeFiles/benchmark.dir/check.cc.o
  [1525/5650] Building CXX object third_party/benchmark/src/CMakeFiles/benchmark.dir/colorprint.cc.o
  [1526/5650] Building CXX object third_party/googletest/googletest/CMakeFiles/gtest_main.dir/src/gtest_main.cc.o
  [1527/5650] Building CXX object third_party/benchmark/src/CMakeFiles/benchmark.dir/benchmark_api_internal.cc.o
  [1528/5650] Building CXX object c10/CMakeFiles/c10.dir/util/tempfile.cpp.o
  [1529/5650] Linking CXX shared library lib/libc10.dylib
  [1530/5650] Building CXX object third_party/benchmark/src/CMakeFiles/benchmark.dir/counter.cc.o
  [1531/5650] Building CXX object third_party/benchmark/src/CMakeFiles/benchmark.dir/console_reporter.cc.o
  [1532/5650] Building CXX object third_party/benchmark/src/CMakeFiles/benchmark.dir/commandlineflags.cc.o
  [1533/5650] Building CXX object third_party/benchmark/src/CMakeFiles/benchmark.dir/benchmark_runner.cc.o
  [1534/5650] Building CXX object third_party/benchmark/src/CMakeFiles/benchmark.dir/csv_reporter.cc.o
  [1535/5650] Building CXX object third_party/benchmark/src/CMakeFiles/benchmark.dir/complexity.cc.o
  [1536/5650] Building CXX object third_party/benchmark/src/CMakeFiles/benchmark.dir/perf_counters.cc.o
  [1537/5650] Building CXX object third_party/benchmark/src/CMakeFiles/benchmark.dir/benchmark.cc.o
  [1538/5650] Building CXX object third_party/benchmark/src/CMakeFiles/benchmark.dir/json_reporter.cc.o
  [1539/5650] Building CXX object third_party/benchmark/src/CMakeFiles/benchmark.dir/reporter.cc.o
  [1540/5650] Building CXX object third_party/googletest/googlemock/CMakeFiles/gmock.dir/src/gmock-all.cc.o
  [1541/5650] Building CXX object third_party/benchmark/src/CMakeFiles/benchmark.dir/timers.cc.o
  [1542/5650] Regenerating version file...
  [1543/5650] Generating /Users/wen/test/pytorch/torch/utils/data/datapipes/datapipe.pyi
  [1544/5650] Building CXX object third_party/benchmark/src/CMakeFiles/benchmark.dir/string_util.cc.o
  [1545/5650] Building CXX object third_party/benchmark/src/CMakeFiles/benchmark.dir/statistics.cc.o
  [1546/5650] Building CXX object third_party/benchmark/src/CMakeFiles/benchmark.dir/benchmark_register.cc.o
  [1547/5650] Building CXX object third_party/protobuf/cmake/CMakeFiles/libprotobuf-lite.dir/__/src/google/protobuf/arena.cc.o
  [1548/5650] Building CXX object third_party/protobuf/cmake/CMakeFiles/libprotobuf-lite.dir/__/src/google/protobuf/any_lite.cc.o
  [1549/5650] Building CXX object third_party/protobuf/cmake/CMakeFiles/libprotobuf-lite.dir/__/src/google/protobuf/io/io_win32.cc.o
  [1550/5650] Building CXX object third_party/benchmark/src/CMakeFiles/benchmark.dir/sysinfo.cc.o
  [1551/5650] Building CXX object third_party/protobuf/cmake/CMakeFiles/libprotobuf-lite.dir/__/src/google/protobuf/generated_enum_util.cc.o
  [1552/5650] Building CXX object third_party/protobuf/cmake/CMakeFiles/libprotobuf-lite.dir/__/src/google/protobuf/io/zero_copy_stream.cc.o
  [1553/5650] Building CXX object third_party/protobuf/cmake/CMakeFiles/libprotobuf-lite.dir/__/src/google/protobuf/io/strtod.cc.o
  [1554/5650] Building CXX object third_party/protobuf/cmake/CMakeFiles/libprotobuf-lite.dir/__/src/google/protobuf/implicit_weak_message.cc.o
  [1555/5650] Building CXX object third_party/protobuf/cmake/CMakeFiles/libprotobuf-lite.dir/__/src/google/protobuf/io/zero_copy_stream_impl.cc.o
  [1556/5650] Building CXX object third_party/protobuf/cmake/CMakeFiles/libprotobuf-lite.dir/__/src/google/protobuf/io/coded_stream.cc.o
  [1557/5650] Building CXX object third_party/protobuf/cmake/CMakeFiles/libprotobuf-lite.dir/__/src/google/protobuf/io/zero_copy_stream_impl_lite.cc.o
  [1558/5650] Building CXX object third_party/protobuf/cmake/CMakeFiles/libprotobuf-lite.dir/__/src/google/protobuf/stubs/bytestream.cc.o
  [1559/5650] Building CXX object third_party/protobuf/cmake/CMakeFiles/libprotobuf-lite.dir/__/src/google/protobuf/generated_message_util.cc.o
  [1560/5650] Building CXX object third_party/protobuf/cmake/CMakeFiles/libprotobuf-lite.dir/__/src/google/protobuf/stubs/int128.cc.o
  [1561/5650] Building CXX object third_party/protobuf/cmake/CMakeFiles/libprotobuf-lite.dir/__/src/google/protobuf/parse_context.cc.o
  [1562/5650] Building CXX object third_party/protobuf/cmake/CMakeFiles/libprotobuf-lite.dir/__/src/google/protobuf/stubs/common.cc.o
  [1563/5650] Building CXX object third_party/protobuf/cmake/CMakeFiles/libprotobuf-lite.dir/__/src/google/protobuf/message_lite.cc.o
  [1564/5650] Building CXX object third_party/protobuf/cmake/CMakeFiles/libprotobuf-lite.dir/__/src/google/protobuf/stubs/statusor.cc.o
  [1565/5650] Building CXX object third_party/protobuf/cmake/CMakeFiles/libprotobuf-lite.dir/__/src/google/protobuf/generated_message_table_driven_lite.cc.o
  [1566/5650] Building CXX object third_party/protobuf/cmake/CMakeFiles/libprotobuf-lite.dir/__/src/google/protobuf/stubs/status.cc.o
  [1567/5650] Building CXX object third_party/protobuf/cmake/CMakeFiles/libprotobuf-lite.dir/__/src/google/protobuf/extension_set.cc.o
  [1568/5650] Building C object confu-deps/cpuinfo/CMakeFiles/cpuinfo_internals.dir/src/api.c.o
  [1569/5650] Building C object confu-deps/cpuinfo/CMakeFiles/cpuinfo_internals.dir/src/cache.c.o
  [1570/5650] Building C object confu-deps/cpuinfo/CMakeFiles/cpuinfo_internals.dir/src/init.c.o
  [1571/5650] Building C object confu-deps/cpuinfo/CMakeFiles/cpuinfo_internals.dir/src/log.c.o
  [1572/5650] Building C object confu-deps/cpuinfo/CMakeFiles/cpuinfo_internals.dir/src/arm/uarch.c.o
  [1573/5650] Building C object confu-deps/cpuinfo/CMakeFiles/cpuinfo_internals.dir/src/arm/cache.c.o
  [1574/5650] Building CXX object third_party/protobuf/cmake/CMakeFiles/libprotobuf-lite.dir/__/src/google/protobuf/stubs/stringprintf.cc.o
  [1575/5650] Building CXX object third_party/protobuf/cmake/CMakeFiles/libprotobuf-lite.dir/__/src/google/protobuf/stubs/structurally_valid.cc.o
  [1576/5650] Building CXX object third_party/protobuf/cmake/CMakeFiles/libprotobuf-lite.dir/__/src/google/protobuf/stubs/stringpiece.cc.o
  [1577/5650] Building C object confu-deps/cpuinfo/CMakeFiles/cpuinfo_internals.dir/src/mach/topology.c.o
  [1578/5650] Building C object confu-deps/NNPACK/CMakeFiles/nnpack_reference_layers.dir/src/ref/convolution-input-gradient.c.o
  [1579/5650] Building CXX object third_party/protobuf/cmake/CMakeFiles/libprotobuf-lite.dir/__/src/google/protobuf/repeated_field.cc.o
  [1580/5650] Building C object confu-deps/NNPACK/CMakeFiles/nnpack_reference_layers.dir/src/ref/convolution-output.c.o
  [1581/5650] Building C object confu-deps/cpuinfo/CMakeFiles/cpuinfo_internals.dir/src/arm/mach/init.c.o
  [1582/5650] Building C object confu-deps/NNPACK/CMakeFiles/nnpack_reference_layers.dir/src/ref/convolution-kernel.c.o
  [1583/5650] Building C object confu-deps/NNPACK/CMakeFiles/nnpack_reference_layers.dir/src/ref/fully-connected-output.c.o
  [1584/5650] Building C object confu-deps/NNPACK/CMakeFiles/nnpack_reference_layers.dir/src/ref/softmax-output.c.o
  [1585/5650] Building C object confu-deps/NNPACK/CMakeFiles/nnpack_reference_layers.dir/src/ref/max-pooling-output.c.o
  [1586/5650] Building C object confu-deps/XNNPACK/CMakeFiles/microkernels-all.dir/src/f16-f32-vcvt/gen/f16-f32-vcvt-scalar-u2.c.o
  [1587/5650] Building C object confu-deps/XNNPACK/CMakeFiles/microkernels-all.dir/src/f16-f32-vcvt/gen/f16-f32-vcvt-scalar-u3.c.o
  [1588/5650] Building C object confu-deps/NNPACK/CMakeFiles/nnpack_reference_layers.dir/src/ref/relu-input-gradient.c.o
  [1589/5650] Building C object confu-deps/NNPACK/CMakeFiles/nnpack_reference_layers.dir/src/ref/relu-output.c.o
  [1590/5650] Building C object confu-deps/XNNPACK/CMakeFiles/microkernels-all.dir/src/f16-qs8-vcvt/gen/f16-qs8-vcvt-scalar-fmagic-u1.c.o
  [1591/5650] Building C object confu-deps/XNNPACK/CMakeFiles/microkernels-all.dir/src/f16-qs8-vcvt/gen/f16-qs8-vcvt-scalar-fmagic-u2.c.o
  [1592/5650] Building C object confu-deps/XNNPACK/CMakeFiles/microkernels-all.dir/src/f16-qs8-vcvt/gen/f16-qs8-vcvt-scalar-fmagic-u4.c.o
  [1593/5650] Building C object confu-deps/XNNPACK/CMakeFiles/microkernels-all.dir/src/f16-qs8-vcvt/gen/f16-qs8-vcvt-scalar-fmagic-u3.c.o
  [1594/5650] Building C object confu-deps/XNNPACK/CMakeFiles/microkernels-all.dir/src/f16-qs8-vcvt/gen/f16-qs8-vcvt-scalar-imagic-u1.c.o
  [1595/5650] Building C object confu-deps/XNNPACK/CMakeFiles/microkernels-all.dir/src/f16-qs8-vcvt/gen/f16-qs8-vcvt-scalar-imagic-u3.c.o
  [1596/5650] Building C object confu-deps/XNNPACK/CMakeFiles/microkernels-all.dir/src/f16-qs8-vcvt/gen/f16-qs8-vcvt-scalar-imagic-u2.c.o
  [1597/5650] Building C object confu-deps/XNNPACK/CMakeFiles/microkernels-all.dir/src/f16-qu8-vcvt/gen/f16-qu8-vcvt-scalar-imagic-u1.c.o
  [1598/5650] Building C object confu-deps/XNNPACK/CMakeFiles/microkernels-all.dir/src/f16-qu8-vcvt/gen/f16-qu8-vcvt-scalar-imagic-u2.c.o
  [1599/5650] Building C object confu-deps/XNNPACK/CMakeFiles/microkernels-all.dir/src/f16-rminmax/gen/f16-rmax-scalar-u1.c.o
  [1600/5650] Building C object confu-deps/XNNPACK/CMakeFiles/microkernels-all.dir/src/f16-qu8-vcvt/gen/f16-qu8-vcvt-scalar-imagic-u3.c.o
  [1601/5650] Building C object confu-deps/XNNPACK/CMakeFiles/microkernels-all.dir/src/f16-rminmax/gen/f16-rmax-scalar-u3-acc3.c.o
  [1602/5650] Building C object confu-deps/XNNPACK/CMakeFiles/microkernels-all.dir/src/f16-rminmax/gen/f16-rmax-scalar-u4-acc2.c.o
  [1603/5650] Building C object confu-deps/XNNPACK/CMakeFiles/microkernels-all.dir/src/f16-rminmax/gen/f16-rmax-scalar-u4-acc4.c.o
  [1604/5650] Building C object confu-deps/XNNPACK/CMakeFiles/microkernels-all.dir/src/f16-rminmax/gen/f16-rmin-scalar-u1.c.o
  [1605/5650] Building C object confu-deps/XNNPACK/CMakeFiles/microkernels-all.dir/src/f16-rminmax/gen/f16-rmin-scalar-u2-acc2.c.o
  [1606/5650] Building C object confu-deps/XNNPACK/CMakeFiles/microkernels-all.dir/src/f16-rminmax/gen/f16-rmin-scalar-u3-acc3.c.o
  [1607/5650] Building C object confu-deps/XNNPACK/CMakeFiles/microkernels-all.dir/src/f16-rminmax/gen/f16-rmin-scalar-u4-acc2.c.o
  [1608/5650] Building C object confu-deps/XNNPACK/CMakeFiles/microkernels-all.dir/src/f16-rminmax/gen/f16-rmin-scalar-u4-acc4.c.o
  [1609/5650] Building CXX object third_party/protobuf/cmake/CMakeFiles/libprotobuf-lite.dir/__/src/google/protobuf/stubs/time.cc.o
  [1610/5650] Building C object confu-deps/XNNPACK/CMakeFiles/microkernels-all.dir/src/f16-rminmax/gen/f16-rminmax-scalar-u1.c.o
  [1611/5650] Building C object confu-deps/XNNPACK/CMakeFiles/microkernels-all.dir/src/f16-rminmax/gen/f16-rminmax-scalar-u3-acc3.c.o
  [1612/5650] Building C object confu-deps/XNNPACK/CMakeFiles/microkernels-all.dir/src/f16-rminmax/gen/f16-rminmax-scalar-u4-acc4.c.o
  [1613/5650] Building C object confu-deps/XNNPACK/CMakeFiles/microkernels-all.dir/src/f16-rminmax/gen/f16-rminmax-scalar-u4-acc2.c.o
  [1614/5650] Building C object confu-deps/XNNPACK/CMakeFiles/microkernels-all.dir/src/f32-conv-hwc/f32-conv-hwc-3x3s2p0p1c3x4-scalar-1x1.c.o
  [1615/5650] Building C object confu-deps/XNNPACK/CMakeFiles/microkernels-all.dir/src/f32-dwconv/gen/f32-dwconv-2f2m2l1c1s1r-minmax-scalar-acc2.c.o
  [1616/5650] Building C object confu-deps/XNNPACK/CMakeFiles/microkernels-all.dir/src/f32-dwconv/gen/f32-dwconv-2f2m2l1c1s1r-minmax-scalar.c.o
  [1617/5650] Building C object confu-deps/XNNPACK/CMakeFiles/microkernels-all.dir/src/f32-conv-hwc/f32-conv-hwc-3x3s2p1c3x4-scalar-1x1.c.o
  [1618/5650] Building CXX object third_party/protobuf/cmake/CMakeFiles/libprotobuf-lite.dir/__/src/google/protobuf/wire_format_lite.cc.o
  [1619/5650] Building CXX object third_party/protobuf/cmake/CMakeFiles/libprotobuf-lite.dir/__/src/google/protobuf/stubs/strutil.cc.o
  /Users/wen/test/pytorch/third_party/protobuf/src/google/protobuf/stubs/strutil.cc:507:11: warning: 'sprintf' is deprecated: This function is provided for compatibility reasons only.  Due to security concerns inherent in the design of sprintf(3), it is highly recommended that you use snprintf(3) instead. [-Wdeprecated-declarations]
    507 |           sprintf(dest + used, (use_hex ? "\\x%02x" : "\\%03o"),
        |           ^
  /Library/Developer/CommandLineTools/SDKs/MacOSX.sdk/usr/include/_stdio.h:278:1: note: 'sprintf' has been explicitly marked deprecated here
    278 | __deprecated_msg("This function is provided for compatibility reasons only.  Due to security concerns inherent in the design of sprintf(3), it is highly recommended that you use snprintf(3) instead.")
        | ^
  /Library/Developer/CommandLineTools/SDKs/MacOSX.sdk/usr/include/sys/cdefs.h:218:48: note: expanded from macro '__deprecated_msg'
    218 |         #define __deprecated_msg(_msg) __attribute__((__deprecated__(_msg)))
        |                                                       ^
  1 warning generated.
  [1620/5650] Building C object confu-deps/XNNPACK/CMakeFiles/microkernels-all.dir/src/f32-dwconv/gen/f32-dwconv-2f2m2l1c1s1r-scalar-acc2.c.o
  [1621/5650] Building C object confu-deps/XNNPACK/CMakeFiles/microkernels-all.dir/src/f32-dwconv/gen/f32-dwconv-2f2m2l1c1s1r-scalar.c.o
  [1622/5650] Building C object confu-deps/XNNPACK/CMakeFiles/microkernels-all.dir/src/f32-dwconv/gen/f32-dwconv-2f2m2l4c1s1r-minmax-scalar.c.o
  [1623/5650] Building C object confu-deps/XNNPACK/CMakeFiles/microkernels-all.dir/src/f32-dwconv/gen/f32-dwconv-3p1c-minmax-scalar.c.o
  [1624/5650] Building C object confu-deps/XNNPACK/CMakeFiles/microkernels-all.dir/src/f32-dwconv/gen/f32-dwconv-2f2m2l4c1s1r-scalar.c.o
  [1625/5650] Building C object confu-deps/XNNPACK/CMakeFiles/microkernels-all.dir/src/f32-dwconv/gen/f32-dwconv-2f2m2l4c1s1r-scalar-acc2.c.o
  [1626/5650] Building C object confu-deps/XNNPACK/CMakeFiles/microkernels-all.dir/src/f32-dwconv/gen/f32-dwconv-3f3m3l1c1s1r-scalar-acc2.c.o
  [1627/5650] Building C object confu-deps/XNNPACK/CMakeFiles/microkernels-all.dir/src/f32-dwconv/gen/f32-dwconv-3f3m3l1c1s1r-scalar.c.o
  [1628/5650] Building C object confu-deps/XNNPACK/CMakeFiles/microkernels-all.dir/src/f32-dwconv/gen/f32-dwconv-3p1c-scalar.c.o
  [1629/5650] Building C object confu-deps/XNNPACK/CMakeFiles/microkernels-all.dir/src/f32-dwconv/gen/f32-dwconv-3p2c-minmax-scalar.c.o
  [1630/5650] Building C object confu-deps/XNNPACK/CMakeFiles/microkernels-all.dir/src/f32-dwconv/gen/f32-dwconv-3p2c-minmax-scalar-acc2.c.o
  [1631/5650] Building C object confu-deps/XNNPACK/CMakeFiles/microkernels-all.dir/src/f32-dwconv/gen/f32-dwconv-3p2c-scalar.c.o
  [1632/5650] Building C object confu-deps/XNNPACK/CMakeFiles/microkernels-all.dir/src/f32-dwconv/gen/f32-dwconv-4p1c-minmax-scalar.c.o
  [1633/5650] Building C object confu-deps/XNNPACK/CMakeFiles/microkernels-all.dir/src/f32-dwconv/gen/f32-dwconv-4p1c-scalar.c.o
  [1634/5650] Building C object confu-deps/XNNPACK/CMakeFiles/microkernels-all.dir/src/f32-dwconv/gen/f32-dwconv-4p2c-scalar-acc2.c.o
  [1635/5650] Building C object confu-deps/XNNPACK/CMakeFiles/microkernels-all.dir/src/f32-dwconv/gen/f32-dwconv-3p2c-scalar-acc2.c.o
  [1636/5650] Building C object confu-deps/XNNPACK/CMakeFiles/microkernels-all.dir/src/f32-dwconv/gen/f32-dwconv-4p2c-minmax-scalar.c.o
  [1637/5650] Building C object confu-deps/XNNPACK/CMakeFiles/microkernels-all.dir/src/f32-dwconv/gen/f32-dwconv-4p2c-minmax-scalar-acc2.c.o
  [1638/5650] Building C object confu-deps/XNNPACK/CMakeFiles/microkernels-all.dir/src/f32-dwconv/gen/f32-dwconv-4p2c-scalar.c.o
  [1639/5650] Building C object confu-deps/XNNPACK/CMakeFiles/microkernels-all.dir/src/f32-dwconv/gen/f32-dwconv-5f5m5l1c1s1r-minmax-scalar.c.o
  [1640/5650] Building C object confu-deps/XNNPACK/CMakeFiles/microkernels-all.dir/src/f32-dwconv/gen/f32-dwconv-5f5m5l1c1s1r-scalar-acc2.c.o
  [1641/5650] Building C object confu-deps/XNNPACK/CMakeFiles/microkernels-all.dir/src/f32-dwconv/gen/f32-dwconv-5f5m5l1c1s1r-minmax-scalar-acc2.c.o
  [1642/5650] Building C object confu-deps/XNNPACK/CMakeFiles/microkernels-all.dir/src/f32-dwconv/gen/f32-dwconv-5f5m5l1c1s1r-scalar.c.o
  [1643/5650] Building C object confu-deps/XNNPACK/CMakeFiles/microkernels-all.dir/src/f32-dwconv/gen/f32-dwconv-6f6m7l1c1s1r-scalar-acc2.c.o
  [1644/5650] Building C object confu-deps/XNNPACK/CMakeFiles/microkernels-all.dir/src/f32-dwconv/gen/f32-dwconv-6f6m7l1c1s1r-minmax-scalar-acc2.c.o
  [1645/5650] Building C object confu-deps/XNNPACK/CMakeFiles/microkernels-all.dir/src/f32-dwconv/gen/f32-dwconv-6f6m7l1c1s1r-scalar.c.o
  [1646/5650] Building C object confu-deps/XNNPACK/CMakeFiles/microkernels-all.dir/src/f32-dwconv/gen/f32-dwconv-6f6m7l1c1s1r-minmax-scalar.c.o
  [1647/5650] Building C object confu-deps/XNNPACK/CMakeFiles/microkernels-all.dir/src/f32-dwconv/gen/f32-dwconv-8f8m9l1c1s1r-minmax-scalar-acc2.c.o
  [1648/5650] Building C object confu-deps/XNNPACK/CMakeFiles/microkernels-all.dir/src/f32-dwconv/gen/f32-dwconv-9p1c-scalar.c.o
  [1649/5650] Building C object confu-deps/XNNPACK/CMakeFiles/microkernels-all.dir/src/f32-dwconv/gen/f32-dwconv-8f8m9l1c1s1r-minmax-scalar.c.o
  [1650/5650] Building C object confu-deps/XNNPACK/CMakeFiles/microkernels-all.dir/src/f32-dwconv/gen/f32-dwconv-9p2c-minmax-scalar-acc2.c.o
  [1651/5650] Building C object confu-deps/XNNPACK/CMakeFiles/microkernels-all.dir/src/f32-dwconv/gen/f32-dwconv-9p1c-minmax-scalar.c.o
  [1652/5650] Building C object confu-deps/XNNPACK/CMakeFiles/microkernels-all.dir/src/f32-dwconv/gen/f32-dwconv-8f8m9l1c1s1r-scalar.c.o
  [1653/5650] Building C object confu-deps/XNNPACK/CMakeFiles/microkernels-all.dir/src/f32-dwconv/gen/f32-dwconv-9p2c-minmax-scalar.c.o
  [1654/5650] Building C object confu-deps/XNNPACK/CMakeFiles/microkernels-all.dir/src/f32-dwconv/gen/f32-dwconv-9p2c-scalar-acc2.c.o
  [1655/5650] Building C object confu-deps/XNNPACK/CMakeFiles/microkernels-all.dir/src/f32-dwconv/gen/f32-dwconv-8f8m9l1c1s1r-scalar-acc2.c.o
  [1656/5650] Building C object confu-deps/XNNPACK/CMakeFiles/microkernels-all.dir/src/f32-dwconv/gen/f32-dwconv-9p2c-scalar.c.o
  [1657/5650] Building C object confu-deps/XNNPACK/CMakeFiles/microkernels-all.dir/src/f32-dwconv/gen/f32-dwconv-25p1c-minmax-scalar.c.o
  [1658/5650] Building C object confu-deps/XNNPACK/CMakeFiles/microkernels-all.dir/src/f32-dwconv/gen/f32-dwconv-25p2c-minmax-scalar-acc2.c.o
  [1659/5650] Building C object confu-deps/XNNPACK/CMakeFiles/microkernels-all.dir/src/f32-dwconv/gen/f32-dwconv-25p1c-scalar.c.o
  [1660/5650] Building C object confu-deps/XNNPACK/CMakeFiles/microkernels-all.dir/src/f32-dwconv2d-chw/gen/f32-dwconv2d-chw-3x3p1-minmax-scalar-1x1-acc2.c.o
  [1661/5650] Building C object confu-deps/XNNPACK/CMakeFiles/microkernels-all.dir/src/f32-dwconv/gen/f32-dwconv-25p2c-minmax-scalar.c.o
  [1662/5650] Building C object confu-deps/XNNPACK/CMakeFiles/microkernels-all.dir/src/f32-dwconv/gen/f32-dwconv-25p2c-scalar.c.o
  [1663/5650] Building C object confu-deps/XNNPACK/CMakeFiles/microkernels-all.dir/src/f32-dwconv2d-chw/gen/f32-dwconv2d-chw-3x3p1-minmax-scalar-1x1-acc3.c.o
  [1664/5650] Building C object confu-deps/XNNPACK/CMakeFiles/microkernels-all.dir/src/f32-dwconv2d-chw/gen/f32-dwconv2d-chw-3x3p1-minmax-scalar-1x1-acc4.c.o
  [1665/5650] Building C object confu-deps/XNNPACK/CMakeFiles/microkernels-all.dir/src/f32-dwconv/gen/f32-dwconv-25p2c-scalar-acc2.c.o
  [1666/5650] Building C object confu-deps/XNNPACK/CMakeFiles/microkernels-all.dir/src/f32-dwconv2d-chw/gen/f32-dwconv2d-chw-3x3p1-minmax-scalar-1x1.c.o
  [1667/5650] Building C object confu-deps/XNNPACK/CMakeFiles/microkernels-all.dir/src/f32-dwconv2d-chw/gen/f32-dwconv2d-chw-3x3p1-minmax-scalar-2x1.c.o
  [1668/5650] Building C object confu-deps/XNNPACK/CMakeFiles/microkernels-all.dir/src/f32-dwconv2d-chw/gen/f32-dwconv2d-chw-3x3p1-minmax-scalar-3x1.c.o
  [1669/5650] Building C object confu-deps/XNNPACK/CMakeFiles/microkernels-all.dir/src/f32-dwconv2d-chw/gen/f32-dwconv2d-chw-3x3p1-minmax-scalar-5x1.c.o
  [1670/5650] Building C object confu-deps/XNNPACK/CMakeFiles/microkernels-all.dir/src/f32-dwconv2d-chw/gen/f32-dwconv2d-chw-3x3s2p1-minmax-scalar-1x1-acc4.c.o
  [1671/5650] Building C object confu-deps/XNNPACK/CMakeFiles/microkernels-all.dir/src/f32-dwconv2d-chw/gen/f32-dwconv2d-chw-3x3s2p1-minmax-scalar-1x1-acc3.c.o
  [1672/5650] Building C object confu-deps/XNNPACK/CMakeFiles/microkernels-all.dir/src/f32-dwconv2d-chw/gen/f32-dwconv2d-chw-3x3s2p1-minmax-scalar-1x1.c.o
  [1673/5650] Building C object confu-deps/XNNPACK/CMakeFiles/microkernels-all.dir/src/f32-dwconv2d-chw/gen/f32-dwconv2d-chw-3x3p1-minmax-scalar-6x1.c.o
  [1674/5650] Building C object confu-deps/XNNPACK/CMakeFiles/microkernels-all.dir/src/f32-dwconv2d-chw/gen/f32-dwconv2d-chw-3x3s2p1-minmax-scalar-2x1.c.o
  [1675/5650] Building C object confu-deps/XNNPACK/CMakeFiles/microkernels-all.dir/src/f32-dwconv2d-chw/gen/f32-dwconv2d-chw-3x3s2p1-minmax-scalar-3x1.c.o
  [1676/5650] Building C object confu-deps/XNNPACK/CMakeFiles/microkernels-all.dir/src/f32-dwconv2d-chw/gen/f32-dwconv2d-chw-5x5p2-minmax-scalar-1x1-acc3.c.o
  [1677/5650] Building C object confu-deps/XNNPACK/CMakeFiles/microkernels-all.dir/src/f32-dwconv2d-chw/gen/f32-dwconv2d-chw-5x5p2-minmax-scalar-1x1-acc4.c.o
  [1678/5650] Building C object confu-deps/XNNPACK/CMakeFiles/microkernels-all.dir/src/f32-dwconv2d-chw/gen/f32-dwconv2d-chw-5x5p2-minmax-scalar-1x1-acc2.c.o
  [1679/5650] Building C object confu-deps/XNNPACK/CMakeFiles/microkernels-all.dir/src/f32-dwconv2d-chw/gen/f32-dwconv2d-chw-5x5p2-minmax-scalar-1x1.c.o
  [1680/5650] Building C object confu-deps/XNNPACK/CMakeFiles/microkernels-all.dir/src/f32-dwconv2d-chw/gen/f32-dwconv2d-chw-5x5p2-minmax-scalar-2x1-acc3.c.o
  [1681/5650] Building C object confu-deps/XNNPACK/CMakeFiles/microkernels-all.dir/src/f32-dwconv2d-chw/gen/f32-dwconv2d-chw-5x5p2-minmax-scalar-2x1.c.o
  [1682/5650] Building C object confu-deps/XNNPACK/CMakeFiles/microkernels-all.dir/src/f32-dwconv2d-chw/gen/f32-dwconv2d-chw-3x3s2p1-minmax-scalar-4x1.c.o
  [1683/5650] Building C object confu-deps/XNNPACK/CMakeFiles/microkernels-all.dir/src/f32-dwconv2d-chw/gen/f32-dwconv2d-chw-5x5s2p2-minmax-scalar-1x1-acc2.c.o
  [1684/5650] Building C object confu-deps/XNNPACK/CMakeFiles/microkernels-all.dir/src/f32-dwconv2d-chw/gen/f32-dwconv2d-chw-5x5s2p2-minmax-scalar-1x1-acc4.c.o
  [1685/5650] Building C object confu-deps/XNNPACK/CMakeFiles/microkernels-all.dir/src/f32-dwconv2d-chw/gen/f32-dwconv2d-chw-5x5p2-minmax-scalar-3x1-acc2.c.o
  [1686/5650] Building C object confu-deps/XNNPACK/CMakeFiles/microkernels-all.dir/src/f32-dwconv2d-chw/gen/f32-dwconv2d-chw-5x5s2p2-minmax-scalar-1x1.c.o
  [1687/5650] Building C object confu-deps/XNNPACK/CMakeFiles/microkernels-all.dir/src/f32-dwconv2d-chw/gen/f32-dwconv2d-chw-5x5s2p2-minmax-scalar-1x1-acc3.c.o
  [1688/5650] Building C object confu-deps/XNNPACK/CMakeFiles/microkernels-all.dir/src/f32-dwconv2d-chw/gen/f32-dwconv2d-chw-5x5p2-minmax-scalar-3x1.c.o
  [1689/5650] Building C object confu-deps/XNNPACK/CMakeFiles/microkernels-all.dir/src/f32-dwconv2d-chw/gen/f32-dwconv2d-chw-5x5s2p2-minmax-scalar-2x1-acc3.c.o
  [1690/5650] Building C object confu-deps/XNNPACK/CMakeFiles/microkernels-all.dir/src/f32-f16-vcvt/gen/f32-f16-vcvt-scalar-bitcast-u2.c.o
  [1691/5650] Building C object confu-deps/XNNPACK/CMakeFiles/microkernels-all.dir/src/f32-f16-vcvt/gen/f32-f16-vcvt-scalar-bitcast-u1.c.o
  [1692/5650] Building C object confu-deps/XNNPACK/CMakeFiles/microkernels-all.dir/src/f32-f16-vcvt/gen/f32-f16-vcvt-scalar-bitcast-u3.c.o
  [1693/5650] Building C object confu-deps/XNNPACK/CMakeFiles/microkernels-all.dir/src/f32-f16-vcvt/gen/f32-f16-vcvt-scalar-fabsf-u1.c.o
  [1694/5650] Building C object confu-deps/XNNPACK/CMakeFiles/microkernels-all.dir/src/f32-dwconv2d-chw/gen/f32-dwconv2d-chw-5x5s2p2-minmax-scalar-2x1.c.o
  [1695/5650] Building C object confu-deps/XNNPACK/CMakeFiles/microkernels-all.dir/src/f32-f16-vcvt/gen/f32-f16-vcvt-scalar-fabsf-u3.c.o
  [1696/5650] Building C object confu-deps/XNNPACK/CMakeFiles/microkernels-all.dir/src/f32-f16-vcvt/gen/f32-f16-vcvt-scalar-fabsf-u4.c.o
  [1697/5650] Building C object confu-deps/XNNPACK/CMakeFiles/microkernels-all.dir/src/f32-dwconv2d-chw/gen/f32-dwconv2d-chw-5x5s2p2-minmax-scalar-3x1.c.o
  [1698/5650] Building C object confu-deps/XNNPACK/CMakeFiles/microkernels-all.dir/src/f32-gemm/gen/f32-gemm-4x2-relu-scalar.c.o
  [1699/5650] Building C object confu-deps/XNNPACK/CMakeFiles/microkernels-all.dir/src/f32-gemminc/gen/f32-gemminc-2x4-minmax-scalar.c.o
  [1700/5650] Building C object confu-deps/XNNPACK/CMakeFiles/microkernels-all.dir/src/f32-dwconv2d-chw/gen/f32-dwconv2d-chw-5x5s2p2-minmax-scalar-3x1-acc2.c.o
  [1701/5650] Building C object confu-deps/XNNPACK/CMakeFiles/microkernels-all.dir/src/f32-gemminc/gen/f32-gemminc-1x4-minmax-scalar.c.o
  [1702/5650] Building C object confu-deps/XNNPACK/CMakeFiles/microkernels-all.dir/src/f32-ibilinear-chw/gen/f32-ibilinear-chw-scalar-p1.c.o
  [1703/5650] Building C object confu-deps/XNNPACK/CMakeFiles/microkernels-all.dir/src/f32-gemminc/gen/f32-gemminc-4x4-minmax-scalar.c.o
  [1704/5650] Building C object confu-deps/XNNPACK/CMakeFiles/microkernels-all.dir/src/f32-ibilinear-chw/gen/f32-ibilinear-chw-scalar-p2.c.o
  [1705/5650] Building C object confu-deps/XNNPACK/CMakeFiles/microkernels-all.dir/src/f32-ibilinear/gen/f32-ibilinear-scalar-c1.c.o
  [1706/5650] Building C object confu-deps/XNNPACK/CMakeFiles/microkernels-all.dir/src/f32-ibilinear/gen/f32-ibilinear-scalar-c4.c.o
  [1707/5650] Building C object confu-deps/XNNPACK/CMakeFiles/microkernels-all.dir/src/f32-igemm/gen/f32-igemm-4x2-relu-scalar.c.o
  [1708/5650] Building C object confu-deps/XNNPACK/CMakeFiles/microkernels-all.dir/src/f32-ppmm/gen/f32-ppmm-3x3-minmax-scalar.c.o
  [1709/5650] Building C object confu-deps/XNNPACK/CMakeFiles/microkernels-all.dir/src/f32-ppmm/gen/f32-ppmm-2x4-minmax-scalar.c.o
  [1710/5650] Building C object confu-deps/XNNPACK/CMakeFiles/microkernels-all.dir/src/f32-ppmm/gen/f32-ppmm-4x2-minmax-scalar.c.o
  [1711/5650] Building C object confu-deps/XNNPACK/CMakeFiles/microkernels-all.dir/src/f32-ppmm/gen/f32-ppmm-4x4-minmax-scalar.c.o
  [1712/5650] Building C object confu-deps/XNNPACK/CMakeFiles/microkernels-all.dir/src/f32-qc8w-gemm/gen/f32-qc8w-gemm-1x4-relu-scalar.c.o
  [1713/5650] Building C object confu-deps/XNNPACK/CMakeFiles/microkernels-all.dir/src/f32-qc4w-gemm/gen/f32-qc4w-gemm-2x4-minmax-scalar.c.o
  [1714/5650] Building C object confu-deps/XNNPACK/CMakeFiles/microkernels-all.dir/src/f32-qc4w-gemm/gen/f32-qc4w-gemm-4x2-minmax-scalar.c.o
  [1715/5650] Building C object confu-deps/XNNPACK/CMakeFiles/microkernels-all.dir/src/f32-qc8w-gemm/gen/f32-qc8w-gemm-2x4-minmax-scalar.c.o
  [1716/5650] Building C object confu-deps/XNNPACK/CMakeFiles/microkernels-all.dir/src/f32-qc8w-gemm/gen/f32-qc8w-gemm-2x4-relu-scalar.c.o
  [1717/5650] Building C object confu-deps/XNNPACK/CMakeFiles/microkernels-all.dir/src/f32-qc8w-gemm/gen/f32-qc8w-gemm-1x4-scalar.c.o
  [1718/5650] Building C object confu-deps/XNNPACK/CMakeFiles/microkernels-all.dir/src/f32-qc8w-gemm/gen/f32-qc8w-gemm-2x4-scalar.c.o
  [1719/5650] Building C object confu-deps/XNNPACK/CMakeFiles/microkernels-all.dir/src/f32-qc8w-gemm/gen/f32-qc8w-gemm-4x2-minmax-scalar.c.o
  [1720/5650] Building C object confu-deps/XNNPACK/CMakeFiles/microkernels-all.dir/src/f32-qc8w-gemm/gen/f32-qc8w-gemm-4x2-relu-scalar.c.o
  [1721/5650] Building C object confu-deps/XNNPACK/CMakeFiles/microkernels-all.dir/src/f32-qc8w-gemm/gen/f32-qc8w-gemm-4x2-scalar.c.o
  [1722/5650] Building C object confu-deps/XNNPACK/CMakeFiles/microkernels-all.dir/src/f32-qc8w-gemm/gen/f32-qc8w-gemm-4x4-relu-scalar.c.o
  [1723/5650] Building C object confu-deps/XNNPACK/CMakeFiles/microkernels-all.dir/src/f32-qc8w-spmm/gen/f32-qc8w-spmm-1x1-minmax-scalar.c.o
  [1724/5650] Building C object confu-deps/XNNPACK/CMakeFiles/microkernels-all.dir/src/f32-qc8w-gemm/gen/f32-qc8w-gemm-4x4-scalar.c.o
  [1725/5650] Building C object confu-deps/XNNPACK/CMakeFiles/microkernels-all.dir/src/f32-qc8w-spmm/gen/f32-qc8w-spmm-2x1-minmax-scalar.c.o
  [1726/5650] Building C object confu-deps/XNNPACK/CMakeFiles/microkernels-all.dir/src/f32-qc8w-spmm/gen/f32-qc8w-spmm-8x1-minmax-scalar.c.o
  [1727/5650] Building C object confu-deps/XNNPACK/CMakeFiles/microkernels-all.dir/src/f32-qc8w-spmm/gen/f32-qc8w-spmm-4x1-minmax-scalar.c.o
  [1728/5650] Building C object confu-deps/XNNPACK/CMakeFiles/microkernels-all.dir/src/f32-qc8w-spmm/gen/f32-qc8w-spmm-8x4-minmax-scalar.c.o
  [1729/5650] Building C object confu-deps/XNNPACK/CMakeFiles/microkernels-all.dir/src/f32-qs8-vcvt/gen/f32-qs8-vcvt-scalar-fmagic-u1.c.o
  [1730/5650] Building C object confu-deps/XNNPACK/CMakeFiles/microkernels-all.dir/src/f32-qs8-vcvt/gen/f32-qs8-vcvt-scalar-fmagic-u2.c.o
  [1731/5650] Building C object confu-deps/XNNPACK/CMakeFiles/microkernels-all.dir/src/f32-qc8w-spmm/gen/f32-qc8w-spmm-8x2-minmax-scalar.c.o
  [1732/5650] Building C object confu-deps/XNNPACK/CMakeFiles/microkernels-all.dir/src/f32-qs8-vcvt/gen/f32-qs8-vcvt-scalar-fmagic-u3.c.o
  [1733/5650] Building C object confu-deps/XNNPACK/CMakeFiles/microkernels-all.dir/src/f32-qs8-vcvt/gen/f32-qs8-vcvt-scalar-imagic-u2.c.o
  [1734/5650] Building C object confu-deps/XNNPACK/CMakeFiles/microkernels-all.dir/src/f32-qs8-vcvt/gen/f32-qs8-vcvt-scalar-fmagic-u4.c.o
  [1735/5650] Building CXX object third_party/googletest/googletest/CMakeFiles/gtest.dir/src/gtest-all.cc.o
  [1736/5650] Building C object confu-deps/XNNPACK/CMakeFiles/microkernels-all.dir/src/f32-qs8-vcvt/gen/f32-qs8-vcvt-scalar-lrintf-u1.c.o
  [1737/5650] Building C object confu-deps/XNNPACK/CMakeFiles/microkernels-all.dir/src/f32-qs8-vcvt/gen/f32-qs8-vcvt-scalar-imagic-u3.c.o
  [1738/5650] Building C object confu-deps/XNNPACK/CMakeFiles/microkernels-all.dir/src/f32-qu8-vcvt/gen/f32-qu8-vcvt-scalar-fmagic-u1.c.o
  [1739/5650] Building C object confu-deps/XNNPACK/CMakeFiles/microkernels-all.dir/src/f32-qs8-vcvt/gen/f32-qs8-vcvt-scalar-lrintf-u2.c.o
  [1740/5650] Building C object confu-deps/XNNPACK/CMakeFiles/microkernels-all.dir/src/f32-qu8-vcvt/gen/f32-qu8-vcvt-scalar-fmagic-u2.c.o
  [1741/5650] Building C object confu-deps/XNNPACK/CMakeFiles/microkernels-all.dir/src/f32-qs8-vcvt/gen/f32-qs8-vcvt-scalar-lrintf-u3.c.o
  [1742/5650] Building C object confu-deps/XNNPACK/CMakeFiles/microkernels-all.dir/src/f32-qu8-vcvt/gen/f32-qu8-vcvt-scalar-fmagic-u4.c.o
  [1743/5650] Building C object confu-deps/XNNPACK/CMakeFiles/microkernels-all.dir/src/f32-qu8-vcvt/gen/f32-qu8-vcvt-scalar-imagic-u2.c.o
  [1744/5650] Building C object confu-deps/XNNPACK/CMakeFiles/microkernels-all.dir/src/f32-qu8-vcvt/gen/f32-qu8-vcvt-scalar-fmagic-u3.c.o
  [1745/5650] Building C object confu-deps/XNNPACK/CMakeFiles/microkernels-all.dir/src/f32-qu8-vcvt/gen/f32-qu8-vcvt-scalar-imagic-u3.c.o
  [1746/5650] Building C object confu-deps/XNNPACK/CMakeFiles/microkernels-all.dir/src/f32-qu8-vcvt/gen/f32-qu8-vcvt-scalar-lrintf-u1.c.o
  [1747/5650] Linking CXX static library lib/libgtest.a
  [1748/5650] Building C object confu-deps/XNNPACK/CMakeFiles/microkernels-all.dir/src/f32-qu8-vcvt/gen/f32-qu8-vcvt-scalar-lrintf-u2.c.o
  [1749/5650] Building C object confu-deps/XNNPACK/CMakeFiles/microkernels-all.dir/src/f32-qu8-vcvt/gen/f32-qu8-vcvt-scalar-lrintf-u3.c.o
  [1750/5650] Building C object confu-deps/XNNPACK/CMakeFiles/microkernels-all.dir/src/f32-raddstoreexpminusmax/gen/f32-raddstoreexpminusmax-scalar-rr2-lut64-p2-u1.c.o
  [1751/5650] Building C object confu-deps/XNNPACK/CMakeFiles/microkernels-all.dir/src/f32-raddstoreexpminusmax/gen/f32-raddstoreexpminusmax-scalar-rr2-lut64-p2-u2-acc2.c.o
  [1752/5650] Building C object confu-deps/XNNPACK/CMakeFiles/microkernels-all.dir/src/f32-raddstoreexpminusmax/gen/f32-raddstoreexpminusmax-scalar-rr2-lut64-p2-u4-acc2.c.o
  [1753/5650] Building C object confu-deps/XNNPACK/CMakeFiles/microkernels-all.dir/src/f32-raddstoreexpminusmax/gen/f32-raddstoreexpminusmax-scalar-rr2-lut64-p2-u4-acc4.c.o
  [1754/5650] Building C object confu-deps/XNNPACK/CMakeFiles/microkernels-all.dir/src/f32-raddstoreexpminusmax/gen/f32-raddstoreexpminusmax-scalar-rr2-p5-u1.c.o
  [1755/5650] Building C object confu-deps/XNNPACK/CMakeFiles/microkernels-all.dir/src/f32-rminmax/gen/f32-rmax-scalar-u1.c.o
  [1756/5650] Building C object confu-deps/XNNPACK/CMakeFiles/microkernels-all.dir/src/f32-rminmax/gen/f32-rmax-scalar-u3-acc3.c.o
  [1757/5650] Building C object confu-deps/XNNPACK/CMakeFiles/microkernels-all.dir/src/f32-raddstoreexpminusmax/gen/f32-raddstoreexpminusmax-scalar-rr2-p5-u2-acc2.c.o
  [1758/5650] Building C object confu-deps/XNNPACK/CMakeFiles/microkernels-all.dir/src/f32-rminmax/gen/f32-rmax-scalar-u4-acc2.c.o
  [1759/5650] Building C object confu-deps/XNNPACK/CMakeFiles/microkernels-all.dir/src/f32-rminmax/gen/f32-rmin-scalar-u1.c.o
  [1760/5650] Building C object confu-deps/XNNPACK/CMakeFiles/microkernels-all.dir/src/f32-rminmax/gen/f32-rmax-scalar-u2-acc2.c.o
  [1761/5650] Building C object confu-deps/XNNPACK/CMakeFiles/microkernels-all.dir/src/f32-raddstoreexpminusmax/gen/f32-raddstoreexpminusmax-scalar-rr2-p5-u4-acc4.c.o
  [1762/5650] Building C object confu-deps/XNNPACK/CMakeFiles/microkernels-all.dir/src/f32-rminmax/gen/f32-rmin-scalar-u2-acc2.c.o
  [1763/5650] Building C object confu-deps/XNNPACK/CMakeFiles/microkernels-all.dir/src/f32-rminmax/gen/f32-rmin-scalar-u4-acc2.c.o
  [1764/5650] Building C object confu-deps/XNNPACK/CMakeFiles/microkernels-all.dir/src/f32-rminmax/gen/f32-rmin-scalar-u3-acc3.c.o
  [1765/5650] Building C object confu-deps/XNNPACK/CMakeFiles/microkernels-all.dir/src/f32-rminmax/gen/f32-rmin-scalar-u4-acc4.c.o
  [1766/5650] Building C object confu-deps/XNNPACK/CMakeFiles/microkernels-all.dir/src/f32-rminmax/gen/f32-rminmax-scalar-u1.c.o
  [1767/5650] Building C object confu-deps/XNNPACK/CMakeFiles/microkernels-all.dir/src/f32-rminmax/gen/f32-rminmax-scalar-u2-acc2.c.o
  [1768/5650] Building C object confu-deps/XNNPACK/CMakeFiles/microkernels-all.dir/src/f32-rsum/gen/f32-rsum-scalar-u1.c.o
  [1769/5650] Building C object confu-deps/XNNPACK/CMakeFiles/microkernels-all.dir/src/f32-rminmax/gen/f32-rminmax-scalar-u3-acc3.c.o
  [1770/5650] Building C object confu-deps/XNNPACK/CMakeFiles/microkernels-all.dir/src/f32-rminmax/gen/f32-rminmax-scalar-u4-acc2.c.o
  [1771/5650] Building C object confu-deps/XNNPACK/CMakeFiles/microkernels-all.dir/src/f32-rsum/gen/f32-rsum-scalar-u2-acc2.c.o
  [1772/5650] Building C object confu-deps/XNNPACK/CMakeFiles/microkernels-all.dir/src/f32-rsum/gen/f32-rsum-scalar-u4-acc2.c.o
  [1773/5650] Building C object confu-deps/XNNPACK/CMakeFiles/microkernels-all.dir/src/f32-rsum/gen/f32-rsum-scalar-u3-acc3.c.o
  [1774/5650] Building C object confu-deps/XNNPACK/CMakeFiles/microkernels-all.dir/src/f32-spmm/gen/f32-spmm-1x1-minmax-scalar-pipelined.c.o
  [1775/5650] Building C object confu-deps/XNNPACK/CMakeFiles/microkernels-all.dir/src/f32-spmm/gen/f32-spmm-1x1-minmax-scalar.c.o
  [1776/5650] Building C object confu-deps/XNNPACK/CMakeFiles/microkernels-all.dir/src/f32-spmm/gen/f32-spmm-2x1-minmax-scalar.c.o
  [1777/5650] Building C object confu-deps/XNNPACK/CMakeFiles/microkernels-all.dir/src/f32-spmm/gen/f32-spmm-2x1-minmax-scalar-pipelined.c.o
  [1778/5650] Building C object confu-deps/XNNPACK/CMakeFiles/microkernels-all.dir/src/f32-spmm/gen/f32-spmm-4x1-minmax-scalar-pipelined.c.o
  [1779/5650] Building C object confu-deps/XNNPACK/CMakeFiles/microkernels-all.dir/src/f32-spmm/gen/f32-spmm-4x1-minmax-scalar.c.o
  [1780/5650] Building C object confu-deps/XNNPACK/CMakeFiles/microkernels-all.dir/src/f32-spmm/gen/f32-spmm-8x1-minmax-scalar-pipelined.c.o
  [1781/5650] Building C object confu-deps/XNNPACK/CMakeFiles/microkernels-all.dir/src/f32-vbinary/gen/f32-vadd-scalar-u1.c.o
  [1782/5650] Building C object confu-deps/XNNPACK/CMakeFiles/microkernels-all.dir/src/f32-vbinary/gen/f32-vadd-scalar-u2.c.o
  [1783/5650] Building C object confu-deps/XNNPACK/CMakeFiles/microkernels-all.dir/src/f32-vbinary/gen/f32-vaddc-scalar-u1.c.o
  [1784/5650] Building C object confu-deps/XNNPACK/CMakeFiles/microkernels-all.dir/src/f32-vbinary/gen/f32-vaddc-scalar-u2.c.o
  [1785/5650] Building C object confu-deps/XNNPACK/CMakeFiles/microkernels-all.dir/src/f32-vbinary/gen/f32-vadd-scalar-u4.c.o
  [1786/5650] Building C object confu-deps/XNNPACK/CMakeFiles/microkernels-all.dir/src/f32-vbinary/gen/f32-vdiv-scalar-u1.c.o
  [1787/5650] Building C object confu-deps/XNNPACK/CMakeFiles/microkernels-all.dir/src/f32-vbinary/gen/f32-vaddc-scalar-u4.c.o
  [1788/5650] Building C object confu-deps/XNNPACK/CMakeFiles/microkernels-all.dir/src/f32-vbinary/gen/f32-vdiv-scalar-u4.c.o
  [1789/5650] Building C object confu-deps/XNNPACK/CMakeFiles/microkernels-all.dir/src/f32-vbinary/gen/f32-vdivc-scalar-u1.c.o
  [1790/5650] Building C object confu-deps/XNNPACK/CMakeFiles/microkernels-all.dir/src/f32-vbinary/gen/f32-vdivc-scalar-u4.c.o
  [1791/5650] Building C object confu-deps/XNNPACK/CMakeFiles/microkernels-all.dir/src/f32-vbinary/gen/f32-vdiv-scalar-u8.c.o
  [1792/5650] Building C object confu-deps/XNNPACK/CMakeFiles/microkernels-all.dir/src/f32-vbinary/gen/f32-vdivc-scalar-u8.c.o
  [1793/5650] Building C object confu-deps/XNNPACK/CMakeFiles/microkernels-all.dir/src/f32-vbinary/gen/f32-vmax-scalar-u1.c.o
  [1794/5650] Building C object confu-deps/XNNPACK/CMakeFiles/microkernels-all.dir/src/f32-vbinary/gen/f32-vmaxc-scalar-u1.c.o
  [1795/5650] Building C object confu-deps/XNNPACK/CMakeFiles/microkernels-all.dir/src/f32-vbinary/gen/f32-vmax-scalar-u2.c.o
  [1796/5650] Building C object confu-deps/XNNPACK/CMakeFiles/microkernels-all.dir/src/f32-vbinary/gen/f32-vmax-scalar-u4.c.o
  [1797/5650] Building C object confu-deps/XNNPACK/CMakeFiles/microkernels-all.dir/src/f32-vbinary/gen/f32-vmaxc-scalar-u4.c.o
  [1798/5650] Building C object confu-deps/XNNPACK/CMakeFiles/microkernels-all.dir/src/f32-vbinary/gen/f32-vmin-scalar-u2.c.o
  [1799/5650] Building C object confu-deps/XNNPACK/CMakeFiles/microkernels-all.dir/src/f32-vbinary/gen/f32-vmin-scalar-u4.c.o
  [1800/5650] Building C object confu-deps/XNNPACK/CMakeFiles/microkernels-all.dir/src/f32-vbinary/gen/f32-vmaxc-scalar-u2.c.o
  [1801/5650] Building C object confu-deps/XNNPACK/CMakeFiles/microkernels-all.dir/src/f32-vbinary/gen/f32-vmin-scalar-u1.c.o
  [1802/5650] Building C object confu-deps/XNNPACK/CMakeFiles/microkernels-all.dir/src/f32-vbinary/gen/f32-vminc-scalar-u1.c.o
  [1803/5650] Building C object confu-deps/XNNPACK/CMakeFiles/microkernels-all.dir/src/f32-vbinary/gen/f32-vminc-scalar-u2.c.o
  [1804/5650] Building C object confu-deps/XNNPACK/CMakeFiles/microkernels-all.dir/src/f32-vbinary/gen/f32-vmul-scalar-u2.c.o
  [1805/5650] Building C object confu-deps/XNNPACK/CMakeFiles/microkernels-all.dir/src/f32-vbinary/gen/f32-vminc-scalar-u4.c.o
  [1806/5650] Building C object confu-deps/XNNPACK/CMakeFiles/microkernels-all.dir/src/f32-vbinary/gen/f32-vmul-scalar-u4.c.o
  [1807/5650] Building C object confu-deps/XNNPACK/CMakeFiles/microkernels-all.dir/src/f32-vbinary/gen/f32-vmulc-scalar-u1.c.o
  [1808/5650] Building C object confu-deps/XNNPACK/CMakeFiles/microkernels-all.dir/src/f32-vbinary/gen/f32-vmulc-scalar-u2.c.o
  [1809/5650] Building C object confu-deps/XNNPACK/CMakeFiles/microkernels-all.dir/src/f32-vbinary/gen/f32-vmul-scalar-u1.c.o
  [1810/5650] Building C object confu-deps/XNNPACK/CMakeFiles/microkernels-all.dir/src/f32-vbinary/gen/f32-vprelu-scalar-u1.c.o
  [1811/5650] Building C object confu-deps/XNNPACK/CMakeFiles/microkernels-all.dir/src/f32-vbinary/gen/f32-vmulc-scalar-u4.c.o
  [1812/5650] Building C object confu-deps/XNNPACK/CMakeFiles/microkernels-all.dir/src/f32-vbinary/gen/f32-vprelu-scalar-u2.c.o
  [1813/5650] Building C object confu-deps/XNNPACK/CMakeFiles/microkernels-all.dir/src/f32-vbinary/gen/f32-vprelu-scalar-u4.c.o
  [1814/5650] Building C object confu-deps/XNNPACK/CMakeFiles/microkernels-all.dir/src/f32-vbinary/gen/f32-vpreluc-scalar-u4.c.o
  [1815/5650] Building C object confu-deps/XNNPACK/CMakeFiles/microkernels-all.dir/src/f32-vbinary/gen/f32-vrdivc-scalar-u8.c.o
  [1816/5650] Building C object confu-deps/XNNPACK/CMakeFiles/microkernels-all.dir/src/f32-vbinary/gen/f32-vpreluc-scalar-u1.c.o
  [1817/5650] Building C object confu-deps/XNNPACK/CMakeFiles/microkernels-all.dir/src/f32-vbinary/gen/f32-vrdivc-scalar-u1.c.o
  [1818/5650] Building C object confu-deps/XNNPACK/CMakeFiles/microkernels-all.dir/src/f32-vbinary/gen/f32-vrdivc-scalar-u4.c.o
  [1819/5650] Building C object confu-deps/XNNPACK/CMakeFiles/microkernels-all.dir/src/f32-vbinary/gen/f32-vrpreluc-scalar-u1.c.o
  [1820/5650] Building C object confu-deps/XNNPACK/CMakeFiles/microkernels-all.dir/src/f32-vbinary/gen/f32-vrpreluc-scalar-u2.c.o
  [1821/5650] Building C object confu-deps/XNNPACK/CMakeFiles/microkernels-all.dir/src/f32-vbinary/gen/f32-vpreluc-scalar-u2.c.o
  [1822/5650] Building C object confu-deps/XNNPACK/CMakeFiles/microkernels-all.dir/src/f32-vbinary/gen/f32-vrpreluc-scalar-u4.c.o
  [1823/5650] Building C object confu-deps/XNNPACK/CMakeFiles/microkernels-all.dir/src/f32-vbinary/gen/f32-vrsubc-scalar-u1.c.o
  [1824/5650] Building C object confu-deps/XNNPACK/CMakeFiles/microkernels-all.dir/src/f32-vbinary/gen/f32-vrsubc-scalar-u4.c.o
  [1825/5650] Building C object confu-deps/XNNPACK/CMakeFiles/microkernels-all.dir/src/f32-vbinary/gen/f32-vrsubc-scalar-u2.c.o
  [1826/5650] Building C object confu-deps/XNNPACK/CMakeFiles/microkernels-all.dir/src/f32-vbinary/gen/f32-vsqrdiffc-scalar-u1.c.o
  [1827/5650] Building C object confu-deps/XNNPACK/CMakeFiles/microkernels-all.dir/src/f32-vbinary/gen/f32-vsqrdiff-scalar-u1.c.o
  [1828/5650] Building C object confu-deps/XNNPACK/CMakeFiles/microkernels-all.dir/src/f32-vbinary/gen/f32-vsqrdiff-scalar-u2.c.o
  [1829/5650] Building C object confu-deps/XNNPACK/CMakeFiles/microkernels-all.dir/src/f32-vbinary/gen/f32-vsqrdiffc-scalar-u2.c.o
  [1830/5650] Building C object confu-deps/XNNPACK/CMakeFiles/microkernels-all.dir/src/f32-vbinary/gen/f32-vsqrdiff-scalar-u4.c.o
  [1831/5650] Building C object confu-deps/XNNPACK/CMakeFiles/microkernels-all.dir/src/f32-vbinary/gen/f32-vsqrdiffc-scalar-u4.c.o
  [1832/5650] Building C object confu-deps/XNNPACK/CMakeFiles/microkernels-all.dir/src/f32-vbinary/gen/f32-vsub-scalar-u1.c.o
  [1833/5650] Building C object confu-deps/XNNPACK/CMakeFiles/microkernels-all.dir/src/f32-vbinary/gen/f32-vsub-scalar-u2.c.o
  [1834/5650] Building C object confu-deps/XNNPACK/CMakeFiles/microkernels-all.dir/src/f32-vbinary/gen/f32-vsubc-scalar-u2.c.o
  [1835/5650] Building C object confu-deps/XNNPACK/CMakeFiles/microkernels-all.dir/src/f32-vbinary/gen/f32-vsubc-scalar-u4.c.o
  [1836/5650] Building C object confu-deps/XNNPACK/CMakeFiles/microkernels-all.dir/src/f32-vclamp/gen/f32-vclamp-scalar-u1.c.o
  [1837/5650] Building C object confu-deps/XNNPACK/CMakeFiles/microkernels-all.dir/src/f32-vclamp/gen/f32-vclamp-scalar-u2.c.o
  [1838/5650] Building C object confu-deps/XNNPACK/CMakeFiles/microkernels-all.dir/src/f32-vbinary/gen/f32-vsub-scalar-u4.c.o
  [1839/5650] Building C object confu-deps/XNNPACK/CMakeFiles/microkernels-all.dir/src/f32-vcmul/gen/f32-vcmul-scalar-u1.c.o
  [1840/5650] Building C object confu-deps/XNNPACK/CMakeFiles/microkernels-all.dir/src/f32-vbinary/gen/f32-vsubc-scalar-u1.c.o
  [1841/5650] Building C object confu-deps/XNNPACK/CMakeFiles/microkernels-all.dir/src/f32-vcmul/gen/f32-vcmul-scalar-u8.c.o
  [1842/5650] Building C object confu-deps/XNNPACK/CMakeFiles/microkernels-all.dir/src/f32-vcmul/gen/f32-vcmul-scalar-u2.c.o
  [1843/5650] Building C object confu-deps/XNNPACK/CMakeFiles/microkernels-all.dir/src/f32-velu/gen/f32-velu-scalar-rr2-lut16-p3-u1.c.o
  [1844/5650] Building C object confu-deps/XNNPACK/CMakeFiles/microkernels-all.dir/src/f32-velu/gen/f32-velu-scalar-rr2-lut16-p3-u5.c.o
  [1845/5650] Building C object confu-deps/XNNPACK/CMakeFiles/microkernels-all.dir/src/f32-velu/gen/f32-velu-scalar-rr2-lut16-p3-u6.c.o
  [1846/5650] Building C object confu-deps/XNNPACK/CMakeFiles/microkernels-all.dir/src/f32-velu/gen/f32-velu-scalar-rr2-lut16-p3-u3.c.o
  [1847/5650] Building C object confu-deps/XNNPACK/CMakeFiles/microkernels-all.dir/src/f32-velu/gen/f32-velu-scalar-rr2-p6-u4.c.o
  [1848/5650] Building C object confu-deps/XNNPACK/CMakeFiles/microkernels-all.dir/src/f32-velu/gen/f32-velu-scalar-rr2-p6-u1.c.o
  [1849/5650] Building C object confu-deps/XNNPACK/CMakeFiles/microkernels-all.dir/src/f32-velu/gen/f32-velu-scalar-rr2-p6-u2.c.o
  [1850/5650] Building C object confu-deps/XNNPACK/CMakeFiles/microkernels-all.dir/src/f32-velu/gen/f32-velu-scalar-rr2-p6-u3.c.o
  [1851/5650] Building C object confu-deps/XNNPACK/CMakeFiles/microkernels-all.dir/src/f32-velu/gen/f32-velu-scalar-rr2-p6-u5.c.o
  [1852/5650] Building C object confu-deps/XNNPACK/CMakeFiles/microkernels-all.dir/src/f32-vgelu/gen/f32-vgelu-scalar.c.o
  [1853/5650] Building C object confu-deps/XNNPACK/CMakeFiles/microkernels-all.dir/src/f32-vlrelu/gen/f32-vlrelu-scalar-u1.c.o
  [1854/5650] Building C object confu-deps/XNNPACK/CMakeFiles/microkernels-all.dir/src/f32-velu/gen/f32-velu-scalar-rr2-p6-u6.c.o
  [1855/5650] Building C object confu-deps/XNNPACK/CMakeFiles/microkernels-all.dir/src/f32-vlrelu/gen/f32-vlrelu-scalar-u2.c.o
  [1856/5650] Building C object confu-deps/XNNPACK/CMakeFiles/microkernels-all.dir/src/f32-vhswish/gen/f32-vhswish-scalar-u1.c.o
  [1857/5650] Building C object confu-deps/XNNPACK/CMakeFiles/microkernels-all.dir/src/f32-vhswish/gen/f32-vhswish-scalar-u2.c.o
  [1858/5650] Building C object confu-deps/XNNPACK/CMakeFiles/microkernels-all.dir/src/f32-vmulcaddc/gen/f32-vmulcaddc-c2-minmax-scalar-2x.c.o
  [1859/5650] Building C object confu-deps/XNNPACK/CMakeFiles/microkernels-all.dir/src/f32-vmulcaddc/gen/f32-vmulcaddc-c4-minmax-scalar-2x.c.o
  [1860/5650] Building C object confu-deps/XNNPACK/CMakeFiles/microkernels-all.dir/src/f32-vlog/gen/f32-vlog-scalar-log.c.o
  [1861/5650] Building C object confu-deps/XNNPACK/CMakeFiles/microkernels-all.dir/src/f32-vrelu/gen/f32-vrelu-scalar-u1.c.o
  [1862/5650] Building C object confu-deps/XNNPACK/CMakeFiles/microkernels-all.dir/src/f32-vrelu/gen/f32-vrelu-scalar-u2.c.o
  [1863/5650] Building C object confu-deps/XNNPACK/CMakeFiles/microkernels-all.dir/src/f32-vrnd/gen/f32-vrndz-scalar-libm-u2.c.o
  [1864/5650] Building C object confu-deps/XNNPACK/CMakeFiles/microkernels-all.dir/src/f32-vrelu/gen/f32-vrelu-scalar-u4.c.o
  [1865/5650] Building C object confu-deps/XNNPACK/CMakeFiles/microkernels-all.dir/src/f32-vrnd/gen/f32-vrndd-scalar-libm-u2.c.o
  [1866/5650] Building C object confu-deps/XNNPACK/CMakeFiles/microkernels-all.dir/src/f32-vrnd/gen/f32-vrndne-scalar-libm-u2.c.o
  [1867/5650] Building C object confu-deps/XNNPACK/CMakeFiles/microkernels-all.dir/src/f32-vrnd/gen/f32-vrndu-scalar-libm-u2.c.o
  [1868/5650] Building C object confu-deps/XNNPACK/CMakeFiles/microkernels-all.dir/src/f32-vsigmoid/gen/f32-vsigmoid-scalar-rr2-lut64-p2-div-u1.c.o
  [1869/5650] Building C object confu-deps/XNNPACK/CMakeFiles/microkernels-all.dir/src/f32-vrsqrt/gen/f32-vrsqrt-scalar-rsqrt-u2.c.o
  [1870/5650] Building C object confu-deps/XNNPACK/CMakeFiles/microkernels-all.dir/src/f32-vsigmoid/gen/f32-vsigmoid-scalar-rr2-lut2048-p1-div-u1.c.o
  [1871/5650] Building C object confu-deps/XNNPACK/CMakeFiles/microkernels-all.dir/src/f32-vsigmoid/gen/f32-vsigmoid-scalar-rr2-lut64-p2-div-u4.c.o
  [1872/5650] Building C object confu-deps/XNNPACK/CMakeFiles/microkernels-all.dir/src/f32-vsigmoid/gen/f32-vsigmoid-scalar-rr2-lut2048-p1-div-u2.c.o
  [1873/5650] Building C object confu-deps/XNNPACK/CMakeFiles/microkernels-all.dir/src/f32-vsigmoid/gen/f32-vsigmoid-scalar-rr2-lut2048-p1-div-u4.c.o
  [1874/5650] Building C object confu-deps/XNNPACK/CMakeFiles/microkernels-all.dir/src/f32-vsigmoid/gen/f32-vsigmoid-scalar-rr2-p5-div-u1.c.o
  [1875/5650] Building C object confu-deps/XNNPACK/CMakeFiles/microkernels-all.dir/src/f32-vsigmoid/gen/f32-vsigmoid-scalar-rr2-p5-div-u4.c.o
  [1876/5650] Building C object confu-deps/XNNPACK/CMakeFiles/microkernels-all.dir/src/f32-vsigmoid/gen/f32-vsigmoid-scalar-rr2-p5-div-u2.c.o
  [1877/5650] Building C object confu-deps/XNNPACK/CMakeFiles/microkernels-all.dir/src/f32-vsqrt/gen/f32-vsqrt-scalar-sqrt-u2.c.o
  [1878/5650] Building C object confu-deps/XNNPACK/CMakeFiles/microkernels-all.dir/src/f32-vsqrt/gen/f32-vsqrt-scalar-sqrt-u4.c.o
  [1879/5650] Building C object confu-deps/XNNPACK/CMakeFiles/microkernels-all.dir/src/qd8-f16-qb4w-gemm/gen/qd8-f16-qb4w-gemm-1x4-minmax-scalar.c.o
  [1880/5650] Building C object confu-deps/XNNPACK/CMakeFiles/microkernels-all.dir/src/qd8-f16-qb4w-gemm/gen/qd8-f16-qb4w-gemm-2x2-minmax-scalar.c.o
  [1881/5650] Building C object confu-deps/XNNPACK/CMakeFiles/microkernels-all.dir/src/qd8-f16-qb4w-gemm/gen/qd8-f16-qb4w-gemm-1x8-minmax-scalar.c.o
  [1882/5650] Building C object confu-deps/XNNPACK/CMakeFiles/microkernels-all.dir/src/qd8-f16-qb4w-gemm/gen/qd8-f16-qb4w-gemm-1x2-minmax-scalar.c.o
  [1883/5650] Building C object confu-deps/XNNPACK/CMakeFiles/microkernels-all.dir/src/qd8-f16-qb4w-gemm/gen/qd8-f16-qb4w-gemm-2x4-minmax-scalar.c.o
  [1884/5650] Building C object confu-deps/XNNPACK/CMakeFiles/microkernels-all.dir/src/qd8-f16-qb4w-gemm/gen/qd8-f16-qb4w-gemm-4x4-minmax-scalar.c.o
  [1885/5650] Building C object confu-deps/XNNPACK/CMakeFiles/microkernels-all.dir/src/qd8-f32-qb4w-gemm/gen/qd8-f32-qb4w-gemm-1x2-minmax-scalar.c.o
  [1886/5650] Building C object confu-deps/XNNPACK/CMakeFiles/microkernels-all.dir/src/qd8-f16-qb4w-gemm/gen/qd8-f16-qb4w-gemm-2x8-minmax-scalar.c.o
  [1887/5650] Building C object confu-deps/XNNPACK/CMakeFiles/microkernels-all.dir/src/qd8-f32-qb4w-gemm/gen/qd8-f32-qb4w-gemm-2x2-minmax-scalar.c.o
  [1888/5650] Building C object confu-deps/XNNPACK/CMakeFiles/microkernels-all.dir/src/qd8-f32-qb4w-gemm/gen/qd8-f32-qb4w-gemm-2x4-minmax-scalar.c.o
  [1889/5650] Building C object confu-deps/XNNPACK/CMakeFiles/microkernels-all.dir/src/qd8-f32-qb4w-gemm/gen/qd8-f32-qb4w-gemm-1x8-minmax-scalar.c.o
  [1890/5650] Building C object confu-deps/XNNPACK/CMakeFiles/microkernels-all.dir/src/qd8-f32-qc4w-gemm/gen/qd8-f32-qc4w-gemm-1x2-minmax-scalar.c.o
  [1891/5650] Building C object confu-deps/XNNPACK/CMakeFiles/microkernels-all.dir/src/qd8-f32-qb4w-gemm/gen/qd8-f32-qb4w-gemm-2x8-minmax-scalar.c.o
  [1892/5650] Building C object confu-deps/XNNPACK/CMakeFiles/microkernels-all.dir/src/qd8-f32-qc4w-gemm/gen/qd8-f32-qc4w-gemm-1x8-minmax-scalar.c.o
  [1893/5650] Building C object confu-deps/XNNPACK/CMakeFiles/microkernels-all.dir/src/qd8-f32-qc4w-gemm/gen/qd8-f32-qc4w-gemm-1x1-minmax-scalar.c.o
  [1894/5650] Building C object confu-deps/XNNPACK/CMakeFiles/microkernels-all.dir/src/qd8-f32-qc4w-gemm/gen/qd8-f32-qc4w-gemm-2x2-minmax-scalar.c.o
  [1895/5650] Building C object confu-deps/XNNPACK/CMakeFiles/microkernels-all.dir/src/qd8-f32-qc4w-gemm/gen/qd8-f32-qc4w-gemm-2x4-minmax-scalar.c.o
  [1896/5650] Building C object confu-deps/XNNPACK/CMakeFiles/microkernels-all.dir/src/qd8-f32-qc8w-gemm/gen/qd8-f32-qc8w-gemm-1x8-minmax-scalar.c.o
  [1897/5650] Building C object confu-deps/XNNPACK/CMakeFiles/microkernels-all.dir/src/qd8-f32-qc8w-gemm/gen/qd8-f32-qc8w-gemm-2x4-minmax-scalar.c.o
  [1898/5650] Building C object confu-deps/XNNPACK/CMakeFiles/microkernels-all.dir/src/qd8-f32-qc8w-igemm/gen/qd8-f32-qc8w-igemm-2x4-minmax-scalar.c.o
  [1899/5650] Building C object confu-deps/XNNPACK/CMakeFiles/microkernels-all.dir/src/qd8-f32-qc4w-gemm/gen/qd8-f32-qc4w-gemm-2x8-minmax-scalar.c.o
  [1900/5650] Building C object confu-deps/XNNPACK/CMakeFiles/microkernels-all.dir/src/qd8-f32-qc8w-igemm/gen/qd8-f32-qc8w-igemm-2x8-minmax-scalar.c.o
  [1901/5650] Building C object confu-deps/XNNPACK/CMakeFiles/microkernels-all.dir/src/qd8-f32-qc8w-igemm/gen/qd8-f32-qc8w-igemm-1x8-minmax-scalar.c.o
  [1902/5650] Building C object confu-deps/XNNPACK/CMakeFiles/microkernels-all.dir/src/qd8-f32-qc8w-gemm/gen/qd8-f32-qc8w-gemm-2x8-minmax-scalar.c.o
  [1903/5650] Building C object confu-deps/XNNPACK/CMakeFiles/microkernels-all.dir/src/qs8-dwconv/gen/qs8-dwconv-5f5m5l1c1s1r-minmax-fp32-scalar-fmagic.c.o
  [1904/5650] Building C object confu-deps/XNNPACK/CMakeFiles/microkernels-all.dir/src/qs8-dwconv/gen/qs8-dwconv-5f5m5l1c1s1r-minmax-fp32-scalar-lrintf.c.o
  [1905/5650] Building C object confu-deps/XNNPACK/CMakeFiles/microkernels-all.dir/src/qs8-dwconv/gen/qs8-dwconv-5f5m5l1c1s1r-minmax-fp32-scalar-imagic.c.o
  [1906/5650] Building C object confu-deps/XNNPACK/CMakeFiles/microkernels-all.dir/src/qs8-dwconv/gen/qs8-dwconv-5f5m5l2c1s1r-minmax-fp32-scalar-fmagic.c.o
  [1907/5650] Building C object confu-deps/XNNPACK/CMakeFiles/microkernels-all.dir/src/qs8-dwconv/gen/qs8-dwconv-5f5m5l2c1s1r-minmax-fp32-scalar-lrintf.c.o
  [1908/5650] Building C object confu-deps/XNNPACK/CMakeFiles/microkernels-all.dir/src/qs8-dwconv/gen/qs8-dwconv-5f5m5l2c1s1r-minmax-fp32-scalar-imagic.c.o
  [1909/5650] Building C object confu-deps/XNNPACK/CMakeFiles/microkernels-all.dir/src/qs8-dwconv/gen/qs8-dwconv-5f5m5l4c1s1r-minmax-fp32-scalar-imagic.c.o
  [1910/5650] Building C object confu-deps/XNNPACK/CMakeFiles/microkernels-all.dir/src/qs8-dwconv/gen/qs8-dwconv-5f5m5l4c1s1r-minmax-fp32-scalar-lrintf.c.o
  [1911/5650] Building C object confu-deps/XNNPACK/CMakeFiles/microkernels-all.dir/src/qs8-dwconv/gen/qs8-dwconv-5f5m5l4c1s1r-minmax-fp32-scalar-fmagic.c.o
  [1912/5650] Building C object confu-deps/XNNPACK/CMakeFiles/microkernels-all.dir/src/qs8-dwconv/gen/qs8-dwconv-6f6m7l1c1s1r-minmax-fp32-scalar-imagic.c.o
  [1913/5650] Building C object confu-deps/XNNPACK/CMakeFiles/microkernels-all.dir/src/qs8-dwconv/gen/qs8-dwconv-6f6m7l1c1s1r-minmax-fp32-scalar-lrintf.c.o
  [1914/5650] Building C object confu-deps/XNNPACK/CMakeFiles/microkernels-all.dir/src/qs8-dwconv/gen/qs8-dwconv-6f6m7l1c1s1r-minmax-fp32-scalar-fmagic.c.o
  [1915/5650] Building C object confu-deps/XNNPACK/CMakeFiles/microkernels-all.dir/src/qs8-dwconv/gen/qs8-dwconv-6f6m7l2c1s1r-minmax-fp32-scalar-fmagic.c.o
  [1916/5650] Building C object confu-deps/XNNPACK/CMakeFiles/microkernels-all.dir/src/qs8-dwconv/gen/qs8-dwconv-6f6m7l2c1s1r-minmax-fp32-scalar-lrintf.c.o
  [1917/5650] Building C object confu-deps/XNNPACK/CMakeFiles/microkernels-all.dir/src/qs8-dwconv/gen/qs8-dwconv-8f8m9l1c1s1r-minmax-fp32-scalar-fmagic.c.o
  [1918/5650] Building C object confu-deps/XNNPACK/CMakeFiles/microkernels-all.dir/src/qs8-dwconv/gen/qs8-dwconv-6f6m7l2c1s1r-minmax-fp32-scalar-imagic.c.o
  [1919/5650] Building C object confu-deps/XNNPACK/CMakeFiles/microkernels-all.dir/src/qs8-dwconv/gen/qs8-dwconv-8f8m9l1c1s1r-minmax-fp32-scalar-imagic.c.o
  [1920/5650] Building C object confu-deps/XNNPACK/CMakeFiles/microkernels-all.dir/src/qs8-dwconv/gen/qs8-dwconv-6f6m7l4c1s1r-minmax-fp32-scalar-imagic.c.o
  [1921/5650] Building C object confu-deps/XNNPACK/CMakeFiles/microkernels-all.dir/src/qs8-dwconv/gen/qs8-dwconv-6f6m7l4c1s1r-minmax-fp32-scalar-lrintf.c.o
  [1922/5650] Building C object confu-deps/XNNPACK/CMakeFiles/microkernels-all.dir/src/qs8-dwconv/gen/qs8-dwconv-8f8m9l1c1s1r-minmax-fp32-scalar-lrintf.c.o
  [1923/5650] Building C object confu-deps/XNNPACK/CMakeFiles/microkernels-all.dir/src/qs8-dwconv/gen/qs8-dwconv-8f8m9l2c1s1r-minmax-fp32-scalar-fmagic.c.o
  [1924/5650] Building C object confu-deps/XNNPACK/CMakeFiles/microkernels-all.dir/src/qs8-dwconv/gen/qs8-dwconv-8f8m9l2c1s1r-minmax-fp32-scalar-imagic.c.o
  [1925/5650] Building C object confu-deps/XNNPACK/CMakeFiles/microkernels-all.dir/src/qs8-dwconv/gen/qs8-dwconv-9p1c-minmax-fp32-scalar-imagic.c.o
  [1926/5650] Building C object confu-deps/XNNPACK/CMakeFiles/microkernels-all.dir/src/qs8-dwconv/gen/qs8-dwconv-8f8m9l4c1s1r-minmax-fp32-scalar-lrintf.c.o
  [1927/5650] Building C object confu-deps/XNNPACK/CMakeFiles/microkernels-all.dir/src/qs8-dwconv/gen/qs8-dwconv-8f8m9l2c1s1r-minmax-fp32-scalar-lrintf.c.o
  [1928/5650] Building C object confu-deps/XNNPACK/CMakeFiles/microkernels-all.dir/src/qs8-dwconv/gen/qs8-dwconv-6f6m7l4c1s1r-minmax-fp32-scalar-fmagic.c.o
  [1929/5650] Building C object confu-deps/XNNPACK/CMakeFiles/microkernels-all.dir/src/qs8-dwconv/gen/qs8-dwconv-8f8m9l4c1s1r-minmax-fp32-scalar-imagic.c.o
  [1930/5650] Building C object confu-deps/XNNPACK/CMakeFiles/microkernels-all.dir/src/qs8-dwconv/gen/qs8-dwconv-8f8m9l4c1s1r-minmax-fp32-scalar-fmagic.c.o
  [1931/5650] Building C object confu-deps/XNNPACK/CMakeFiles/microkernels-all.dir/src/qs8-dwconv/gen/qs8-dwconv-9p1c-minmax-fp32-scalar-lrintf.c.o
  [1932/5650] Building C object confu-deps/XNNPACK/CMakeFiles/microkernels-all.dir/src/qs8-dwconv/gen/qs8-dwconv-9p1c-minmax-rndnu-scalar.c.o
  [1933/5650] Building C object confu-deps/XNNPACK/CMakeFiles/microkernels-all.dir/src/qs8-dwconv/gen/qs8-dwconv-9p2c-minmax-fp32-scalar-fmagic.c.o
  [1934/5650] Building C object confu-deps/XNNPACK/CMakeFiles/microkernels-all.dir/src/qs8-dwconv/gen/qs8-dwconv-9p4c-minmax-fp32-scalar-lrintf.c.o
  [1935/5650] Building C object confu-deps/XNNPACK/CMakeFiles/microkernels-all.dir/src/qs8-dwconv/gen/qs8-dwconv-9p4c-minmax-rndnu-scalar.c.o
  [1936/5650] Building C object confu-deps/XNNPACK/CMakeFiles/microkernels-all.dir/src/qs8-dwconv/gen/qs8-dwconv-9p4c-minmax-fp32-scalar-fmagic.c.o
  [1937/5650] Building C object confu-deps/XNNPACK/CMakeFiles/microkernels-all.dir/src/qs8-dwconv/gen/qs8-dwconv-9p2c-minmax-rndnu-scalar.c.o
  [1938/5650] Building C object confu-deps/XNNPACK/CMakeFiles/microkernels-all.dir/src/qs8-dwconv/gen/qs8-dwconv-9p4c-minmax-fp32-scalar-imagic.c.o
  [1939/5650] Building C object confu-deps/XNNPACK/CMakeFiles/microkernels-all.dir/src/qs8-dwconv/gen/qs8-dwconv-25p1c-minmax-fp32-scalar-lrintf.c.o
  [1940/5650] Building C object confu-deps/XNNPACK/CMakeFiles/microkernels-all.dir/src/qs8-dwconv/gen/qs8-dwconv-25p2c-minmax-fp32-scalar-fmagic.c.o
  [1941/5650] Building C object confu-deps/XNNPACK/CMakeFiles/microkernels-all.dir/src/qs8-dwconv/gen/qs8-dwconv-25p2c-minmax-fp32-scalar-imagic.c.o
  [1942/5650] Building C object confu-deps/XNNPACK/CMakeFiles/microkernels-all.dir/src/qs8-dwconv/gen/qs8-dwconv-25p4c-minmax-fp32-scalar-fmagic.c.o
  [1943/5650] Building C object confu-deps/XNNPACK/CMakeFiles/microkernels-all.dir/src/qs8-f32-vcvt/gen/qs8-f32-vcvt-scalar-u2.c.o
  [1944/5650] Building C object confu-deps/XNNPACK/CMakeFiles/microkernels-all.dir/src/qs8-f32-vcvt/gen/qs8-f32-vcvt-scalar-u3.c.o
  [1945/5650] Building C object confu-deps/XNNPACK/CMakeFiles/microkernels-all.dir/src/qs8-dwconv/gen/qs8-dwconv-25p4c-minmax-fp32-scalar-lrintf.c.o
  [1946/5650] Building C object confu-deps/XNNPACK/CMakeFiles/microkernels-all.dir/src/qs8-packw/gen/qs8-packw-x8c4-gemm-gio-scalar.c.o
  [1947/5650] Building C object confu-deps/XNNPACK/CMakeFiles/microkernels-all.dir/src/qs8-dwconv/gen/qs8-dwconv-25p4c-minmax-fp32-scalar-imagic.c.o
  [1948/5650] Building C object confu-deps/XNNPACK/CMakeFiles/microkernels-all.dir/src/qs8-packw/gen/qs8-packw-x8c4-gemm-goi-scalar.c.o
  [1949/5650] Building C object confu-deps/XNNPACK/CMakeFiles/microkernels-all.dir/src/qs8-qc4w-packw/gen/qs8-qc4w-packw-x8c8-gemm-goi-scalar.c.o
  [1950/5650] Building C object confu-deps/XNNPACK/CMakeFiles/microkernels-all.dir/src/qs8-packw/gen/qs8-packw-x8c8-gemm-gio-scalar.c.o
  [1951/5650] Building C object confu-deps/XNNPACK/CMakeFiles/microkernels-all.dir/src/qs8-qc4w-packw/gen/qs8-qc4w-packw-x16c8-gemm-goi-scalar.c.o
  [1952/5650] Building C object confu-deps/XNNPACK/CMakeFiles/microkernels-all.dir/src/qs8-qc4w-packw/gen/qs8-qc4w-packw-x32c8-gemm-goi-scalar.c.o
  [1953/5650] Building C object confu-deps/XNNPACK/CMakeFiles/microkernels-all.dir/src/qs8-qc8w-dwconv/gen/qs8-qc8w-dwconv-4p2c-minmax-fp32-scalar-imagic.c.o
  [1954/5650] Building C object confu-deps/XNNPACK/CMakeFiles/microkernels-all.dir/src/qs8-qc8w-dwconv/gen/qs8-qc8w-dwconv-5f5m5l1c1s1r-minmax-fp32-scalar-fmagic.c.o
  [1955/5650] Building C object confu-deps/XNNPACK/CMakeFiles/microkernels-all.dir/src/qs8-qc8w-dwconv/gen/qs8-qc8w-dwconv-5f5m5l1c1s1r-minmax-fp32-scalar-imagic.c.o
  [1956/5650] Building C object confu-deps/XNNPACK/CMakeFiles/microkernels-all.dir/src/qs8-packw/gen/qs8-packw-x16c4-gemm-gio-scalar.c.o
  [1957/5650] Building C object confu-deps/XNNPACK/CMakeFiles/microkernels-all.dir/src/qs8-qc8w-dwconv/gen/qs8-qc8w-dwconv-5f5m5l1c1s1r-minmax-fp32-scalar-lrintf.c.o
  [1958/5650] Building C object confu-deps/XNNPACK/CMakeFiles/microkernels-all.dir/src/qs8-packw/gen/qs8-packw-x8c8-gemm-goi-scalar.c.o
  [1959/5650] Building C object confu-deps/XNNPACK/CMakeFiles/microkernels-all.dir/src/qs8-qc8w-dwconv/gen/qs8-qc8w-dwconv-5f5m5l2c1s1r-minmax-fp32-scalar-fmagic.c.o
  [1960/5650] Building C object confu-deps/XNNPACK/CMakeFiles/microkernels-all.dir/src/qs8-qc8w-dwconv/gen/qs8-qc8w-dwconv-5f5m5l2c1s1r-minmax-fp32-scalar-lrintf.c.o
  [1961/5650] Building C object confu-deps/XNNPACK/CMakeFiles/microkernels-all.dir/src/qs8-qc8w-dwconv/gen/qs8-qc8w-dwconv-5f5m5l2c1s1r-minmax-fp32-scalar-imagic.c.o
  [1962/5650] Building C object confu-deps/XNNPACK/CMakeFiles/microkernels-all.dir/src/qs8-qc8w-dwconv/gen/qs8-qc8w-dwconv-5f5m5l4c1s1r-minmax-fp32-scalar-fmagic.c.o
  [1963/5650] Building C object confu-deps/XNNPACK/CMakeFiles/microkernels-all.dir/src/qs8-qc8w-dwconv/gen/qs8-qc8w-dwconv-5f5m5l4c1s1r-minmax-fp32-scalar-imagic.c.o
  [1964/5650] Building C object confu-deps/XNNPACK/CMakeFiles/microkernels-all.dir/src/qs8-qc8w-dwconv/gen/qs8-qc8w-dwconv-5f5m5l4c1s1r-minmax-fp32-scalar-lrintf.c.o
  [1965/5650] Building C object confu-deps/XNNPACK/CMakeFiles/microkernels-all.dir/src/qs8-qc8w-dwconv/gen/qs8-qc8w-dwconv-6f6m7l1c1s1r-minmax-fp32-scalar-fmagic.c.o
  [1966/5650] Building C object confu-deps/XNNPACK/CMakeFiles/microkernels-all.dir/src/qs8-qc8w-dwconv/gen/qs8-qc8w-dwconv-6f6m7l1c1s1r-minmax-fp32-scalar-imagic.c.o
  [1967/5650] Building C object confu-deps/XNNPACK/CMakeFiles/microkernels-all.dir/src/qs8-qc8w-dwconv/gen/qs8-qc8w-dwconv-6f6m7l1c1s1r-minmax-fp32-scalar-lrintf.c.o
  [1968/5650] Building C object confu-deps/XNNPACK/CMakeFiles/microkernels-all.dir/src/qs8-qc8w-dwconv/gen/qs8-qc8w-dwconv-6f6m7l2c1s1r-minmax-fp32-scalar-imagic.c.o
  [1969/5650] Building C object confu-deps/XNNPACK/CMakeFiles/microkernels-all.dir/src/qs8-qc8w-dwconv/gen/qs8-qc8w-dwconv-6f6m7l2c1s1r-minmax-fp32-scalar-lrintf.c.o
  [1970/5650] Building C object confu-deps/XNNPACK/CMakeFiles/microkernels-all.dir/src/qs8-qc8w-dwconv/gen/qs8-qc8w-dwconv-6f6m7l2c1s1r-minmax-fp32-scalar-fmagic.c.o
  [1971/5650] Building C object confu-deps/XNNPACK/CMakeFiles/microkernels-all.dir/src/qs8-qc8w-dwconv/gen/qs8-qc8w-dwconv-6f6m7l4c1s1r-minmax-fp32-scalar-fmagic.c.o
  [1972/5650] Building C object confu-deps/XNNPACK/CMakeFiles/microkernels-all.dir/src/qs8-qc8w-dwconv/gen/qs8-qc8w-dwconv-6f6m7l4c1s1r-minmax-fp32-scalar-imagic.c.o
  [1973/5650] Building C object confu-deps/XNNPACK/CMakeFiles/microkernels-all.dir/src/qs8-qc8w-dwconv/gen/qs8-qc8w-dwconv-8f8m9l1c1s1r-minmax-fp32-scalar-fmagic.c.o
  [1974/5650] Building C object confu-deps/XNNPACK/CMakeFiles/microkernels-all.dir/src/qs8-packw/gen/qs8-packw-x32c4-gemm-gio-scalar.c.o
  [1975/5650] Building C object confu-deps/XNNPACK/CMakeFiles/microkernels-all.dir/src/qs8-qc8w-dwconv/gen/qs8-qc8w-dwconv-8f8m9l1c1s1r-minmax-fp32-scalar-imagic.c.o
  [1976/5650] Building C object confu-deps/XNNPACK/CMakeFiles/microkernels-all.dir/src/qs8-qc8w-dwconv/gen/qs8-qc8w-dwconv-6f6m7l4c1s1r-minmax-fp32-scalar-lrintf.c.o
  [1977/5650] Building C object confu-deps/XNNPACK/CMakeFiles/microkernels-all.dir/src/qs8-qc8w-dwconv/gen/qs8-qc8w-dwconv-8f8m9l1c1s1r-minmax-fp32-scalar-lrintf.c.o
  [1978/5650] Building C object confu-deps/XNNPACK/CMakeFiles/microkernels-all.dir/src/qs8-qc8w-dwconv/gen/qs8-qc8w-dwconv-8f8m9l2c1s1r-minmax-fp32-scalar-imagic.c.o
  [1979/5650] Building C object confu-deps/XNNPACK/CMakeFiles/microkernels-all.dir/src/qs8-qc8w-dwconv/gen/qs8-qc8w-dwconv-8f8m9l2c1s1r-minmax-fp32-scalar-fmagic.c.o
  [1980/5650] Building C object confu-deps/XNNPACK/CMakeFiles/microkernels-all.dir/src/qs8-qc8w-dwconv/gen/qs8-qc8w-dwconv-8f8m9l2c1s1r-minmax-fp32-scalar-lrintf.c.o
  [1981/5650] Building C object confu-deps/XNNPACK/CMakeFiles/microkernels-all.dir/src/qs8-qc8w-dwconv/gen/qs8-qc8w-dwconv-8f8m9l4c1s1r-minmax-fp32-scalar-fmagic.c.o
  [1982/5650] Building C object confu-deps/XNNPACK/CMakeFiles/microkernels-all.dir/src/qs8-qc8w-dwconv/gen/qs8-qc8w-dwconv-8f8m9l4c1s1r-minmax-fp32-scalar-imagic.c.o
  [1983/5650] Building C object confu-deps/XNNPACK/CMakeFiles/microkernels-all.dir/src/qs8-packw/gen/qs8-packw-x16c8-gemm-gio-scalar.c.o
  [1984/5650] Generating /Users/wen/test/pytorch/torch/csrc/autograd/generated/Functions.cpp, /Users/wen/test/pytorch/torch/csrc/autograd/generated/ViewFuncs.cpp, /Users/wen/test/pytorch/torch/csrc/autograd/generated/VariableType_0.cpp, /Users/wen/test/pytorch/torch/csrc/autograd/generated/VariableType_1.cpp, /Users/wen/test/pytorch/torch/csrc/autograd/generated/VariableType_2.cpp, /Users/wen/test/pytorch/torch/csrc/autograd/generated/VariableType_3.cpp, /Users/wen/test/pytorch/torch/csrc/autograd/generated/VariableType_4.cpp, /Users/wen/test/pytorch/torch/csrc/autograd/generated/TraceType_0.cpp, /Users/wen/test/pytorch/torch/csrc/autograd/generated/TraceType_1.cpp, /Users/wen/test/pytorch/torch/csrc/autograd/generated/TraceType_2.cpp, /Users/wen/test/pytorch/torch/csrc/autograd/generated/TraceType_3.cpp, /Users/wen/test/pytorch/torch/csrc/autograd/generated/TraceType_4.cpp, /Users/wen/test/pytorch/torch/csrc/autograd/generated/ADInplaceOrViewType_0.cpp, /Users/wen/test/pytorch/torch/csrc/autograd/generated/ADInplaceOrViewType_1.cpp, /Users/wen/test/pytorch/torch/csrc/inductor/aoti_torch/generated/c_shim_cpu.cpp, /Users/wen/test/pytorch/torch/csrc/inductor/aoti_torch/generated/c_shim_aten.cpp, /Users/wen/test/pytorch/torch/csrc/lazy/generated/LazyNativeFunctions.cpp, /Users/wen/test/pytorch/torch/csrc/lazy/generated/RegisterAutogradLazy.cpp, /Users/wen/test/pytorch/torch/csrc/lazy/generated/RegisterLazy.cpp, /Users/wen/test/pytorch/torch/csrc/inductor/aoti_torch/generated/c_shim_mps.cpp, /Users/wen/test/pytorch/torch/csrc/autograd/generated/Functions.h, /Users/wen/test/pytorch/torch/csrc/autograd/generated/variable_factories.h, /Users/wen/test/pytorch/torch/csrc/autograd/generated/ViewFuncs.h, /Users/wen/test/pytorch/torch/csrc/autograd/generated/VariableType.h, /Users/wen/test/pytorch/torch/csrc/lazy/generated/LazyIr.h, /Users/wen/test/pytorch/torch/csrc/lazy/generated/LazyNonNativeIr.h, /Users/wen/test/pytorch/torch/csrc/lazy/generated/LazyNativeFunctions.h, /Users/wen/test/pytorch/torch/csrc/autograd/generated/python_functions_0.cpp, /Users/wen/test/pytorch/torch/csrc/autograd/generated/python_functions_1.cpp, /Users/wen/test/pytorch/torch/csrc/autograd/generated/python_functions_2.cpp, /Users/wen/test/pytorch/torch/csrc/autograd/generated/python_functions_3.cpp, /Users/wen/test/pytorch/torch/csrc/autograd/generated/python_functions_4.cpp, /Users/wen/test/pytorch/torch/csrc/autograd/generated/python_variable_methods.cpp, /Users/wen/test/pytorch/torch/csrc/autograd/generated/python_torch_functions_0.cpp, /Users/wen/test/pytorch/torch/csrc/autograd/generated/python_torch_functions_1.cpp, /Users/wen/test/pytorch/torch/csrc/autograd/generated/python_torch_functions_2.cpp, /Users/wen/test/pytorch/torch/csrc/autograd/generated/python_nn_functions.cpp, /Users/wen/test/pytorch/torch/csrc/autograd/generated/python_fft_functions.cpp, /Users/wen/test/pytorch/torch/csrc/autograd/generated/python_linalg_functions.cpp, /Users/wen/test/pytorch/torch/csrc/autograd/generated/python_nested_functions.cpp, /Users/wen/test/pytorch/torch/csrc/autograd/generated/python_sparse_functions.cpp, /Users/wen/test/pytorch/torch/csrc/autograd/generated/python_special_functions.cpp, /Users/wen/test/pytorch/torch/csrc/autograd/generated/python_return_types.cpp, /Users/wen/test/pytorch/torch/csrc/autograd/generated/python_enum_tag.cpp, /Users/wen/test/pytorch/torch/csrc/functionalization/generated/ViewMetaClassesPythonBinding.cpp, /Users/wen/test/pytorch/torch/csrc/autograd/generated/python_functions.h, /Users/wen/test/pytorch/torch/csrc/autograd/generated/python_return_types.h, /Users/wen/test/pytorch/torch/testing/_internal/generated/annotated_fn_args.py, /Users/wen/test/pytorch/torch/csrc/inductor/aoti_torch/generated/c_shim_cuda.cpp
  [1985/5650] Building C object confu-deps/XNNPACK/CMakeFiles/microkernels-all.dir/src/qs8-qc8w-dwconv/gen/qs8-qc8w-dwconv-9p1c-minmax-fp32-scalar-imagic.c.o
  [1986/5650] Building C object confu-deps/XNNPACK/CMakeFiles/microkernels-all.dir/src/qs8-qc8w-dwconv/gen/qs8-qc8w-dwconv-9p1c-minmax-fp32-scalar-lrintf.c.o
  [1987/5650] Building C object confu-deps/XNNPACK/CMakeFiles/microkernels-all.dir/src/qs8-qc8w-dwconv/gen/qs8-qc8w-dwconv-8f8m9l4c1s1r-minmax-fp32-scalar-lrintf.c.o
  [1988/5650] Building C object confu-deps/XNNPACK/CMakeFiles/microkernels-all.dir/src/qs8-qc8w-dwconv/gen/qs8-qc8w-dwconv-9p2c-minmax-fp32-scalar-fmagic.c.o
  [1989/5650] Building C object confu-deps/XNNPACK/CMakeFiles/microkernels-all.dir/src/qs8-qc8w-dwconv/gen/qs8-qc8w-dwconv-9p4c-minmax-fp32-scalar-fmagic.c.o
  [1990/5650] Building C object confu-deps/XNNPACK/CMakeFiles/microkernels-all.dir/src/qs8-qc8w-dwconv/gen/qs8-qc8w-dwconv-9p4c-minmax-fp32-scalar-imagic.c.o
  [1991/5650] Building C object confu-deps/XNNPACK/CMakeFiles/microkernels-all.dir/src/qs8-qc8w-dwconv/gen/qs8-qc8w-dwconv-9p4c-minmax-fp32-scalar-lrintf.c.o
  [1992/5650] Building CXX object caffe2/CMakeFiles/torch_cpu.dir/__/aten/src/ATen/DTensorState.cpp.o
  [1993/5650] Building C object confu-deps/XNNPACK/CMakeFiles/microkernels-all.dir/src/qs8-packw/gen/qs8-packw-x16c4-gemm-goi-scalar.c.o
  [1994/5650] Building C object confu-deps/XNNPACK/CMakeFiles/microkernels-all.dir/src/qs8-packw/gen/qs8-packw-x64c4-gemm-gio-scalar.c.o
  [1995/5650] Building CXX object caffe2/CMakeFiles/torch_cpu.dir/__/aten/src/ATen/AccumulateType.cpp.o
  [1996/5650] Building CXX object caffe2/CMakeFiles/torch_cpu.dir/__/aten/src/ATen/Dispatch.cpp.o
  [1997/5650] Generating /Users/wen/test/pytorch/torch/_C/__init__.pyi, /Users/wen/test/pytorch/torch/_C/_VariableFunctions.pyi, /Users/wen/test/pytorch/torch/nn/functional.pyi
  [1998/5650] Building CXX object caffe2/CMakeFiles/torch_cpu.dir/__/aten/src/ATen/FuncTorchTLS.cpp.o
  [1999/5650] Building C object confu-deps/XNNPACK/CMakeFiles/microkernels-all.dir/src/qs8-packw/gen/qs8-packw-x32c4-gemm-goi-scalar.c.o
  [2000/5650] Building CXX object caffe2/CMakeFiles/torch_cpu.dir/__/aten/src/ATen/DeviceAccelerator.cpp.o
  [2001/5650] Building CXX object caffe2/CMakeFiles/torch_cpu.dir/__/aten/src/ATen/CPUGeneratorImpl.cpp.o
  [2002/5650] Building CXX object caffe2/CMakeFiles/torch_cpu.dir/__/aten/src/ATen/Context.cpp.o
  [2003/5650] Building CXX object caffe2/CMakeFiles/torch_cpu.dir/__/aten/src/ATen/DynamicLibrary.cpp.o
  [2004/5650] Building CXX object caffe2/CMakeFiles/torch_cpu.dir/__/aten/src/ATen/EmptyTensor.cpp.o
  [2005/5650] Building CXX object caffe2/CMakeFiles/torch_cpu.dir/__/aten/src/ATen/LegacyVmapMode.cpp.o
  [2006/5650] Building CXX object caffe2/CMakeFiles/torch_cpu.dir/__/aten/src/ATen/ExpandUtils.cpp.o
  [2007/5650] Building CXX object caffe2/CMakeFiles/torch_cpu.dir/__/aten/src/ATen/ConjugateFallback.cpp.o
  [2008/5650] Building CXX object caffe2/CMakeFiles/torch_cpu.dir/__/aten/src/ATen/LegacyBatchedTensorImpl.cpp.o
  [2009/5650] Building CXX object caffe2/CMakeFiles/torch_cpu.dir/__/aten/src/ATen/FunctionalStorageImpl.cpp.o
  [2010/5650] Building CXX object caffe2/CMakeFiles/torch_cpu.dir/__/aten/src/ATen/CachedTensorUtils.cpp.o
  [2011/5650] Building CXX object caffe2/CMakeFiles/torch_cpu.dir/__/aten/src/ATen/DLConvertor.cpp.o
  [2012/5650] Building CXX object caffe2/CMakeFiles/torch_cpu.dir/__/aten/src/ATen/MemoryOverlap.cpp.o
  [2013/5650] Building CXX object caffe2/CMakeFiles/torch_cpu.dir/__/aten/src/ATen/FunctionalTensorWrapper.cpp.o
  [2014/5650] Building CXX object caffe2/CMakeFiles/torch_cpu.dir/__/aten/src/ATen/LegacyVmapTransforms.cpp.o
  [2015/5650] Building CXX object caffe2/CMakeFiles/torch_cpu.dir/__/aten/src/ATen/FunctionalizeFallbackKernel.cpp.o
  [2016/5650] Building CXX object caffe2/CMakeFiles/torch_cpu.dir/__/aten/src/ATen/ParallelCommon.cpp.o
  [2017/5650] Building CXX object caffe2/CMakeFiles/torch_cpu.dir/__/aten/src/ATen/FunctionalInverses.cpp.o
  [2018/5650] Building CXX object caffe2/CMakeFiles/torch_cpu.dir/__/aten/src/ATen/SequenceNumber.cpp.o
  [2019/5650] Building CXX object caffe2/CMakeFiles/torch_cpu.dir/__/aten/src/ATen/MapAllocator.cpp.o
  [2020/5650] Building CXX object caffe2/CMakeFiles/torch_cpu.dir/__/aten/src/ATen/PythonTorchFunctionTLS.cpp.o
  [2021/5650] Building CXX object caffe2/CMakeFiles/torch_cpu.dir/__/aten/src/ATen/ParallelOpenMP.cpp.o
  [2022/5650] Building CXX object caffe2/CMakeFiles/torch_cpu.dir/__/aten/src/ATen/SavedTensorHooks.cpp.o
  [2023/5650] Building CXX object caffe2/CMakeFiles/torch_cpu.dir/__/aten/src/ATen/NamedTensorUtils.cpp.o
  [2024/5650] Building CXX object caffe2/CMakeFiles/torch_cpu.dir/__/aten/src/ATen/LegacyBatchedFallback.cpp.o
  [2025/5650] Building CXX object caffe2/CMakeFiles/torch_cpu.dir/__/aten/src/ATen/TensorGeometry.cpp.o
  [2026/5650] Building CXX object caffe2/CMakeFiles/torch_cpu.dir/__/aten/src/ATen/ParallelNative.cpp.o
  [2027/5650] Building CXX object caffe2/CMakeFiles/torch_cpu.dir/__/aten/src/ATen/TensorMeta.cpp.o
  [2028/5650] Building CXX object caffe2/CMakeFiles/torch_cpu.dir/__/aten/src/ATen/ParallelThreadPoolNative.cpp.o
  [2029/5650] Building CXX object caffe2/CMakeFiles/torch_cpu.dir/__/aten/src/ATen/ScalarOps.cpp.o
  [2030/5650] Building CXX object caffe2/CMakeFiles/torch_cpu.dir/__/aten/src/ATen/SparseTensorImpl.cpp.o
  [2031/5650] Building CXX object caffe2/CMakeFiles/torch_cpu.dir/__/aten/src/ATen/SparseCsrTensorImpl.cpp.o
  [2032/5650] Building CXX object caffe2/CMakeFiles/torch_cpu.dir/__/aten/src/ATen/ThreadLocalPythonObjects.cpp.o
  [2033/5650] Building CXX object caffe2/CMakeFiles/torch_cpu.dir/__/aten/src/ATen/NestedTensorImpl.cpp.o
  [2034/5650] Building CXX object caffe2/CMakeFiles/torch_cpu.dir/__/aten/src/ATen/TensorIndexing.cpp.o
  [2035/5650] Building CXX object caffe2/CMakeFiles/torch_cpu.dir/__/aten/src/ATen/cpu/FlushDenormal.cpp.o
  [2036/5650] Building CXX object caffe2/CMakeFiles/torch_cpu.dir/__/aten/src/ATen/cpu/Utils.cpp.o
  [2037/5650] Building CXX object caffe2/CMakeFiles/torch_cpu.dir/__/aten/src/ATen/TensorNames.cpp.o
  [2038/5650] Building CXX object caffe2/CMakeFiles/torch_cpu.dir/__/aten/src/ATen/Version.cpp.o
  [2039/5650] Building CXX object caffe2/CMakeFiles/torch_cpu.dir/__/aten/src/ATen/TensorUtils.cpp.o
  [2040/5650] Building CXX object caffe2/CMakeFiles/torch_cpu.dir/__/aten/src/ATen/detail/CPUGuardImpl.cpp.o
  [2041/5650] Building CXX object caffe2/CMakeFiles/torch_cpu.dir/__/aten/src/ATen/StorageUtils.cpp.o
  [2042/5650] Building CXX object caffe2/CMakeFiles/torch_cpu.dir/__/aten/src/ATen/TensorIterator.cpp.o
  [2043/5650] Building CXX object caffe2/CMakeFiles/torch_cpu.dir/__/aten/src/ATen/LegacyBatchingRegistrations.cpp.o
  [2044/5650] Building CXX object caffe2/CMakeFiles/torch_cpu.dir/__/aten/src/ATen/detail/HIPHooksInterface.cpp.o
  [2045/5650] Building CXX object caffe2/CMakeFiles/torch_cpu.dir/__/aten/src/ATen/detail/HPUHooksInterface.cpp.o
  [2046/5650] Building CXX object caffe2/CMakeFiles/torch_cpu.dir/__/aten/src/ATen/detail/CUDAHooksInterface.cpp.o
  [2047/5650] Building CXX object caffe2/CMakeFiles/torch_cpu.dir/__/aten/src/ATen/detail/IPUHooksInterface.cpp.o
  [2048/5650] Building CXX object caffe2/CMakeFiles/torch_cpu.dir/__/aten/src/ATen/detail/MAIAHooksInterface.cpp.o
  [2049/5650] Building CXX object caffe2/CMakeFiles/torch_cpu.dir/__/aten/src/ATen/detail/MetaGuardImpl.cpp.o
  [2050/5650] Building CXX object caffe2/CMakeFiles/torch_cpu.dir/__/aten/src/ATen/detail/MTIAHooksInterface.cpp.o
  [2051/5650] Building CXX object caffe2/CMakeFiles/torch_cpu.dir/__/aten/src/ATen/detail/MPSHooksInterface.cpp.o
  [2052/5650] Building CXX object caffe2/CMakeFiles/torch_cpu.dir/__/aten/src/ATen/detail/PrivateUse1HooksInterface.cpp.o
  [2053/5650] Building CXX object caffe2/CMakeFiles/torch_cpu.dir/__/aten/src/ATen/detail/XLAHooksInterface.cpp.o
  [2054/5650] Building CXX object caffe2/CMakeFiles/torch_cpu.dir/__/aten/src/ATen/detail/XPUHooksInterface.cpp.o
  [2055/5650] Building CXX object caffe2/CMakeFiles/torch_cpu.dir/__/aten/src/ATen/VmapModeRegistrations.cpp.o
  [2056/5650] Building CXX object caffe2/CMakeFiles/torch_cpu.dir/__/aten/src/ATen/ThreadLocalState.cpp.o
  [2057/5650] Building CXX object caffe2/CMakeFiles/torch_cpu.dir/__/aten/src/ATen/Utils.cpp.o
  [2058/5650] Building CXX object caffe2/CMakeFiles/torch_cpu.dir/__/aten/src/ATen/ZeroTensorFallback.cpp.o
  [2059/5650] Building CXX object caffe2/CMakeFiles/torch_cpu.dir/__/aten/src/ATen/functorch/ADInterpreters.cpp.o
  [2060/5650] Building CXX object caffe2/CMakeFiles/torch_cpu.dir/__/aten/src/ATen/functorch/BatchRulesDynamic.cpp.o
  [2061/5650] Building CXX object caffe2/CMakeFiles/torch_cpu.dir/__/aten/src/ATen/functorch/BatchRulesActivation.cpp.o
  [2062/5650] Building CXX object caffe2/CMakeFiles/torch_cpu.dir/__/aten/src/ATen/functorch/BatchRulesConvolution.cpp.o
  [2063/5650] Building CXX object caffe2/CMakeFiles/torch_cpu.dir/__/aten/src/ATen/functorch/BatchRulesHelper.cpp.o
  [2064/5650] Building CXX object caffe2/CMakeFiles/torch_cpu.dir/__/aten/src/ATen/functorch/BatchRulesIndexing.cpp.o
  [2065/5650] Building CXX object caffe2/CMakeFiles/torch_cpu.dir/__/aten/src/ATen/functorch/BatchRulesFactory.cpp.o
  [2066/5650] Building CXX object caffe2/CMakeFiles/torch_cpu.dir/__/aten/src/ATen/autocast_mode.cpp.o
  [2067/5650] Building CXX object caffe2/CMakeFiles/torch_cpu.dir/__/aten/src/ATen/functorch/BatchRulesLoss.cpp.o
  [2068/5650] Building CXX object caffe2/CMakeFiles/torch_cpu.dir/__/aten/src/ATen/functorch/BatchRulesBinaryOps.cpp.o
  [2069/5650] Building CXX object caffe2/CMakeFiles/torch_cpu.dir/__/aten/src/ATen/functorch/BatchRulesLinearAlgebra.cpp.o
  [2070/5650] Building CXX object caffe2/CMakeFiles/torch_cpu.dir/__/aten/src/ATen/functorch/BatchRulesDecompositions.cpp.o
  [2071/5650] Building CXX object caffe2/CMakeFiles/torch_cpu.dir/__/aten/src/ATen/functorch/BatchedTensorImpl.cpp.o
  [2072/5650] Building CXX object caffe2/CMakeFiles/torch_cpu.dir/__/aten/src/ATen/functorch/BatchRulesModules.cpp.o
  [2073/5650] Building CXX object caffe2/CMakeFiles/torch_cpu.dir/__/aten/src/ATen/functorch/DynamicLayer.cpp.o
  [2074/5650] Building CXX object caffe2/CMakeFiles/torch_cpu.dir/__/aten/src/ATen/functorch/FunctionalizeInterpreter.cpp.o
  [2075/5650] Building CXX object caffe2/CMakeFiles/torch_cpu.dir/__/aten/src/ATen/functorch/Interpreter.cpp.o
  [2076/5650] Building CXX object caffe2/CMakeFiles/torch_cpu.dir/__/aten/src/ATen/functorch/BatchRulesPooling.cpp.o
  [2077/5650] Building CXX object caffe2/CMakeFiles/torch_cpu.dir/__/aten/src/ATen/functorch/BatchedFallback.cpp.o
  [2078/5650] Building CXX object caffe2/CMakeFiles/torch_cpu.dir/__/aten/src/ATen/functorch/BatchRulesNorm.cpp.o
  [2079/5650] Building CXX object caffe2/CMakeFiles/torch_cpu.dir/__/aten/src/ATen/functorch/BatchRulesReduceOps.cpp.o
  [2080/5650] Building CXX object caffe2/CMakeFiles/torch_cpu.dir/__/aten/src/ATen/functorch/BatchRulesUnaryOps.cpp.o
  [2081/5650] Building CXX object caffe2/CMakeFiles/torch_cpu.dir/__/aten/src/ATen/core/ATenGeneral.cpp.o
  [2082/5650] Building CXX object caffe2/CMakeFiles/torch_cpu.dir/__/aten/src/ATen/functorch/BatchRulesRandomness.cpp.o
  [2083/5650] Building CXX object caffe2/CMakeFiles/torch_cpu.dir/__/aten/src/ATen/functorch/PlumbingHelper.cpp.o
  [2084/5650] Building CXX object caffe2/CMakeFiles/torch_cpu.dir/__/aten/src/ATen/functorch/LegacyVmapTransforms.cpp.o
  [2085/5650] Building CXX object caffe2/CMakeFiles/torch_cpu.dir/__/aten/src/ATen/functorch/BatchRulesScatterOps.cpp.o
  [2086/5650] Building CXX object caffe2/CMakeFiles/torch_cpu.dir/__/aten/src/ATen/core/CachingHostAllocator.cpp.o
  [2087/5650] Building CXX object caffe2/CMakeFiles/torch_cpu.dir/__/aten/src/ATen/functorch/BatchRulesViews.cpp.o
  [2088/5650] Building CXX object caffe2/CMakeFiles/torch_cpu.dir/__/aten/src/ATen/functorch/VmapInterpreter.cpp.o
  [2089/5650] Building CXX object caffe2/CMakeFiles/torch_cpu.dir/__/aten/src/ATen/functorch/TensorWrapper.cpp.o
  [2090/5650] Building CXX object caffe2/CMakeFiles/torch_cpu.dir/__/aten/src/ATen/core/Dimname.cpp.o
  [2091/5650] Building CXX object caffe2/CMakeFiles/torch_cpu.dir/__/aten/src/ATen/core/DeprecatedTypePropertiesRegistry.cpp.o
  [2092/5650] Building CXX object caffe2/CMakeFiles/torch_cpu.dir/__/aten/src/ATen/core/DeprecatedTypeProperties.cpp.o
  [2093/5650] Building CXX object caffe2/CMakeFiles/torch_cpu.dir/__/aten/src/ATen/functorch/VmapModeRegistrations.cpp.o
  [2094/5650] Building CXX object caffe2/CMakeFiles/torch_cpu.dir/__/aten/src/ATen/core/GeneratorForPrivateuseone.cpp.o
  [2095/5650] Building CXX object caffe2/CMakeFiles/torch_cpu.dir/__/aten/src/ATen/core/Generator.cpp.o
  [2096/5650] Building CXX object caffe2/CMakeFiles/torch_cpu.dir/__/aten/src/ATen/core/BackendSelectFallbackKernel.cpp.o
  [2097/5650] Building CXX object caffe2/CMakeFiles/torch_cpu.dir/__/aten/src/ATen/core/NestedIntSymNodeImpl.cpp.o
  [2098/5650] Building CXX object caffe2/CMakeFiles/torch_cpu.dir/__/aten/src/ATen/core/NamedTensor.cpp.o
  [2099/5650] Building CXX object caffe2/CMakeFiles/torch_cpu.dir/__/aten/src/ATen/core/Dict.cpp.o
  [2100/5650] Building CXX object caffe2/CMakeFiles/torch_cpu.dir/__/aten/src/ATen/core/Range.cpp.o
  [2101/5650] Building CXX object caffe2/CMakeFiles/torch_cpu.dir/__/aten/src/ATen/record_function.cpp.o
  [2102/5650] Building CXX object caffe2/CMakeFiles/torch_cpu.dir/__/aten/src/ATen/core/List.cpp.o
  [2103/5650] Building CXX object caffe2/CMakeFiles/torch_cpu.dir/__/aten/src/ATen/functorch/LegacyBatchingRegistrations.cpp.o
  [2104/5650] Building CXX object caffe2/CMakeFiles/torch_cpu.dir/__/aten/src/ATen/functorch/PyTorchOperatorHacks.cpp.o
  [2105/5650] Building CXX object caffe2/CMakeFiles/torch_cpu.dir/__/aten/src/ATen/core/MetaFallbackKernel.cpp.o
  [2106/5650] Building CXX object caffe2/CMakeFiles/torch_cpu.dir/__/aten/src/ATen/core/Vitals.cpp.o
  [2107/5650] Building CXX object caffe2/CMakeFiles/torch_cpu.dir/__/aten/src/ATen/core/Tensor.cpp.o
  [2108/5650] Building CXX object caffe2/CMakeFiles/torch_cpu.dir/__/aten/src/ATen/core/VariableHooksInterface.cpp.o
  [2109/5650] Building CXX object caffe2/CMakeFiles/torch_cpu.dir/__/aten/src/ATen/core/blob.cpp.o
  [2110/5650] Building CXX object caffe2/CMakeFiles/torch_cpu.dir/__/aten/src/ATen/core/PythonOpRegistrationTrampoline.cpp.o
  [2111/5650] Building CXX object caffe2/CMakeFiles/torch_cpu.dir/__/aten/src/ATen/core/Formatting.cpp.o
  [2112/5650] Building CXX object caffe2/CMakeFiles/torch_cpu.dir/__/aten/src/ATen/core/PythonFallbackKernel.cpp.o
  [2113/5650] Building CXX object caffe2/CMakeFiles/torch_cpu.dir/__/aten/src/ATen/core/dispatch/ObservedOperators.cpp.o
  [2114/5650] Building CXX object caffe2/CMakeFiles/torch_cpu.dir/__/aten/src/ATen/core/NamedRegistrations.cpp.o
  [2115/5650] Building CXX object caffe2/CMakeFiles/torch_cpu.dir/__/aten/src/ATen/core/TorchDispatchUtils.cpp.o
  [2116/5650] Building CXX object caffe2/CMakeFiles/torch_cpu.dir/__/aten/src/ATen/core/adaption.cpp.o
  [2117/5650] Building CXX object caffe2/CMakeFiles/torch_cpu.dir/__/aten/src/ATen/core/VariableFallbackKernel.cpp.o
  [2118/5650] Building CXX object caffe2/CMakeFiles/torch_cpu.dir/__/aten/src/ATen/core/boxing/KernelFunction.cpp.o
  [2119/5650] Building CXX object caffe2/CMakeFiles/torch_cpu.dir/__/aten/src/ATen/core/dispatch/DispatchKeyExtractor.cpp.o
  [2120/5650] Building CXX object caffe2/CMakeFiles/torch_cpu.dir/__/aten/src/ATen/core/interned_strings.cpp.o
  [2121/5650] Building CXX object caffe2/CMakeFiles/torch_cpu.dir/__/aten/src/ATen/core/operator_name.cpp.o
  [2122/5650] Building CXX object caffe2/CMakeFiles/torch_cpu.dir/__/aten/src/ATen/core/class_type.cpp.o
  [2123/5650] Building CXX object caffe2/CMakeFiles/torch_cpu.dir/__/aten/src/ATen/core/custom_class.cpp.o
  [2124/5650] Building CXX object caffe2/CMakeFiles/torch_cpu.dir/__/aten/src/ATen/core/dynamic_type.cpp.o
  [2125/5650] Building CXX object caffe2/CMakeFiles/torch_cpu.dir/__/aten/src/ATen/core/dispatch/OperatorEntry.cpp.o
  [2126/5650] Building CXX object caffe2/CMakeFiles/torch_cpu.dir/__/aten/src/ATen/core/dispatch/Dispatcher.cpp.o
  [2127/5650] Building CXX object caffe2/CMakeFiles/torch_cpu.dir/__/aten/src/ATen/core/register_symbols.cpp.o
  [2128/5650] Building CXX object caffe2/CMakeFiles/torch_cpu.dir/__/aten/src/ATen/core/function_schema.cpp.o
  [2129/5650] Building CXX object caffe2/CMakeFiles/torch_cpu.dir/__/torch/csrc/jit/frontend/error_report.cpp.o
  [2130/5650] Building CXX object caffe2/CMakeFiles/torch_cpu.dir/__/aten/src/ATen/core/op_registration/op_registration.cpp.o
  [2131/5650] Building CXX object caffe2/CMakeFiles/torch_cpu.dir/__/aten/src/ATen/core/type_factory.cpp.o
  [2132/5650] Building CXX object caffe2/CMakeFiles/torch_cpu.dir/__/torch/csrc/jit/frontend/strtod.cpp.o
  [2133/5650] Building CXX object caffe2/CMakeFiles/torch_cpu.dir/__/aten/src/ATen/core/op_registration/infer_schema.cpp.o
  [2134/5650] Building CXX object caffe2/CMakeFiles/torch_cpu.dir/__/torch/csrc/jit/frontend/lexer.cpp.o
  [2135/5650] Building CXX object caffe2/CMakeFiles/torch_cpu.dir/__/aten/src/ATen/core/tensor_type.cpp.o
  [2136/5650] Building CXX object caffe2/CMakeFiles/torch_cpu.dir/__/aten/src/ATen/core/library.cpp.o
  [2137/5650] Building CXX object caffe2/CMakeFiles/torch_cpu.dir/__/aten/src/ATen/core/union_type.cpp.o
  [2138/5650] Building CXX object caffe2/CMakeFiles/torch_cpu.dir/__/aten/src/ATen/native/AdaptiveMaxPooling2d.cpp.o
  [2139/5650] Building CXX object caffe2/CMakeFiles/torch_cpu.dir/__/aten/src/ATen/core/ivalue.cpp.o
  [2140/5650] Building CXX object caffe2/CMakeFiles/torch_cpu.dir/__/aten/src/ATen/native/AdaptiveAveragePooling.cpp.o
  [2141/5650] Building CXX object caffe2/CMakeFiles/torch_cpu.dir/__/aten/src/ATen/core/type.cpp.o
  [2142/5650] Building CXX object caffe2/CMakeFiles/torch_cpu.dir/__/aten/src/ATen/native/Activation.cpp.o
  [2143/5650] Building CXX object caffe2/CMakeFiles/torch_cpu.dir/__/aten/src/ATen/native/AdaptiveMaxPooling3d.cpp.o
  [2144/5650] Building CXX object caffe2/CMakeFiles/torch_cpu.dir/__/aten/src/ATen/native/AffineGridGenerator.cpp.o
  [2145/5650] Building CXX object caffe2/CMakeFiles/torch_cpu.dir/__/torch/csrc/jit/frontend/source_range.cpp.o
  [2146/5650] Building CXX object caffe2/CMakeFiles/torch_cpu.dir/__/aten/src/ATen/native/AmpKernels.cpp.o
  [2147/5650] Building CXX object caffe2/CMakeFiles/torch_cpu.dir/__/torch/csrc/jit/frontend/schema_type_parser.cpp.o
  [2148/5650] Building CXX object caffe2/CMakeFiles/torch_cpu.dir/__/aten/src/ATen/native/AutogradComposite.cpp.o
  [2149/5650] Building CXX object caffe2/CMakeFiles/torch_cpu.dir/__/aten/src/ATen/native/AdaptiveAveragePooling3d.cpp.o
  [2150/5650] Building CXX object caffe2/CMakeFiles/torch_cpu.dir/__/aten/src/ATen/native/AveragePool2d.cpp.o
  [2151/5650] Building CXX object caffe2/CMakeFiles/torch_cpu.dir/__/torch/csrc/jit/frontend/function_schema_parser.cpp.o
  [2152/5650] Building CXX object caffe2/CMakeFiles/torch_cpu.dir/__/aten/src/ATen/native/BlasKernel.cpp.o
  [2153/5650] Building CXX object caffe2/CMakeFiles/torch_cpu.dir/__/aten/src/ATen/native/ComparisonUtils.cpp.o
  [2154/5650] Building CXX object caffe2/CMakeFiles/torch_cpu.dir/__/aten/src/ATen/native/AveragePool3d.cpp.o
  [2155/5650] Building CXX object caffe2/CMakeFiles/torch_cpu.dir/__/aten/src/ATen/native/BinaryOps.cpp.o
  [2156/5650] Building CXX object caffe2/CMakeFiles/torch_cpu.dir/__/aten/src/ATen/native/CPUBlas.cpp.o
  [2157/5650] Building CXX object caffe2/CMakeFiles/torch_cpu.dir/__/aten/src/ATen/native/ChanelShuffle.cpp.o
  [2158/5650] Building CXX object caffe2/CMakeFiles/torch_cpu.dir/__/aten/src/ATen/native/Blas.cpp.o
  [2159/5650] Building CXX object caffe2/CMakeFiles/torch_cpu.dir/__/aten/src/ATen/native/Col2Im.cpp.o
  [2160/5650] Building CXX object caffe2/CMakeFiles/torch_cpu.dir/__/aten/src/ATen/native/BatchLinearAlgebra.cpp.o
  [2161/5650] Building CXX object caffe2/CMakeFiles/torch_cpu.dir/__/aten/src/ATen/native/CPUFallback.cpp.o
  [2162/5650] Building CXX object caffe2/CMakeFiles/torch_cpu.dir/__/aten/src/ATen/native/Constraints.cpp.o
  [2163/5650] Building CXX object caffe2/CMakeFiles/torch_cpu.dir/__/aten/src/ATen/native/Bucketization.cpp.o
  [2164/5650] Building CXX object caffe2/CMakeFiles/torch_cpu.dir/__/aten/src/ATen/native/DispatchStub.cpp.o
  [2165/5650] Building CXX object caffe2/CMakeFiles/torch_cpu.dir/__/aten/src/ATen/native/ConvolutionTBC.cpp.o
  [2166/5650] Building CXX object caffe2/CMakeFiles/torch_cpu.dir/__/aten/src/ATen/native/Correlation.cpp.o
  [2167/5650] Building CXX object caffe2/CMakeFiles/torch_cpu.dir/__/aten/src/ATen/native/Cross.cpp.o
  [2168/5650] Building CXX object caffe2/CMakeFiles/torch_cpu.dir/__/aten/src/ATen/native/DilatedMaxPool2d.cpp.o
  [2169/5650] Building CXX object caffe2/CMakeFiles/torch_cpu.dir/__/aten/src/ATen/native/DilatedMaxPool3d.cpp.o
  [2170/5650] Building CXX object caffe2/CMakeFiles/torch_cpu.dir/__/aten/src/ATen/native/Copy.cpp.o
  [2171/5650] Building CXX object caffe2/CMakeFiles/torch_cpu.dir/__/aten/src/ATen/native/BatchLinearAlgebraKernel.cpp.o
  [2172/5650] Building CXX object caffe2/CMakeFiles/torch_cpu.dir/__/aten/src/ATen/native/ConvolutionMM2d.cpp.o
  [2173/5650] Building CXX object caffe2/CMakeFiles/torch_cpu.dir/__/aten/src/ATen/native/Convolution.cpp.o
  [2174/5650] Building CXX object caffe2/CMakeFiles/torch_cpu.dir/__/aten/src/ATen/native/Distance.cpp.o
  [2175/5650] Building CXX object caffe2/CMakeFiles/torch_cpu.dir/__/aten/src/ATen/native/ConvolutionMM3d.cpp.o
  [2176/5650] Building CXX object caffe2/CMakeFiles/torch_cpu.dir/__/aten/src/ATen/native/Dropout.cpp.o
  [2177/5650] Building CXX object caffe2/CMakeFiles/torch_cpu.dir/__/aten/src/ATen/native/Embedding.cpp.o
  [2178/5650] Building CXX object caffe2/CMakeFiles/torch_cpu.dir/__/aten/src/ATen/native/Fill.cpp.o
  [2179/5650] Building CXX object caffe2/CMakeFiles/torch_cpu.dir/__/aten/src/ATen/native/Distributions.cpp.o
  [2180/5650] Building CXX object caffe2/CMakeFiles/torch_cpu.dir/__/aten/src/ATen/native/FusedSGD.cpp.o
  [2181/5650] Building CXX object caffe2/CMakeFiles/torch_cpu.dir/__/aten/src/ATen/native/FusedAdam.cpp.o
  [2182/5650] Building CXX object caffe2/CMakeFiles/torch_cpu.dir/__/aten/src/ATen/native/FusedAdagrad.cpp.o
  [2183/5650] Building CXX object caffe2/CMakeFiles/torch_cpu.dir/__/aten/src/ATen/native/FractionalMaxPool2d.cpp.o
  [2184/5650] Building CXX object caffe2/CMakeFiles/torch_cpu.dir/__/aten/src/ATen/native/FunctionOfAMatrixUtils.cpp.o
  [2185/5650] Building CXX object caffe2/CMakeFiles/torch_cpu.dir/__/aten/src/ATen/native/GatedLinearUnit.cpp.o
  [2186/5650] Building CXX object caffe2/CMakeFiles/torch_cpu.dir/__/aten/src/ATen/native/ForeachOpsKernels.cpp.o
  [2187/5650] Building CXX object caffe2/CMakeFiles/torch_cpu.dir/__/aten/src/ATen/native/Lerp.cpp.o
  [2188/5650] Building CXX object caffe2/CMakeFiles/torch_cpu.dir/__/aten/src/ATen/native/FractionalMaxPool3d.cpp.o
  [2189/5650] Building CXX object caffe2/CMakeFiles/torch_cpu.dir/__/aten/src/ATen/native/LegacyBatching.cpp.o
  [2190/5650] Building CXX object caffe2/CMakeFiles/torch_cpu.dir/__/aten/src/ATen/native/IndexingUtils.cpp.o
  [2191/5650] Building CXX object caffe2/CMakeFiles/torch_cpu.dir/__/aten/src/ATen/native/Histogram.cpp.o
  [2192/5650] Building CXX object caffe2/CMakeFiles/torch_cpu.dir/__/aten/src/ATen/native/Integration.cpp.o
  [2193/5650] Building CXX object caffe2/CMakeFiles/torch_cpu.dir/__/aten/src/ATen/native/Itertools.cpp.o
  [2194/5650] Building CXX object caffe2/CMakeFiles/torch_cpu.dir/__/aten/src/ATen/native/Im2Col.cpp.o
  [2195/5650] Building CXX object caffe2/CMakeFiles/torch_cpu.dir/__/aten/src/ATen/native/EmbeddingBag.cpp.o
  [2196/5650] Building CXX object caffe2/CMakeFiles/torch_cpu.dir/__/aten/src/ATen/native/GridSampler.cpp.o
  [2197/5650] Building CXX object caffe2/CMakeFiles/torch_cpu.dir/__/aten/src/ATen/native/Linear.cpp.o
  [2198/5650] Building CXX object caffe2/CMakeFiles/torch_cpu.dir/__/aten/src/ATen/native/LossMultiMargin.cpp.o
  [2199/5650] Building CXX object caffe2/CMakeFiles/torch_cpu.dir/__/aten/src/ATen/native/LossMultiLabelMargin.cpp.o
  [2200/5650] Building CXX object caffe2/CMakeFiles/torch_cpu.dir/__/aten/src/ATen/native/MaxPooling.cpp.o
  [2201/5650] Building CXX object caffe2/CMakeFiles/torch_cpu.dir/__/aten/src/ATen/native/Loss.cpp.o
  [2202/5650] Building CXX object caffe2/CMakeFiles/torch_cpu.dir/__/aten/src/ATen/native/MetaTensor.cpp.o
  [2203/5650] Building CXX object caffe2/CMakeFiles/torch_cpu.dir/__/aten/src/ATen/native/LossCTC.cpp.o
  [2204/5650] Building CXX object caffe2/CMakeFiles/torch_cpu.dir/__/aten/src/ATen/native/MaxUnpooling.cpp.o
  [2205/5650] Building CXX object caffe2/CMakeFiles/torch_cpu.dir/__/aten/src/ATen/native/Memory.cpp.o
  [2206/5650] Building CXX object caffe2/CMakeFiles/torch_cpu.dir/__/aten/src/ATen/native/LossNLL2d.cpp.o
  [2207/5650] Building CXX object caffe2/CMakeFiles/torch_cpu.dir/__/aten/src/ATen/native/NNPACK.cpp.o
  [2208/5650] Building CXX object caffe2/CMakeFiles/torch_cpu.dir/__/aten/src/ATen/native/NamedTensor.cpp.o
  [2209/5650] Building CXX object caffe2/CMakeFiles/torch_cpu.dir/__/aten/src/ATen/native/NaiveConvolutionTranspose3d.cpp.o
  [2210/5650] Building CXX object caffe2/CMakeFiles/torch_cpu.dir/__/aten/src/ATen/native/LossNLL.cpp.o
  [2211/5650] Building CXX object caffe2/CMakeFiles/torch_cpu.dir/__/aten/src/ATen/native/Onehot.cpp.o
  [2212/5650] Building CXX object caffe2/CMakeFiles/torch_cpu.dir/__/aten/src/ATen/native/PointwiseOps.cpp.o
  [2213/5650] Building CXX object caffe2/CMakeFiles/torch_cpu.dir/__/aten/src/ATen/native/NegateFallback.cpp.o
  [2214/5650] Building CXX object caffe2/CMakeFiles/torch_cpu.dir/__/aten/src/ATen/native/PackedSequence.cpp.o
  [2215/5650] Building CXX object caffe2/CMakeFiles/torch_cpu.dir/__/aten/src/ATen/native/PadNd.cpp.o
  [2216/5650] Building CXX object caffe2/CMakeFiles/torch_cpu.dir/__/aten/src/ATen/native/NaiveConvolutionTranspose2d.cpp.o
  [2217/5650] Building CXX object caffe2/CMakeFiles/torch_cpu.dir/__/aten/src/ATen/native/PixelShuffle.cpp.o
  [2218/5650] Building CXX object caffe2/CMakeFiles/torch_cpu.dir/__/aten/src/ATen/native/NaiveDilatedConvolution.cpp.o
  [2219/5650] Building CXX object caffe2/CMakeFiles/torch_cpu.dir/__/aten/src/ATen/native/LinearAlgebra.cpp.o
  [2220/5650] Building CXX object caffe2/CMakeFiles/torch_cpu.dir/__/aten/src/ATen/native/Pooling.cpp.o
  [2221/5650] Building CXX object caffe2/CMakeFiles/torch_cpu.dir/__/aten/src/ATen/native/Pow.cpp.o
  [2222/5650] Building CXX object caffe2/CMakeFiles/torch_cpu.dir/__/aten/src/ATen/native/QuantizedLinear.cpp.o
  [2223/5650] Building CXX object caffe2/CMakeFiles/torch_cpu.dir/__/aten/src/ATen/native/ReduceAllOps.cpp.o
  [2224/5650] Building CXX object caffe2/CMakeFiles/torch_cpu.dir/__/aten/src/ATen/native/ReflectionPad.cpp.o
  [2225/5650] Building CXX object caffe2/CMakeFiles/torch_cpu.dir/__/aten/src/ATen/native/Repeat.cpp.o
  [2226/5650] Building CXX object caffe2/CMakeFiles/torch_cpu.dir/__/aten/src/ATen/native/ReplicationPadding.cpp.o
  [2227/5650] Building CXX object caffe2/CMakeFiles/torch_cpu.dir/__/aten/src/ATen/native/Scalar.cpp.o
  [2228/5650] Building CXX object caffe2/CMakeFiles/torch_cpu.dir/__/aten/src/ATen/native/RowwisePrune.cpp.o
  [2229/5650] Building CXX object caffe2/CMakeFiles/torch_cpu.dir/__/aten/src/ATen/native/Resize.cpp.o
  [2230/5650] Building CXX object caffe2/CMakeFiles/torch_cpu.dir/__/aten/src/ATen/native/RangeFactories.cpp.o
  [2231/5650] Building CXX object caffe2/CMakeFiles/torch_cpu.dir/__/aten/src/ATen/native/SobolEngineOps.cpp.o
  [2232/5650] Building CXX object caffe2/CMakeFiles/torch_cpu.dir/__/aten/src/ATen/native/SobolEngineOpsUtils.cpp.o
  [2233/5650] Building CXX object caffe2/CMakeFiles/torch_cpu.dir/__/aten/src/ATen/native/ReduceOps.cpp.o
  [2234/5650] Building CXX object caffe2/CMakeFiles/torch_cpu.dir/__/aten/src/ATen/native/Normalization.cpp.o
  [2235/5650] Building CXX object caffe2/CMakeFiles/torch_cpu.dir/__/aten/src/ATen/native/SegmentReduce.cpp.o
  [2236/5650] Building CXX object caffe2/CMakeFiles/torch_cpu.dir/__/aten/src/ATen/native/SoftMax.cpp.o
  [2237/5650] Building CXX object caffe2/CMakeFiles/torch_cpu.dir/__/aten/src/ATen/native/SummaryOps.cpp.o
  [2238/5650] Building CXX object caffe2/CMakeFiles/torch_cpu.dir/__/aten/src/ATen/native/SpectralOps.cpp.o
  [2239/5650] Building CXX object caffe2/CMakeFiles/torch_cpu.dir/__/aten/src/ATen/native/SparseTensorUtils.cpp.o
  [2240/5650] Building CXX object caffe2/CMakeFiles/torch_cpu.dir/__/aten/src/ATen/native/TensorCompare.cpp.o
  [2241/5650] Building CXX object caffe2/CMakeFiles/torch_cpu.dir/__/aten/src/ATen/native/TensorProperties.cpp.o
  [2242/5650] Building CXX object caffe2/CMakeFiles/torch_cpu.dir/__/aten/src/ATen/native/TensorIteratorReduce.cpp.o
  [2243/5650] Building CXX object caffe2/CMakeFiles/torch_cpu.dir/__/aten/src/ATen/native/RNN.cpp.o
  [2244/5650] Building CXX object caffe2/CMakeFiles/torch_cpu.dir/__/aten/src/ATen/native/Unfold2d.cpp.o
  [2245/5650] Building CXX object caffe2/CMakeFiles/torch_cpu.dir/__/aten/src/ATen/native/TensorTransformations.cpp.o
  [2246/5650] Building CXX object caffe2/CMakeFiles/torch_cpu.dir/__/aten/src/ATen/native/TestOps.cpp.o
  [2247/5650] Building CXX object caffe2/CMakeFiles/torch_cpu.dir/__/aten/src/ATen/native/Sorting.cpp.o
  [2248/5650] Building CXX object caffe2/CMakeFiles/torch_cpu.dir/__/aten/src/ATen/native/TypeProperties.cpp.o
  [2249/5650] Building CXX object caffe2/CMakeFiles/torch_cpu.dir/__/aten/src/ATen/native/UpSample.cpp.o
  [2250/5650] Building CXX object caffe2/CMakeFiles/torch_cpu.dir/__/aten/src/ATen/native/UnfoldBackward.cpp.o
  [2251/5650] Building CXX object caffe2/CMakeFiles/torch_cpu.dir/__/aten/src/ATen/native/UnaryOps.cpp.o
  [2252/5650] Building CXX object caffe2/CMakeFiles/torch_cpu.dir/__/aten/src/ATen/native/TensorFactories.cpp.o
  [2253/5650] Building CXX object caffe2/CMakeFiles/torch_cpu.dir/__/aten/src/ATen/native/UpSampleBilinear2d.cpp.o
  [2254/5650] Building CXX object caffe2/CMakeFiles/torch_cpu.dir/__/aten/src/ATen/native/UpSampleBicubic2d.cpp.o
  [2255/5650] Building CXX object caffe2/CMakeFiles/torch_cpu.dir/__/aten/src/ATen/native/UpSampleLinear1d.cpp.o
  [2256/5650] Building CXX object caffe2/CMakeFiles/torch_cpu.dir/__/aten/src/ATen/native/UpSampleNearest1d.cpp.o
  [2257/5650] Building CXX object caffe2/CMakeFiles/torch_cpu.dir/__/aten/src/ATen/native/TriangularOps.cpp.o
  [2258/5650] Building CXX object caffe2/CMakeFiles/torch_cpu.dir/__/aten/src/ATen/native/UpSampleNearest2d.cpp.o
  [2259/5650] Building CXX object caffe2/CMakeFiles/torch_cpu.dir/__/aten/src/ATen/native/Unfold3d.cpp.o
  [2260/5650] Building CXX object caffe2/CMakeFiles/torch_cpu.dir/__/aten/src/ATen/native/verbose_wrapper.cpp.o
  [2261/5650] Building CXX object caffe2/CMakeFiles/torch_cpu.dir/__/aten/src/ATen/native/UpSampleNearest3d.cpp.o
  [2262/5650] Building CXX object caffe2/CMakeFiles/torch_cpu.dir/__/aten/src/ATen/native/TensorShape.cpp.o
  [2263/5650] Building CXX object caffe2/CMakeFiles/torch_cpu.dir/__/aten/src/ATen/native/prim_native_functions.cpp.o
  [2264/5650] Building CXX object caffe2/CMakeFiles/torch_cpu.dir/__/aten/src/ATen/native/UpSampleTrilinear3d.cpp.o
  [2265/5650] Building CXX object caffe2/CMakeFiles/torch_cpu.dir/__/aten/src/ATen/native/VariableMethodStubs.cpp.o
  [2266/5650] Building CXX object caffe2/CMakeFiles/torch_cpu.dir/__/aten/src/ATen/native/WeightNorm.cpp.o
  [2267/5650] Building CXX object caffe2/CMakeFiles/torch_cpu.dir/__/aten/src/ATen/native/TensorConversions.cpp.o
  [2268/5650] Building CXX object caffe2/CMakeFiles/torch_cpu.dir/__/aten/src/ATen/native/group_norm.cpp.o
  [2269/5650] Building CXX object caffe2/CMakeFiles/torch_cpu.dir/__/aten/src/ATen/native/ao_sparse/library.cpp.o
  [2270/5650] Building CXX object caffe2/CMakeFiles/torch_cpu.dir/__/aten/src/ATen/native/layer_norm.cpp.o
  [2271/5650] Building CXX object caffe2/CMakeFiles/torch_cpu.dir/__/aten/src/ATen/native/TensorAdvancedIndexing.cpp.o
  [2272/5650] Building CXX object caffe2/CMakeFiles/torch_cpu.dir/__/aten/src/ATen/native/ao_sparse/quantized/cpu/qlinear.cpp.o
  [2273/5650] Building CXX object caffe2/CMakeFiles/torch_cpu.dir/__/aten/src/ATen/native/Unique.cpp.o
  [2274/5650] Building CXX object caffe2/CMakeFiles/torch_cpu.dir/__/aten/src/ATen/native/ao_sparse/quantized/cpu/fbgemm_utils.cpp.o
  [2275/5650] Building CXX object caffe2/CMakeFiles/torch_cpu.dir/__/aten/src/ATen/native/ao_sparse/quantized/cpu/qlinear_dynamic.cpp.o
  [2276/5650] Building CXX object caffe2/CMakeFiles/torch_cpu.dir/__/aten/src/ATen/native/sparse/ParamUtils.cpp.o
  [2277/5650] Building CXX object caffe2/CMakeFiles/torch_cpu.dir/__/aten/src/ATen/native/ao_sparse/quantized/cpu/qlinear_prepack.cpp.o
  [2278/5650] Building CXX object caffe2/CMakeFiles/torch_cpu.dir/__/aten/src/ATen/native/sparse/FlattenIndicesKernel.cpp.o
  [2279/5650] Building CXX object caffe2/CMakeFiles/torch_cpu.dir/__/aten/src/ATen/native/ao_sparse/quantized/cpu/qlinear_unpack.cpp.o
  [2280/5650] Building CXX object caffe2/CMakeFiles/torch_cpu.dir/__/aten/src/ATen/native/sparse/SparseBlas.cpp.o
  [2281/5650] Building CXX object caffe2/CMakeFiles/torch_cpu.dir/__/aten/src/ATen/native/ao_sparse/quantized/cpu/qlinear_deserialize.cpp.o
  [2282/5650] Building CXX object caffe2/CMakeFiles/torch_cpu.dir/__/aten/src/ATen/native/ao_sparse/quantized/cpu/qlinear_serialize.cpp.o
  [2283/5650] Building CXX object caffe2/CMakeFiles/torch_cpu.dir/__/aten/src/ATen/native/sparse/SoftMax.cpp.o
  [2284/5650] Building CXX object caffe2/CMakeFiles/torch_cpu.dir/__/aten/src/ATen/native/sparse/SparseFactories.cpp.o
  [2285/5650] Building CXX object caffe2/CMakeFiles/torch_cpu.dir/__/aten/src/ATen/native/sparse/SparseCsrTensor.cpp.o
  [2286/5650] Building CXX object caffe2/CMakeFiles/torch_cpu.dir/__/aten/src/ATen/native/sparse/SparseMatMul.cpp.o
  [2287/5650] Building CXX object caffe2/CMakeFiles/torch_cpu.dir/__/aten/src/ATen/native/sparse/SparseBinaryOpIntersectionKernel.cpp.o
  [2288/5650] Building CXX object caffe2/CMakeFiles/torch_cpu.dir/__/aten/src/ATen/native/sparse/SparseTensor.cpp.o
  [2289/5650] Building CXX object caffe2/CMakeFiles/torch_cpu.dir/__/aten/src/ATen/native/sparse/SparseUnaryOps.cpp.o
  [2290/5650] Building CXX object caffe2/CMakeFiles/torch_cpu.dir/__/aten/src/ATen/native/sparse/SparseBlasImpl.cpp.o
  [2291/5650] Building CXX object caffe2/CMakeFiles/torch_cpu.dir/__/aten/src/ATen/native/sparse/ValidateCompressedIndicesKernel.cpp.o
  [2292/5650] Building CXX object caffe2/CMakeFiles/torch_cpu.dir/__/aten/src/ATen/native/nested/NestedTensorAliases.cpp.o
  [2293/5650] Building CXX object caffe2/CMakeFiles/torch_cpu.dir/__/aten/src/ATen/native/quantized/AffineQuantizerBase.cpp.o
  [2294/5650] Building CXX object caffe2/CMakeFiles/torch_cpu.dir/__/aten/src/ATen/native/quantized/AffineQuantizer.cpp.o
  [2295/5650] Building CXX object caffe2/CMakeFiles/torch_cpu.dir/__/aten/src/ATen/native/nested/NestedTensorBackward.cpp.o
  [2296/5650] Building CXX object caffe2/CMakeFiles/torch_cpu.dir/__/aten/src/ATen/native/nested/NestedTensorUtils.cpp.o
  [2297/5650] Building CXX object caffe2/CMakeFiles/torch_cpu.dir/__/aten/src/ATen/native/nested/NestedTensorBinaryOps.cpp.o
  [2298/5650] Building CXX object caffe2/CMakeFiles/torch_cpu.dir/__/aten/src/ATen/native/nested/NestedTensorFactories.cpp.o
  [2299/5650] Building CXX object caffe2/CMakeFiles/torch_cpu.dir/__/aten/src/ATen/native/nested/NestedTensorMatmul.cpp.o
  [2300/5650] Building CXX object caffe2/CMakeFiles/torch_cpu.dir/__/aten/src/ATen/native/nested/NestedTensorUnaryOps.cpp.o
  [2301/5650] Building CXX object caffe2/CMakeFiles/torch_cpu.dir/__/aten/src/ATen/native/quantized/cpu/ACLUtils.cpp.o
  [2302/5650] Building CXX object caffe2/CMakeFiles/torch_cpu.dir/__/aten/src/ATen/native/nested/NestedTensorTransformerFunctions.cpp.o
  [2303/5650] Building CXX object caffe2/CMakeFiles/torch_cpu.dir/__/aten/src/ATen/native/sparse/SparseTensorMath.cpp.o
  [2304/5650] Building CXX object caffe2/CMakeFiles/torch_cpu.dir/__/aten/src/ATen/native/quantized/Copy.cpp.o
  [2305/5650] Building CXX object caffe2/CMakeFiles/torch_cpu.dir/__/aten/src/ATen/native/nested/NestedTensorMath.cpp.o
  [2306/5650] Building CXX object caffe2/CMakeFiles/torch_cpu.dir/__/aten/src/ATen/native/quantized/FakeQuantPerChannelAffine.cpp.o
  [2307/5650] Building CXX object caffe2/CMakeFiles/torch_cpu.dir/__/aten/src/ATen/native/quantized/FakeQuantPerTensorAffine.cpp.o
  [2308/5650] Building CXX object caffe2/CMakeFiles/torch_cpu.dir/__/aten/src/ATen/native/quantized/QTensor.cpp.o
  [2309/5650] Building CXX object caffe2/CMakeFiles/torch_cpu.dir/__/aten/src/ATen/native/quantized/cpu/AdaptiveAveragePooling.cpp.o
  [2310/5650] Building CXX object caffe2/CMakeFiles/torch_cpu.dir/__/aten/src/ATen/native/quantized/cpu/AveragePool2d.cpp.o
  [2311/5650] Building CXX object caffe2/CMakeFiles/torch_cpu.dir/__/aten/src/ATen/native/quantized/cpu/ChannelShuffle.cpp.o
  [2312/5650] Building CXX object caffe2/CMakeFiles/torch_cpu.dir/__/aten/src/ATen/native/quantized/TensorCompare.cpp.o
  [2313/5650] Building CXX object caffe2/CMakeFiles/torch_cpu.dir/__/aten/src/ATen/native/quantized/TensorAdvancedIndexing.cpp.o
  [2314/5650] Building CXX object caffe2/CMakeFiles/torch_cpu.dir/__/aten/src/ATen/native/quantized/cpu/RuyUtils.cpp.o
  [2315/5650] Building CXX object caffe2/CMakeFiles/torch_cpu.dir/__/aten/src/ATen/native/quantized/cpu/AveragePool3d.cpp.o
  [2316/5650] Building CXX object caffe2/CMakeFiles/torch_cpu.dir/__/aten/src/ATen/native/quantized/TensorFactories.cpp.o
  [2317/5650] Building CXX object caffe2/CMakeFiles/torch_cpu.dir/__/aten/src/ATen/native/quantized/cpu/IntReprQuant.cpp.o
  [2318/5650] Building CXX object caffe2/CMakeFiles/torch_cpu.dir/__/aten/src/ATen/native/quantized/cpu/BinaryOps.cpp.o
  [2319/5650] Building CXX object caffe2/CMakeFiles/torch_cpu.dir/__/aten/src/ATen/native/quantized/cpu/MakePerTensorQuantizedTensor.cpp.o
  [2320/5650] Building CXX object caffe2/CMakeFiles/torch_cpu.dir/__/aten/src/ATen/native/quantized/cpu/LinearUnpackImpl.cpp.o
  [2321/5650] Building CXX object caffe2/CMakeFiles/torch_cpu.dir/__/aten/src/ATen/native/sparse/SparseCsrTensorMath.cpp.o
  [2322/5650] Building CXX object caffe2/CMakeFiles/torch_cpu.dir/__/aten/src/ATen/native/quantized/cpu/Sorting.cpp.o
  [2323/5650] Building CXX object caffe2/CMakeFiles/torch_cpu.dir/__/aten/src/ATen/native/quantized/cpu/TensorOperators.cpp.o
  [2324/5650] Building CXX object caffe2/CMakeFiles/torch_cpu.dir/__/aten/src/ATen/native/quantized/cpu/ReduceOps.cpp.o
  [2325/5650] Building CXX object caffe2/CMakeFiles/torch_cpu.dir/__/aten/src/ATen/native/quantized/cpu/init_qnnpack.cpp.o
  [2326/5650] Building CXX object caffe2/CMakeFiles/torch_cpu.dir/__/aten/src/ATen/native/quantized/cpu/Normalization.cpp.o
  [2327/5650] Building CXX object caffe2/CMakeFiles/torch_cpu.dir/__/aten/src/ATen/native/quantized/cpu/UpSampleBilinear2d.cpp.o
  [2328/5650] Building CXX object caffe2/CMakeFiles/torch_cpu.dir/__/aten/src/ATen/native/quantized/cpu/TensorShape.cpp.o
  [2329/5650] Building CXX object caffe2/CMakeFiles/torch_cpu.dir/__/aten/src/ATen/native/quantized/cpu/UpSampleNearest3d.cpp.o
  [2330/5650] Building CXX object caffe2/CMakeFiles/torch_cpu.dir/__/aten/src/ATen/native/quantized/cpu/Pooling.cpp.o
  [2331/5650] Building CXX object caffe2/CMakeFiles/torch_cpu.dir/__/aten/src/ATen/native/quantized/cpu/fused_obs_fake_quant.cpp.o
  [2332/5650] Building CXX object caffe2/CMakeFiles/torch_cpu.dir/__/aten/src/ATen/native/quantized/cpu/UpSampleNearest2d.cpp.o
  [2333/5650] Building CXX object caffe2/CMakeFiles/torch_cpu.dir/__/aten/src/ATen/native/quantized/cpu/qclamp.cpp.o
  [2334/5650] Building CXX object caffe2/CMakeFiles/torch_cpu.dir/__/aten/src/ATen/native/quantized/cpu/qconv_dynamic.cpp.o
  [2335/5650] Building CXX object caffe2/CMakeFiles/torch_cpu.dir/__/aten/src/ATen/native/quantized/cpu/XnnpackUtils.cpp.o
  [2336/5650] Building CXX object caffe2/CMakeFiles/torch_cpu.dir/__/aten/src/ATen/native/quantized/cpu/qconv.cpp.o
  [2337/5650] Building CXX object caffe2/CMakeFiles/torch_cpu.dir/__/aten/src/ATen/native/quantized/cpu/qconv_prepack.cpp.o
  [2338/5650] Building CXX object caffe2/CMakeFiles/torch_cpu.dir/__/aten/src/ATen/native/quantized/cpu/qgelu.cpp.o
  [2339/5650] Building CXX object caffe2/CMakeFiles/torch_cpu.dir/__/aten/src/ATen/native/quantized/cpu/qelu.cpp.o
  [2340/5650] Building CXX object caffe2/CMakeFiles/torch_cpu.dir/__/aten/src/ATen/native/quantized/cpu/qconv_unpack_impl.cpp.o
  [2341/5650] Building CXX object caffe2/CMakeFiles/torch_cpu.dir/__/aten/src/ATen/native/quantized/cpu/qhardsigmoid.cpp.o
  [2342/5650] Building CXX object caffe2/CMakeFiles/torch_cpu.dir/__/aten/src/ATen/native/quantized/cpu/qembeddingbag_prepack.cpp.o
  [2343/5650] Building CXX object caffe2/CMakeFiles/torch_cpu.dir/__/aten/src/ATen/native/quantized/cpu/qembeddingbag_unpack.cpp.o
  [2344/5650] Building CXX object caffe2/CMakeFiles/torch_cpu.dir/__/aten/src/ATen/native/quantized/cpu/qdropout.cpp.o
  [2345/5650] Building CXX object caffe2/CMakeFiles/torch_cpu.dir/__/aten/src/ATen/native/quantized/cpu/qhardswish.cpp.o
  [2346/5650] Building CXX object caffe2/CMakeFiles/torch_cpu.dir/__/aten/src/ATen/native/quantized/cpu/fbgemm_utils.cpp.o
  [2347/5650] Building CXX object caffe2/CMakeFiles/torch_cpu.dir/__/aten/src/ATen/native/quantized/cpu/qembeddingbag.cpp.o
  [2348/5650] Building CXX object caffe2/CMakeFiles/torch_cpu.dir/__/aten/src/ATen/native/quantized/cpu/qlinear_dynamic.cpp.o
  [2349/5650] Building CXX object caffe2/CMakeFiles/torch_cpu.dir/__/aten/src/ATen/native/quantized/cpu/qlinear_prepack.cpp.o
  [2350/5650] Building CXX object caffe2/CMakeFiles/torch_cpu.dir/__/aten/src/ATen/native/quantized/cpu/qlinear.cpp.o
  [2351/5650] Building CXX object caffe2/CMakeFiles/torch_cpu.dir/__/aten/src/ATen/native/quantized/cpu/qsigmoid.cpp.o
  [2352/5650] Building CXX object caffe2/CMakeFiles/torch_cpu.dir/__/aten/src/ATen/native/mkl/MklAllocationHelper.cpp.o
  [2353/5650] Building CXX object caffe2/CMakeFiles/torch_cpu.dir/__/aten/src/ATen/native/quantized/cpu/qnormalization.cpp.o
  [2354/5650] Building CXX object caffe2/CMakeFiles/torch_cpu.dir/__/aten/src/ATen/native/mkl/LinearAlgebra.cpp.o
  [2355/5650] Building CXX object caffe2/CMakeFiles/torch_cpu.dir/__/aten/src/ATen/native/quantized/cpu/qtanh.cpp.o
  [2356/5650] Building CXX object caffe2/CMakeFiles/torch_cpu.dir/__/aten/src/ATen/native/quantized/cpu/qrelu.cpp.o
  [2357/5650] Building CXX object caffe2/CMakeFiles/torch_cpu.dir/__/aten/src/ATen/native/quantized/cpu/qmatmul.cpp.o
  [2358/5650] Building CXX object caffe2/CMakeFiles/torch_cpu.dir/__/aten/src/ATen/native/quantized/cpu/qmul.cpp.o
  [2359/5650] Building CXX object caffe2/CMakeFiles/torch_cpu.dir/__/aten/src/ATen/native/quantized/cpu/qthreshold.cpp.o
  [2360/5650] Building CXX object caffe2/CMakeFiles/torch_cpu.dir/__/aten/src/ATen/native/quantized/library.cpp.o
  [2361/5650] Building CXX object caffe2/CMakeFiles/torch_cpu.dir/__/aten/src/ATen/native/mkldnn/IDeepRegistration.cpp.o
  [2362/5650] Building CXX object caffe2/CMakeFiles/torch_cpu.dir/__/aten/src/ATen/native/quantized/cpu/qsoftmax.cpp.o
  [2363/5650] Building CXX object caffe2/CMakeFiles/torch_cpu.dir/__/aten/src/ATen/native/mkl/SparseCsrLinearAlgebra.cpp.o
  [2364/5650] Building CXX object caffe2/CMakeFiles/torch_cpu.dir/__/aten/src/ATen/native/mkldnn/Copy.cpp.o
  [2365/5650] Building CXX object caffe2/CMakeFiles/torch_cpu.dir/__/aten/src/ATen/native/mkldnn/Gelu.cpp.o
  [2366/5650] Building CXX object caffe2/CMakeFiles/torch_cpu.dir/__/aten/src/ATen/native/mkl/SparseBlasImpl.cpp.o
  [2367/5650] Building CXX object caffe2/CMakeFiles/torch_cpu.dir/__/aten/src/ATen/native/mkldnn/BinaryOps.cpp.o
  [2368/5650] Building CXX object caffe2/CMakeFiles/torch_cpu.dir/__/aten/src/ATen/native/quantized/qconv_unpack.cpp.o
  [2369/5650] Building CXX object caffe2/CMakeFiles/torch_cpu.dir/__/aten/src/ATen/native/mkldnn/Conv.cpp.o
  [2370/5650] Building CXX object caffe2/CMakeFiles/torch_cpu.dir/__/aten/src/ATen/native/mkldnn/MkldnnTensorMath.cpp.o
  [2371/5650] Building CXX object caffe2/CMakeFiles/torch_cpu.dir/__/aten/src/ATen/native/mkldnn/Linear.cpp.o
  [2372/5650] Building CXX object caffe2/CMakeFiles/torch_cpu.dir/__/aten/src/ATen/native/mkldnn/RegisterMkldnnOpContextClass.cpp.o
  [2373/5650] Building CXX object caffe2/CMakeFiles/torch_cpu.dir/__/aten/src/ATen/native/mkldnn/Normalization.cpp.o
  [2374/5650] Building CXX object caffe2/CMakeFiles/torch_cpu.dir/__/aten/src/ATen/native/mkldnn/MKLDNNCommon.cpp.o
  [2375/5650] Building CXX object caffe2/CMakeFiles/torch_cpu.dir/__/aten/src/ATen/native/mkldnn/Matmul.cpp.o
  [2376/5650] Building CXX object caffe2/CMakeFiles/torch_cpu.dir/__/aten/src/ATen/native/mkldnn/MKLDNNConversions.cpp.o
  [2377/5650] Building CXX object caffe2/CMakeFiles/torch_cpu.dir/__/aten/src/ATen/native/quantized/qlinear_unpack.cpp.o
  [2378/5650] Building CXX object caffe2/CMakeFiles/torch_cpu.dir/__/aten/src/ATen/native/mkldnn/ConvPrepack.cpp.o
  [2379/5650] Building CXX object caffe2/CMakeFiles/torch_cpu.dir/__/aten/src/ATen/native/mkldnn/Pooling.cpp.o
  [2380/5650] Building CXX object caffe2/CMakeFiles/torch_cpu.dir/__/aten/src/ATen/native/mkldnn/Relu.cpp.o
  [2381/5650] Building CXX object caffe2/CMakeFiles/torch_cpu.dir/__/aten/src/ATen/native/mkldnn/SoftMax.cpp.o
  [2382/5650] Building CXX object caffe2/CMakeFiles/torch_cpu.dir/__/aten/src/ATen/native/mkldnn/TensorFactories.cpp.o
  [2383/5650] Building CXX object caffe2/CMakeFiles/torch_cpu.dir/__/aten/src/ATen/native/mkldnn/UnaryOps.cpp.o
  [2384/5650] Building CXX object caffe2/CMakeFiles/torch_cpu.dir/__/aten/src/ATen/native/mkldnn/TensorShape.cpp.o
  [2385/5650] Building CXX object caffe2/CMakeFiles/torch_cpu.dir/__/aten/src/ATen/native/mkldnn/OpContext.cpp.o
  [2386/5650] Building CXX object caffe2/CMakeFiles/torch_cpu.dir/__/aten/src/ATen/native/mkldnn/Utils.cpp.o
  [2387/5650] Building CXX object caffe2/CMakeFiles/torch_cpu.dir/__/aten/src/ATen/native/xnnpack/Activation.cpp.o
  [2388/5650] Building CXX object caffe2/CMakeFiles/torch_cpu.dir/__/aten/src/ATen/native/xnnpack/ChannelShuffle.cpp.o
  [2389/5650] Building CXX object caffe2/CMakeFiles/torch_cpu.dir/__/aten/src/ATen/native/xnnpack/AveragePooling.cpp.o
  [2390/5650] Building CXX object caffe2/CMakeFiles/torch_cpu.dir/__/aten/src/ATen/native/mkldnn/Prelu.cpp.o
  [2391/5650] Building CXX object caffe2/CMakeFiles/torch_cpu.dir/__/aten/src/ATen/native/xnnpack/Init.cpp.o
  [2392/5650] Building CXX object caffe2/CMakeFiles/torch_cpu.dir/__/aten/src/ATen/native/xnnpack/Shim.cpp.o
  [2393/5650] Building CXX object caffe2/CMakeFiles/torch_cpu.dir/__/aten/src/ATen/native/transformers/sdp_utils_cpp.cpp.o
  [2394/5650] Building CXX object caffe2/CMakeFiles/torch_cpu.dir/__/aten/src/ATen/native/utils/Factory.cpp.o
  [2395/5650] Building CXX object caffe2/CMakeFiles/torch_cpu.dir/__/aten/src/ATen/native/transformers/attention.cpp.o
  [2396/5650] Building CXX object caffe2/CMakeFiles/torch_cpu.dir/__/aten/src/ATen/native/transformers/transformer.cpp.o
  [2397/5650] Building CXX object caffe2/CMakeFiles/torch_cpu.dir/__/aten/src/ATen/native/mkldnn/RNN.cpp.o
  [2398/5650] Building CXX object caffe2/CMakeFiles/torch_cpu.dir/__/aten/src/ATen/native/xnnpack/MaxPooling.cpp.o
  [2399/5650] Building CXX object caffe2/CMakeFiles/torch_cpu.dir/__/aten/src/ATen/native/xnnpack/Convolution.cpp.o
  [2400/5650] Building CXX object caffe2/CMakeFiles/torch_cpu.dir/__/aten/src/ATen/native/xnnpack/OpContext.cpp.o
  [2401/5650] Building CXX object caffe2/CMakeFiles/torch_cpu.dir/__/aten/src/ATen/native/xnnpack/Linear.cpp.o
  [2402/5650] Building CXX object caffe2/CMakeFiles/torch_cpu.dir/__/aten/src/ATen/native/mkl/SpectralOps.cpp.o
  [2403/5650] Building CXX object caffe2/CMakeFiles/torch_cpu.dir/__/aten/src/ATen/Functions.cpp.o
  [2404/5650] Building CXX object caffe2/CMakeFiles/torch_cpu.dir/__/aten/src/ATen/CompositeViewCopyKernels.cpp.o
  [2405/5650] Building CXX object caffe2/CMakeFiles/torch_cpu.dir/__/aten/src/ATen/native/xnnpack/RegisterOpContextClass.cpp.o
  [2406/5650] Building CXX object caffe2/CMakeFiles/torch_cpu.dir/__/aten/src/ATen/RegisterBackendSelect.cpp.o
  [2407/5650] Building CXX object caffe2/CMakeFiles/torch_cpu.dir/__/aten/src/ATen/RegisterCompositeImplicitAutogradNestedTensor_0.cpp.o
  [2408/5650] Building CXX object caffe2/CMakeFiles/torch_cpu.dir/__/aten/src/ATen/RegisterCPU_0.cpp.o
  [2409/5650] Building CXX object caffe2/CMakeFiles/torch_cpu.dir/__/aten/src/ATen/RegisterCPU_2.cpp.o
  [2410/5650] Building CXX object caffe2/CMakeFiles/torch_cpu.dir/__/aten/src/ATen/RegisterCPU_3.cpp.o
  [2411/5650] Building CXX object caffe2/CMakeFiles/torch_cpu.dir/__/aten/src/ATen/RegisterCPU_1.cpp.o
  [2412/5650] Building CXX object caffe2/CMakeFiles/torch_cpu.dir/__/aten/src/ATen/Operators_4.cpp.o
  [2413/5650] Building CXX object caffe2/CMakeFiles/torch_cpu.dir/__/aten/src/ATen/Operators_3.cpp.o
  [2414/5650] Building CXX object caffe2/CMakeFiles/torch_cpu.dir/__/aten/src/ATen/Operators_0.cpp.o
  [2415/5650] Building CXX object caffe2/CMakeFiles/torch_cpu.dir/__/aten/src/ATen/Operators_1.cpp.o
  [2416/5650] Building CXX object caffe2/CMakeFiles/torch_cpu.dir/__/aten/src/ATen/RegisterCompositeExplicitAutogradNonFunctional_0.cpp.o
  [2417/5650] Building CXX object caffe2/CMakeFiles/torch_cpu.dir/__/aten/src/ATen/Operators_2.cpp.o
  [2418/5650] Building CXX object caffe2/CMakeFiles/torch_cpu.dir/__/aten/src/ATen/RegisterMkldnnCPU_0.cpp.o
  [2419/5650] Building CXX object caffe2/CMakeFiles/torch_cpu.dir/__/aten/src/ATen/RegisterNestedTensorHPU_0.cpp.o
  [2420/5650] Building CXX object caffe2/CMakeFiles/torch_cpu.dir/__/aten/src/ATen/RegisterFunctionalization_0.cpp.o
  [2421/5650] Building CXX object caffe2/CMakeFiles/torch_cpu.dir/__/aten/src/ATen/RegisterNestedTensorMeta_0.cpp.o
  [2422/5650] Building CXX object caffe2/CMakeFiles/torch_cpu.dir/__/aten/src/ATen/RegisterNestedTensorCPU_0.cpp.o
  [2423/5650] Building CXX object caffe2/CMakeFiles/torch_cpu.dir/__/aten/src/ATen/RegisterNestedTensorXPU_0.cpp.o
  [2424/5650] Building CXX object caffe2/CMakeFiles/torch_cpu.dir/__/aten/src/ATen/RegisterFunctionalization_1.cpp.o
  [2425/5650] Building CXX object caffe2/CMakeFiles/torch_cpu.dir/__/aten/src/ATen/RegisterSchema.cpp.o
  [2426/5650] Building CXX object caffe2/CMakeFiles/torch_cpu.dir/__/aten/src/ATen/RegisterQuantizedMeta_0.cpp.o
  [2427/5650] Building CXX object caffe2/CMakeFiles/torch_cpu.dir/__/aten/src/ATen/RegisterFunctionalization_2.cpp.o
  [2428/5650] Building CXX object caffe2/CMakeFiles/torch_cpu.dir/__/aten/src/ATen/RegisterFunctionalization_3.cpp.o
  [2429/5650] Building CXX object caffe2/CMakeFiles/torch_cpu.dir/__/aten/src/ATen/RegisterSparseCsrXPU_0.cpp.o
  [2430/5650] Building CXX object caffe2/CMakeFiles/torch_cpu.dir/__/aten/src/ATen/RegisterSparseCsrMPS_0.cpp.o
  [2431/5650] Building CXX object caffe2/CMakeFiles/torch_cpu.dir/__/aten/src/ATen/RegisterQuantizedCPU_0.cpp.o
  [2432/5650] Building CXX object caffe2/CMakeFiles/torch_cpu.dir/__/aten/src/ATen/RegisterSparseCsrCPU_0.cpp.o
  [2433/5650] Building CXX object caffe2/CMakeFiles/torch_cpu.dir/__/aten/src/ATen/UfuncCPU_add.cpp.o
  [2434/5650] Building CXX object caffe2/CMakeFiles/torch_cpu.dir/__/aten/src/ATen/RegisterSparseXPU_0.cpp.o
  [2435/5650] Building CXX object caffe2/CMakeFiles/torch_cpu.dir/__/aten/src/ATen/RegisterSparseCPU_0.cpp.o
  [2436/5650] Building CXX object caffe2/CMakeFiles/torch_cpu.dir/__/aten/src/ATen/RegisterSparseMeta_0.cpp.o
  [2437/5650] Building CXX object caffe2/CMakeFiles/torch_cpu.dir/__/aten/src/ATen/ViewMetaClasses.cpp.o
  [2438/5650] Building CXX object caffe2/CMakeFiles/torch_cpu.dir/__/aten/src/ATen/RegisterZeroTensor_0.cpp.o
  [2439/5650] Building CXX object caffe2/CMakeFiles/torch_cpu.dir/__/aten/src/ATen/RegisterSparseCsrMeta_0.cpp.o
  [2440/5650] Building CXX object caffe2/CMakeFiles/torch_cpu.dir/__/aten/src/ATen/quantized/QTensorImpl.cpp.o
  [2441/5650] Building CXX object caffe2/CMakeFiles/torch_cpu.dir/__/aten/src/ATen/nnapi/nnapi_model_loader.cpp.o
  [2442/5650] Building CXX object caffe2/CMakeFiles/torch_cpu.dir/__/aten/src/ATen/core/TensorMethods.cpp.o
  [2443/5650] Building CXX object caffe2/CMakeFiles/torch_cpu.dir/__/aten/src/ATen/RegisterCompositeImplicitAutograd_0.cpp.o
  [2444/5650] Building CXX object caffe2/CMakeFiles/torch_cpu.dir/__/aten/src/ATen/nnapi/nnapi_wrapper.cpp.o
  [2445/5650] Building CXX object caffe2/CMakeFiles/torch_cpu.dir/__/aten/src/ATen/RegisterSparseMPS_0.cpp.o
  [2446/5650] Building CXX object caffe2/CMakeFiles/torch_cpu.dir/__/aten/src/ATen/native/cpu/spherical_bessel_j0.cpp.DEFAULT.cpp.o
  [2447/5650] Building CXX object caffe2/CMakeFiles/torch_cpu.dir/__/aten/src/ATen/native/cpu/scaled_modified_bessel_k1.cpp.DEFAULT.cpp.o
  [2448/5650] Building CXX object caffe2/CMakeFiles/torch_cpu.dir/__/aten/src/ATen/core/ATenOpList.cpp.o
  [2449/5650] Building CXX object caffe2/CMakeFiles/torch_cpu.dir/__/aten/src/ATen/UfuncCPUKernel_add.cpp.DEFAULT.cpp.o
  [2450/5650] Building CXX object caffe2/CMakeFiles/torch_cpu.dir/__/aten/src/ATen/native/cpu/scaled_modified_bessel_k0.cpp.DEFAULT.cpp.o
  [2451/5650] Building CXX object caffe2/CMakeFiles/torch_cpu.dir/__/aten/src/ATen/quantized/Quantizer.cpp.o
  [2452/5650] Building CXX object caffe2/CMakeFiles/torch_cpu.dir/__/aten/src/ATen/nnapi/nnapi_bind.cpp.o
  [2453/5650] Building CXX object caffe2/CMakeFiles/torch_cpu.dir/__/aten/src/ATen/native/cpu/int8mm_kernel.cpp.DEFAULT.cpp.o
  [2454/5650] Building CXX object caffe2/CMakeFiles/torch_cpu.dir/__/aten/src/ATen/native/cpu/airy_ai.cpp.DEFAULT.cpp.o
  [2455/5650] Building CXX object caffe2/CMakeFiles/torch_cpu.dir/__/aten/src/ATen/nnapi/nnapi_register.cpp.o
  [2456/5650] Building CXX object caffe2/CMakeFiles/torch_cpu.dir/__/aten/src/ATen/native/cpu/int4mm_kernel.cpp.DEFAULT.cpp.o
  [2457/5650] Building CXX object caffe2/CMakeFiles/torch_cpu.dir/__/aten/src/ATen/native/cpu/layer_norm_kernel.cpp.DEFAULT.cpp.o
  [2458/5650] Building CXX object caffe2/CMakeFiles/torch_cpu.dir/__/aten/src/ATen/RegisterCompositeExplicitAutograd_0.cpp.o
  [2459/5650] Building CXX object caffe2/CMakeFiles/torch_cpu.dir/__/aten/src/ATen/native/cpu/WeightNormKernel.cpp.DEFAULT.cpp.o
  [2460/5650] Building CXX object caffe2/CMakeFiles/torch_cpu.dir/__/aten/src/ATen/native/cpu/UnfoldBackwardKernel.cpp.DEFAULT.cpp.o
  [2461/5650] Building CXX object caffe2/CMakeFiles/torch_cpu.dir/__/aten/src/ATen/native/cpu/Unfold2d.cpp.DEFAULT.cpp.o
  [2462/5650] Building CXX object caffe2/CMakeFiles/torch_cpu.dir/__/aten/src/ATen/native/cpu/StackKernel.cpp.DEFAULT.cpp.o
  [2463/5650] Building CXX object caffe2/CMakeFiles/torch_cpu.dir/__/aten/src/ATen/native/cpu/SumKernel.cpp.DEFAULT.cpp.o
  [2464/5650] Building CXX object caffe2/CMakeFiles/torch_cpu.dir/__/aten/src/ATen/native/cpu/SparseFactories.cpp.DEFAULT.cpp.o
  [2465/5650] Building CXX object caffe2/CMakeFiles/torch_cpu.dir/__/aten/src/ATen/native/cpu/batch_norm_kernel.cpp.DEFAULT.cpp.o
  [2466/5650] Building CXX object caffe2/CMakeFiles/torch_cpu.dir/__/aten/src/ATen/native/cpu/UpSampleMoreKernel.cpp.DEFAULT.cpp.o
  [2467/5650] Building CXX object caffe2/CMakeFiles/torch_cpu.dir/__/aten/src/ATen/native/cpu/group_norm_kernel.cpp.DEFAULT.cpp.o
  [2468/5650] Building CXX object caffe2/CMakeFiles/torch_cpu.dir/__/aten/src/ATen/native/cpu/UpSampleKernel.cpp.DEFAULT.cpp.o
  [2469/5650] Building CXX object caffe2/CMakeFiles/torch_cpu.dir/__/aten/src/ATen/native/cpu/RenormKernel.cpp.DEFAULT.cpp.o
  [2470/5650] Building CXX object caffe2/CMakeFiles/torch_cpu.dir/__/aten/src/ATen/native/cpu/ReducedPrecisionFloatGemvFastPathKernel.cpp.DEFAULT.cpp.o
  [2471/5650] Building CXX object caffe2/CMakeFiles/torch_cpu.dir/__/aten/src/ATen/native/cpu/SampledAddmmKernel.cpp.DEFAULT.cpp.o
  [2472/5650] Building CXX object caffe2/CMakeFiles/torch_cpu.dir/__/aten/src/ATen/native/cpu/SoftMaxKernel.cpp.DEFAULT.cpp.o
  [2473/5650] Building CXX object caffe2/CMakeFiles/torch_cpu.dir/__/aten/src/ATen/native/cpu/TensorCompareKernel.cpp.DEFAULT.cpp.o
  [2474/5650] Building CXX object caffe2/CMakeFiles/torch_cpu.dir/__/aten/src/ATen/RegisterMeta_0.cpp.o
  [2475/5650] Building CXX object caffe2/CMakeFiles/torch_cpu.dir/__/aten/src/ATen/native/quantized/cpu/kernels/QuantizedOpKernels.cpp.DEFAULT.cpp.o
  [2476/5650] Building CXX object caffe2/CMakeFiles/torch_cpu.dir/__/aten/src/ATen/native/cpu/RangeFactoriesKernel.cpp.DEFAULT.cpp.o
  [2477/5650] Building CXX object caffe2/CMakeFiles/torch_cpu.dir/__/aten/src/ATen/native/cpu/PowKernel.cpp.DEFAULT.cpp.o
  [2478/5650] Building CXX object caffe2/CMakeFiles/torch_cpu.dir/__/aten/src/ATen/native/cpu/NativeMultiheadAttnKernel.cpp.DEFAULT.cpp.o
  [2479/5650] Building CXX object caffe2/CMakeFiles/torch_cpu.dir/__/aten/src/ATen/native/cpu/ReduceAllOpsKernel.cpp.DEFAULT.cpp.o
  [2480/5650] Building CXX object caffe2/CMakeFiles/torch_cpu.dir/__/aten/src/ATen/native/cpu/PixelShuffleKernel.cpp.DEFAULT.cpp.o
  [2481/5650] Building CXX object caffe2/CMakeFiles/torch_cpu.dir/__/aten/src/ATen/native/cpu/MultinomialKernel.cpp.DEFAULT.cpp.o
  [2482/5650] Building CXX object caffe2/CMakeFiles/torch_cpu.dir/__/aten/src/ATen/native/cpu/MaxPooling.cpp.DEFAULT.cpp.o
  [2483/5650] Building CXX object caffe2/CMakeFiles/torch_cpu.dir/__/aten/src/ATen/native/cpu/PointwiseOpsKernel.cpp.DEFAULT.cpp.o
  [2484/5650] Building CXX object caffe2/CMakeFiles/torch_cpu.dir/__/aten/src/ATen/native/cpu/MaxUnpoolKernel.cpp.DEFAULT.cpp.o
  [2485/5650] Building CXX object caffe2/CMakeFiles/torch_cpu.dir/__/aten/src/ATen/RegisterMPS_0.cpp.o
  [2486/5650] Building CXX object caffe2/CMakeFiles/torch_cpu.dir/__/aten/src/ATen/native/cpu/LerpKernel.cpp.DEFAULT.cpp.o
  [2487/5650] Building CXX object caffe2/CMakeFiles/torch_cpu.dir/__/aten/src/ATen/native/cpu/ScatterGatherKernel.cpp.DEFAULT.cpp.o
  [2488/5650] Building CXX object caffe2/CMakeFiles/torch_cpu.dir/__/aten/src/ATen/native/cpu/LinearAlgebraKernel.cpp.DEFAULT.cpp.o
  [2489/5650] Building CXX object caffe2/CMakeFiles/torch_cpu.dir/__/aten/src/ATen/native/cpu/FusedSGDKernel.cpp.DEFAULT.cpp.o
  [2490/5650] Building CXX object caffe2/CMakeFiles/torch_cpu.dir/__/aten/src/ATen/native/cpu/UnaryOpsKernel.cpp.DEFAULT.cpp.o
  [2491/5650] Building CXX object caffe2/CMakeFiles/torch_cpu.dir/__/aten/src/ATen/native/cpu/SpmmReduceKernel.cpp.DEFAULT.cpp.o
  [2492/5650] Building CXX object caffe2/CMakeFiles/torch_cpu.dir/__/aten/src/ATen/native/cpu/FusedAdamKernel.cpp.DEFAULT.cpp.o
  [2493/5650] Building CXX object caffe2/CMakeFiles/torch_cpu.dir/__/aten/src/ATen/native/cpu/HistogramKernel.cpp.DEFAULT.cpp.o
  [2494/5650] Building CXX object caffe2/CMakeFiles/torch_cpu.dir/__/aten/src/ATen/native/cpu/FusedAdagradKernel.cpp.DEFAULT.cpp.o
  [2495/5650] Building CXX object caffe2/CMakeFiles/torch_cpu.dir/__/aten/src/ATen/native/cpu/FunctionOfAMatrixUtilsKernel.cpp.DEFAULT.cpp.o
  [2496/5650] Building CXX object caffe2/CMakeFiles/torch_cpu.dir/__/aten/src/ATen/native/cpu/FillKernel.cpp.DEFAULT.cpp.o
  [2497/5650] Building CXX object caffe2/CMakeFiles/torch_cpu.dir/__/aten/src/ATen/native/cpu/DepthwiseConvKernel.cpp.DEFAULT.cpp.o
  [2498/5650] Building CXX object caffe2/CMakeFiles/torch_cpu.dir/__/aten/src/ATen/native/cpu/CrossKernel.cpp.DEFAULT.cpp.o
  [2499/5650] Building CXX object caffe2/CMakeFiles/torch_cpu.dir/__/aten/src/ATen/native/cpu/ReduceOpsKernel.cpp.DEFAULT.cpp.o
  [2500/5650] Building CXX object caffe2/CMakeFiles/torch_cpu.dir/__/aten/src/ATen/native/cpu/MaxPoolKernel.cpp.DEFAULT.cpp.o
  [2501/5650] Building CXX object caffe2/CMakeFiles/torch_cpu.dir/__/aten/src/ATen/native/cpu/ComplexKernel.cpp.DEFAULT.cpp.o
  [2502/5650] Building CXX object caffe2/CMakeFiles/torch_cpu.dir/__/aten/src/ATen/native/cpu/IndexKernel.cpp.DEFAULT.cpp.o
  [2503/5650] Building CXX object caffe2/CMakeFiles/torch_cpu.dir/__/aten/src/ATen/native/cpu/DistanceOpsKernel.cpp.DEFAULT.cpp.o
  [2504/5650] Building CXX object caffe2/CMakeFiles/torch_cpu.dir/__/aten/src/ATen/native/cpu/DistributionKernels.cpp.DEFAULT.cpp.o
  [2505/5650] Building CXX object caffe2/CMakeFiles/torch_cpu.dir/__/aten/src/ATen/native/cpu/CatKernel.cpp.DEFAULT.cpp.o
  [2506/5650] Building CXX object caffe2/CMakeFiles/torch_cpu.dir/__/aten/src/ATen/native/cpu/ChannelShuffleKernel.cpp.DEFAULT.cpp.o
  [2507/5650] Building CXX object caffe2/CMakeFiles/torch_cpu.dir/__/aten/src/ATen/native/cpu/AmpGradScalerKernels.cpp.DEFAULT.cpp.o
  [2508/5650] Building CXX object caffe2/CMakeFiles/torch_cpu.dir/__/aten/src/ATen/native/cpu/PaddingKernel.cpp.DEFAULT.cpp.o
  [2509/5650] Building CXX object caffe2/CMakeFiles/torch_cpu.dir/__/aten/src/ATen/native/kleidiai/kai_ukernel_interface.cpp.o
  [2510/5650] Building CXX object caffe2/CMakeFiles/torch_cpu.dir/__/aten/src/ATen/native/cpu/BlasKernel.cpp.DEFAULT.cpp.o
  [2511/5650] Building CXX object caffe2/CMakeFiles/torch_cpu.dir/__/aten/src/ATen/vulkan/Context.cpp.o
  [2512/5650] Building CXX object caffe2/CMakeFiles/torch_cpu.dir/__/aten/src/ATen/metal/Context.cpp.o
  [2513/5650] Building CXX object caffe2/CMakeFiles/torch_cpu.dir/core/common.cc.o
  [2514/5650] Building CXX object caffe2/CMakeFiles/torch_cpu.dir/__/aten/src/ATen/native/kleidiai/kai_kernels.cpp.o
  [2515/5650] Building C object caffe2/CMakeFiles/torch_cpu.dir/__/third_party/miniz-3.0.2/miniz.c.o
  [2516/5650] Building CXX object caffe2/CMakeFiles/torch_cpu.dir/__/aten/src/ATen/native/cpu/AdaptiveMaxPoolKernel.cpp.DEFAULT.cpp.o
  [2517/5650] Building CXX object caffe2/CMakeFiles/torch_cpu.dir/serialize/crc.cc.o
  [2518/5650] Building CXX object caffe2/CMakeFiles/torch_cpu.dir/serialize/istream_adapter.cc.o
  [2519/5650] Building CXX object caffe2/CMakeFiles/torch_cpu.dir/serialize/read_adapter_interface.cc.o
  [2520/5650] Building CXX object caffe2/CMakeFiles/torch_cpu.dir/__/aten/src/ATen/native/cpu/AdaptiveAvgPoolKernel.cpp.DEFAULT.cpp.o
  [2521/5650] Building CXX object caffe2/CMakeFiles/torch_cpu.dir/serialize/file_adapter.cc.o
  [2522/5650] Building CXX object caffe2/CMakeFiles/torch_cpu.dir/utils/threadpool/thread_pool_guard.cpp.o
  [2523/5650] Building CXX object caffe2/CMakeFiles/torch_cpu.dir/__/aten/src/ATen/native/cpu/AvgPoolKernel.cpp.DEFAULT.cpp.o
  [2524/5650] Building CXX object caffe2/CMakeFiles/torch_cpu.dir/perfkernels/batch_box_cox_sve128.cc.o
  [2525/5650] Building CXX object caffe2/CMakeFiles/torch_cpu.dir/utils/string_utils.cc.o
  [2526/5650] Building CXX object caffe2/CMakeFiles/torch_cpu.dir/serialize/inline_container.cc.o
  [2527/5650] Building CXX object caffe2/CMakeFiles/torch_cpu.dir/utils/threadpool/pthreadpool-cpp.cc.o
  [2528/5650] Building CXX object caffe2/CMakeFiles/torch_cpu.dir/utils/proto_wrap.cc.o
  [2529/5650] Building CXX object caffe2/CMakeFiles/torch_cpu.dir/utils/threadpool/ThreadPool.cc.o
  [2530/5650] Building CXX object caffe2/CMakeFiles/torch_cpu.dir/perfkernels/embedding_lookup_idx.cc.o
  [2531/5650] Building CXX object caffe2/CMakeFiles/torch_cpu.dir/__/torch/csrc/autograd/generated/ViewFuncs.cpp.o
  [2532/5650] Building CXX object caffe2/CMakeFiles/torch_cpu.dir/__/aten/src/ATen/native/cpu/Activation.cpp.DEFAULT.cpp.o
  [2533/5650] Building CXX object caffe2/CMakeFiles/torch_cpu.dir/__/aten/src/ATen/native/cpu/SortingKernel.cpp.DEFAULT.cpp.o
  [2534/5650] Building CXX object caffe2/CMakeFiles/torch_cpu.dir/__/aten/src/ATen/native/cpu/CopyKernel.cpp.DEFAULT.cpp.o
  [2535/5650] Building CXX object caffe2/CMakeFiles/torch_cpu.dir/__/aten/src/ATen/native/cpu/GridSamplerKernel.cpp.DEFAULT.cpp.o
  [2536/5650] Building CXX object caffe2/CMakeFiles/torch_cpu.dir/__/aten/src/ATen/native/cpu/BinaryOpsKernel.cpp.DEFAULT.cpp.o
  [2537/5650] Building CXX object caffe2/CMakeFiles/torch_cpu.dir/__/torch/csrc/autograd/generated/VariableType_1.cpp.o
  [2538/5650] Building CXX object caffe2/CMakeFiles/torch_cpu.dir/__/torch/csrc/autograd/generated/VariableType_0.cpp.o
  [2539/5650] Building CXX object caffe2/CMakeFiles/torch_cpu.dir/__/torch/csrc/autograd/generated/VariableType_2.cpp.o
  [2540/5650] Building CXX object caffe2/CMakeFiles/torch_cpu.dir/__/torch/csrc/autograd/generated/TraceType_0.cpp.o
  [2541/5650] Building CXX object caffe2/CMakeFiles/torch_cpu.dir/__/torch/csrc/autograd/generated/VariableType_3.cpp.o
  [2542/5650] Building CXX object caffe2/CMakeFiles/torch_cpu.dir/__/torch/csrc/autograd/generated/VariableType_4.cpp.o
  [2543/5650] Building CXX object caffe2/CMakeFiles/torch_cpu.dir/__/torch/csrc/inductor/aoti_torch/generated/c_shim_cpu.cpp.o
  [2544/5650] Building CXX object caffe2/CMakeFiles/torch_cpu.dir/__/torch/csrc/inductor/aoti_torch/generated/c_shim_aten.cpp.o
  [2545/5650] Building CXX object caffe2/CMakeFiles/torch_cpu.dir/__/torch/csrc/autograd/generated/TraceType_1.cpp.o
  [2546/5650] Building CXX object caffe2/CMakeFiles/torch_cpu.dir/__/torch/csrc/lazy/generated/RegisterAutogradLazy.cpp.o
  [2547/5650] Building CXX object caffe2/CMakeFiles/torch_cpu.dir/__/torch/csrc/autograd/anomaly_mode.cpp.o
  [2548/5650] Building CXX object caffe2/CMakeFiles/torch_cpu.dir/__/torch/csrc/inductor/aoti_torch/generated/c_shim_mps.cpp.o
  [2549/5650] Building CXX object caffe2/CMakeFiles/torch_cpu.dir/__/torch/csrc/autograd/autograd.cpp.o
  [2550/5650] Building CXX object caffe2/CMakeFiles/torch_cpu.dir/__/torch/csrc/autograd/autograd_meta.cpp.o
  [2551/5650] Building CXX object caffe2/CMakeFiles/torch_cpu.dir/__/torch/csrc/autograd/generated/Functions.cpp.o
  [2552/5650] Building CXX object caffe2/CMakeFiles/torch_cpu.dir/__/torch/csrc/autograd/cpp_hook.cpp.o
  [2553/5650] Building CXX object caffe2/CMakeFiles/torch_cpu.dir/__/torch/csrc/autograd/autograd_not_implemented_fallback.cpp.o
  [2554/5650] Building CXX object caffe2/CMakeFiles/torch_cpu.dir/__/torch/csrc/autograd/forward_grad.cpp.o
  [2555/5650] Building CXX object caffe2/CMakeFiles/torch_cpu.dir/__/torch/csrc/autograd/generated/TraceType_3.cpp.o
  [2556/5650] Building CXX object caffe2/CMakeFiles/torch_cpu.dir/__/torch/csrc/autograd/generated/TraceType_4.cpp.o
  [2557/5650] Building CXX object caffe2/CMakeFiles/torch_cpu.dir/__/torch/csrc/autograd/generated/TraceType_2.cpp.o
  [2558/5650] Building CXX object caffe2/CMakeFiles/torch_cpu.dir/__/torch/csrc/autograd/function.cpp.o
  [2559/5650] Building CXX object caffe2/CMakeFiles/torch_cpu.dir/__/torch/csrc/autograd/custom_function.cpp.o
  [2560/5650] Building CXX object caffe2/CMakeFiles/torch_cpu.dir/__/torch/csrc/autograd/engine.cpp.o
  [2561/5650] Building CXX object caffe2/CMakeFiles/torch_cpu.dir/__/torch/csrc/autograd/functions/utils.cpp.o
  [2562/5650] Building CXX object caffe2/CMakeFiles/torch_cpu.dir/__/torch/csrc/autograd/input_metadata.cpp.o
  [2563/5650] Building CXX object caffe2/CMakeFiles/torch_cpu.dir/__/torch/csrc/autograd/jit_decomp_interface.cpp.o
  [2564/5650] Building CXX object caffe2/CMakeFiles/torch_cpu.dir/__/torch/csrc/autograd/generated/ADInplaceOrViewType_0.cpp.o
  [2565/5650] Building CXX object caffe2/CMakeFiles/torch_cpu.dir/__/torch/csrc/autograd/functions/accumulate_grad.cpp.o
  [2566/5650] Building CXX object caffe2/CMakeFiles/torch_cpu.dir/__/torch/csrc/autograd/utils/warnings.cpp.o
  [2567/5650] Building CXX object caffe2/CMakeFiles/torch_cpu.dir/__/torch/csrc/autograd/functions/basic_ops.cpp.o
  [2568/5650] Building CXX object caffe2/CMakeFiles/torch_cpu.dir/__/torch/csrc/lazy/generated/RegisterLazy.cpp.o
  [2569/5650] Building CXX object caffe2/CMakeFiles/torch_cpu.dir/__/torch/csrc/autograd/input_buffer.cpp.o
  [2570/5650] Building CXX object caffe2/CMakeFiles/torch_cpu.dir/__/torch/csrc/autograd/functions/tensor.cpp.o
  [2571/5650] Building CXX object caffe2/CMakeFiles/torch_cpu.dir/__/torch/csrc/autograd/saved_variable.cpp.o
  [2572/5650] Building CXX object caffe2/CMakeFiles/torch_cpu.dir/__/torch/csrc/autograd/variable_info.cpp.o
  [2573/5650] Building CXX object caffe2/CMakeFiles/torch_cpu.dir/__/torch/csrc/autograd/generated/ADInplaceOrViewType_1.cpp.o
  [2574/5650] Building CXX object caffe2/CMakeFiles/torch_cpu.dir/__/torch/csrc/autograd/profiler_legacy.cpp.o
  [2575/5650] Building CXX object caffe2/CMakeFiles/torch_cpu.dir/__/torch/csrc/autograd/profiler_kineto.cpp.o
  [2576/5650] Building CXX object caffe2/CMakeFiles/torch_cpu.dir/__/torch/csrc/autograd/record_function_ops.cpp.o
  [2577/5650] Building CXX object caffe2/CMakeFiles/torch_cpu.dir/__/torch/csrc/inductor/aoti_torch/mkldnn_tensor.cpp.o
  [2578/5650] Building CXX object caffe2/CMakeFiles/torch_cpu.dir/__/torch/csrc/inductor/aoti_runner/model_container_runner_cpu.cpp.o
  [2579/5650] Building CXX object caffe2/CMakeFiles/torch_cpu.dir/__/torch/csrc/dynamo/compiled_autograd.cpp.o
  [2580/5650] Building CXX object caffe2/CMakeFiles/torch_cpu.dir/__/torch/csrc/inductor/aoti_runner/model_container_runner.cpp.o
  [2581/5650] Building CXX object caffe2/CMakeFiles/torch_cpu.dir/__/torch/csrc/inductor/aoti_torch/shim_cpu.cpp.o
  [2582/5650] Building CXX object caffe2/CMakeFiles/torch_cpu.dir/__/torch/csrc/inductor/aoti_torch/tensor_converter.cpp.o
  [2583/5650] Building CXX object caffe2/CMakeFiles/torch_cpu.dir/__/aten/src/ATen/native/cpu/FlashAttentionKernel.cpp.DEFAULT.cpp.o
  [2584/5650] Building CXX object caffe2/CMakeFiles/torch_cpu.dir/__/torch/csrc/autograd/variable.cpp.o
  [2585/5650] Building CXX object caffe2/CMakeFiles/torch_cpu.dir/__/torch/csrc/lazy/generated/LazyNativeFunctions.cpp.o
  [2586/5650] Building CXX object caffe2/CMakeFiles/torch_cpu.dir/__/torch/csrc/inductor/aoti_package/model_package_loader.cpp.o
  [2587/5650] Building CXX object caffe2/CMakeFiles/torch_cpu.dir/__/torch/csrc/jit/backends/backend_interface.cpp.o
  [2588/5650] Building CXX object caffe2/CMakeFiles/torch_cpu.dir/__/torch/csrc/inductor/inductor_ops.cpp.o
  [2589/5650] Building CXX object caffe2/CMakeFiles/torch_cpu.dir/__/torch/csrc/jit/backends/backend_debug_handler.cpp.o
  [2590/5650] Building CXX object caffe2/CMakeFiles/torch_cpu.dir/__/torch/csrc/inductor/aoti_torch/shim_common.cpp.o
  [2591/5650] Building CXX object caffe2/CMakeFiles/torch_cpu.dir/__/torch/csrc/jit/api/object.cpp.o
  [2592/5650] Building CXX object caffe2/CMakeFiles/torch_cpu.dir/__/torch/csrc/jit/api/module.cpp.o
  [2593/5650] Building CXX object caffe2/CMakeFiles/torch_cpu.dir/__/torch/csrc/inductor/aoti_torch/oss_proxy_executor.cpp.o
  [2594/5650] Building CXX object caffe2/CMakeFiles/torch_cpu.dir/__/torch/csrc/jit/api/function_impl.cpp.o
  [2595/5650] Building CXX object caffe2/CMakeFiles/torch_cpu.dir/__/torch/csrc/jit/backends/backend_debug_info.cpp.o
  [2596/5650] Building CXX object caffe2/CMakeFiles/torch_cpu.dir/__/torch/csrc/jit/frontend/edit_distance.cpp.o
  [2597/5650] Building CXX object caffe2/CMakeFiles/torch_cpu.dir/__/torch/csrc/jit/backends/backend_detail.cpp.o
  [2598/5650] Building CXX object caffe2/CMakeFiles/torch_cpu.dir/__/torch/csrc/jit/backends/backend_resolver.cpp.o
  [2599/5650] Building CXX object caffe2/CMakeFiles/torch_cpu.dir/__/torch/csrc/jit/frontend/canonicalize_modified_loop.cpp.o
  [2600/5650] Building CXX object caffe2/CMakeFiles/torch_cpu.dir/__/torch/csrc/jit/frontend/name_mangler.cpp.o
  [2601/5650] Building CXX object caffe2/CMakeFiles/torch_cpu.dir/__/torch/csrc/jit/frontend/exit_transforms.cpp.o
  [2602/5650] Building CXX object caffe2/CMakeFiles/torch_cpu.dir/__/torch/csrc/jit/frontend/builtin_functions.cpp.o
  [2603/5650] Building CXX object caffe2/CMakeFiles/torch_cpu.dir/__/torch/csrc/jit/frontend/convert_to_ssa.cpp.o
  [2604/5650] Building CXX object caffe2/CMakeFiles/torch_cpu.dir/__/torch/csrc/jit/frontend/inline_loop_condition.cpp.o
  [2605/5650] Building CXX object caffe2/CMakeFiles/torch_cpu.dir/__/torch/csrc/jit/codegen/fuser/interface.cpp.o
  [2606/5650] Building CXX object caffe2/CMakeFiles/torch_cpu.dir/__/torch/csrc/jit/codegen/fuser/kernel_cache.cpp.o
  [2607/5650] Building CXX object caffe2/CMakeFiles/torch_cpu.dir/__/torch/csrc/jit/codegen/fuser/fallback.cpp.o
  [2608/5650] Building CXX object caffe2/CMakeFiles/torch_cpu.dir/__/torch/csrc/jit/codegen/fuser/codegen.cpp.o
  [2609/5650] Building CXX object caffe2/CMakeFiles/torch_cpu.dir/__/torch/csrc/jit/codegen/fuser/executor.cpp.o
  [2610/5650] Building CXX object caffe2/CMakeFiles/torch_cpu.dir/__/torch/csrc/jit/codegen/fuser/compiler.cpp.o
  [2611/5650] Building CXX object caffe2/CMakeFiles/torch_cpu.dir/__/torch/csrc/jit/frontend/parser.cpp.o
  [2612/5650] Building CXX object caffe2/CMakeFiles/torch_cpu.dir/__/torch/csrc/jit/frontend/versioned_symbols.cpp.o
  [2613/5650] Building CXX object caffe2/CMakeFiles/torch_cpu.dir/__/torch/csrc/jit/ir/attributes.cpp.o
  [2614/5650] Building CXX object caffe2/CMakeFiles/torch_cpu.dir/__/torch/csrc/jit/ir/constants.cpp.o
  [2615/5650] Building CXX object caffe2/CMakeFiles/torch_cpu.dir/__/torch/csrc/jit/ir/graph_utils.cpp.o
  [2616/5650] Building CXX object caffe2/CMakeFiles/torch_cpu.dir/__/torch/csrc/jit/frontend/schema_matching.cpp.o
  [2617/5650] Building CXX object caffe2/CMakeFiles/torch_cpu.dir/__/torch/csrc/jit/frontend/script_type_parser.cpp.o
  [2618/5650] Building CXX object caffe2/CMakeFiles/torch_cpu.dir/__/torch/csrc/jit/frontend/tracer.cpp.o
  [2619/5650] Building CXX object caffe2/CMakeFiles/torch_cpu.dir/__/torch/csrc/jit/jit_opt_limit.cpp.o
  [2620/5650] Building CXX object caffe2/CMakeFiles/torch_cpu.dir/__/torch/csrc/jit/ir/scope.cpp.o
  [2621/5650] Building CXX object caffe2/CMakeFiles/torch_cpu.dir/__/torch/csrc/jit/frontend/sugared_value.cpp.o
  [2622/5650] Building CXX object caffe2/CMakeFiles/torch_cpu.dir/__/torch/csrc/jit/ir/alias_analysis.cpp.o
  [2623/5650] Building CXX object caffe2/CMakeFiles/torch_cpu.dir/__/torch/csrc/jit/ir/node_hashing.cpp.o
  [2624/5650] Building CXX object caffe2/CMakeFiles/torch_cpu.dir/__/torch/csrc/jit/ir/irparser.cpp.o
  [2625/5650] Building CXX object caffe2/CMakeFiles/torch_cpu.dir/__/torch/csrc/jit/ir/type_hashing.cpp.o
  [2626/5650] Building CXX object caffe2/CMakeFiles/torch_cpu.dir/__/torch/csrc/jit/ir/ir.cpp.o
  [2627/5650] Building CXX object caffe2/CMakeFiles/torch_cpu.dir/__/torch/csrc/jit/jit_log.cpp.o
  [2628/5650] Building CXX object caffe2/CMakeFiles/torch_cpu.dir/__/torch/csrc/jit/mobile/compatibility/runtime_compatibility.cpp.o
  [2629/5650] Building CXX object caffe2/CMakeFiles/torch_cpu.dir/__/torch/csrc/jit/ir/subgraph_matcher.cpp.o
  [2630/5650] Building CXX object caffe2/CMakeFiles/torch_cpu.dir/__/torch/csrc/jit/mobile/nnc/registry.cpp.o
  [2631/5650] Building CXX object caffe2/CMakeFiles/torch_cpu.dir/__/torch/csrc/jit/mobile/observer.cpp.o
  [2632/5650] Building CXX object caffe2/CMakeFiles/torch_cpu.dir/__/torch/csrc/jit/mobile/function.cpp.o
  [2633/5650] Building CXX object caffe2/CMakeFiles/torch_cpu.dir/__/torch/csrc/jit/frontend/ir_emitter.cpp.o
  [2634/5650] Building CXX object caffe2/CMakeFiles/torch_cpu.dir/__/torch/csrc/jit/mobile/interpreter.cpp.o
  [2635/5650] Building CXX object caffe2/CMakeFiles/torch_cpu.dir/__/torch/csrc/jit/mobile/compatibility/model_compatibility.cpp.o
  [2636/5650] Building CXX object caffe2/CMakeFiles/torch_cpu.dir/__/torch/csrc/jit/mobile/nnc/backend.cpp.o
  [2637/5650] Building CXX object caffe2/CMakeFiles/torch_cpu.dir/__/torch/csrc/jit/mobile/parse_operators.cpp.o
  [2638/5650] Building CXX object caffe2/CMakeFiles/torch_cpu.dir/__/torch/csrc/jit/mobile/parse_bytecode.cpp.o
  [2639/5650] Building CXX object caffe2/CMakeFiles/torch_cpu.dir/__/torch/csrc/jit/mobile/import.cpp.o
  [2640/5650] Building CXX object caffe2/CMakeFiles/torch_cpu.dir/__/torch/csrc/jit/mobile/prim_ops_registery.cpp.o
  [2641/5650] Building CXX object caffe2/CMakeFiles/torch_cpu.dir/__/torch/csrc/jit/mobile/module.cpp.o
  [2642/5650] Building CXX object caffe2/CMakeFiles/torch_cpu.dir/__/torch/csrc/jit/operator_upgraders/utils.cpp.o
  [2643/5650] Building CXX object caffe2/CMakeFiles/torch_cpu.dir/__/torch/csrc/jit/operator_upgraders/version_map.cpp.o
  [2644/5650] Building CXX object caffe2/CMakeFiles/torch_cpu.dir/__/torch/csrc/jit/mobile/register_ops_common_utils.cpp.o
  [2645/5650] Building CXX object caffe2/CMakeFiles/torch_cpu.dir/__/torch/csrc/jit/mobile/nnc/context.cpp.o
  [2646/5650] Building CXX object caffe2/CMakeFiles/torch_cpu.dir/__/torch/csrc/jit/mobile/type_parser.cpp.o
  [2647/5650] Building CXX object caffe2/CMakeFiles/torch_cpu.dir/__/torch/csrc/jit/mobile/quantization.cpp.o
  [2648/5650] Building CXX object caffe2/CMakeFiles/torch_cpu.dir/__/torch/csrc/jit/mobile/nnc/aot_compiler.cpp.o
  [2649/5650] Building CXX object caffe2/CMakeFiles/torch_cpu.dir/__/torch/csrc/jit/mobile/upgrader_mobile.cpp.o
  [2650/5650] Building CXX object caffe2/CMakeFiles/torch_cpu.dir/__/torch/csrc/jit/mobile/flatbuffer_loader.cpp.o
  [2651/5650] Building CXX object caffe2/CMakeFiles/torch_cpu.dir/__/torch/csrc/jit/operator_upgraders/upgraders.cpp.o
  [2652/5650] Building CXX object caffe2/CMakeFiles/torch_cpu.dir/__/torch/csrc/jit/mobile/promoted_prim_ops.cpp.o
  [2653/5650] Building CXX object caffe2/CMakeFiles/torch_cpu.dir/__/torch/csrc/jit/passes/add_if_then_else.cpp.o
  [2654/5650] Building CXX object caffe2/CMakeFiles/torch_cpu.dir/__/torch/csrc/jit/passes/annotate_warns.cpp.o
  [2655/5650] Building CXX object caffe2/CMakeFiles/torch_cpu.dir/__/torch/csrc/jit/operator_upgraders/upgraders_entry.cpp.o
  [2656/5650] Building CXX object caffe2/CMakeFiles/torch_cpu.dir/__/torch/csrc/jit/passes/canonicalize_graph_fuser_ops.cpp.o
  [2657/5650] Building CXX object caffe2/CMakeFiles/torch_cpu.dir/__/torch/csrc/jit/passes/canonicalize.cpp.o
  [2658/5650] Building CXX object caffe2/CMakeFiles/torch_cpu.dir/__/torch/csrc/jit/passes/common_subexpression_elimination.cpp.o
  [2659/5650] Building CXX object caffe2/CMakeFiles/torch_cpu.dir/__/torch/csrc/jit/passes/check_strict_fusion.cpp.o
  [2660/5650] Building CXX object caffe2/CMakeFiles/torch_cpu.dir/__/torch/csrc/jit/passes/constant_pooling.cpp.o
  [2661/5650] Building CXX object caffe2/CMakeFiles/torch_cpu.dir/__/torch/csrc/jit/passes/bailout_graph.cpp.o
  [2662/5650] Building CXX object caffe2/CMakeFiles/torch_cpu.dir/__/torch/csrc/jit/passes/concat_opt.cpp.o
  [2663/5650] Building CXX object caffe2/CMakeFiles/torch_cpu.dir/__/torch/csrc/jit/passes/constant_propagation.cpp.o
  [2664/5650] Building CXX object caffe2/CMakeFiles/torch_cpu.dir/__/torch/csrc/jit/passes/clear_profiling.cpp.o
  [2665/5650] Building CXX object caffe2/CMakeFiles/torch_cpu.dir/__/torch/csrc/jit/passes/clear_undefinedness.cpp.o
  [2666/5650] Building CXX object caffe2/CMakeFiles/torch_cpu.dir/__/torch/csrc/jit/passes/create_autodiff_subgraphs.cpp.o
  [2667/5650] Building CXX object caffe2/CMakeFiles/torch_cpu.dir/__/torch/csrc/jit/passes/batch_mm.cpp.o
  [2668/5650] Building CXX object caffe2/CMakeFiles/torch_cpu.dir/__/torch/csrc/jit/passes/create_functional_graphs.cpp.o
  [2669/5650] Building CXX object caffe2/CMakeFiles/torch_cpu.dir/__/torch/csrc/jit/passes/dbr_quantization/remove_redundant_aliases.cpp.o
  [2670/5650] Building CXX object caffe2/CMakeFiles/torch_cpu.dir/__/torch/csrc/jit/passes/dead_code_elimination.cpp.o
  [2671/5650] Building CXX object caffe2/CMakeFiles/torch_cpu.dir/__/torch/csrc/jit/passes/eliminate_no_ops.cpp.o
  [2672/5650] Building CXX object caffe2/CMakeFiles/torch_cpu.dir/__/torch/csrc/jit/passes/device_type_analysis.cpp.o
  [2673/5650] Building CXX object caffe2/CMakeFiles/torch_cpu.dir/__/torch/csrc/jit/passes/decompose_ops.cpp.o
  [2674/5650] Building CXX object caffe2/CMakeFiles/torch_cpu.dir/__/torch/csrc/jit/passes/erase_number_types.cpp.o
  [2675/5650] Building CXX object caffe2/CMakeFiles/torch_cpu.dir/__/torch/csrc/jit/passes/dtype_analysis.cpp.o
  [2676/5650] Building CXX object caffe2/CMakeFiles/torch_cpu.dir/__/torch/csrc/jit/passes/fold_linear_bn.cpp.o
  [2677/5650] Building CXX object caffe2/CMakeFiles/torch_cpu.dir/__/torch/csrc/jit/passes/frozen_concat_linear.cpp.o
  [2678/5650] Building CXX object caffe2/CMakeFiles/torch_cpu.dir/__/torch/csrc/jit/passes/frozen_conv_add_relu_fusion.cpp.o
  [2679/5650] Building CXX object caffe2/CMakeFiles/torch_cpu.dir/__/torch/csrc/jit/passes/fixup_trace_scope_blocks.cpp.o
  [2680/5650] Building CXX object caffe2/CMakeFiles/torch_cpu.dir/__/torch/csrc/jit/passes/fold_conv_bn.cpp.o
  [2681/5650] Building CXX object caffe2/CMakeFiles/torch_cpu.dir/__/torch/csrc/jit/passes/frozen_graph_optimizations.cpp.o
  [2682/5650] Building CXX object caffe2/CMakeFiles/torch_cpu.dir/__/torch/csrc/jit/passes/frozen_conv_folding.cpp.o
  [2683/5650] Building CXX object caffe2/CMakeFiles/torch_cpu.dir/__/torch/csrc/jit/passes/frozen_linear_transpose.cpp.o
  [2684/5650] Building CXX object caffe2/CMakeFiles/torch_cpu.dir/__/torch/csrc/jit/passes/frozen_linear_folding.cpp.o
  [2685/5650] Building CXX object caffe2/CMakeFiles/torch_cpu.dir/__/torch/csrc/jit/passes/fuse_relu.cpp.o
  [2686/5650] Building CXX object caffe2/CMakeFiles/torch_cpu.dir/__/torch/csrc/jit/passes/fuse_linear.cpp.o
  [2687/5650] Building CXX object caffe2/CMakeFiles/torch_cpu.dir/__/torch/csrc/jit/passes/frozen_ops_to_mkldnn.cpp.o
  [2688/5650] Building CXX object caffe2/CMakeFiles/torch_cpu.dir/__/torch/csrc/jit/passes/graph_rewrite_helper.cpp.o
  [2689/5650] Building CXX object caffe2/CMakeFiles/torch_cpu.dir/__/torch/csrc/jit/passes/inline_autodiff_subgraphs.cpp.o
  [2690/5650] Building CXX object caffe2/CMakeFiles/torch_cpu.dir/__/torch/csrc/jit/passes/inline_fork_wait.cpp.o
  [2691/5650] Building CXX object caffe2/CMakeFiles/torch_cpu.dir/__/torch/csrc/jit/passes/hoist_conv_packed_params.cpp.o
  [2692/5650] Building CXX object caffe2/CMakeFiles/torch_cpu.dir/__/torch/csrc/jit/passes/inliner.cpp.o
  [2693/5650] Building CXX object caffe2/CMakeFiles/torch_cpu.dir/__/torch/csrc/jit/passes/inplace_check.cpp.o
  [2694/5650] Building CXX object caffe2/CMakeFiles/torch_cpu.dir/__/torch/csrc/jit/passes/freeze_module.cpp.o
  [2695/5650] Building CXX object caffe2/CMakeFiles/torch_cpu.dir/__/torch/csrc/jit/passes/inline_forked_closures.cpp.o
  [2696/5650] Building CXX object caffe2/CMakeFiles/torch_cpu.dir/__/torch/csrc/jit/passes/guard_elimination.cpp.o
  [2697/5650] Building CXX object caffe2/CMakeFiles/torch_cpu.dir/__/torch/csrc/jit/passes/graph_fuser.cpp.o
  [2698/5650] Building CXX object caffe2/CMakeFiles/torch_cpu.dir/__/torch/csrc/jit/passes/integer_value_refinement.cpp.o
  [2699/5650] Building CXX object caffe2/CMakeFiles/torch_cpu.dir/__/torch/csrc/jit/passes/lower_grad_of.cpp.o
  [2700/5650] Building CXX object caffe2/CMakeFiles/torch_cpu.dir/__/torch/csrc/jit/passes/insert_guards.cpp.o
  [2701/5650] Building CXX object caffe2/CMakeFiles/torch_cpu.dir/__/torch/csrc/jit/passes/loop_unrolling.cpp.o
  [2702/5650] Building CXX object caffe2/CMakeFiles/torch_cpu.dir/__/torch/csrc/jit/passes/lower_tuples.cpp.o
  [2703/5650] Building CXX object caffe2/CMakeFiles/torch_cpu.dir/__/torch/csrc/jit/passes/lift_closures.cpp.o
  [2704/5650] Building CXX object caffe2/CMakeFiles/torch_cpu.dir/__/torch/csrc/jit/passes/normalize_ops.cpp.o
  [2705/5650] Building CXX object caffe2/CMakeFiles/torch_cpu.dir/__/torch/csrc/jit/passes/pass_manager.cpp.o
  [2706/5650] Building CXX object caffe2/CMakeFiles/torch_cpu.dir/__/torch/csrc/jit/passes/liveness.cpp.o
  [2707/5650] Building CXX object caffe2/CMakeFiles/torch_cpu.dir/__/torch/csrc/jit/passes/peephole.cpp.o
  [2708/5650] Building CXX object caffe2/CMakeFiles/torch_cpu.dir/__/torch/csrc/jit/passes/peephole_alias_sensitive.cpp.o
  [2709/5650] Building CXX object caffe2/CMakeFiles/torch_cpu.dir/__/torch/csrc/jit/passes/peephole_dict_idioms.cpp.o
  [2710/5650] Building CXX object caffe2/CMakeFiles/torch_cpu.dir/__/torch/csrc/jit/passes/peephole_non_tensor.cpp.o
  [2711/5650] Building CXX object caffe2/CMakeFiles/torch_cpu.dir/__/torch/csrc/jit/passes/peephole_list_idioms.cpp.o
  [2712/5650] Building CXX object caffe2/CMakeFiles/torch_cpu.dir/__/torch/csrc/jit/passes/prepack_folding.cpp.o
  [2713/5650] Building CXX object caffe2/CMakeFiles/torch_cpu.dir/__/torch/csrc/jit/passes/mkldnn_rewrite.cpp.o
  [2714/5650] Building CXX object caffe2/CMakeFiles/torch_cpu.dir/__/torch/csrc/jit/passes/metal_rewrite.cpp.o
  [2715/5650] Building CXX object caffe2/CMakeFiles/torch_cpu.dir/__/torch/csrc/jit/passes/quantization/fusion_passes.cpp.o
  [2716/5650] Building CXX object caffe2/CMakeFiles/torch_cpu.dir/__/torch/csrc/jit/passes/quantization/quantization_type.cpp.o
  [2717/5650] Building CXX object caffe2/CMakeFiles/torch_cpu.dir/__/torch/csrc/jit/passes/quantization/dedup_module_uses.cpp.o
  [2718/5650] Building CXX object caffe2/CMakeFiles/torch_cpu.dir/__/torch/csrc/jit/passes/remove_expands.cpp.o
  [2719/5650] Building CXX object caffe2/CMakeFiles/torch_cpu.dir/__/torch/csrc/jit/passes/remove_exceptions.cpp.o
  [2720/5650] Building CXX object caffe2/CMakeFiles/torch_cpu.dir/__/torch/csrc/jit/passes/refine_tuple_types.cpp.o
  [2721/5650] Building CXX object caffe2/CMakeFiles/torch_cpu.dir/__/torch/csrc/jit/passes/remove_redundant_profiles.cpp.o
  [2722/5650] Building CXX object caffe2/CMakeFiles/torch_cpu.dir/__/torch/csrc/jit/passes/remove_dropout.cpp.o
  [2723/5650] Building CXX object caffe2/CMakeFiles/torch_cpu.dir/__/torch/csrc/jit/passes/quantization/helper.cpp.o
  [2724/5650] Building CXX object caffe2/CMakeFiles/torch_cpu.dir/__/torch/csrc/jit/passes/replacement_of_old_operators.cpp.o
  [2725/5650] Building CXX object caffe2/CMakeFiles/torch_cpu.dir/__/torch/csrc/jit/passes/remove_mutation.cpp.o
  [2726/5650] Building CXX object caffe2/CMakeFiles/torch_cpu.dir/__/torch/csrc/jit/passes/quantization/finalize.cpp.o
  [2727/5650] Building CXX object caffe2/CMakeFiles/torch_cpu.dir/__/torch/csrc/jit/passes/quantization/register_packed_params.cpp.o
  [2728/5650] Building CXX object caffe2/CMakeFiles/torch_cpu.dir/__/torch/csrc/jit/passes/restore_mutation.cpp.o
  [2729/5650] Building CXX object caffe2/CMakeFiles/torch_cpu.dir/__/torch/csrc/jit/passes/requires_grad_analysis.cpp.o
  [2730/5650] Building CXX object caffe2/CMakeFiles/torch_cpu.dir/__/torch/csrc/jit/passes/quantization/insert_quant_dequant.cpp.o
  [2731/5650] Building CXX object caffe2/CMakeFiles/torch_cpu.dir/__/torch/csrc/jit/passes/quantization/insert_observers.cpp.o
  [2732/5650] Building CXX object caffe2/CMakeFiles/torch_cpu.dir/__/torch/csrc/jit/passes/symbolic_shape_cache.cpp.o
  [2733/5650] Building CXX object caffe2/CMakeFiles/torch_cpu.dir/__/torch/csrc/jit/passes/subgraph_rewrite.cpp.o
  [2734/5650] Building CXX object caffe2/CMakeFiles/torch_cpu.dir/__/torch/csrc/jit/passes/update_differentiable_graph_requires_grad.cpp.o
  [2735/5650] Building CXX object caffe2/CMakeFiles/torch_cpu.dir/__/torch/csrc/jit/passes/utils/op_registry.cpp.o
  [2736/5650] Building CXX object caffe2/CMakeFiles/torch_cpu.dir/__/torch/csrc/jit/passes/specialize_autogradzero.cpp.o
  [2737/5650] Building CXX object caffe2/CMakeFiles/torch_cpu.dir/__/torch/csrc/jit/passes/symbolic_shape_analysis.cpp.o
  [2738/5650] Building CXX object caffe2/CMakeFiles/torch_cpu.dir/__/torch/csrc/jit/python/utf8_decoding_ignore.cpp.o
  [2739/5650] Building CXX object caffe2/CMakeFiles/torch_cpu.dir/__/torch/csrc/jit/passes/utils/memory_dag.cpp.o
  [2740/5650] Building CXX object caffe2/CMakeFiles/torch_cpu.dir/__/torch/csrc/jit/passes/utils/optimization_utils.cpp.o
  [2741/5650] Building CXX object caffe2/CMakeFiles/torch_cpu.dir/__/torch/csrc/jit/python/update_graph_executor_opt.cpp.o
  [2742/5650] Building CXX object caffe2/CMakeFiles/torch_cpu.dir/__/torch/csrc/jit/passes/shape_analysis.cpp.o
  [2743/5650] Building CXX object caffe2/CMakeFiles/torch_cpu.dir/__/torch/csrc/jit/passes/utils/subgraph_utils.cpp.o
  [2744/5650] Building CXX object caffe2/CMakeFiles/torch_cpu.dir/__/torch/csrc/jit/passes/variadic_ops.cpp.o
  [2745/5650] Building CXX object caffe2/CMakeFiles/torch_cpu.dir/__/torch/csrc/jit/passes/value_refinement_utils.cpp.o
  [2746/5650] Building CXX object caffe2/CMakeFiles/torch_cpu.dir/__/torch/csrc/jit/runtime/instruction.cpp.o
  [2747/5650] Building CXX object caffe2/CMakeFiles/torch_cpu.dir/__/torch/csrc/jit/passes/symbolic_shape_runtime_fusion.cpp.o
  [2748/5650] Building CXX object caffe2/CMakeFiles/torch_cpu.dir/__/torch/csrc/jit/runtime/decomposition_registry_util.cpp.o
  [2749/5650] Building CXX object caffe2/CMakeFiles/torch_cpu.dir/__/torch/csrc/jit/runtime/jit_exception.cpp.o
  [2750/5650] Building CXX object caffe2/CMakeFiles/torch_cpu.dir/__/torch/csrc/jit/runtime/argument_spec.cpp.o
  [2751/5650] Building CXX object caffe2/CMakeFiles/torch_cpu.dir/__/torch/csrc/jit/runtime/logging.cpp.o
  [2752/5650] Building CXX object caffe2/CMakeFiles/torch_cpu.dir/__/torch/csrc/jit/passes/tensorexpr_fuser.cpp.o
  [2753/5650] Building CXX object caffe2/CMakeFiles/torch_cpu.dir/__/torch/csrc/jit/runtime/print_handler.cpp.o
  [2754/5650] Building CXX object caffe2/CMakeFiles/torch_cpu.dir/__/torch/csrc/jit/runtime/decomposition_registry.cpp.o
  [2755/5650] Building CXX object caffe2/CMakeFiles/torch_cpu.dir/__/torch/csrc/jit/runtime/autodiff.cpp.o
  [2756/5650] Building CXX object caffe2/CMakeFiles/torch_cpu.dir/__/torch/csrc/jit/runtime/interpreter/preprocess_graph.cpp.o
  [2757/5650] Building CXX object caffe2/CMakeFiles/torch_cpu.dir/__/torch/csrc/jit/passes/vulkan_rewrite.cpp.o
  [2758/5650] Building CXX object caffe2/CMakeFiles/torch_cpu.dir/__/torch/csrc/jit/passes/xnnpack_rewrite.cpp.o
  [2759/5650] Building CXX object caffe2/CMakeFiles/torch_cpu.dir/__/torch/csrc/jit/runtime/slice_indices_adjust.cpp.o
  [2760/5650] Building CXX object caffe2/CMakeFiles/torch_cpu.dir/__/torch/csrc/jit/runtime/operator.cpp.o
  [2761/5650] Building CXX object caffe2/CMakeFiles/torch_cpu.dir/__/torch/csrc/jit/runtime/interpreter/frame.cpp.o
  [2762/5650] Building CXX object caffe2/CMakeFiles/torch_cpu.dir/__/torch/csrc/jit/runtime/serialized_shape_function_registry.cpp.o
  [2763/5650] Building CXX object caffe2/CMakeFiles/torch_cpu.dir/__/torch/csrc/jit/runtime/jit_trace.cpp.o
  [2764/5650] Building CXX object caffe2/CMakeFiles/torch_cpu.dir/__/torch/csrc/jit/runtime/graph_executor.cpp.o
  [2765/5650] Building CXX object caffe2/CMakeFiles/torch_cpu.dir/__/torch/csrc/jit/runtime/script_profile.cpp.o
  [2766/5650] Building CXX object caffe2/CMakeFiles/torch_cpu.dir/__/torch/csrc/jit/runtime/profiling_record.cpp.o
  [2767/5650] Building CXX object caffe2/CMakeFiles/torch_cpu.dir/__/torch/csrc/jit/runtime/static/fusion.cpp.o
  [2768/5650] Building CXX object caffe2/CMakeFiles/torch_cpu.dir/__/torch/csrc/jit/runtime/profiling_graph_executor_impl.cpp.o
  [2769/5650] Building CXX object caffe2/CMakeFiles/torch_cpu.dir/__/torch/csrc/jit/runtime/register_ops_utils.cpp.o
  [2770/5650] Building CXX object caffe2/CMakeFiles/torch_cpu.dir/__/torch/csrc/jit/runtime/simple_graph_executor_impl.cpp.o
  [2771/5650] Building CXX object caffe2/CMakeFiles/torch_cpu.dir/__/torch/csrc/jit/runtime/interpreter.cpp.o
  [2772/5650] Building CXX object caffe2/CMakeFiles/torch_cpu.dir/__/torch/csrc/jit/runtime/static/memory_planner.cpp.o
  [2773/5650] Building CXX object caffe2/CMakeFiles/torch_cpu.dir/__/torch/csrc/jit/runtime/symbolic_shape_registry_util.cpp.o
  [2774/5650] Building CXX object caffe2/CMakeFiles/torch_cpu.dir/__/torch/csrc/jit/runtime/static/impl.cpp.o
  [2775/5650] Building CXX object caffe2/CMakeFiles/torch_cpu.dir/__/torch/csrc/jit/runtime/static/passes.cpp.o
  [2776/5650] Building CXX object caffe2/CMakeFiles/torch_cpu.dir/__/torch/csrc/jit/runtime/symbolic_script.cpp.o
  [2777/5650] Building CXX object caffe2/CMakeFiles/torch_cpu.dir/__/torch/csrc/jit/runtime/vararg_functions.cpp.o
  [2778/5650] Building CXX object caffe2/CMakeFiles/torch_cpu.dir/__/torch/csrc/jit/serialization/callstack_debug_info_serialization.cpp.o
  [2779/5650] Building CXX object caffe2/CMakeFiles/torch_cpu.dir/__/torch/csrc/jit/runtime/symbolic_shape_registry.cpp.o
  [2780/5650] Building CXX object caffe2/CMakeFiles/torch_cpu.dir/__/torch/csrc/jit/serialization/import_export_helpers.cpp.o
  [2781/5650] Building CXX object caffe2/CMakeFiles/torch_cpu.dir/__/torch/csrc/jit/runtime/static/te_wrapper.cpp.o
  [2782/5650] Building CXX object caffe2/CMakeFiles/torch_cpu.dir/__/torch/csrc/jit/serialization/import_read.cpp.o
  [2783/5650] Building CXX object caffe2/CMakeFiles/torch_cpu.dir/__/torch/csrc/jit/serialization/pickle.cpp.o
  [2784/5650] Building CXX object caffe2/CMakeFiles/torch_cpu.dir/__/torch/csrc/jit/serialization/type_name_uniquer.cpp.o
  [2785/5650] Building CXX object caffe2/CMakeFiles/torch_cpu.dir/__/torch/csrc/jit/serialization/source_range_serialization.cpp.o
  [2786/5650] Building CXX object caffe2/CMakeFiles/torch_cpu.dir/__/torch/csrc/jit/serialization/pickler_helper.cpp.o
  [2787/5650] Building CXX object caffe2/CMakeFiles/torch_cpu.dir/__/torch/csrc/jit/serialization/import.cpp.o
  [2788/5650] Building CXX object caffe2/CMakeFiles/torch_cpu.dir/__/torch/csrc/jit/serialization/pickler.cpp.o
  [2789/5650] Building CXX object caffe2/CMakeFiles/torch_cpu.dir/__/torch/csrc/jit/runtime/static/native_ops.cpp.o
  [2790/5650] Building CXX object caffe2/CMakeFiles/torch_cpu.dir/__/torch/csrc/jit/serialization/import_source.cpp.o
  [2791/5650] Building CXX object caffe2/CMakeFiles/torch_cpu.dir/__/torch/csrc/jit/serialization/python_print.cpp.o
  [2792/5650] Building CXX object caffe2/CMakeFiles/torch_cpu.dir/__/torch/csrc/jit/tensorexpr/block_codegen.cpp.o
  [2793/5650] Building CXX object caffe2/CMakeFiles/torch_cpu.dir/__/torch/csrc/jit/runtime/static/ops.cpp.o
  [2794/5650] Building CXX object caffe2/CMakeFiles/torch_cpu.dir/__/torch/csrc/jit/tensorexpr/external_functions_registry.cpp.o
  [2795/5650] Building CXX object caffe2/CMakeFiles/torch_cpu.dir/__/torch/csrc/jit/serialization/unpickler.cpp.o
  [2796/5650] Building CXX object caffe2/CMakeFiles/torch_cpu.dir/__/torch/csrc/jit/tensorexpr/cpp_codegen.cpp.o
  [2797/5650] Building CXX object caffe2/CMakeFiles/torch_cpu.dir/__/torch/csrc/jit/tensorexpr/external_functions_codegen.cpp.o
  [2798/5650] Building CXX object caffe2/CMakeFiles/torch_cpu.dir/__/torch/csrc/jit/tensorexpr/intrinsic_symbols.cpp.o
  [2799/5650] Building CXX object caffe2/CMakeFiles/torch_cpu.dir/__/torch/csrc/jit/tensorexpr/bounds_overlap.cpp.o
  [2800/5650] Building CXX object caffe2/CMakeFiles/torch_cpu.dir/__/torch/csrc/jit/tensorexpr/bounds_inference.cpp.o
  [2801/5650] Building CXX object caffe2/CMakeFiles/torch_cpu.dir/__/torch/csrc/jit/tensorexpr/codegen.cpp.o
  [2802/5650] Building CXX object caffe2/CMakeFiles/torch_cpu.dir/__/torch/csrc/jit/tensorexpr/external_functions_core.cpp.o
  [2803/5650] Building CXX object caffe2/CMakeFiles/torch_cpu.dir/__/torch/csrc/jit/tensorexpr/expr.cpp.o
  [2804/5650] Building CXX object caffe2/CMakeFiles/torch_cpu.dir/__/torch/csrc/jit/tensorexpr/external_functions.cpp.o
  [2805/5650] Building CXX object caffe2/CMakeFiles/torch_cpu.dir/__/torch/csrc/jit/tensorexpr/ir.cpp.o
  [2806/5650] Building CXX object caffe2/CMakeFiles/torch_cpu.dir/__/torch/csrc/jit/tensorexpr/llvm_codegen.cpp.o
  [2807/5650] Building CXX object caffe2/CMakeFiles/torch_cpu.dir/__/torch/csrc/jit/tensorexpr/llvm_jit.cpp.o
  [2808/5650] Building CXX object caffe2/CMakeFiles/torch_cpu.dir/__/torch/csrc/jit/tensorexpr/ir_verifier.cpp.o
  [2809/5650] Building CXX object caffe2/CMakeFiles/torch_cpu.dir/__/torch/csrc/jit/tensorexpr/graph_opt.cpp.o
  [2810/5650] Building CXX object caffe2/CMakeFiles/torch_cpu.dir/__/torch/csrc/jit/tensorexpr/hash_provider.cpp.o
  [2811/5650] Building CXX object caffe2/CMakeFiles/torch_cpu.dir/__/torch/csrc/jit/tensorexpr/ir_printer.cpp.o
  [2812/5650] Building CXX object caffe2/CMakeFiles/torch_cpu.dir/__/torch/csrc/jit/runtime/static/generated_ops.cpp.o
  [2813/5650] Building CXX object caffe2/CMakeFiles/torch_cpu.dir/__/torch/csrc/jit/tensorexpr/ir_mutator.cpp.o
  [2814/5650] Building CXX object caffe2/CMakeFiles/torch_cpu.dir/__/torch/csrc/jit/tensorexpr/ir_cloner.cpp.o
  [2815/5650] Building CXX object caffe2/CMakeFiles/torch_cpu.dir/__/torch/csrc/jit/tensorexpr/ir_visitor.cpp.o
  [2816/5650] Building CXX object caffe2/CMakeFiles/torch_cpu.dir/__/torch/csrc/jit/tensorexpr/eval.cpp.o
  [2817/5650] Building CXX object caffe2/CMakeFiles/torch_cpu.dir/__/torch/csrc/jit/tensorexpr/loopnest_randomization.cpp.o
  [2818/5650] Building CXX object caffe2/CMakeFiles/torch_cpu.dir/__/torch/csrc/jit/tensorexpr/ir_simplifier.cpp.o
  [2819/5650] Building CXX object caffe2/CMakeFiles/torch_cpu.dir/__/torch/csrc/jit/tensorexpr/operators/matmul.cpp.o
  [2820/5650] Building CXX object caffe2/CMakeFiles/torch_cpu.dir/__/torch/csrc/jit/tensorexpr/operators/conv2d.cpp.o
  [2821/5650] Building CXX object caffe2/CMakeFiles/torch_cpu.dir/__/torch/csrc/jit/tensorexpr/operators/norm.cpp.o
  [2822/5650] Building CXX object caffe2/CMakeFiles/torch_cpu.dir/__/torch/csrc/jit/tensorexpr/mem_dependency_checker.cpp.o
  [2823/5650] Building CXX object caffe2/CMakeFiles/torch_cpu.dir/__/torch/csrc/jit/tensorexpr/kernel.cpp.o
  [2824/5650] Building CXX object caffe2/CMakeFiles/torch_cpu.dir/__/torch/csrc/jit/tensorexpr/types.cpp.o
  [2825/5650] Building CXX object caffe2/CMakeFiles/torch_cpu.dir/__/torch/csrc/jit/tensorexpr/operators/pointwise.cpp.o
  [2826/5650] Building CXX object caffe2/CMakeFiles/torch_cpu.dir/__/torch/csrc/jit/tensorexpr/loopnest.cpp.o
  [2827/5650] Building CXX object caffe2/CMakeFiles/torch_cpu.dir/__/torch/csrc/jit/tensorexpr/operators/misc.cpp.o
  [2828/5650] Building CXX object caffe2/CMakeFiles/torch_cpu.dir/__/torch/csrc/jit/tensorexpr/operators/quantization.cpp.o
  [2829/5650] Building CXX object caffe2/CMakeFiles/torch_cpu.dir/__/torch/csrc/jit/tensorexpr/reduction.cpp.o
  [2830/5650] Building CXX object caffe2/CMakeFiles/torch_cpu.dir/__/torch/csrc/lazy/core/config.cpp.o
  [2831/5650] Building CXX object caffe2/CMakeFiles/torch_cpu.dir/__/torch/csrc/jit/tensorexpr/unique_name_manager.cpp.o
  [2832/5650] Building CXX object caffe2/CMakeFiles/torch_cpu.dir/__/torch/csrc/jit/tensorexpr/operators/reduction.cpp.o
  [2833/5650] Building CXX object caffe2/CMakeFiles/torch_cpu.dir/__/torch/csrc/jit/tensorexpr/tensor.cpp.o
  [2834/5650] Building CXX object caffe2/CMakeFiles/torch_cpu.dir/__/torch/csrc/lazy/core/hash.cpp.o
  [2835/5650] Building CXX object caffe2/CMakeFiles/torch_cpu.dir/__/torch/csrc/jit/testing/file_check.cpp.o
  [2836/5650] Building CXX object caffe2/CMakeFiles/torch_cpu.dir/__/torch/csrc/lazy/backend/backend_device.cpp.o
  [2837/5650] Building CXX object caffe2/CMakeFiles/torch_cpu.dir/__/torch/csrc/jit/testing/hooks_for_testing.cpp.o
  [2838/5650] Building CXX object caffe2/CMakeFiles/torch_cpu.dir/__/torch/csrc/lazy/backend/backend_interface.cpp.o
  [2839/5650] Building CXX object caffe2/CMakeFiles/torch_cpu.dir/__/torch/csrc/lazy/backend/lowering_context.cpp.o
  [2840/5650] Building CXX object caffe2/CMakeFiles/torch_cpu.dir/__/torch/csrc/lazy/core/multi_wait.cpp.o
  [2841/5650] Building CXX object caffe2/CMakeFiles/torch_cpu.dir/__/torch/csrc/jit/tensorexpr/operators/softmax.cpp.o
  [2842/5650] Building CXX object caffe2/CMakeFiles/torch_cpu.dir/__/torch/csrc/lazy/core/debug_util.cpp.o
  [2843/5650] Building CXX object caffe2/CMakeFiles/torch_cpu.dir/__/torch/csrc/lazy/core/helpers.cpp.o
  [2844/5650] Building CXX object caffe2/CMakeFiles/torch_cpu.dir/__/torch/csrc/lazy/core/permutation_util.cpp.o
  [2845/5650] Building CXX object caffe2/CMakeFiles/torch_cpu.dir/__/torch/csrc/lazy/core/ir_metadata.cpp.o
  [2846/5650] Building CXX object caffe2/CMakeFiles/torch_cpu.dir/__/torch/csrc/lazy/core/ir.cpp.o
  [2847/5650] Building CXX object caffe2/CMakeFiles/torch_cpu.dir/__/torch/csrc/lazy/core/ir_util.cpp.o
  [2848/5650] Building CXX object caffe2/CMakeFiles/torch_cpu.dir/__/torch/csrc/jit/tensorexpr/registerizer.cpp.o
  [2849/5650] Building CXX object caffe2/CMakeFiles/torch_cpu.dir/__/torch/csrc/lazy/core/thread_pool.cpp.o
  [2850/5650] Building CXX object caffe2/CMakeFiles/torch_cpu.dir/__/torch/csrc/lazy/core/metrics.cpp.o
  [2851/5650] Building CXX object caffe2/CMakeFiles/torch_cpu.dir/__/torch/csrc/lazy/core/ops/arithmetic_ir_ops.cpp.o
  [2852/5650] Building CXX object caffe2/CMakeFiles/torch_cpu.dir/__/torch/csrc/lazy/core/ir_dump_util.cpp.o
  [2853/5650] Building CXX object caffe2/CMakeFiles/torch_cpu.dir/__/torch/csrc/monitor/events.cpp.o
  [2854/5650] Building CXX object caffe2/CMakeFiles/torch_cpu.dir/__/torch/csrc/monitor/counters.cpp.o
  [2855/5650] Building CXX object caffe2/CMakeFiles/torch_cpu.dir/__/torch/csrc/lazy/core/ops/utils.cpp.o
  [2856/5650] Building CXX object caffe2/CMakeFiles/torch_cpu.dir/__/torch/csrc/lazy/core/lazy_graph_executor.cpp.o
  [2857/5650] Building CXX object caffe2/CMakeFiles/torch_cpu.dir/__/torch/csrc/lazy/core/shape.cpp.o
  [2858/5650] Building CXX object caffe2/CMakeFiles/torch_cpu.dir/__/torch/csrc/lazy/core/tensor_impl.cpp.o
  [2859/5650] Building CXX object caffe2/CMakeFiles/torch_cpu.dir/__/torch/csrc/lazy/core/tensor_util.cpp.o
  [2860/5650] Building CXX object caffe2/CMakeFiles/torch_cpu.dir/__/torch/csrc/lazy/core/tensor.cpp.o
  [2861/5650] Building CXX object caffe2/CMakeFiles/torch_cpu.dir/__/torch/csrc/mtia/profiler/MTIAMemoryProfiler.cpp.o
  [2862/5650] Building CXX object caffe2/CMakeFiles/torch_cpu.dir/__/torch/csrc/lazy/core/trie.cpp.o
  [2863/5650] Building CXX object caffe2/CMakeFiles/torch_cpu.dir/__/torch/csrc/profiler/combined_traceback.cpp.o
  [2864/5650] Building CXX object caffe2/CMakeFiles/torch_cpu.dir/__/torch/csrc/profiler/perf.cpp.o
  [2865/5650] Building CXX object caffe2/CMakeFiles/torch_cpu.dir/__/torch/csrc/profiler/kineto_client_interface.cpp.o
  [2866/5650] Building CXX object caffe2/CMakeFiles/torch_cpu.dir/__/torch/csrc/profiler/data_flow.cpp.o
  [2867/5650] Building CXX object caffe2/CMakeFiles/torch_cpu.dir/__/torch/csrc/profiler/orchestration/observer.cpp.o
  [2868/5650] Building CXX object caffe2/CMakeFiles/torch_cpu.dir/__/torch/csrc/profiler/orchestration/python_tracer.cpp.o
  [2869/5650] Building CXX object caffe2/CMakeFiles/torch_cpu.dir/__/torch/csrc/profiler/stubs/base.cpp.o
  [2870/5650] Building CXX object caffe2/CMakeFiles/torch_cpu.dir/__/torch/csrc/profiler/unwind/unwind_fb.cpp.o
  [2871/5650] Building CXX object caffe2/CMakeFiles/torch_cpu.dir/__/torch/csrc/profiler/orchestration/vulkan.cpp.o
  [2872/5650] Building CXX object caffe2/CMakeFiles/torch_cpu.dir/__/torch/csrc/profiler/unwind/unwind.cpp.o
  [2873/5650] Building CXX object caffe2/CMakeFiles/torch_cpu.dir/__/torch/csrc/jit/tensorexpr/lowerings.cpp.o
  [2874/5650] Building CXX object caffe2/CMakeFiles/torch_cpu.dir/__/torch/csrc/utils/cpp_stacktraces.cpp.o
  [2875/5650] Building CXX object caffe2/CMakeFiles/torch_cpu.dir/__/torch/csrc/profiler/standalone/itt_observer.cpp.o
  [2876/5650] Building CXX object caffe2/CMakeFiles/torch_cpu.dir/__/torch/csrc/lazy/core/shape_inference.cpp.o
  [2877/5650] Building CXX object caffe2/CMakeFiles/torch_cpu.dir/__/torch/csrc/profiler/standalone/privateuse1_observer.cpp.o
  [2878/5650] Building CXX object caffe2/CMakeFiles/torch_cpu.dir/__/torch/csrc/profiler/standalone/nvtx_observer.cpp.o
  [2879/5650] Building CXX object caffe2/CMakeFiles/torch_cpu.dir/__/torch/csrc/profiler/kineto_shim.cpp.o
  [2880/5650] Building CXX object caffe2/CMakeFiles/torch_cpu.dir/__/torch/csrc/utils/variadic.cpp.o
  [2881/5650] Building CXX object caffe2/CMakeFiles/torch_cpu.dir/__/torch/csrc/shim_common.cpp.o
  [2882/5650] Building CXX object caffe2/CMakeFiles/torch_cpu.dir/__/torch/csrc/utils/schema_info.cpp.o
  [2883/5650] Building CXX object caffe2/CMakeFiles/torch_cpu.dir/__/torch/csrc/profiler/standalone/execution_trace_observer.cpp.o
  [2884/5650] Building CXX object caffe2/CMakeFiles/torch_cpu.dir/__/torch/csrc/jit/passes/remove_inplace_ops.cpp.o
  [2885/5650] Building CXX object caffe2/CMakeFiles/torch_cpu.dir/__/torch/csrc/profiler/collection.cpp.o
  [2886/5650] Building CXX object caffe2/CMakeFiles/torch_cpu.dir/__/torch/csrc/utils/tensor_flatten.cpp.o
  [2887/5650] Building CXX object caffe2/CMakeFiles/torch_cpu.dir/__/torch/csrc/jit/passes/lower_graph.cpp.o
  [2888/5650] Building CXX object caffe2/CMakeFiles/torch_cpu.dir/__/torch/csrc/jit/runtime/register_c10_ops.cpp.o
  [2889/5650] Building CXX object caffe2/CMakeFiles/torch_cpu.dir/__/torch/csrc/profiler/util.cpp.o
  [2890/5650] Building CXX object caffe2/CMakeFiles/torch_cpu.dir/__/torch/csrc/jit/passes/utils/check_alias_annotation.cpp.o
  [2891/5650] Building CXX object caffe2/CMakeFiles/torch_cpu.dir/__/torch/csrc/jit/codegen/cuda/interface.cpp.o
  [2892/5650] Building CXX object caffe2/CMakeFiles/torch_cpu.dir/__/torch/csrc/jit/passes/autocast.cpp.o
  [2893/5650] Building CXX object caffe2/CMakeFiles/torch_cpu.dir/__/torch/nativert/graph/TensorMeta.cpp.o
  [2894/5650] Building CXX object caffe2/CMakeFiles/torch_cpu.dir/__/torch/nativert/executor/Placement.cpp.o
  [2895/5650] Building CXX object caffe2/CMakeFiles/torch_cpu.dir/__/torch/nativert/graph/GraphUtils.cpp.o
  [2896/5650] Building CXX object caffe2/CMakeFiles/torch_cpu.dir/__/torch/nativert/graph/GraphSignature.cpp.o
  [2897/5650] Building CXX object caffe2/CMakeFiles/torch_cpu.dir/__/torch/nativert/executor/DelegateExecutor.cpp.o
  [2898/5650] Building CXX object caffe2/CMakeFiles/torch_cpu.dir/__/torch/csrc/jit/runtime/register_special_ops.cpp.o
  [2899/5650] Building CXX object caffe2/CMakeFiles/torch_cpu.dir/__/torch/nativert/graph/GraphPasses.cpp.o
  [2900/5650] Building CXX object caffe2/CMakeFiles/torch_cpu.dir/__/torch/nativert/executor/PlacementUtils.cpp.o
  [2901/5650] Building CXX object caffe2/CMakeFiles/torch_cpu.dir/__/torch/csrc/jit/runtime/register_prim_ops_fulljit.cpp.o
  [2902/5650] Building CXX object caffe2/CMakeFiles/torch_cpu.dir/__/torch/nativert/executor/ExecutionPlanner.cpp.o
  [2903/5650] Building CXX object caffe2/CMakeFiles/torch_cpu.dir/__/torch/nativert/executor/ExecutionFrame.cpp.o
  [2904/5650] Building CXX object caffe2/CMakeFiles/torch_cpu.dir/__/torch/nativert/graph/Serialization.cpp.o
  [2905/5650] Building CXX object caffe2/CMakeFiles/torch_cpu.dir/__/torch/nativert/common/FileUtil.cpp.o
  [2906/5650] Building CXX object caffe2/CMakeFiles/torch_cpu.dir/__/torch/nativert/executor/memory/FunctionSchema.cpp.o
  [2907/5650] Building CXX object caffe2/CMakeFiles/torch_cpu.dir/__/torch/csrc/jit/runtime/register_prim_ops.cpp.o
  [2908/5650] Building CXX object caffe2/CMakeFiles/torch_cpu.dir/__/torch/nativert/executor/GraphExecutorBase.cpp.o
  [2909/5650] Building CXX object caffe2/CMakeFiles/torch_cpu.dir/__/torch/nativert/executor/ConstantFolder.cpp.o
  [2910/5650] Building CXX object caffe2/CMakeFiles/torch_cpu.dir/__/torch/nativert/executor/Executor.cpp.o
  [2911/5650] Building CXX object caffe2/CMakeFiles/torch_cpu.dir/__/torch/nativert/executor/memory/Bump.cpp.o
  [2912/5650] Building CXX object caffe2/CMakeFiles/torch_cpu.dir/__/torch/nativert/graph/Graph.cpp.o
  [2913/5650] Building CXX object caffe2/CMakeFiles/torch_cpu.dir/__/torch/nativert/executor/memory/GreedyBySize.cpp.o
  [2914/5650] Building CXX object caffe2/CMakeFiles/torch_cpu.dir/__/torch/nativert/executor/SerialGraphExecutor.cpp.o
  [2915/5650] Building CXX object caffe2/CMakeFiles/torch_cpu.dir/__/torch/nativert/ModelRunner.cpp.o
  [2916/5650] Building CXX object caffe2/CMakeFiles/torch_cpu.dir/__/torch/nativert/executor/OpKernel.cpp.o
  [2917/5650] Building CXX object caffe2/CMakeFiles/torch_cpu.dir/__/torch/nativert/executor/memory/DisjointStorageGroups.cpp.o
  [2918/5650] Building CXX object caffe2/CMakeFiles/torch_cpu.dir/__/torch/nativert/executor/Weights.cpp.o
  [2919/5650] Building CXX object caffe2/CMakeFiles/torch_cpu.dir/__/torch/nativert/kernels/HigherOrderKernel.cpp.o
  [2920/5650] Building CXX object caffe2/CMakeFiles/torch_cpu.dir/__/torch/nativert/kernels/AutoFunctionalizeKernel.cpp.o
  [2921/5650] Building CXX object caffe2/CMakeFiles/torch_cpu.dir/__/torch/nativert/detail/ITree.cpp.o
  [2922/5650] Building CXX object caffe2/CMakeFiles/torch_cpu.dir/__/torch/nativert/kernels/CallTorchBindKernel.cpp.o
  [2923/5650] Building CXX object caffe2/CMakeFiles/torch_cpu.dir/__/torch/nativert/kernels/C10Kernel.cpp.o
  [2924/5650] Building CXX object caffe2/CMakeFiles/torch_cpu.dir/__/torch/nativert/executor/ParallelGraphExecutor.cpp.o
  [2925/5650] Building CXX object caffe2/CMakeFiles/torch_cpu.dir/__/torch/nativert/executor/memory/AliasAnalyzer.cpp.o
  [2926/5650] Building CXX object caffe2/CMakeFiles/torch_cpu.dir/__/torch/nativert/executor/memory/LayoutPlanner.cpp.o
  [2927/5650] Building CXX object caffe2/CMakeFiles/torch_cpu.dir/__/torch/nativert/executor/memory/LayoutManager.cpp.o
  [2928/5650] Building CXX object caffe2/CMakeFiles/torch_cpu.dir/__/torch/nativert/kernels/PrimKernelRegistry.cpp.o
  [2929/5650] Building CXX object caffe2/CMakeFiles/torch_cpu.dir/__/torch/nativert/kernels/KernelFactory.cpp.o
  [2930/5650] Building CXX object caffe2/CMakeFiles/torch_cpu.dir/__/torch/nativert/graph/passes/pass_manager/PassManager.cpp.o
  [2931/5650] Building CXX object caffe2/CMakeFiles/torch_cpu.dir/__/torch/nativert/graph/passes/pass_manager/GraphPasses.cpp.o
  [2932/5650] Building CXX object caffe2/CMakeFiles/torch_cpu.dir/__/torch/nativert/executor/triton/TritonKernelManager.cpp.o
  [2933/5650] Building CXX object caffe2/CMakeFiles/torch_cpu.dir/__/torch/nativert/kernels/NativeKernels.cpp.o
  [2934/5650] Building CXX object caffe2/CMakeFiles/torch_cpu.dir/__/torch/nativert/kernels/TritonKernel.cpp.o
  [2935/5650] Building CXX object caffe2/CMakeFiles/torch_cpu.dir/__/torch/csrc/lazy/ts_backend/config.cpp.o
  [2936/5650] Building CXX object caffe2/CMakeFiles/torch_cpu.dir/__/torch/nativert/executor/triton/CpuTritonKernelManager.cpp.o
  [2937/5650] Building CXX object caffe2/CMakeFiles/torch_cpu.dir/__/torch/nativert/graph/passes/SubgraphRewriter.cpp.o
  [2938/5650] Building CXX object caffe2/CMakeFiles/torch_cpu.dir/__/torch/nativert/kernels/GeneratedNativeStaticDispatchKernels.cpp.o
  [2939/5650] Building CXX object caffe2/CMakeFiles/torch_cpu.dir/__/torch/csrc/lazy/ts_backend/dynamic_ir.cpp.o
  [2940/5650] Building CXX object caffe2/CMakeFiles/torch_cpu.dir/__/torch/nativert/executor/AOTInductorDelegateExecutor.cpp.o
  [2941/5650] Building CXX object caffe2/CMakeFiles/torch_cpu.dir/__/torch/csrc/jit/mobile/debug_info.cpp.o
  [2942/5650] Building CXX object caffe2/CMakeFiles/torch_cpu.dir/__/torch/csrc/lazy/ts_backend/ops/device_data.cpp.o
  [2943/5650] Building CXX object caffe2/CMakeFiles/torch_cpu.dir/__/torch/csrc/lazy/ts_backend/tensor_aten_ops.cpp.o
  [2944/5650] Building CXX object caffe2/CMakeFiles/torch_cpu.dir/__/torch/nativert/kernels/ETCallDelegateKernel.cpp.o
  [2945/5650] Building CXX object caffe2/CMakeFiles/torch_cpu.dir/__/torch/csrc/lazy/ts_backend/ops/generic.cpp.o
  [2946/5650] Building CXX object caffe2/CMakeFiles/torch_cpu.dir/__/torch/nativert/kernels/KernelHandlerRegistry.cpp.o
  [2947/5650] Building CXX object caffe2/CMakeFiles/torch_cpu.dir/__/torch/csrc/lazy/ts_backend/ts_autograd_functions.cpp.o
  [2948/5650] Building CXX object caffe2/CMakeFiles/torch_cpu.dir/__/torch/nativert/kernels/KernelRegistry.cpp.o
  [2949/5650] Building CXX object caffe2/CMakeFiles/torch_cpu.dir/__/torch/csrc/lazy/ts_backend/ts_lowering_context.cpp.o
  [2950/5650] Building CXX object caffe2/CMakeFiles/torch_cpu.dir/__/torch/csrc/lazy/ts_backend/ts_node.cpp.o
  [2951/5650] Building CXX object caffe2/CMakeFiles/torch_cpu.dir/__/torch/csrc/lazy/ts_backend/ts_backend_impl.cpp.o
  [2952/5650] Building CXX object caffe2/CMakeFiles/torch_cpu.dir/__/torch/nativert/kernels/GeneratedStaticDispatchKernels.cpp.o
  [2953/5650] Building CXX object caffe2/CMakeFiles/torch_cpu.dir/__/torch/csrc/lazy/ts_backend/ts_eager_fallback.cpp.o
  [2954/5650] Building CXX object caffe2/CMakeFiles/torch_cpu.dir/__/torch/csrc/jit/mobile/train/export_data.cpp.o
  [2955/5650] Building CXX object caffe2/CMakeFiles/torch_cpu.dir/__/torch/csrc/utils/out_types.cpp.o
  [2956/5650] Building CXX object caffe2/CMakeFiles/torch_cpu.dir/__/torch/csrc/jit/mobile/train/random.cpp.o
  [2957/5650] Building CXX object caffe2/CMakeFiles/torch_cpu.dir/__/torch/csrc/jit/mobile/train/optim/sgd.cpp.o
  [2958/5650] Building CXX object caffe2/CMakeFiles/torch_cpu.dir/__/torch/csrc/jit/mobile/train/sequential.cpp.o
  [2959/5650] Building CXX object caffe2/CMakeFiles/torch_cpu.dir/__/torch/csrc/lazy/ts_backend/ts_node_lowering.cpp.o
  [2960/5650] Building CXX object caffe2/CMakeFiles/torch_cpu.dir/__/torch/csrc/jit/mobile/import_data.cpp.o
  [2961/5650] Building CXX object caffe2/CMakeFiles/torch_cpu.dir/__/torch/csrc/jit/mobile/compatibility/backport.cpp.o
  [2962/5650] Building CXX object caffe2/CMakeFiles/torch_cpu.dir/__/torch/csrc/autograd/TraceTypeManual.cpp.o
  [2963/5650] Building CXX object caffe2/CMakeFiles/torch_cpu.dir/__/torch/csrc/api/src/jit.cpp.o
  [2964/5650] Building CXX object caffe2/CMakeFiles/torch_cpu.dir/__/torch/csrc/lazy/ts_backend/ts_native_functions.cpp.o
  [2965/5650] Building CXX object caffe2/CMakeFiles/torch_cpu.dir/__/torch/csrc/jit/serialization/onnx.cpp.o
  [2966/5650] Building CXX object caffe2/CMakeFiles/torch_cpu.dir/__/torch/csrc/utils/byte_order.cpp.o
  [2967/5650] Building CXX object caffe2/CMakeFiles/torch_cpu.dir/__/torch/csrc/api/src/cuda.cpp.o
  [2968/5650] Building CXX object caffe2/CMakeFiles/torch_cpu.dir/__/torch/csrc/jit/mobile/compatibility/backport_manager.cpp.o
  [2969/5650] Building CXX object caffe2/CMakeFiles/torch_cpu.dir/__/torch/csrc/jit/serialization/flatbuffer_serializer.cpp.o
  [2970/5650] Building CXX object caffe2/CMakeFiles/torch_cpu.dir/__/torch/csrc/jit/api/module_save.cpp.o
  [2971/5650] Building CXX object caffe2/CMakeFiles/torch_cpu.dir/__/torch/csrc/autograd/VariableTypeManual.cpp.o
  [2972/5650] Building CXX object caffe2/CMakeFiles/torch_cpu.dir/__/torch/csrc/api/src/enum.cpp.o
  [2973/5650] Building CXX object caffe2/CMakeFiles/torch_cpu.dir/__/torch/csrc/jit/serialization/export_bytecode.cpp.o
  [2974/5650] Building CXX object caffe2/CMakeFiles/torch_cpu.dir/__/torch/csrc/jit/codegen/fuser/cpu/fused_kernel.cpp.o
  [2975/5650] Building CXX object caffe2/CMakeFiles/torch_cpu.dir/__/torch/csrc/api/src/mps.cpp.o
  [2976/5650] Building CXX object caffe2/CMakeFiles/torch_cpu.dir/__/torch/csrc/api/src/imethod.cpp.o
  [2977/5650] Building CXX object caffe2/CMakeFiles/torch_cpu.dir/__/torch/csrc/api/src/data/datasets/mnist.cpp.o
  [2978/5650] Building CXX object caffe2/CMakeFiles/torch_cpu.dir/__/torch/csrc/autograd/FunctionsManual.cpp.o
  [2979/5650] Building CXX object caffe2/CMakeFiles/torch_cpu.dir/__/torch/csrc/api/src/data/samplers/distributed.cpp.o
  [2980/5650] Building CXX object caffe2/CMakeFiles/torch_cpu.dir/__/torch/csrc/jit/serialization/export.cpp.o
  [2981/5650] Building CXX object caffe2/CMakeFiles/torch_cpu.dir/__/torch/csrc/api/src/data/samplers/random.cpp.o
  [2982/5650] Building CXX object caffe2/CMakeFiles/torch_cpu.dir/__/torch/csrc/jit/serialization/export_module.cpp.o
  [2983/5650] Building CXX object caffe2/CMakeFiles/torch_cpu.dir/__/torch/csrc/api/src/data/samplers/sequential.cpp.o
  [2984/5650] Building CXX object caffe2/CMakeFiles/torch_cpu.dir/__/torch/csrc/api/src/data/samplers/stream.cpp.o
  [2985/5650] Building CXX object caffe2/CMakeFiles/torch_cpu.dir/__/torch/csrc/api/src/serialize.cpp.o
  [2986/5650] Building CXX object caffe2/CMakeFiles/torch_cpu.dir/__/torch/csrc/api/src/nn/init.cpp.o
  [2987/5650] Building CXX object caffe2/CMakeFiles/torch_cpu.dir/__/torch/csrc/api/src/nn/modules/_functions.cpp.o
  [2988/5650] Building CXX object caffe2/CMakeFiles/torch_cpu.dir/__/torch/csrc/api/src/nn/module.cpp.o
  [2989/5650] Building CXX object caffe2/CMakeFiles/torch_cpu.dir/__/torch/csrc/api/src/nn/modules/batchnorm.cpp.o
  [2990/5650] Building CXX object caffe2/CMakeFiles/torch_cpu.dir/__/torch/csrc/api/src/nn/modules/adaptive.cpp.o
  [2991/5650] Building CXX object caffe2/CMakeFiles/torch_cpu.dir/__/torch/csrc/api/src/nn/modules/instancenorm.cpp.o
  [2992/5650] Building CXX object caffe2/CMakeFiles/torch_cpu.dir/__/torch/csrc/api/src/nn/modules/activation.cpp.o
  [2993/5650] Building CXX object caffe2/CMakeFiles/torch_cpu.dir/__/torch/csrc/api/src/nn/modules/distance.cpp.o
  [2994/5650] Building CXX object caffe2/CMakeFiles/torch_cpu.dir/__/torch/csrc/api/src/nn/modules/dropout.cpp.o
  [2995/5650] Building CXX object caffe2/CMakeFiles/torch_cpu.dir/__/torch/csrc/api/src/nn/modules/conv.cpp.o
  [2996/5650] Building CXX object caffe2/CMakeFiles/torch_cpu.dir/__/torch/csrc/api/src/nn/modules/fold.cpp.o
  [2997/5650] Building CXX object caffe2/CMakeFiles/torch_cpu.dir/__/torch/csrc/api/src/nn/modules/embedding.cpp.o
  [2998/5650] Building CXX object caffe2/CMakeFiles/torch_cpu.dir/__/torch/csrc/api/src/nn/modules/normalization.cpp.o
  [2999/5650] Building CXX object caffe2/CMakeFiles/torch_cpu.dir/__/torch/csrc/api/src/nn/modules/linear.cpp.o
  [3000/5650] Building CXX object caffe2/CMakeFiles/torch_cpu.dir/__/torch/csrc/api/src/nn/modules/pixelshuffle.cpp.o
  [3001/5650] Building CXX object caffe2/CMakeFiles/torch_cpu.dir/__/torch/csrc/api/src/nn/modules/loss.cpp.o
  [3002/5650] Building CXX object caffe2/CMakeFiles/torch_cpu.dir/__/torch/csrc/api/src/nn/modules/padding.cpp.o
  [3003/5650] Building CXX object caffe2/CMakeFiles/torch_cpu.dir/__/torch/csrc/api/src/nn/options/activation.cpp.o
  [3004/5650] Building CXX object caffe2/CMakeFiles/torch_cpu.dir/__/torch/csrc/api/src/nn/modules/upsampling.cpp.o
  [3005/5650] Building CXX object caffe2/CMakeFiles/torch_cpu.dir/__/torch/csrc/api/src/nn/modules/container/functional.cpp.o
  [3006/5650] Building CXX object caffe2/CMakeFiles/torch_cpu.dir/__/torch/csrc/api/src/nn/options/adaptive.cpp.o
  [3007/5650] Building CXX object caffe2/CMakeFiles/torch_cpu.dir/__/torch/csrc/api/src/nn/modules/pooling.cpp.o
  [3008/5650] Building CXX object caffe2/CMakeFiles/torch_cpu.dir/__/torch/csrc/api/src/nn/options/batchnorm.cpp.o
  [3009/5650] Building CXX object caffe2/CMakeFiles/torch_cpu.dir/__/torch/csrc/api/src/nn/options/embedding.cpp.o
  [3010/5650] Building CXX object caffe2/CMakeFiles/torch_cpu.dir/__/torch/csrc/api/src/nn/modules/transformer.cpp.o
  [3011/5650] Building CXX object caffe2/CMakeFiles/torch_cpu.dir/__/torch/csrc/api/src/nn/modules/rnn.cpp.o
  [3012/5650] Building CXX object caffe2/CMakeFiles/torch_cpu.dir/__/torch/csrc/api/src/nn/options/instancenorm.cpp.o
  [3013/5650] Building CXX object caffe2/CMakeFiles/torch_cpu.dir/__/torch/csrc/api/src/nn/options/normalization.cpp.o
  [3014/5650] Building CXX object caffe2/CMakeFiles/torch_cpu.dir/__/torch/csrc/api/src/nn/options/conv.cpp.o
  [3015/5650] Building CXX object caffe2/CMakeFiles/torch_cpu.dir/__/torch/csrc/api/src/nn/options/dropout.cpp.o
  [3016/5650] Building CXX object caffe2/CMakeFiles/torch_cpu.dir/__/torch/csrc/api/src/nn/options/linear.cpp.o
  [3017/5650] Building CXX object caffe2/CMakeFiles/torch_cpu.dir/__/torch/csrc/api/src/nn/options/padding.cpp.o
  [3018/5650] Building CXX object caffe2/CMakeFiles/torch_cpu.dir/__/torch/csrc/api/src/nn/options/pooling.cpp.o
  [3019/5650] Building CXX object caffe2/CMakeFiles/torch_cpu.dir/__/torch/csrc/api/src/optim/optimizer.cpp.o
  [3020/5650] Building CXX object caffe2/CMakeFiles/torch_cpu.dir/__/torch/csrc/api/src/nn/options/vision.cpp.o
  [3021/5650] Building CXX object caffe2/CMakeFiles/torch_cpu.dir/__/torch/csrc/api/src/nn/options/rnn.cpp.o
  [3022/5650] Building CXX object caffe2/CMakeFiles/torch_cpu.dir/__/torch/csrc/api/src/optim/schedulers/lr_scheduler.cpp.o
  [3023/5650] Building CXX object caffe2/CMakeFiles/torch_cpu.dir/__/torch/csrc/api/src/optim/schedulers/step_lr.cpp.o
  [3024/5650] Building CXX object caffe2/CMakeFiles/torch_cpu.dir/__/torch/csrc/api/src/optim/schedulers/reduce_on_plateau_scheduler.cpp.o
  [3025/5650] Building CXX object caffe2/CMakeFiles/torch_cpu.dir/__/torch/csrc/api/src/xpu.cpp.o
  [3026/5650] Building CXX object caffe2/CMakeFiles/torch_cpu.dir/__/torch/csrc/api/src/nn/options/transformer.cpp.o
  [3027/5650] Building CXX object caffe2/CMakeFiles/torch_cpu.dir/__/torch/csrc/api/src/optim/adagrad.cpp.o
  [3028/5650] Building CXX object caffe2/CMakeFiles/torch_cpu.dir/__/torch/csrc/api/src/optim/adam.cpp.o
  [3029/5650] Building CXX object caffe2/CMakeFiles/torch_cpu.dir/__/torch/csrc/api/src/optim/adamw.cpp.o
  [3030/5650] Building OBJCXX object caffe2/CMakeFiles/torch_cpu.dir/__/aten/src/ATen/mps/MPSDevice.mm.o
  [3031/5650] Building CXX object caffe2/CMakeFiles/torch_cpu.dir/__/torch/csrc/api/src/optim/serialize.cpp.o
  [3032/5650] Building CXX object caffe2/CMakeFiles/torch_cpu.dir/__/torch/csrc/api/src/optim/lbfgs.cpp.o
  [3033/5650] Building OBJCXX object caffe2/CMakeFiles/torch_cpu.dir/__/aten/src/ATen/mps/MPSAllocator.mm.o
  [3034/5650] Building CXX object caffe2/CMakeFiles/torch_cpu.dir/__/torch/csrc/api/src/optim/rmsprop.cpp.o
  [3035/5650] Building OBJCXX object caffe2/CMakeFiles/torch_cpu.dir/__/aten/src/ATen/mps/MPSGeneratorImpl.mm.o
  [3036/5650] Building OBJCXX object caffe2/CMakeFiles/torch_cpu.dir/__/aten/src/ATen/mps/MPSEvent.mm.o
  [3037/5650] Building CXX object caffe2/CMakeFiles/torch_cpu.dir/__/torch/csrc/api/src/optim/sgd.cpp.o
  [3038/5650] Building CXX object caffe2/CMakeFiles/torch_cpu.dir/__/aten/src/ATen/mps/EmptyTensor.cpp.o
  [3039/5650] Building CXX object caffe2/CMakeFiles/torch_cpu.dir/__/torch/csrc/api/src/serialize/input-archive.cpp.o
  [3040/5650] Building CXX object caffe2/CMakeFiles/torch_cpu.dir/__/torch/csrc/api/src/serialize/output-archive.cpp.o
  [3041/5650] Building OBJCXX object caffe2/CMakeFiles/torch_cpu.dir/__/aten/src/ATen/mps/MPSGuardImpl.mm.o
  [3042/5650] Building OBJCXX object caffe2/CMakeFiles/torch_cpu.dir/__/aten/src/ATen/mps/MPSStream.mm.o
  [3043/5650] Building CXX object caffe2/CMakeFiles/torch_cpu.dir/__/aten/src/ATen/native/mps/operations/Equal.cpp.o
  [3044/5650] Building OBJCXX object caffe2/CMakeFiles/torch_cpu.dir/__/aten/src/ATen/mps/MPSFallback.mm.o
  [3045/5650] Building OBJCXX object caffe2/CMakeFiles/torch_cpu.dir/__/aten/src/ATen/mps/MPSHooks.mm.o
  [3046/5650] Building CXX object caffe2/CMakeFiles/torch_cpu.dir/__/aten/src/ATen/native/mps/TensorFactory.cpp.o
  [3047/5650] Building OBJCXX object caffe2/CMakeFiles/torch_cpu.dir/__/aten/src/ATen/native/mps/operations/AdaptivePooling.mm.o
  [3048/5650] Building OBJCXX object caffe2/CMakeFiles/torch_cpu.dir/__/aten/src/ATen/mps/MPSProfiler.mm.o
  [3049/5650] Building OBJCXX object caffe2/CMakeFiles/torch_cpu.dir/__/aten/src/ATen/native/mps/operations/Amp.mm.o
  [3050/5650] Building OBJCXX object caffe2/CMakeFiles/torch_cpu.dir/__/aten/src/ATen/native/mps/operations/BinaryKernel.mm.o
  [3051/5650] Building OBJCXX object caffe2/CMakeFiles/torch_cpu.dir/__/aten/src/ATen/native/mps/operations/Activation.mm.o
  [3052/5650] Building OBJCXX object caffe2/CMakeFiles/torch_cpu.dir/__/aten/src/ATen/native/mps/operations/BinaryOps.mm.o
  [3053/5650] Building OBJCXX object caffe2/CMakeFiles/torch_cpu.dir/__/aten/src/ATen/native/mps/operations/ActivationKernel.mm.o
  [3054/5650] Building OBJCXX object caffe2/CMakeFiles/torch_cpu.dir/__/aten/src/ATen/native/mps/operations/Blas.mm.o
  [3055/5650] Building OBJCXX object caffe2/CMakeFiles/torch_cpu.dir/__/aten/src/ATen/native/mps/OperationUtils.mm.o
  [3056/5650] Building OBJCXX object caffe2/CMakeFiles/torch_cpu.dir/__/aten/src/ATen/native/mps/operations/Attention.mm.o
  [3057/5650] Building OBJCXX object caffe2/CMakeFiles/torch_cpu.dir/__/aten/src/ATen/native/mps/operations/BitwiseOps.mm.o
  [3058/5650] Building OBJCXX object caffe2/CMakeFiles/torch_cpu.dir/__/aten/src/ATen/native/mps/operations/Col2Im.mm.o
  [3059/5650] Building OBJCXX object caffe2/CMakeFiles/torch_cpu.dir/__/aten/src/ATen/native/mps/operations/Bucketization.mm.o
  [3060/5650] Building OBJCXX object caffe2/CMakeFiles/torch_cpu.dir/__/aten/src/ATen/native/mps/operations/ConstantOps.mm.o
  [3061/5650] Building OBJCXX object caffe2/CMakeFiles/torch_cpu.dir/__/aten/src/ATen/native/mps/operations/CrossKernel.mm.o
  [3062/5650] Building OBJCXX object caffe2/CMakeFiles/torch_cpu.dir/__/aten/src/ATen/native/mps/operations/FusedAdamKernel.mm.o
  [3063/5650] Building OBJCXX object caffe2/CMakeFiles/torch_cpu.dir/__/aten/src/ATen/native/mps/operations/Copy.mm.o
  [3064/5650] Building OBJCXX object caffe2/CMakeFiles/torch_cpu.dir/__/aten/src/ATen/native/mps/operations/Dropout.mm.o
  [3065/5650] Building OBJCXX object caffe2/CMakeFiles/torch_cpu.dir/__/aten/src/ATen/native/mps/operations/FusedAdamWKernel.mm.o
  [3066/5650] Building OBJCXX object caffe2/CMakeFiles/torch_cpu.dir/__/aten/src/ATen/native/mps/operations/Eye.mm.o
  [3067/5650] Building OBJCXX object caffe2/CMakeFiles/torch_cpu.dir/__/aten/src/ATen/native/mps/operations/Distributions.mm.o
  [3068/5650] Building OBJCXX object caffe2/CMakeFiles/torch_cpu.dir/__/aten/src/ATen/native/mps/operations/FusedAdamAmsgradKernelImpl.mm.o
  [3069/5650] Building OBJCXX object caffe2/CMakeFiles/torch_cpu.dir/__/aten/src/ATen/native/mps/operations/Convolution.mm.o
  [3070/5650] Building OBJCXX object caffe2/CMakeFiles/torch_cpu.dir/__/aten/src/ATen/native/mps/operations/FastFourierTransform.mm.o
  [3071/5650] Building OBJCXX object caffe2/CMakeFiles/torch_cpu.dir/__/aten/src/ATen/native/mps/operations/EmbeddingBag.mm.o
  [3072/5650] Building OBJCXX object caffe2/CMakeFiles/torch_cpu.dir/__/aten/src/ATen/native/mps/operations/FusedAdamWAmsgradKernelImpl.mm.o
  [3073/5650] Building OBJCXX object caffe2/CMakeFiles/torch_cpu.dir/__/aten/src/ATen/native/mps/operations/FusedAdamKernelImpl.mm.o
  [3074/5650] Building OBJCXX object caffe2/CMakeFiles/torch_cpu.dir/__/aten/src/ATen/native/mps/operations/FusedAdamWKernelImpl.mm.o
  [3075/5650] Building OBJCXX object caffe2/CMakeFiles/torch_cpu.dir/__/aten/src/ATen/native/mps/operations/FusedSgdKernel.mm.o
  [3076/5650] Building OBJCXX object caffe2/CMakeFiles/torch_cpu.dir/__/aten/src/ATen/native/mps/operations/Im2Col.mm.o
  [3077/5650] Building OBJCXX object caffe2/CMakeFiles/torch_cpu.dir/__/aten/src/ATen/native/mps/operations/GridSampler.mm.o
  [3078/5650] Building OBJCXX object caffe2/CMakeFiles/torch_cpu.dir/__/aten/src/ATen/native/mps/operations/Gamma.mm.o
  [3079/5650] Building OBJCXX object caffe2/CMakeFiles/torch_cpu.dir/__/aten/src/ATen/native/mps/operations/Lerp.mm.o
  [3080/5650] Building OBJCXX object caffe2/CMakeFiles/torch_cpu.dir/__/aten/src/ATen/native/mps/operations/HistogramKernel.mm.o
  [3081/5650] Building OBJCXX object caffe2/CMakeFiles/torch_cpu.dir/__/aten/src/ATen/native/mps/operations/Linear.mm.o
  [3082/5650] Building OBJCXX object caffe2/CMakeFiles/torch_cpu.dir/__/aten/src/ATen/native/mps/operations/Normalization.mm.o
  [3083/5650] Building OBJCXX object caffe2/CMakeFiles/torch_cpu.dir/__/aten/src/ATen/native/mps/operations/LossOps.mm.o
  [3084/5650] Building OBJCXX object caffe2/CMakeFiles/torch_cpu.dir/__/aten/src/ATen/native/mps/operations/Pad.mm.o
  [3085/5650] Building OBJCXX object caffe2/CMakeFiles/torch_cpu.dir/__/aten/src/ATen/native/mps/operations/PixelShuffle.mm.o
  [3086/5650] Building OBJCXX object caffe2/CMakeFiles/torch_cpu.dir/__/aten/src/ATen/native/mps/operations/Indexing.mm.o
  [3087/5650] Building OBJCXX object caffe2/CMakeFiles/torch_cpu.dir/__/aten/src/ATen/native/mps/operations/PointwiseOps.mm.o
  [3088/5650] Building OBJCXX object caffe2/CMakeFiles/torch_cpu.dir/__/aten/src/ATen/native/mps/operations/LinearAlgebra.mm.o
  [3089/5650] Building OBJCXX object caffe2/CMakeFiles/torch_cpu.dir/__/aten/src/ATen/native/mps/operations/Pooling.mm.o
  [3090/5650] Building OBJCXX object caffe2/CMakeFiles/torch_cpu.dir/__/aten/src/ATen/native/mps/operations/RangeFactories.mm.o
  [3091/5650] Building OBJCXX object caffe2/CMakeFiles/torch_cpu.dir/__/aten/src/ATen/native/mps/operations/RMSNorm.mm.o
  [3092/5650] Building OBJCXX object caffe2/CMakeFiles/torch_cpu.dir/__/aten/src/ATen/native/mps/operations/Quantized.mm.o
  [3093/5650] Building OBJCXX object caffe2/CMakeFiles/torch_cpu.dir/__/aten/src/ATen/native/mps/operations/RenormKernel.mm.o
  [3094/5650] Building OBJCXX object caffe2/CMakeFiles/torch_cpu.dir/__/aten/src/ATen/native/mps/operations/ReduceOps.mm.o
  [3095/5650] Building OBJCXX object caffe2/CMakeFiles/torch_cpu.dir/__/aten/src/ATen/native/mps/operations/Scalar.mm.o
  [3096/5650] Building OBJCXX object caffe2/CMakeFiles/torch_cpu.dir/__/aten/src/ATen/native/mps/operations/RnnOps.mm.o
  [3097/5650] Building OBJCXX object caffe2/CMakeFiles/torch_cpu.dir/__/aten/src/ATen/native/mps/operations/ScatterGather.mm.o
  [3098/5650] Building OBJCXX object caffe2/CMakeFiles/torch_cpu.dir/__/aten/src/ATen/native/mps/operations/Repeat.mm.o
  [3099/5650] Building OBJCXX object caffe2/CMakeFiles/torch_cpu.dir/__/aten/src/ATen/native/mps/operations/ScanKernel.mm.o
  [3100/5650] Building OBJCXX object caffe2/CMakeFiles/torch_cpu.dir/__/aten/src/ATen/native/mps/operations/SoftMax.mm.o
  [3101/5650] Building OBJCXX object caffe2/CMakeFiles/torch_cpu.dir/__/aten/src/ATen/native/mps/operations/SpecialOps.mm.o
  [3102/5650] Building OBJCXX object caffe2/CMakeFiles/torch_cpu.dir/__/aten/src/ATen/native/mps/operations/Sort.mm.o
  [3103/5650] Building OBJCXX object caffe2/CMakeFiles/torch_cpu.dir/__/aten/src/ATen/native/mps/operations/SummaryOps.mm.o
  [3104/5650] Building OBJCXX object caffe2/CMakeFiles/torch_cpu.dir/__/aten/src/ATen/native/mps/operations/Shape.mm.o
  [3105/5650] Building OBJCXX object caffe2/CMakeFiles/torch_cpu.dir/__/aten/src/ATen/native/mps/operations/UnaryKernel.mm.o
  [3106/5650] Building OBJCXX object caffe2/CMakeFiles/torch_cpu.dir/__/aten/src/ATen/native/mps/operations/UnaryOps.mm.o
  [3107/5650] Building OBJCXX object caffe2/CMakeFiles/torch_cpu.dir/__/aten/src/ATen/native/mps/operations/UnfoldBackward.mm.o
  [3108/5650] Building OBJCXX object caffe2/CMakeFiles/torch_cpu.dir/__/aten/src/ATen/native/mps/operations/TriangularOps.mm.o
  [3109/5650] Building CXX object caffe2/CMakeFiles/torch.dir/__/empty.cpp.o
  [3110/5650] Building OBJCXX object caffe2/CMakeFiles/torch_cpu.dir/__/aten/src/ATen/native/mps/operations/Unique.mm.o
  [3111/5650] Building CXX object caffe2/CMakeFiles/torch_cpu.dir/__/torch/csrc/inductor/aoti_torch/shim_mps.cpp.o
  [3112/5650] Building OBJCXX object caffe2/CMakeFiles/torch_cpu.dir/__/aten/src/ATen/native/mps/operations/TensorCompare.mm.o
  [3113/5650] Building OBJCXX object caffe2/CMakeFiles/torch_cpu.dir/__/aten/src/ATen/native/mps/operations/View.mm.o
  [3114/5650] Building OBJCXX object caffe2/CMakeFiles/torch_cpu.dir/__/aten/src/ATen/native/sparse/mps/FlattenIndices.mm.o
  [3115/5650] Building OBJCXX object caffe2/CMakeFiles/torch_cpu.dir/__/aten/src/ATen/native/mps/operations/WeightNorm.mm.o
  [3116/5650] Building C object confu-deps/XNNPACK/CMakeFiles/microkernels-all.dir/src/qs8-qc8w-dwconv/gen/qs8-qc8w-dwconv-25p1c-minmax-fp32-scalar-lrintf.c.o
  [3117/5650] Building C object confu-deps/XNNPACK/CMakeFiles/microkernels-all.dir/src/qs8-qc8w-dwconv/gen/qs8-qc8w-dwconv-25p2c-minmax-fp32-scalar-fmagic.c.o
  [3118/5650] Building C object confu-deps/XNNPACK/CMakeFiles/microkernels-all.dir/src/qs8-qc8w-dwconv/gen/qs8-qc8w-dwconv-25p2c-minmax-fp32-scalar-imagic.c.o
  [3119/5650] Building OBJCXX object caffe2/CMakeFiles/torch_cpu.dir/__/aten/src/ATen/native/sparse/mps/SparseMPSTensor.mm.o
  [3120/5650] Building C object confu-deps/XNNPACK/CMakeFiles/microkernels-all.dir/src/qs8-qc8w-dwconv/gen/qs8-qc8w-dwconv-25p4c-minmax-fp32-scalar-fmagic.c.o
  [3121/5650] Building C object confu-deps/XNNPACK/CMakeFiles/microkernels-all.dir/src/qs8-qc8w-dwconv/gen/qs8-qc8w-dwconv-25p4c-minmax-fp32-scalar-imagic.c.o
  [3122/5650] Building C object confu-deps/XNNPACK/CMakeFiles/microkernels-all.dir/src/qs8-qc8w-gemm/gen/qs8-qc8w-gemm-1x2-minmax-fp32-scalar-fmagic.c.o
  [3123/5650] Building C object confu-deps/XNNPACK/CMakeFiles/microkernels-all.dir/src/qs8-qc8w-dwconv/gen/qs8-qc8w-dwconv-25p4c-minmax-fp32-scalar-lrintf.c.o
  [3124/5650] Building C object confu-deps/XNNPACK/CMakeFiles/microkernels-all.dir/src/qs8-qc8w-gemm/gen/qs8-qc8w-gemm-1x2-minmax-fp32-scalar-lrintf.c.o
  [3125/5650] Building CXX object caffe2/torch/lib/libshm/CMakeFiles/shm.dir/core.cpp.o
  [3126/5650] Building C object confu-deps/XNNPACK/CMakeFiles/microkernels-all.dir/src/qs8-qc8w-gemm/gen/qs8-qc8w-gemm-1x4-minmax-fp32-scalar-fmagic.c.o
  [3127/5650] Building C object confu-deps/XNNPACK/CMakeFiles/microkernels-all.dir/src/qs8-qc8w-gemm/gen/qs8-qc8w-gemm-1x4-minmax-fp32-scalar-imagic.c.o
  [3128/5650] Building C object confu-deps/XNNPACK/CMakeFiles/microkernels-all.dir/src/qs8-qc8w-gemm/gen/qs8-qc8w-gemm-2x2-minmax-fp32-scalar-fmagic.c.o
  [3129/5650] Building C object confu-deps/XNNPACK/CMakeFiles/microkernels-all.dir/src/qs8-qc8w-gemm/gen/qs8-qc8w-gemm-2x2-minmax-fp32-scalar-lrintf.c.o
  [3130/5650] Building CXX object caffe2/CMakeFiles/torch_cpu.dir/__/torch/csrc/inductor/aoti_runner/model_container_runner_mps.cpp.o
  [3131/5650] Building C object confu-deps/XNNPACK/CMakeFiles/microkernels-all.dir/src/qs8-qc8w-gemm/gen/qs8-qc8w-gemm-2x4-minmax-fp32-scalar-fmagic.c.o
  [3132/5650] Building C object confu-deps/XNNPACK/CMakeFiles/microkernels-all.dir/src/qs8-qc8w-gemm/gen/qs8-qc8w-gemm-2x4-minmax-fp32-scalar-imagic.c.o
  [3133/5650] Building C object confu-deps/XNNPACK/CMakeFiles/microkernels-all.dir/src/qs8-qc8w-gemm/gen/qs8-qc8w-gemm-2x4-minmax-fp32-scalar-lrintf.c.o
  [3134/5650] Building C object confu-deps/XNNPACK/CMakeFiles/microkernels-all.dir/src/qs8-qc8w-gemm/gen/qs8-qc8w-gemm-3x2-minmax-fp32-scalar-fmagic.c.o
  [3135/5650] Building C object confu-deps/XNNPACK/CMakeFiles/microkernels-all.dir/src/qs8-qc8w-gemm/gen/qs8-qc8w-gemm-3x2-minmax-fp32-scalar-imagic.c.o
  [3136/5650] Building C object confu-deps/XNNPACK/CMakeFiles/microkernels-all.dir/src/qs8-qc8w-gemm/gen/qs8-qc8w-gemm-3x2-minmax-fp32-scalar-lrintf.c.o
  [3137/5650] Building C object confu-deps/XNNPACK/CMakeFiles/microkernels-all.dir/src/qs8-qc8w-gemm/gen/qs8-qc8w-gemm-3x4-minmax-fp32-scalar-fmagic.c.o
  [3138/5650] Building C object confu-deps/XNNPACK/CMakeFiles/microkernels-all.dir/src/qs8-qc8w-gemm/gen/qs8-qc8w-gemm-3x4-minmax-fp32-scalar-imagic.c.o
  [3139/5650] Building C object confu-deps/XNNPACK/CMakeFiles/microkernels-all.dir/src/qs8-qc8w-gemm/gen/qs8-qc8w-gemm-4x2-minmax-fp32-scalar-fmagic.c.o
  [3140/5650] Building C object confu-deps/XNNPACK/CMakeFiles/microkernels-all.dir/src/qs8-qc8w-gemm/gen/qs8-qc8w-gemm-4x2-minmax-fp32-scalar-imagic.c.o
  [3141/5650] Building C object confu-deps/XNNPACK/CMakeFiles/microkernels-all.dir/src/qs8-qc8w-gemm/gen/qs8-qc8w-gemm-4x2-minmax-fp32-scalar-lrintf.c.o
  [3142/5650] Building C object confu-deps/XNNPACK/CMakeFiles/microkernels-all.dir/src/qs8-qc8w-gemm/gen/qs8-qc8w-gemm-4x4-minmax-fp32-scalar-imagic.c.o
  [3143/5650] Building C object confu-deps/XNNPACK/CMakeFiles/microkernels-all.dir/src/qs8-qc8w-gemm/gen/qs8-qc8w-gemm-4x4-minmax-fp32-scalar-fmagic.c.o
  [3144/5650] Building C object confu-deps/XNNPACK/CMakeFiles/microkernels-all.dir/src/qs8-qc8w-igemm/gen/qs8-qc8w-igemm-1x2-minmax-fp32-scalar-fmagic.c.o
  [3145/5650] Building C object confu-deps/XNNPACK/CMakeFiles/microkernels-all.dir/src/qs8-qc8w-gemm/gen/qs8-qc8w-gemm-4x4-minmax-fp32-scalar-lrintf.c.o
  [3146/5650] Building C object confu-deps/XNNPACK/CMakeFiles/microkernels-all.dir/src/qs8-qc8w-igemm/gen/qs8-qc8w-igemm-1x2-minmax-fp32-scalar-lrintf.c.o
  [3147/5650] Building C object confu-deps/XNNPACK/CMakeFiles/microkernels-all.dir/src/qs8-qc8w-igemm/gen/qs8-qc8w-igemm-1x4-minmax-fp32-scalar-fmagic.c.o
  [3148/5650] Building C object confu-deps/XNNPACK/CMakeFiles/microkernels-all.dir/src/qs8-qc8w-igemm/gen/qs8-qc8w-igemm-2x2-minmax-fp32-scalar-fmagic.c.o
  [3149/5650] Building C object confu-deps/XNNPACK/CMakeFiles/microkernels-all.dir/src/qs8-qc8w-igemm/gen/qs8-qc8w-igemm-1x4-minmax-fp32-scalar-imagic.c.o
  [3150/5650] Building C object confu-deps/XNNPACK/CMakeFiles/microkernels-all.dir/src/qs8-qc8w-igemm/gen/qs8-qc8w-igemm-2x2-minmax-fp32-scalar-lrintf.c.o
  [3151/5650] Building C object confu-deps/XNNPACK/CMakeFiles/microkernels-all.dir/src/qs8-qc8w-igemm/gen/qs8-qc8w-igemm-2x4-minmax-fp32-scalar-fmagic.c.o
  [3152/5650] Building C object confu-deps/XNNPACK/CMakeFiles/microkernels-all.dir/src/qs8-qc8w-igemm/gen/qs8-qc8w-igemm-2x4-minmax-fp32-scalar-imagic.c.o
  [3153/5650] Building C object confu-deps/XNNPACK/CMakeFiles/microkernels-all.dir/src/qs8-qc8w-igemm/gen/qs8-qc8w-igemm-2x4-minmax-fp32-scalar-lrintf.c.o
  [3154/5650] Building C object confu-deps/XNNPACK/CMakeFiles/microkernels-all.dir/src/qs8-qc8w-igemm/gen/qs8-qc8w-igemm-3x2-minmax-fp32-scalar-fmagic.c.o
  [3155/5650] Building C object confu-deps/XNNPACK/CMakeFiles/microkernels-all.dir/src/qs8-qc8w-igemm/gen/qs8-qc8w-igemm-3x2-minmax-fp32-scalar-imagic.c.o
  [3156/5650] Building C object confu-deps/XNNPACK/CMakeFiles/microkernels-all.dir/src/qs8-qc8w-igemm/gen/qs8-qc8w-igemm-3x2-minmax-fp32-scalar-lrintf.c.o
  [3157/5650] Building C object confu-deps/XNNPACK/CMakeFiles/microkernels-all.dir/src/qs8-qc8w-igemm/gen/qs8-qc8w-igemm-3x4-minmax-fp32-scalar-fmagic.c.o
  [3158/5650] Building C object confu-deps/XNNPACK/CMakeFiles/microkernels-all.dir/src/qs8-qc8w-igemm/gen/qs8-qc8w-igemm-3x4-minmax-fp32-scalar-imagic.c.o
  [3159/5650] Building C object confu-deps/XNNPACK/CMakeFiles/microkernels-all.dir/src/qs8-qc8w-igemm/gen/qs8-qc8w-igemm-4x2-minmax-fp32-scalar-fmagic.c.o
  [3160/5650] Building C object confu-deps/XNNPACK/CMakeFiles/microkernels-all.dir/src/qs8-qc8w-igemm/gen/qs8-qc8w-igemm-4x2-minmax-fp32-scalar-imagic.c.o
  [3161/5650] Building C object confu-deps/XNNPACK/CMakeFiles/microkernels-all.dir/src/qs8-qc8w-igemm/gen/qs8-qc8w-igemm-4x2-minmax-fp32-scalar-lrintf.c.o
  [3162/5650] Building C object confu-deps/XNNPACK/CMakeFiles/microkernels-all.dir/src/qs8-qc8w-igemm/gen/qs8-qc8w-igemm-4x4-minmax-fp32-scalar-fmagic.c.o
  [3163/5650] Building C object confu-deps/XNNPACK/CMakeFiles/microkernels-all.dir/src/qs8-qc8w-igemm/gen/qs8-qc8w-igemm-4x4-minmax-fp32-scalar-imagic.c.o
  [3164/5650] Building C object confu-deps/XNNPACK/CMakeFiles/microkernels-all.dir/src/qs8-qc8w-igemm/gen/qs8-qc8w-igemm-4x4-minmax-fp32-scalar-lrintf.c.o
  [3165/5650] Building C object confu-deps/XNNPACK/CMakeFiles/microkernels-all.dir/src/qs8-rsum/gen/qs8-rsum-scalar-u1.c.o
  [3166/5650] Building C object confu-deps/XNNPACK/CMakeFiles/microkernels-all.dir/src/qs8-rsum/gen/qs8-rsum-scalar-u2.c.o
  [3167/5650] Building C object confu-deps/XNNPACK/CMakeFiles/microkernels-all.dir/src/qs8-qu8-packw/gen/qs8-qu8-packw-x8c8-gemm-gio-scalar.c.o
  [3168/5650] Building OBJCXX object caffe2/CMakeFiles/torch_cpu.dir/__/torch/csrc/inductor/aoti_torch/shim_mps.mm.o
  [3169/5650] Building C object confu-deps/XNNPACK/CMakeFiles/microkernels-all.dir/src/qs8-vadd/gen/qs8-vadd-minmax-scalar-u2.c.o
  [3170/5650] Building C object confu-deps/XNNPACK/CMakeFiles/microkernels-all.dir/src/qs8-vaddc/gen/qs8-vaddc-minmax-scalar-u2.c.o
  [3171/5650] Building C object confu-deps/XNNPACK/CMakeFiles/microkernels-all.dir/src/qs8-vcvt/gen/qs8-vcvt-scalar-u2.c.o
  [3172/5650] Building C object confu-deps/XNNPACK/CMakeFiles/microkernels-all.dir/src/qs8-qu8-packw/gen/qs8-qu8-packw-x8c8-gemm-goi-scalar.c.o
  [3173/5650] Building C object confu-deps/XNNPACK/CMakeFiles/microkernels-all.dir/src/qs8-vlrelu/gen/qs8-vlrelu-scalar-andxor-u1.c.o
  [3174/5650] Building C object confu-deps/XNNPACK/CMakeFiles/microkernels-all.dir/src/qs8-vlrelu/gen/qs8-vlrelu-scalar-andxor-u2.c.o
  [3175/5650] Building C object confu-deps/XNNPACK/CMakeFiles/microkernels-all.dir/src/qs8-vlrelu/gen/qs8-vlrelu-scalar-select-u1.c.o
  [3176/5650] Building C object confu-deps/XNNPACK/CMakeFiles/microkernels-all.dir/src/qs8-vlrelu/gen/qs8-vlrelu-scalar-select-u2.c.o
  [3177/5650] Building C object confu-deps/XNNPACK/CMakeFiles/microkernels-all.dir/src/qs8-vmul/gen/qs8-vmul-minmax-fp32-scalar-u1.c.o
  [3178/5650] Building C object confu-deps/XNNPACK/CMakeFiles/microkernels-all.dir/src/qs8-vmul/gen/qs8-vmul-minmax-fp32-scalar-u2.c.o
  [3179/5650] Building C object confu-deps/XNNPACK/CMakeFiles/microkernels-all.dir/src/qs8-vmulc/gen/qs8-vmulc-minmax-fp32-scalar-u1.c.o
  [3180/5650] Building OBJCXX object caffe2/CMakeFiles/torch_cpu.dir/__/aten/src/ATen/native/mps/operations/UpSample.mm.o
  [3181/5650] Building C object confu-deps/XNNPACK/CMakeFiles/microkernels-all.dir/src/qs8-vmulc/gen/qs8-vmulc-minmax-fp32-scalar-u2.c.o
  [3182/5650] Building C object confu-deps/XNNPACK/CMakeFiles/microkernels-all.dir/src/qu8-dwconv/gen/qu8-dwconv-5f5m5l1c1s1r-minmax-fp32-scalar-fmagic.c.o
  [3183/5650] Building C object confu-deps/XNNPACK/CMakeFiles/microkernels-all.dir/src/qs8-qu8-packw/gen/qs8-qu8-packw-x16c8-gemm-gio-scalar.c.o
  [3184/5650] Building C object confu-deps/XNNPACK/CMakeFiles/microkernels-all.dir/src/qu8-dwconv/gen/qu8-dwconv-5f5m5l1c1s1r-minmax-fp32-scalar-imagic.c.o
  [3185/5650] Building C object confu-deps/XNNPACK/CMakeFiles/microkernels-all.dir/src/qu8-dwconv/gen/qu8-dwconv-5f5m5l1c1s1r-minmax-fp32-scalar-lrintf.c.o
  [3186/5650] Building C object confu-deps/XNNPACK/CMakeFiles/microkernels-all.dir/src/qu8-dwconv/gen/qu8-dwconv-5f5m5l2c1s1r-minmax-fp32-scalar-fmagic.c.o
  [3187/5650] Building C object confu-deps/XNNPACK/CMakeFiles/microkernels-all.dir/src/qu8-dwconv/gen/qu8-dwconv-5f5m5l2c1s1r-minmax-fp32-scalar-imagic.c.o
  [3188/5650] Building C object confu-deps/XNNPACK/CMakeFiles/microkernels-all.dir/src/qu8-dwconv/gen/qu8-dwconv-5f5m5l2c1s1r-minmax-fp32-scalar-lrintf.c.o
  [3189/5650] Building C object confu-deps/XNNPACK/CMakeFiles/microkernels-all.dir/src/qu8-dwconv/gen/qu8-dwconv-5f5m5l4c1s1r-minmax-fp32-scalar-fmagic.c.o
  [3190/5650] Building C object confu-deps/XNNPACK/CMakeFiles/microkernels-all.dir/src/qu8-dwconv/gen/qu8-dwconv-6f6m7l1c1s1r-minmax-fp32-scalar-fmagic.c.o
  [3191/5650] Building C object confu-deps/XNNPACK/CMakeFiles/microkernels-all.dir/src/qu8-dwconv/gen/qu8-dwconv-5f5m5l4c1s1r-minmax-fp32-scalar-imagic.c.o
  [3192/5650] Building C object confu-deps/XNNPACK/CMakeFiles/microkernels-all.dir/src/qu8-dwconv/gen/qu8-dwconv-6f6m7l1c1s1r-minmax-fp32-scalar-imagic.c.o
  [3193/5650] Building C object confu-deps/XNNPACK/CMakeFiles/microkernels-all.dir/src/qu8-dwconv/gen/qu8-dwconv-5f5m5l4c1s1r-minmax-fp32-scalar-lrintf.c.o
  [3194/5650] Building C object confu-deps/XNNPACK/CMakeFiles/microkernels-all.dir/src/qu8-dwconv/gen/qu8-dwconv-6f6m7l1c1s1r-minmax-fp32-scalar-lrintf.c.o
  [3195/5650] Building C object confu-deps/XNNPACK/CMakeFiles/microkernels-all.dir/src/qu8-dwconv/gen/qu8-dwconv-6f6m7l2c1s1r-minmax-fp32-scalar-fmagic.c.o
  [3196/5650] Building C object confu-deps/XNNPACK/CMakeFiles/microkernels-all.dir/src/qu8-dwconv/gen/qu8-dwconv-6f6m7l2c1s1r-minmax-fp32-scalar-imagic.c.o
  [3197/5650] Building C object confu-deps/XNNPACK/CMakeFiles/microkernels-all.dir/src/qu8-dwconv/gen/qu8-dwconv-6f6m7l4c1s1r-minmax-fp32-scalar-fmagic.c.o
  [3198/5650] Building C object confu-deps/XNNPACK/CMakeFiles/microkernels-all.dir/src/qu8-dwconv/gen/qu8-dwconv-6f6m7l2c1s1r-minmax-fp32-scalar-lrintf.c.o
  [3199/5650] Building C object confu-deps/XNNPACK/CMakeFiles/microkernels-all.dir/src/qu8-dwconv/gen/qu8-dwconv-6f6m7l4c1s1r-minmax-fp32-scalar-imagic.c.o
  [3200/5650] Building C object confu-deps/XNNPACK/CMakeFiles/microkernels-all.dir/src/qu8-dwconv/gen/qu8-dwconv-6f6m7l4c1s1r-minmax-fp32-scalar-lrintf.c.o
  [3201/5650] Building C object confu-deps/XNNPACK/CMakeFiles/microkernels-all.dir/src/qu8-dwconv/gen/qu8-dwconv-8f8m9l1c1s1r-minmax-fp32-scalar-fmagic.c.o
  [3202/5650] Building C object confu-deps/XNNPACK/CMakeFiles/microkernels-all.dir/src/qu8-dwconv/gen/qu8-dwconv-8f8m9l1c1s1r-minmax-fp32-scalar-imagic.c.o
  [3203/5650] Building C object confu-deps/XNNPACK/CMakeFiles/microkernels-all.dir/src/qu8-dwconv/gen/qu8-dwconv-8f8m9l1c1s1r-minmax-fp32-scalar-lrintf.c.o
  [3204/5650] Building C object confu-deps/XNNPACK/CMakeFiles/microkernels-all.dir/src/qu8-dwconv/gen/qu8-dwconv-8f8m9l2c1s1r-minmax-fp32-scalar-fmagic.c.o
  [3205/5650] Building C object confu-deps/XNNPACK/CMakeFiles/microkernels-all.dir/src/qu8-dwconv/gen/qu8-dwconv-8f8m9l2c1s1r-minmax-fp32-scalar-imagic.c.o
  [3206/5650] Building C object confu-deps/XNNPACK/CMakeFiles/microkernels-all.dir/src/qu8-dwconv/gen/qu8-dwconv-8f8m9l2c1s1r-minmax-fp32-scalar-lrintf.c.o
  [3207/5650] Building C object confu-deps/XNNPACK/CMakeFiles/microkernels-all.dir/src/qu8-dwconv/gen/qu8-dwconv-8f8m9l4c1s1r-minmax-fp32-scalar-imagic.c.o
  [3208/5650] Building C object confu-deps/XNNPACK/CMakeFiles/microkernels-all.dir/src/qu8-dwconv/gen/qu8-dwconv-8f8m9l4c1s1r-minmax-fp32-scalar-fmagic.c.o
  [3209/5650] Building C object confu-deps/XNNPACK/CMakeFiles/microkernels-all.dir/src/qu8-dwconv/gen/qu8-dwconv-9p1c-minmax-fp32-scalar-imagic.c.o
  [3210/5650] Building C object confu-deps/XNNPACK/CMakeFiles/microkernels-all.dir/src/qu8-dwconv/gen/qu8-dwconv-8f8m9l4c1s1r-minmax-fp32-scalar-lrintf.c.o
  [3211/5650] Building C object confu-deps/XNNPACK/CMakeFiles/microkernels-all.dir/src/qu8-dwconv/gen/qu8-dwconv-9p1c-minmax-rndnu-scalar.c.o
  [3212/5650] Building C object confu-deps/XNNPACK/CMakeFiles/microkernels-all.dir/src/qu8-dwconv/gen/qu8-dwconv-9p1c-minmax-fp32-scalar-lrintf.c.o
  [3213/5650] Building C object confu-deps/XNNPACK/CMakeFiles/microkernels-all.dir/src/qu8-dwconv/gen/qu8-dwconv-9p2c-minmax-fp32-scalar-fmagic.c.o
  [3214/5650] Building C object confu-deps/XNNPACK/CMakeFiles/microkernels-all.dir/src/qu8-dwconv/gen/qu8-dwconv-9p2c-minmax-rndnu-scalar.c.o
  [3215/5650] Building C object confu-deps/XNNPACK/CMakeFiles/microkernels-all.dir/src/qu8-dwconv/gen/qu8-dwconv-9p4c-minmax-fp32-scalar-fmagic.c.o
  [3216/5650] Building C object confu-deps/XNNPACK/CMakeFiles/microkernels-all.dir/src/qu8-dwconv/gen/qu8-dwconv-9p4c-minmax-fp32-scalar-imagic.c.o
  [3217/5650] Building C object confu-deps/XNNPACK/CMakeFiles/microkernels-all.dir/src/qu8-dwconv/gen/qu8-dwconv-9p4c-minmax-rndnu-scalar.c.o
  [3218/5650] Building C object confu-deps/XNNPACK/CMakeFiles/microkernels-all.dir/src/qu8-dwconv/gen/qu8-dwconv-25p1c-minmax-fp32-scalar-lrintf.c.o
  [3219/5650] Building C object confu-deps/XNNPACK/CMakeFiles/microkernels-all.dir/src/qu8-dwconv/gen/qu8-dwconv-9p4c-minmax-fp32-scalar-lrintf.c.o
  [3220/5650] Building C object confu-deps/XNNPACK/CMakeFiles/microkernels-all.dir/src/qu8-dwconv/gen/qu8-dwconv-25p2c-minmax-fp32-scalar-fmagic.c.o
  [3221/5650] Building C object confu-deps/XNNPACK/CMakeFiles/microkernels-all.dir/src/qu8-dwconv/gen/qu8-dwconv-25p2c-minmax-fp32-scalar-imagic.c.o
  [3222/5650] Building C object confu-deps/XNNPACK/CMakeFiles/microkernels-all.dir/src/qu8-dwconv/gen/qu8-dwconv-25p4c-minmax-fp32-scalar-fmagic.c.o
  [3223/5650] Building C object confu-deps/XNNPACK/CMakeFiles/microkernels-all.dir/src/qu8-f32-vcvt/gen/qu8-f32-vcvt-scalar-u3.c.o
  [3224/5650] Building C object confu-deps/XNNPACK/CMakeFiles/microkernels-all.dir/src/qu8-f32-vcvt/gen/qu8-f32-vcvt-scalar-u2.c.o
  [3225/5650] Building C object confu-deps/XNNPACK/CMakeFiles/microkernels-all.dir/src/qu8-dwconv/gen/qu8-dwconv-25p4c-minmax-fp32-scalar-imagic.c.o
  [3226/5650] Building C object confu-deps/XNNPACK/CMakeFiles/microkernels-all.dir/src/qu8-dwconv/gen/qu8-dwconv-25p4c-minmax-fp32-scalar-lrintf.c.o
  [3227/5650] Building C object confu-deps/XNNPACK/CMakeFiles/microkernels-all.dir/src/qu8-gemm/gen/qu8-gemm-1x2-minmax-fp32-scalar-fmagic.c.o
  [3228/5650] Building C object confu-deps/XNNPACK/CMakeFiles/microkernels-all.dir/src/qu8-gemm/gen/qu8-gemm-1x2-minmax-fp32-scalar-lrintf.c.o
  [3229/5650] Building C object confu-deps/XNNPACK/CMakeFiles/microkernels-all.dir/src/qu8-gemm/gen/qu8-gemm-1x2-minmax-rndnu-scalar.c.o
  [3230/5650] Building C object confu-deps/XNNPACK/CMakeFiles/microkernels-all.dir/src/qu8-gemm/gen/qu8-gemm-1x4-minmax-fp32-scalar-fmagic.c.o
  [3231/5650] Building C object confu-deps/XNNPACK/CMakeFiles/microkernels-all.dir/src/qu8-gemm/gen/qu8-gemm-1x4-minmax-fp32-scalar-imagic.c.o
  [3232/5650] Building C object confu-deps/XNNPACK/CMakeFiles/microkernels-all.dir/src/qu8-gemm/gen/qu8-gemm-2x2-minmax-fp32-scalar-fmagic.c.o
  [3233/5650] Building OBJCXX object caffe2/CMakeFiles/torch_cpu.dir/__/aten/src/ATen/native/sparse/mps/SparseMPSTensorMath.mm.o
  [3234/5650] Building C object confu-deps/XNNPACK/CMakeFiles/microkernels-all.dir/src/qu8-gemm/gen/qu8-gemm-1x4-minmax-rndnu-scalar.c.o
  [3235/5650] Building C object confu-deps/XNNPACK/CMakeFiles/microkernels-all.dir/src/qu8-gemm/gen/qu8-gemm-2x2-minmax-fp32-scalar-lrintf.c.o
  [3236/5650] Building C object confu-deps/XNNPACK/CMakeFiles/microkernels-all.dir/src/qu8-gemm/gen/qu8-gemm-2x2-minmax-rndnu-scalar.c.o
  [3237/5650] Building C object confu-deps/XNNPACK/CMakeFiles/microkernels-all.dir/src/qu8-gemm/gen/qu8-gemm-2x4-minmax-fp32-scalar-imagic.c.o
  [3238/5650] Building C object confu-deps/XNNPACK/CMakeFiles/microkernels-all.dir/src/qu8-gemm/gen/qu8-gemm-2x4-minmax-fp32-scalar-fmagic.c.o
  [3239/5650] Building C object confu-deps/XNNPACK/CMakeFiles/microkernels-all.dir/src/qu8-gemm/gen/qu8-gemm-2x4-minmax-fp32-scalar-lrintf.c.o
  [3240/5650] Building C object confu-deps/XNNPACK/CMakeFiles/microkernels-all.dir/src/qu8-gemm/gen/qu8-gemm-2x4-minmax-rndnu-scalar.c.o
  [3241/5650] Building C object confu-deps/XNNPACK/CMakeFiles/microkernels-all.dir/src/qu8-gemm/gen/qu8-gemm-3x2-minmax-fp32-scalar-fmagic.c.o
  [3242/5650] Building C object confu-deps/XNNPACK/CMakeFiles/microkernels-all.dir/src/qu8-gemm/gen/qu8-gemm-3x2-minmax-fp32-scalar-imagic.c.o
  [3243/5650] Building C object confu-deps/XNNPACK/CMakeFiles/microkernels-all.dir/src/qu8-gemm/gen/qu8-gemm-3x2-minmax-fp32-scalar-lrintf.c.o
  [3244/5650] Building C object confu-deps/XNNPACK/CMakeFiles/microkernels-all.dir/src/qu8-gemm/gen/qu8-gemm-3x4-minmax-fp32-scalar-imagic.c.o
  [3245/5650] Building C object confu-deps/XNNPACK/CMakeFiles/microkernels-all.dir/src/qu8-gemm/gen/qu8-gemm-3x4-minmax-fp32-scalar-fmagic.c.o
  [3246/5650] Building C object confu-deps/XNNPACK/CMakeFiles/microkernels-all.dir/src/qu8-gemm/gen/qu8-gemm-3x2-minmax-rndnu-scalar.c.o
  [3247/5650] Building C object confu-deps/XNNPACK/CMakeFiles/microkernels-all.dir/src/qu8-gemm/gen/qu8-gemm-3x4-minmax-rndnu-scalar.c.o
  [3248/5650] Building C object confu-deps/XNNPACK/CMakeFiles/microkernels-all.dir/src/qu8-gemm/gen/qu8-gemm-4x2-minmax-fp32-scalar-lrintf.c.o
  [3249/5650] Building C object confu-deps/XNNPACK/CMakeFiles/microkernels-all.dir/src/qu8-gemm/gen/qu8-gemm-4x2-minmax-fp32-scalar-imagic.c.o
  [3250/5650] Building C object confu-deps/XNNPACK/CMakeFiles/microkernels-all.dir/src/qu8-gemm/gen/qu8-gemm-4x4-minmax-fp32-scalar-fmagic.c.o
  [3251/5650] Building C object confu-deps/XNNPACK/CMakeFiles/microkernels-all.dir/src/qu8-gemm/gen/qu8-gemm-4x2-minmax-rndnu-scalar.c.o
  [3252/5650] Building C object confu-deps/XNNPACK/CMakeFiles/microkernels-all.dir/src/qu8-gemm/gen/qu8-gemm-4x4-minmax-fp32-scalar-imagic.c.o
  [3253/5650] Building C object confu-deps/XNNPACK/CMakeFiles/microkernels-all.dir/src/qu8-gemm/gen/qu8-gemm-4x2-minmax-fp32-scalar-fmagic.c.o
  [3254/5650] Building C object confu-deps/XNNPACK/CMakeFiles/microkernels-all.dir/src/qu8-gemm/gen/qu8-gemm-4x4-minmax-rndnu-scalar.c.o
  [3255/5650] Building C object confu-deps/XNNPACK/CMakeFiles/microkernels-all.dir/src/qu8-gemm/gen/qu8-gemm-4x4-minmax-fp32-scalar-lrintf.c.o
  [3256/5650] Building C object confu-deps/XNNPACK/CMakeFiles/microkernels-all.dir/src/qu8-igemm/gen/qu8-igemm-1x2-minmax-fp32-scalar-fmagic.c.o
  [3257/5650] Building C object confu-deps/XNNPACK/CMakeFiles/microkernels-all.dir/src/qu8-igemm/gen/qu8-igemm-1x2-minmax-rndnu-scalar.c.o
  [3258/5650] Building C object confu-deps/XNNPACK/CMakeFiles/microkernels-all.dir/src/qu8-igemm/gen/qu8-igemm-1x4-minmax-fp32-scalar-imagic.c.o
  [3259/5650] Building C object confu-deps/XNNPACK/CMakeFiles/microkernels-all.dir/src/qu8-igemm/gen/qu8-igemm-1x2-minmax-fp32-scalar-lrintf.c.o
  [3260/5650] Building C object confu-deps/XNNPACK/CMakeFiles/microkernels-all.dir/src/qu8-igemm/gen/qu8-igemm-2x2-minmax-fp32-scalar-lrintf.c.o
  [3261/5650] Building C object confu-deps/XNNPACK/CMakeFiles/microkernels-all.dir/src/qu8-igemm/gen/qu8-igemm-1x4-minmax-fp32-scalar-fmagic.c.o
  [3262/5650] Building C object confu-deps/XNNPACK/CMakeFiles/microkernels-all.dir/src/qu8-igemm/gen/qu8-igemm-2x2-minmax-fp32-scalar-fmagic.c.o
  [3263/5650] Building C object confu-deps/XNNPACK/CMakeFiles/microkernels-all.dir/src/qu8-igemm/gen/qu8-igemm-1x4-minmax-rndnu-scalar.c.o
  [3264/5650] Building C object confu-deps/XNNPACK/CMakeFiles/microkernels-all.dir/src/qu8-igemm/gen/qu8-igemm-2x2-minmax-rndnu-scalar.c.o
  [3265/5650] Building C object confu-deps/XNNPACK/CMakeFiles/microkernels-all.dir/src/qu8-igemm/gen/qu8-igemm-2x4-minmax-fp32-scalar-fmagic.c.o
  [3266/5650] Building C object confu-deps/XNNPACK/CMakeFiles/microkernels-all.dir/src/qu8-igemm/gen/qu8-igemm-2x4-minmax-fp32-scalar-imagic.c.o
  [3267/5650] Building C object confu-deps/XNNPACK/CMakeFiles/microkernels-all.dir/src/qu8-igemm/gen/qu8-igemm-2x4-minmax-fp32-scalar-lrintf.c.o
  [3268/5650] Building C object confu-deps/XNNPACK/CMakeFiles/microkernels-all.dir/src/qu8-igemm/gen/qu8-igemm-3x2-minmax-fp32-scalar-lrintf.c.o
  [3269/5650] Building C object confu-deps/XNNPACK/CMakeFiles/microkernels-all.dir/src/qu8-igemm/gen/qu8-igemm-3x2-minmax-fp32-scalar-fmagic.c.o
  [3270/5650] Building C object confu-deps/XNNPACK/CMakeFiles/microkernels-all.dir/src/qu8-igemm/gen/qu8-igemm-3x2-minmax-fp32-scalar-imagic.c.o
  [3271/5650] Building C object confu-deps/XNNPACK/CMakeFiles/microkernels-all.dir/src/qu8-igemm/gen/qu8-igemm-2x4-minmax-rndnu-scalar.c.o
  [3272/5650] Building C object confu-deps/XNNPACK/CMakeFiles/microkernels-all.dir/src/qu8-igemm/gen/qu8-igemm-3x4-minmax-fp32-scalar-fmagic.c.o
  [3273/5650] Building C object confu-deps/XNNPACK/CMakeFiles/microkernels-all.dir/src/qu8-igemm/gen/qu8-igemm-3x2-minmax-rndnu-scalar.c.o
  [3274/5650] Building C object confu-deps/XNNPACK/CMakeFiles/microkernels-all.dir/src/qu8-igemm/gen/qu8-igemm-3x4-minmax-fp32-scalar-imagic.c.o
  [3275/5650] Building C object confu-deps/XNNPACK/CMakeFiles/microkernels-all.dir/src/qu8-igemm/gen/qu8-igemm-4x2-minmax-fp32-scalar-imagic.c.o
  [3276/5650] Building C object confu-deps/XNNPACK/CMakeFiles/microkernels-all.dir/src/qu8-igemm/gen/qu8-igemm-4x2-minmax-fp32-scalar-fmagic.c.o
  [3277/5650] Building C object confu-deps/XNNPACK/CMakeFiles/microkernels-all.dir/src/qu8-igemm/gen/qu8-igemm-3x4-minmax-rndnu-scalar.c.o
  [3278/5650] Building C object confu-deps/XNNPACK/CMakeFiles/microkernels-all.dir/src/qu8-igemm/gen/qu8-igemm-4x2-minmax-fp32-scalar-lrintf.c.o
  [3279/5650] Building C object confu-deps/XNNPACK/CMakeFiles/microkernels-all.dir/src/qu8-igemm/gen/qu8-igemm-4x2-minmax-rndnu-scalar.c.o
  [3280/5650] Building C object confu-deps/XNNPACK/CMakeFiles/microkernels-all.dir/src/qu8-rsum/gen/qu8-rsum-scalar-u1.c.o
  [3281/5650] Building C object confu-deps/XNNPACK/CMakeFiles/microkernels-all.dir/src/qu8-igemm/gen/qu8-igemm-4x4-minmax-fp32-scalar-fmagic.c.o
  [3282/5650] Building C object confu-deps/XNNPACK/CMakeFiles/microkernels-all.dir/src/qu8-igemm/gen/qu8-igemm-4x4-minmax-rndnu-scalar.c.o
  [3283/5650] Building C object confu-deps/XNNPACK/CMakeFiles/microkernels-all.dir/src/qu8-rsum/gen/qu8-rsum-scalar-u2.c.o
  [3284/5650] Building C object confu-deps/XNNPACK/CMakeFiles/microkernels-all.dir/src/qu8-igemm/gen/qu8-igemm-4x4-minmax-fp32-scalar-imagic.c.o
  [3285/5650] Building C object confu-deps/XNNPACK/CMakeFiles/microkernels-all.dir/src/qu8-igemm/gen/qu8-igemm-4x4-minmax-fp32-scalar-lrintf.c.o
  [3286/5650] Building C object confu-deps/XNNPACK/CMakeFiles/microkernels-all.dir/src/qu8-vaddc/gen/qu8-vaddc-minmax-scalar-u2.c.o
  [3287/5650] Building C object confu-deps/XNNPACK/CMakeFiles/microkernels-all.dir/src/qu8-vadd/gen/qu8-vadd-minmax-scalar-u2.c.o
  [3288/5650] Building C object confu-deps/XNNPACK/CMakeFiles/microkernels-all.dir/src/qu8-vcvt/gen/qu8-vcvt-scalar-u2.c.o
  [3289/5650] Building C object confu-deps/XNNPACK/CMakeFiles/microkernels-all.dir/src/qu8-vlrelu/gen/qu8-vlrelu-scalar-andxor-u1.c.o
  [3290/5650] Building C object confu-deps/XNNPACK/CMakeFiles/microkernels-all.dir/src/qu8-vlrelu/gen/qu8-vlrelu-scalar-andxor-u2.c.o
  [3291/5650] Building C object confu-deps/XNNPACK/CMakeFiles/microkernels-all.dir/src/qu8-vlrelu/gen/qu8-vlrelu-scalar-select-u2.c.o
  [3292/5650] Building C object confu-deps/XNNPACK/CMakeFiles/microkernels-all.dir/src/qu8-vlrelu/gen/qu8-vlrelu-scalar-select-u1.c.o
  [3293/5650] Building C object confu-deps/XNNPACK/CMakeFiles/microkernels-all.dir/src/qu8-vmul/gen/qu8-vmul-minmax-fp32-scalar-u1.c.o
  [3294/5650] Building C object confu-deps/XNNPACK/CMakeFiles/microkernels-all.dir/src/qu8-vmul/gen/qu8-vmul-minmax-fp32-scalar-u2.c.o
  [3295/5650] Building C object confu-deps/XNNPACK/CMakeFiles/microkernels-all.dir/src/qu8-vmulc/gen/qu8-vmulc-minmax-fp32-scalar-u1.c.o
  [3296/5650] Building C object confu-deps/XNNPACK/CMakeFiles/microkernels-all.dir/src/qu8-vmulc/gen/qu8-vmulc-minmax-fp32-scalar-u2.c.o
  [3297/5650] Building C object confu-deps/XNNPACK/CMakeFiles/microkernels-all.dir/src/s8-ibilinear/gen/s8-ibilinear-scalar-c2.c.o
  [3298/5650] Building C object confu-deps/XNNPACK/CMakeFiles/microkernels-all.dir/src/s8-ibilinear/gen/s8-ibilinear-scalar-c4.c.o
  [3299/5650] Building C object confu-deps/XNNPACK/CMakeFiles/microkernels-all.dir/src/u8-ibilinear/gen/u8-ibilinear-scalar-c2.c.o
  [3300/5650] Building C object confu-deps/XNNPACK/CMakeFiles/microkernels-all.dir/src/x8-lut/gen/x8-lut-scalar-u1.c.o
  [3301/5650] Building C object confu-deps/XNNPACK/CMakeFiles/microkernels-all.dir/src/x8-lut/gen/x8-lut-scalar-u2.c.o
  [3302/5650] Building C object confu-deps/XNNPACK/CMakeFiles/microkernels-all.dir/src/x8-lut/gen/x8-lut-scalar-u8.c.o
  [3303/5650] Building C object confu-deps/XNNPACK/CMakeFiles/microkernels-all.dir/src/u8-ibilinear/gen/u8-ibilinear-scalar-c4.c.o
  [3304/5650] Building C object confu-deps/XNNPACK/CMakeFiles/microkernels-all.dir/src/x8-lut/gen/x8-lut-scalar-u16.c.o
  [3305/5650] Building C object confu-deps/XNNPACK/CMakeFiles/microkernels-all.dir/src/x8-packw/gen/x8-packw-x2-gemm-goi-scalar-u2.c.o
  [3306/5650] Building C object confu-deps/XNNPACK/CMakeFiles/microkernels-all.dir/src/x8-packw/gen/x8-packw-x4-gemm-goi-scalar-u4.c.o
  [3307/5650] Building C object confu-deps/XNNPACK/CMakeFiles/microkernels-all.dir/src/x8-packw/gen/x8-packw-x2-gemm-goi-scalar-u4.c.o
  [3308/5650] Building C object confu-deps/XNNPACK/CMakeFiles/microkernels-all.dir/src/x8-transposec/gen/x8-transposec-1x2-scalar-int.c.o
  [3309/5650] Building C object confu-deps/XNNPACK/CMakeFiles/microkernels-all.dir/src/x8-transposec/gen/x8-transposec-1x4-scalar-int.c.o
  [3310/5650] Building C object confu-deps/XNNPACK/CMakeFiles/microkernels-all.dir/src/x8-transposec/gen/x8-transposec-2x1-scalar-int.c.o
  [3311/5650] Building C object confu-deps/XNNPACK/CMakeFiles/microkernels-all.dir/src/x8-packw/gen/x8-packw-x8-gemm-goi-scalar-u4.c.o
  [3312/5650] Building C object confu-deps/XNNPACK/CMakeFiles/microkernels-all.dir/src/x8-packw/gen/x8-packw-x8c8-gemm-gio-scalar.c.o
  [3313/5650] Building C object confu-deps/XNNPACK/CMakeFiles/microkernels-all.dir/src/x8-transposec/gen/x8-transposec-2x2-scalar-int.c.o
  [3314/5650] Building C object confu-deps/XNNPACK/CMakeFiles/microkernels-all.dir/src/x8-transposec/gen/x8-transposec-4x1-scalar-int.c.o
  [3315/5650] Linking CXX shared library lib/libtorch_cpu.dylib
  ld: warning: ignoring duplicate libraries: 'lib/libcpuinfo.a', 'lib/libnnpack.a', 'lib/libpthreadpool.a'
  [3316/5650] Building C object confu-deps/XNNPACK/CMakeFiles/microkernels-all.dir/src/x8-transposec/gen/x8-transposec-4x2-scalar-int.c.o
  [3317/5650] Building C object confu-deps/XNNPACK/CMakeFiles/microkernels-all.dir/src/x8-transposec/gen/x8-transposec-4x4-scalar-int.c.o
  [3318/5650] Building C object confu-deps/XNNPACK/CMakeFiles/microkernels-all.dir/src/x16-transposec/gen/x16-transposec-1x2-scalar-int.c.o
  [3319/5650] Building C object confu-deps/XNNPACK/CMakeFiles/microkernels-all.dir/src/x16-packw/gen/x16-packw-x8-gemm-goi-scalar-int-u4.c.o
  [3320/5650] Building C object confu-deps/XNNPACK/CMakeFiles/microkernels-all.dir/src/x16-transposec/gen/x16-transposec-1x4-scalar-int.c.o
  [3321/5650] Linking CXX shared library lib/libtorch.dylib
  [3322/5650] Building C object confu-deps/XNNPACK/CMakeFiles/microkernels-all.dir/src/x16-transposec/gen/x16-transposec-2x1-scalar-int.c.o
  [3323/5650] Building C object confu-deps/XNNPACK/CMakeFiles/microkernels-all.dir/src/x16-transposec/gen/x16-transposec-2x2-scalar-int.c.o
  [3324/5650] Building C object confu-deps/XNNPACK/CMakeFiles/microkernels-all.dir/src/x16-transposec/gen/x16-transposec-4x1-scalar-int.c.o
  [3325/5650] Building C object confu-deps/XNNPACK/CMakeFiles/microkernels-all.dir/src/x16-transposec/gen/x16-transposec-4x2-scalar-int.c.o
  [3326/5650] Building C object confu-deps/XNNPACK/CMakeFiles/microkernels-all.dir/src/x16-transposec/gen/x16-transposec-4x4-scalar-int.c.o
  [3327/5650] Building C object confu-deps/XNNPACK/CMakeFiles/microkernels-all.dir/src/x24-transposec/gen/x24-transposec-1x4-scalar.c.o
  [3328/5650] Building C object confu-deps/XNNPACK/CMakeFiles/microkernels-all.dir/src/x24-transposec/gen/x24-transposec-2x1-scalar.c.o
  [3329/5650] Building C object confu-deps/XNNPACK/CMakeFiles/microkernels-all.dir/src/x24-transposec/gen/x24-transposec-2x2-scalar.c.o
  [3330/5650] Building CXX object test_jit/CMakeFiles/backend_with_compiler.dir/__/__/__/torch/csrc/jit/mobile/profiler_edge.cpp.o
  [3331/5650] Building C object confu-deps/XNNPACK/CMakeFiles/microkernels-all.dir/src/x24-transposec/gen/x24-transposec-2x4-scalar.c.o
  [3332/5650] Building C object confu-deps/XNNPACK/CMakeFiles/microkernels-all.dir/src/x24-transposec/gen/x24-transposec-4x1-scalar.c.o
  [3333/5650] Building C object confu-deps/XNNPACK/CMakeFiles/microkernels-all.dir/src/x24-transposec/gen/x24-transposec-4x2-scalar.c.o
  [3334/5650] Building C object confu-deps/XNNPACK/CMakeFiles/microkernels-all.dir/src/x8-packw/gen/x8-packw-x16-gemm-goi-scalar-u4.c.o
  [3335/5650] Building C object confu-deps/XNNPACK/CMakeFiles/microkernels-all.dir/src/x32-packb/gen/x32-packb-2c1s1r-gemm-scalar-int.c.o
  [3336/5650] Building C object confu-deps/XNNPACK/CMakeFiles/microkernels-all.dir/src/x32-packb/gen/x32-packb-2c1s1r-gemm-scalar-float.c.o
  [3337/5650] Building C object confu-deps/XNNPACK/CMakeFiles/microkernels-all.dir/src/x32-packb/gen/x32-packb-2c2s1r-gemm-scalar-float.c.o
  [3338/5650] Building C object confu-deps/XNNPACK/CMakeFiles/microkernels-all.dir/src/x24-transposec/gen/x24-transposec-4x4-scalar.c.o
  [3339/5650] Building C object confu-deps/XNNPACK/CMakeFiles/microkernels-all.dir/src/x32-packb/gen/x32-packb-4c1s1r-gemm-scalar-float.c.o
  [3340/5650] Building C object confu-deps/XNNPACK/CMakeFiles/microkernels-all.dir/src/x32-packb/gen/x32-packb-2c2s1r-gemm-scalar-int.c.o
  [3341/5650] Building CXX object test_jit/CMakeFiles/backend_with_compiler.dir/test_backend_compiler_preprocess.cpp.o
  [3342/5650] Building C object confu-deps/XNNPACK/CMakeFiles/microkernels-all.dir/src/x32-packb/gen/x32-packb-4c4s1r-gemm-scalar-float.c.o
  [3343/5650] Building C object confu-deps/XNNPACK/CMakeFiles/microkernels-all.dir/src/x32-packb/gen/x32-packb-4c4s1r-gemm-scalar-int.c.o
  [3344/5650] Building C object confu-deps/XNNPACK/CMakeFiles/microkernels-all.dir/src/x32-packw/gen/x32-packw-x2-gemm-goi-scalar-int-u4.c.o
  [3345/5650] Building C object confu-deps/XNNPACK/CMakeFiles/microkernels-all.dir/src/x32-packb/gen/x32-packb-4c1s1r-gemm-scalar-int.c.o
  [3346/5650] Building C object confu-deps/XNNPACK/CMakeFiles/microkernels-all.dir/src/x32-packw/gen/x32-packw-x3-gemm-goi-scalar-float-u4.c.o
  [3347/5650] Building C object confu-deps/XNNPACK/CMakeFiles/microkernels-all.dir/src/x16-packw/gen/x16-packw-x16-gemm-goi-scalar-int-u4.c.o
  [3348/5650] Building C object confu-deps/XNNPACK/CMakeFiles/microkernels-all.dir/src/x32-packw/gen/x32-packw-x3-gemm-goi-scalar-int-u4.c.o
  [3349/5650] Building C object confu-deps/XNNPACK/CMakeFiles/microkernels-all.dir/src/x32-packw/gen/x32-packw-x4-gemm-gio-scalar.c.o
  [3350/5650] Building C object confu-deps/XNNPACK/CMakeFiles/microkernels-all.dir/src/x32-packw/gen/x32-packw-x8-gemm-gio-scalar.c.o
  [3351/5650] Building C object confu-deps/XNNPACK/CMakeFiles/microkernels-all.dir/src/x32-packw/gen/x32-packw-x16-gemm-gio-scalar.c.o
  [3352/5650] Building C object confu-deps/XNNPACK/CMakeFiles/microkernels-all.dir/src/x32-packw/gen/x32-packw-x4-gemm-goi-scalar-int-u4.c.o
  [3353/5650] Building C object confu-deps/XNNPACK/CMakeFiles/microkernels-all.dir/src/x32-packw/gen/x32-packw-x8-gemm-goi-scalar-float-u4.c.o
  [3354/5650] Building C object confu-deps/XNNPACK/CMakeFiles/microkernels-all.dir/src/x32-packx/x32-packx-2x-scalar.c.o
  [3355/5650] Building C object confu-deps/XNNPACK/CMakeFiles/microkernels-all.dir/src/x32-packw/gen/x32-packw-x8-gemm-goi-scalar-int-u4.c.o
  [3356/5650] Building C object confu-deps/XNNPACK/CMakeFiles/microkernels-all.dir/src/x32-packx/x32-packx-3x-scalar.c.o
  [3357/5650] Building C object confu-deps/XNNPACK/CMakeFiles/microkernels-all.dir/src/x32-packx/x32-packx-4x-scalar.c.o
  [3358/5650] Building C object confu-deps/XNNPACK/CMakeFiles/microkernels-all.dir/src/x8-packw/gen/x8-packw-x32-gemm-goi-scalar-u4.c.o
  [3359/5650] Building C object confu-deps/XNNPACK/CMakeFiles/microkernels-all.dir/src/x32-transposec/gen/x32-transposec-1x2-scalar-float.c.o
  [3360/5650] Building C object confu-deps/XNNPACK/CMakeFiles/microkernels-all.dir/src/x32-transposec/gen/x32-transposec-1x2-scalar-int.c.o
  [3361/5650] Building C object confu-deps/XNNPACK/CMakeFiles/microkernels-all.dir/src/x32-transposec/gen/x32-transposec-1x4-scalar-float.c.o
  [3362/5650] Building C object confu-deps/XNNPACK/CMakeFiles/microkernels-all.dir/src/x32-transposec/gen/x32-transposec-1x4-scalar-int.c.o
  [3363/5650] Building C object confu-deps/XNNPACK/CMakeFiles/microkernels-all.dir/src/x32-transposec/gen/x32-transposec-2x1-scalar-float.c.o
  [3364/5650] Building C object confu-deps/XNNPACK/CMakeFiles/microkernels-all.dir/src/x32-transposec/gen/x32-transposec-2x1-scalar-int.c.o
  [3365/5650] Building C object confu-deps/XNNPACK/CMakeFiles/microkernels-all.dir/src/x32-transposec/gen/x32-transposec-2x2-scalar-float.c.o
  [3366/5650] Building C object confu-deps/XNNPACK/CMakeFiles/microkernels-all.dir/src/x32-packw/gen/x32-packw-x32-gemm-gio-scalar.c.o
  [3367/5650] Building C object confu-deps/XNNPACK/CMakeFiles/microkernels-all.dir/src/x32-transposec/gen/x32-transposec-2x2-scalar-int.c.o
  [3368/5650] Building C object confu-deps/XNNPACK/CMakeFiles/microkernels-all.dir/src/x32-transposec/gen/x32-transposec-2x4-scalar-float.c.o
  [3369/5650] Building C object confu-deps/XNNPACK/CMakeFiles/microkernels-all.dir/src/x32-transposec/gen/x32-transposec-4x1-scalar-float.c.o
  [3370/5650] Building C object confu-deps/XNNPACK/CMakeFiles/microkernels-all.dir/src/x32-transposec/gen/x32-transposec-4x1-scalar-int.c.o
  [3371/5650] Building C object confu-deps/XNNPACK/CMakeFiles/microkernels-all.dir/src/x16-packw/gen/x16-packw-x32-gemm-goi-scalar-int-u4.c.o
  [3372/5650] Building C object confu-deps/XNNPACK/CMakeFiles/microkernels-all.dir/src/x32-transposec/gen/x32-transposec-4x2-scalar-float.c.o
  [3373/5650] Building C object confu-deps/XNNPACK/CMakeFiles/microkernels-all.dir/src/x32-transposec/gen/x32-transposec-4x2-scalar-int.c.o
  [3374/5650] Building C object confu-deps/XNNPACK/CMakeFiles/microkernels-all.dir/src/x32-transposec/gen/x32-transposec-4x4-scalar-float.c.o
  [3375/5650] Building C object confu-deps/XNNPACK/CMakeFiles/microkernels-all.dir/src/x32-transposec/gen/x32-transposec-4x4-scalar-int.c.o
  [3376/5650] Building C object confu-deps/XNNPACK/CMakeFiles/microkernels-all.dir/src/x32-zerob/gen/x32-zerob-2c1s1r-gemm-scalar-float.c.o
  [3377/5650] Building C object confu-deps/XNNPACK/CMakeFiles/microkernels-all.dir/src/x32-zerob/gen/x32-zerob-2c1s1r-gemm-scalar-int.c.o
  [3378/5650] Building C object confu-deps/XNNPACK/CMakeFiles/microkernels-all.dir/src/x32-zerob/gen/x32-zerob-2c2s1r-gemm-scalar-float.c.o
  [3379/5650] Building C object confu-deps/XNNPACK/CMakeFiles/microkernels-all.dir/src/x32-zerob/gen/x32-zerob-2c2s1r-gemm-scalar-int.c.o
  [3380/5650] Building C object confu-deps/XNNPACK/CMakeFiles/microkernels-all.dir/src/x32-zerob/gen/x32-zerob-4c1s1r-gemm-scalar-float.c.o
  [3381/5650] Building C object confu-deps/XNNPACK/CMakeFiles/microkernels-all.dir/src/x32-zerob/gen/x32-zerob-4c1s1r-gemm-scalar-int.c.o
  [3382/5650] Building C object confu-deps/XNNPACK/CMakeFiles/microkernels-all.dir/src/x32-zerob/gen/x32-zerob-4c4s1r-gemm-scalar-float.c.o
  [3383/5650] Building C object confu-deps/XNNPACK/CMakeFiles/microkernels-all.dir/src/x64-transposec/gen/x64-transposec-1x2-scalar-float.c.o
  [3384/5650] Building C object confu-deps/XNNPACK/CMakeFiles/microkernels-all.dir/src/x32-zerob/gen/x32-zerob-4c4s1r-gemm-scalar-int.c.o
  [3385/5650] Building C object confu-deps/XNNPACK/CMakeFiles/microkernels-all.dir/src/x64-transposec/gen/x64-transposec-2x1-scalar-float.c.o
  [3386/5650] Building C object confu-deps/XNNPACK/CMakeFiles/microkernels-all.dir/src/x64-transposec/gen/x64-transposec-2x1-scalar-int.c.o
  [3387/5650] Building C object confu-deps/XNNPACK/CMakeFiles/microkernels-all.dir/src/x64-transposec/gen/x64-transposec-1x2-scalar-int.c.o
  [3388/5650] Building C object confu-deps/XNNPACK/CMakeFiles/microkernels-all.dir/src/x64-transposec/gen/x64-transposec-2x2-scalar-float.c.o
  [3389/5650] Building C object confu-deps/XNNPACK/CMakeFiles/microkernels-all.dir/src/x64-transposec/gen/x64-transposec-2x2-scalar-int.c.o
  [3390/5650] Building C object confu-deps/XNNPACK/CMakeFiles/microkernels-all.dir/src/x64-transposec/gen/x64-transposec-4x1-scalar-float.c.o
  [3391/5650] Building C object confu-deps/XNNPACK/CMakeFiles/microkernels-all.dir/src/x64-transposec/gen/x64-transposec-4x1-scalar-int.c.o
  [3392/5650] Building C object confu-deps/XNNPACK/CMakeFiles/microkernels-all.dir/src/x32-packw/gen/x32-packw-x16-gemm-goi-scalar-float-u4.c.o
  [3393/5650] Building C object confu-deps/XNNPACK/CMakeFiles/microkernels-all.dir/src/x64-transposec/gen/x64-transposec-4x2-scalar-float.c.o
  [3394/5650] Building C object confu-deps/XNNPACK/CMakeFiles/microkernels-all.dir/src/x32-packw/gen/x32-packw-x16-gemm-goi-scalar-int-u4.c.o
  [3395/5650] Building C object confu-deps/XNNPACK/CMakeFiles/microkernels-all.dir/src/f16-f32-vcvt/gen/f16-f32-vcvt-neon-int16-u8.c.o
  [3396/5650] Building C object confu-deps/XNNPACK/CMakeFiles/microkernels-all.dir/src/f16-f32-vcvt/gen/f16-f32-vcvt-neon-int32-u8.c.o
  [3397/5650] Building C object confu-deps/XNNPACK/CMakeFiles/microkernels-all.dir/src/f16-f32-vcvt/gen/f16-f32-vcvt-neon-int16-u32.c.o
  [3398/5650] Building C object confu-deps/XNNPACK/CMakeFiles/microkernels-all.dir/src/f16-f32-vcvt/gen/f16-f32-vcvt-neon-int32-u16.c.o
  [3399/5650] Building C object confu-deps/XNNPACK/CMakeFiles/microkernels-all.dir/src/f16-f32-vcvt/gen/f16-f32-vcvt-neon-int16-u24.c.o
  [3400/5650] Building CXX object test_jit/CMakeFiles/jitbackend_test.dir/test_backend_lib.cpp.o
  [3401/5650] Building C object confu-deps/XNNPACK/CMakeFiles/microkernels-all.dir/src/f32-conv-hwc/gen/f32-conv-hwc-3x3s2p0p1c3x4-neon-2x1.c.o
  [3402/5650] Building C object confu-deps/XNNPACK/CMakeFiles/microkernels-all.dir/src/f16-f32-vcvt/gen/f16-f32-vcvt-neon-int32-u24.c.o
  [3403/5650] Building C object confu-deps/XNNPACK/CMakeFiles/microkernels-all.dir/src/f16-f32-vcvt/gen/f16-f32-vcvt-neon-int32-u32.c.o
  [3404/5650] Building C object confu-deps/XNNPACK/CMakeFiles/microkernels-all.dir/src/f32-conv-hwc/gen/f32-conv-hwc-3x3s2p1c3x4-neon-2x1.c.o
  [3405/5650] Building C object confu-deps/XNNPACK/CMakeFiles/microkernels-all.dir/src/f32-conv-hwc/gen/f32-conv-hwc-3x3s2p0p1c3x4-neon-2x2.c.o
  [3406/5650] Building C object confu-deps/XNNPACK/CMakeFiles/microkernels-all.dir/src/f32-conv-hwc/gen/f32-conv-hwc-3x3s2p0p1c3x8-neon-2x1.c.o
  [3407/5650] Building C object confu-deps/XNNPACK/CMakeFiles/microkernels-all.dir/src/f32-conv-hwc/gen/f32-conv-hwc-3x3s2p1c3x8-neon-2x1.c.o
  [3408/5650] Building C object confu-deps/XNNPACK/CMakeFiles/microkernels-all.dir/src/f32-dwconv/gen/f32-dwconv-3p4c-minmax-neon.c.o
  [3409/5650] Building C object confu-deps/XNNPACK/CMakeFiles/microkernels-all.dir/src/f32-conv-hwc/gen/f32-conv-hwc-3x3s2p0p1c3x8-neon-2x2.c.o
  [3410/5650] Building C object confu-deps/XNNPACK/CMakeFiles/microkernels-all.dir/src/f32-conv-hwc/gen/f32-conv-hwc-3x3s2p1c3x4-neon-2x2.c.o
  [3411/5650] Building C object confu-deps/XNNPACK/CMakeFiles/microkernels-all.dir/src/f32-dwconv/gen/f32-dwconv-3p4c-minmax-neon-acc2.c.o
  [3412/5650] Building C object confu-deps/XNNPACK/CMakeFiles/microkernels-all.dir/src/f32-dwconv/gen/f32-dwconv-3p16c-minmax-neon-acc2.c.o
  [3413/5650] Building C object confu-deps/XNNPACK/CMakeFiles/microkernels-all.dir/src/f32-dwconv/gen/f32-dwconv-3p8c-minmax-neon-acc2.c.o
  [3414/5650] Building C object confu-deps/XNNPACK/CMakeFiles/microkernels-all.dir/src/f32-conv-hwc/gen/f32-conv-hwc-3x3s2p1c3x8-neon-2x2.c.o
  [3415/5650] Building CXX object test_jit/CMakeFiles/backend_with_compiler.dir/test_backend_compiler_lib.cpp.o
  [3416/5650] Building C object confu-deps/XNNPACK/CMakeFiles/microkernels-all.dir/src/f32-dwconv/gen/f32-dwconv-3p16c-minmax-neon.c.o
  [3417/5650] Building C object confu-deps/XNNPACK/CMakeFiles/microkernels-all.dir/src/f32-dwconv/gen/f32-dwconv-4p4c-minmax-neon-acc2.c.o
  [3418/5650] Building C object confu-deps/XNNPACK/CMakeFiles/microkernels-all.dir/src/f32-dwconv/gen/f32-dwconv-4p4c-minmax-neon.c.o
  [3419/5650] Building C object confu-deps/XNNPACK/CMakeFiles/microkernels-all.dir/src/f32-dwconv/gen/f32-dwconv-4p16c-minmax-neon-acc2.c.o
  [3420/5650] Building C object confu-deps/XNNPACK/CMakeFiles/microkernels-all.dir/src/f32-dwconv/gen/f32-dwconv-5f5m5l4c4s4r-minmax-neon-acc2.c.o
  [3421/5650] Building C object confu-deps/XNNPACK/CMakeFiles/microkernels-all.dir/src/f32-dwconv/gen/f32-dwconv-4p8c-minmax-neon-acc2.c.o
  [3422/5650] Building C object confu-deps/XNNPACK/CMakeFiles/microkernels-all.dir/src/f32-dwconv/gen/f32-dwconv-4p16c-minmax-neon.c.o
  [3423/5650] Building C object confu-deps/XNNPACK/CMakeFiles/microkernels-all.dir/src/f32-dwconv/gen/f32-dwconv-5f5m5l4c4s4r-minmax-neon.c.o
  [3424/5650] Building C object confu-deps/XNNPACK/CMakeFiles/microkernels-all.dir/src/f32-dwconv/gen/f32-dwconv-5f5m5l8c4s4r-minmax-neon-acc2.c.o
  [3425/5650] Building C object confu-deps/XNNPACK/CMakeFiles/microkernels-all.dir/src/f32-dwconv/gen/f32-dwconv-5f5m5l8c4s4r-minmax-neon.c.o
  [3426/5650] Building C object confu-deps/XNNPACK/CMakeFiles/microkernels-all.dir/src/f32-dwconv/gen/f32-dwconv-6f6m7l4c4s4r-minmax-neon.c.o
  [3427/5650] Building C object confu-deps/XNNPACK/CMakeFiles/microkernels-all.dir/src/f32-dwconv/gen/f32-dwconv-6f6m7l8c4s4r-minmax-neon-acc2.c.o
  [3428/5650] Building C object confu-deps/XNNPACK/CMakeFiles/microkernels-all.dir/src/f32-dwconv/gen/f32-dwconv-6f6m7l4c4s4r-minmax-neon-acc2.c.o
  [3429/5650] Building C object confu-deps/XNNPACK/CMakeFiles/microkernels-all.dir/src/f32-dwconv/gen/f32-dwconv-9p4c-minmax-neon-acc2.c.o
  [3430/5650] Building C object confu-deps/XNNPACK/CMakeFiles/microkernels-all.dir/src/f32-dwconv/gen/f32-dwconv-8f8m9l4c4s4r-minmax-neon.c.o
  [3431/5650] Building C object confu-deps/XNNPACK/CMakeFiles/microkernels-all.dir/src/f32-dwconv/gen/f32-dwconv-8f8m9l8c4s4r-minmax-neon.c.o
  [3432/5650] Building C object confu-deps/XNNPACK/CMakeFiles/microkernels-all.dir/src/f32-dwconv/gen/f32-dwconv-8f8m9l8c4s4r-minmax-neon-acc2.c.o
  [3433/5650] Building C object confu-deps/XNNPACK/CMakeFiles/microkernels-all.dir/src/f32-dwconv/gen/f32-dwconv-9p4c-minmax-neon.c.o
  [3434/5650] Building C object confu-deps/XNNPACK/CMakeFiles/microkernels-all.dir/src/f32-dwconv/gen/f32-dwconv-9p16c-minmax-neon-acc2.c.o
  [3435/5650] Building C object confu-deps/XNNPACK/CMakeFiles/microkernels-all.dir/src/f32-dwconv/gen/f32-dwconv-6f6m7l8c4s4r-minmax-neon.c.o
  [3436/5650] Building C object confu-deps/XNNPACK/CMakeFiles/microkernels-all.dir/src/f32-dwconv/gen/f32-dwconv-9p8c-minmax-neon-acc2.c.o
  [3437/5650] Building C object confu-deps/XNNPACK/CMakeFiles/microkernels-all.dir/src/f32-dwconv/gen/f32-dwconv-25p4c-minmax-neon-acc2.c.o
  [3438/5650] Building C object confu-deps/XNNPACK/CMakeFiles/microkernels-all.dir/src/f32-dwconv/gen/f32-dwconv-25p8c-minmax-neon.c.o
  [3439/5650] Building C object confu-deps/XNNPACK/CMakeFiles/microkernels-all.dir/src/f32-dwconv2d-chw/gen/f32-dwconv2d-chw-3x3p1-minmax-neon-1x4-acc2.c.o
  [3440/5650] Building C object confu-deps/XNNPACK/CMakeFiles/microkernels-all.dir/src/f32-dwconv/gen/f32-dwconv-25p4c-minmax-neon.c.o
  [3441/5650] Building C object confu-deps/XNNPACK/CMakeFiles/microkernels-all.dir/src/f32-dwconv2d-chw/gen/f32-dwconv2d-chw-3x3p1-minmax-neon-1x4-acc4.c.o
  [3442/5650] Building C object confu-deps/XNNPACK/CMakeFiles/microkernels-all.dir/src/f32-dwconv/gen/f32-dwconv-9p16c-minmax-neon.c.o
  [3443/5650] Building C object confu-deps/XNNPACK/CMakeFiles/microkernels-all.dir/src/f32-dwconv2d-chw/gen/f32-dwconv2d-chw-3x3p1-minmax-neon-1x4-acc3.c.o
  [3444/5650] Building C object confu-deps/XNNPACK/CMakeFiles/microkernels-all.dir/src/f32-dwconv2d-chw/gen/f32-dwconv2d-chw-3x3p1-minmax-neon-1x4.c.o
  [3445/5650] Building C object confu-deps/XNNPACK/CMakeFiles/microkernels-all.dir/src/f32-dwconv2d-chw/gen/f32-dwconv2d-chw-3x3p1-minmax-neon-3x4.c.o
  [3446/5650] Building C object confu-deps/XNNPACK/CMakeFiles/microkernels-all.dir/src/f32-dwconv2d-chw/gen/f32-dwconv2d-chw-3x3p1-minmax-neon-2x4-acc2.c.o
  [3447/5650] Building C object confu-deps/XNNPACK/CMakeFiles/microkernels-all.dir/src/f32-dwconv/gen/f32-dwconv-25p16c-minmax-neon.c.o
  [3448/5650] Building C object confu-deps/XNNPACK/CMakeFiles/microkernels-all.dir/src/f32-dwconv/gen/f32-dwconv-25p16c-minmax-neon-acc2.c.o
  [3449/5650] Building C object confu-deps/XNNPACK/CMakeFiles/microkernels-all.dir/src/f32-dwconv2d-chw/gen/f32-dwconv2d-chw-3x3p1-minmax-neon-4x4.c.o
  [3450/5650] Building C object confu-deps/XNNPACK/CMakeFiles/microkernels-all.dir/src/f32-dwconv2d-chw/gen/f32-dwconv2d-chw-3x3s2p1-minmax-neon-1x4-acc3.c.o
  [3451/5650] Building C object confu-deps/XNNPACK/CMakeFiles/microkernels-all.dir/src/f32-dwconv2d-chw/gen/f32-dwconv2d-chw-3x3s2p1-minmax-neon-1x4-acc4.c.o
  [3452/5650] Building C object confu-deps/XNNPACK/CMakeFiles/microkernels-all.dir/src/f32-dwconv2d-chw/gen/f32-dwconv2d-chw-3x3s2p1-minmax-neon-2x4-acc2.c.o
  [3453/5650] Building C object confu-deps/XNNPACK/CMakeFiles/microkernels-all.dir/src/f32-dwconv2d-chw/gen/f32-dwconv2d-chw-3x3s2p1-minmax-neon-1x4-acc2.c.o
  [3454/5650] Building C object confu-deps/XNNPACK/CMakeFiles/microkernels-all.dir/src/f32-dwconv2d-chw/gen/f32-dwconv2d-chw-3x3s2p1-minmax-neon-2x4.c.o
  [3455/5650] Building C object confu-deps/XNNPACK/CMakeFiles/microkernels-all.dir/src/f32-dwconv2d-chw/gen/f32-dwconv2d-chw-3x3p1-minmax-neon-5x4.c.o
  [3456/5650] Building C object confu-deps/XNNPACK/CMakeFiles/microkernels-all.dir/src/f32-dwconv2d-chw/gen/f32-dwconv2d-chw-3x3p1-minmax-neon-6x4.c.o
  [3457/5650] Building C object confu-deps/XNNPACK/CMakeFiles/microkernels-all.dir/src/f32-dwconv2d-chw/gen/f32-dwconv2d-chw-3x3s2p1-minmax-neon-3x4.c.o
  [3458/5650] Building C object confu-deps/XNNPACK/CMakeFiles/microkernels-all.dir/src/f32-dwconv2d-chw/gen/f32-dwconv2d-chw-3x3s2p1-minmax-neon-4x4.c.o
  [3459/5650] Building C object confu-deps/XNNPACK/CMakeFiles/microkernels-all.dir/src/f32-dwconv2d-chw/gen/f32-dwconv2d-chw-5x5p2-minmax-neon-1x4-acc4.c.o
  [3460/5650] Building C object confu-deps/XNNPACK/CMakeFiles/microkernels-all.dir/src/f32-dwconv2d-chw/gen/f32-dwconv2d-chw-5x5p2-minmax-neon-1x4-acc2.c.o
  [3461/5650] Building C object confu-deps/XNNPACK/CMakeFiles/microkernels-all.dir/src/f32-dwconv2d-chw/gen/f32-dwconv2d-chw-5x5p2-minmax-neon-1x4-acc5.c.o
  [3462/5650] Building C object confu-deps/XNNPACK/CMakeFiles/microkernels-all.dir/src/f32-dwconv2d-chw/gen/f32-dwconv2d-chw-5x5p2-minmax-neon-1x4-acc3.c.o
  [3463/5650] Building C object confu-deps/XNNPACK/CMakeFiles/microkernels-all.dir/src/f32-dwconv2d-chw/gen/f32-dwconv2d-chw-5x5p2-minmax-neon-2x4.c.o
  [3464/5650] Building C object confu-deps/XNNPACK/CMakeFiles/microkernels-all.dir/src/f32-dwconv2d-chw/gen/f32-dwconv2d-chw-5x5p2-minmax-neon-2x4-acc2.c.o
  [3465/5650] Building C object confu-deps/XNNPACK/CMakeFiles/microkernels-all.dir/src/f32-dwconv2d-chw/gen/f32-dwconv2d-chw-5x5p2-minmax-neon-2x4-acc3.c.o
  [3466/5650] Building C object confu-deps/XNNPACK/CMakeFiles/microkernels-all.dir/src/f32-dwconv2d-chw/gen/f32-dwconv2d-chw-5x5p2-minmax-neon-3x4-acc2.c.o
  [3467/5650] Building C object confu-deps/XNNPACK/CMakeFiles/microkernels-all.dir/src/f32-dwconv2d-chw/gen/f32-dwconv2d-chw-5x5p2-minmax-neon-4x4-acc2.c.o
  [3468/5650] Building C object confu-deps/XNNPACK/CMakeFiles/microkernels-all.dir/src/f32-dwconv2d-chw/gen/f32-dwconv2d-chw-5x5s2p2-minmax-neon-1x4-acc2.c.o
  [3469/5650] Building C object confu-deps/XNNPACK/CMakeFiles/microkernels-all.dir/src/f32-dwconv2d-chw/gen/f32-dwconv2d-chw-5x5s2p2-minmax-neon-1x4-acc4.c.o
  [3470/5650] Building C object confu-deps/XNNPACK/CMakeFiles/microkernels-all.dir/src/f32-dwconv2d-chw/gen/f32-dwconv2d-chw-5x5s2p2-minmax-neon-1x4-acc5.c.o
  [3471/5650] Building C object confu-deps/XNNPACK/CMakeFiles/microkernels-all.dir/src/f32-dwconv2d-chw/gen/f32-dwconv2d-chw-5x5p2-minmax-neon-4x4.c.o
  [3472/5650] Building C object confu-deps/XNNPACK/CMakeFiles/microkernels-all.dir/src/f32-dwconv2d-chw/gen/f32-dwconv2d-chw-5x5s2p2-minmax-neon-1x4-acc3.c.o
  [3473/5650] Building C object confu-deps/XNNPACK/CMakeFiles/microkernels-all.dir/src/f32-dwconv2d-chw/gen/f32-dwconv2d-chw-5x5p2-minmax-neon-3x4.c.o
  [3474/5650] Building C object confu-deps/XNNPACK/CMakeFiles/microkernels-all.dir/src/f32-dwconv2d-chw/gen/f32-dwconv2d-chw-5x5p2-minmax-neon-5x4.c.o
  [3475/5650] Building C object confu-deps/XNNPACK/CMakeFiles/microkernels-all.dir/src/f32-dwconv2d-chw/gen/f32-dwconv2d-chw-5x5s2p2-minmax-neon-2x4-acc3.c.o
  [3476/5650] Building C object confu-deps/XNNPACK/CMakeFiles/microkernels-all.dir/src/f32-f16-vcvt/gen/f32-f16-vcvt-neon-u16.c.o
  [3477/5650] Building C object confu-deps/XNNPACK/CMakeFiles/microkernels-all.dir/src/f32-dwconv2d-chw/gen/f32-dwconv2d-chw-5x5s2p2-minmax-neon-2x4-acc2.c.o
  [3478/5650] Building C object confu-deps/XNNPACK/CMakeFiles/microkernels-all.dir/src/f32-f16-vcvt/gen/f32-f16-vcvt-neon-u32.c.o
  [3479/5650] Building C object confu-deps/XNNPACK/CMakeFiles/microkernels-all.dir/src/f32-f16-vcvt/gen/f32-f16-vcvt-neon-u24.c.o
  [3480/5650] Building C object confu-deps/XNNPACK/CMakeFiles/microkernels-all.dir/src/f32-gemm/gen/f32-gemm-1x8-minmax-neon-lane-ld128.c.o
  [3481/5650] Building C object confu-deps/XNNPACK/CMakeFiles/microkernels-all.dir/src/f32-dwconv2d-chw/gen/f32-dwconv2d-chw-5x5s2p2-minmax-neon-2x4.c.o
  [3482/5650] Building C object confu-deps/XNNPACK/CMakeFiles/microkernels-all.dir/src/f32-dwconv2d-chw/gen/f32-dwconv2d-chw-5x5s2p2-minmax-neon-3x4.c.o
  [3483/5650] Building C object confu-deps/XNNPACK/CMakeFiles/microkernels-all.dir/src/f32-dwconv2d-chw/gen/f32-dwconv2d-chw-5x5s2p2-minmax-neon-3x4-acc2.c.o
  [3484/5650] Building C object confu-deps/XNNPACK/CMakeFiles/microkernels-all.dir/src/f32-gemm/gen/f32-gemm-1x8s4-minmax-neon.c.o
  [3485/5650] Building C object confu-deps/XNNPACK/CMakeFiles/microkernels-all.dir/src/f32-gemm/gen/f32-gemm-1x8-minmax-neon-dup-ld64.c.o
  [3486/5650] Building C object confu-deps/XNNPACK/CMakeFiles/microkernels-all.dir/src/f32-gemm/gen/f32-gemm-2x16-minmax-neon-lane-ld128.c.o
  [3487/5650] Building C object confu-deps/XNNPACK/CMakeFiles/microkernels-all.dir/src/f32-gemm/gen/f32-gemm-4x8-minmax-neon-dup-ld64.c.o
  [3488/5650] Building C object confu-deps/XNNPACK/CMakeFiles/microkernels-all.dir/src/f32-gemm/gen/f32-gemm-4x8-minmax-neon-dup-ld128.c.o
  [3489/5650] Building C object confu-deps/XNNPACK/CMakeFiles/microkernels-all.dir/src/f32-gemm/gen/f32-gemm-1x16-minmax-neon-lane-ld128.c.o
  [3490/5650] Building C object confu-deps/XNNPACK/CMakeFiles/microkernels-all.dir/src/f32-gemm/gen/f32-gemm-3x16-minmax-neon-lane-ld128.c.o
  [3491/5650] Building C object confu-deps/XNNPACK/CMakeFiles/microkernels-all.dir/src/f32-gemm/gen/f32-gemm-6x2-minmax-neon-lane-ld64.c.o
  [3492/5650] Building C object confu-deps/XNNPACK/CMakeFiles/microkernels-all.dir/src/f32-gemm/gen/f32-gemm-4x8-minmax-neon-lane-ld64.c.o
  [3493/5650] Building C object confu-deps/XNNPACK/CMakeFiles/microkernels-all.dir/src/f32-gemm/gen/f32-gemm-4x8s4-minmax-neon.c.o
  [3494/5650] Building C object confu-deps/XNNPACK/CMakeFiles/microkernels-all.dir/src/f32-gemm/gen/f32-gemm-5x8-minmax-neon-lane-ld64.c.o
  [3495/5650] Building C object confu-deps/XNNPACK/CMakeFiles/microkernels-all.dir/src/f32-gemm/gen/f32-gemm-5x16-minmax-neon-lane-ld128.c.o
  [3496/5650] Building C object confu-deps/XNNPACK/CMakeFiles/microkernels-all.dir/src/f32-gemm/gen/f32-gemm-6x8-minmax-neon-dup-ld128.c.o
  [3497/5650] Building C object confu-deps/XNNPACK/CMakeFiles/microkernels-all.dir/src/f32-gemm/gen/f32-gemm-6x8-minmax-neon-lane-ld128.c.o
  [3498/5650] Building C object confu-deps/XNNPACK/CMakeFiles/microkernels-all.dir/src/f32-gemm/gen/f32-gemm-6x8s4-minmax-neon.c.o
  [3499/5650] Building C object confu-deps/XNNPACK/CMakeFiles/microkernels-all.dir/src/f32-gemm/gen/f32-gemm-4x16-minmax-neon-lane-ld128.c.o
  [3500/5650] Building C object confu-deps/XNNPACK/CMakeFiles/microkernels-all.dir/src/f32-gemm/gen/f32-gemm-6x8-minmax-neon-dup-ld64.c.o
  [3501/5650] Building C object confu-deps/XNNPACK/CMakeFiles/microkernels-all.dir/src/f32-gemm/gen/f32-gemm-6x16-minmax-neon-lane-ld128.c.o
  [3502/5650] Building C object confu-deps/XNNPACK/CMakeFiles/microkernels-all.dir/src/f32-gemm/gen/f32-gemm-6x8-minmax-neon-lane-ld64.c.o
  [3503/5650] Building C object confu-deps/XNNPACK/CMakeFiles/microkernels-all.dir/src/f32-gemminc/gen/f32-gemminc-1x8-minmax-neon-lane-ld128.c.o
  [3504/5650] Building C object confu-deps/XNNPACK/CMakeFiles/microkernels-all.dir/src/f32-gemm/gen/f32-gemm-8x8s4-minmax-neon.c.o
  [3505/5650] Building C object confu-deps/XNNPACK/CMakeFiles/microkernels-all.dir/src/f32-gemminc/gen/f32-gemminc-1x8-minmax-neon-dup-ld64.c.o
  [3506/5650] Building C object confu-deps/XNNPACK/CMakeFiles/microkernels-all.dir/src/f32-gemminc/gen/f32-gemminc-1x8-minmax-neon-lane-ld64.c.o
  [3507/5650] Building C object confu-deps/XNNPACK/CMakeFiles/microkernels-all.dir/src/f32-gemminc/gen/f32-gemminc-1x8s4-minmax-neon.c.o
  [3508/5650] Building C object confu-deps/XNNPACK/CMakeFiles/microkernels-all.dir/src/f32-gemminc/gen/f32-gemminc-4x8-minmax-neon-dup-ld128.c.o
  [3509/5650] Building C object confu-deps/XNNPACK/CMakeFiles/microkernels-all.dir/src/f32-gemminc/gen/f32-gemminc-4x8-minmax-neon-lane-ld64.c.o
  [3510/5650] Building C object confu-deps/XNNPACK/CMakeFiles/microkernels-all.dir/src/f32-gemminc/gen/f32-gemminc-4x8-minmax-neon-lane-ld128.c.o
  [3511/5650] Building C object confu-deps/XNNPACK/CMakeFiles/microkernels-all.dir/src/f32-gemminc/gen/f32-gemminc-4x8s4-minmax-neon.c.o
  [3512/5650] Building C object confu-deps/XNNPACK/CMakeFiles/microkernels-all.dir/src/f32-gemminc/gen/f32-gemminc-5x8-minmax-neon-lane-ld64.c.o
  [3513/5650] Building C object confu-deps/XNNPACK/CMakeFiles/microkernels-all.dir/src/f32-gemminc/gen/f32-gemminc-6x8-minmax-neon-dup-ld128.c.o
  [3514/5650] Building C object confu-deps/XNNPACK/CMakeFiles/microkernels-all.dir/src/f32-gemminc/gen/f32-gemminc-6x8-minmax-neon-lane-ld64.c.o
  [3515/5650] Building C object confu-deps/XNNPACK/CMakeFiles/microkernels-all.dir/src/f32-gemminc/gen/f32-gemminc-4x8-minmax-neon-dup-ld64.c.o
  [3516/5650] Building C object confu-deps/XNNPACK/CMakeFiles/microkernels-all.dir/src/f32-ibilinear-chw/gen/f32-ibilinear-chw-neon-p16.c.o
  [3517/5650] Building C object confu-deps/XNNPACK/CMakeFiles/microkernels-all.dir/src/f32-gemminc/gen/f32-gemminc-6x8-minmax-neon-dup-ld64.c.o
  [3518/5650] Building C object confu-deps/XNNPACK/CMakeFiles/microkernels-all.dir/src/f32-gemminc/gen/f32-gemminc-8x8s4-minmax-neon.c.o
  [3519/5650] Building C object confu-deps/XNNPACK/CMakeFiles/microkernels-all.dir/src/f32-ibilinear/gen/f32-ibilinear-neon-c4.c.o
  [3520/5650] Building C object confu-deps/XNNPACK/CMakeFiles/microkernels-all.dir/src/f32-ibilinear-chw/gen/f32-ibilinear-chw-neon-p4.c.o
  [3521/5650] Building C object confu-deps/XNNPACK/CMakeFiles/microkernels-all.dir/src/f32-gemminc/gen/f32-gemminc-6x8-minmax-neon-lane-ld128.c.o
  [3522/5650] Building C object confu-deps/XNNPACK/CMakeFiles/microkernels-all.dir/src/f32-igemm/gen/f32-igemm-1x8-minmax-neon-dup-ld64.c.o
  [3523/5650] Building C object confu-deps/XNNPACK/CMakeFiles/microkernels-all.dir/src/f32-igemm/gen/f32-igemm-1x8-minmax-neon-lane-ld128.c.o
  [3524/5650] Building C object confu-deps/XNNPACK/CMakeFiles/microkernels-all.dir/src/f32-igemm/gen/f32-igemm-1x8s4-minmax-neon.c.o
  [3525/5650] Building C object confu-deps/XNNPACK/CMakeFiles/microkernels-all.dir/src/f32-gemminc/gen/f32-gemminc-6x8s4-minmax-neon.c.o
  [3526/5650] Building C object confu-deps/XNNPACK/CMakeFiles/microkernels-all.dir/src/f32-igemm/gen/f32-igemm-2x16-minmax-neon-lane-ld128.c.o
  [3527/5650] Building C object confu-deps/XNNPACK/CMakeFiles/microkernels-all.dir/src/f32-igemm/gen/f32-igemm-3x16-minmax-neon-lane-ld128.c.o
  [3528/5650] Building C object confu-deps/XNNPACK/CMakeFiles/microkernels-all.dir/src/f32-igemm/gen/f32-igemm-4x4-minmax-neon-lane-ld64.c.o
  [3529/5650] Building C object confu-deps/XNNPACK/CMakeFiles/microkernels-all.dir/src/f32-igemm/gen/f32-igemm-1x16-minmax-neon-lane-ld128.c.o
  [3530/5650] Building C object confu-deps/XNNPACK/CMakeFiles/microkernels-all.dir/src/f32-igemm/gen/f32-igemm-4x8-minmax-neon-dup-ld128.c.o
  [3531/5650] Building C object confu-deps/XNNPACK/CMakeFiles/microkernels-all.dir/src/f32-igemm/gen/f32-igemm-4x8-minmax-neon-lane-ld64.c.o
  [3532/5650] Building C object confu-deps/XNNPACK/CMakeFiles/microkernels-all.dir/src/f32-igemm/gen/f32-igemm-5x16-minmax-neon-lane-ld128.c.o
  [3533/5650] Building C object confu-deps/XNNPACK/CMakeFiles/microkernels-all.dir/src/f32-igemm/gen/f32-igemm-4x16-minmax-neon-lane-ld128.c.o
  [3534/5650] Building C object confu-deps/XNNPACK/CMakeFiles/microkernels-all.dir/src/f32-igemm/gen/f32-igemm-4x8s4-minmax-neon.c.o
  [3535/5650] Building C object confu-deps/XNNPACK/CMakeFiles/microkernels-all.dir/src/f32-igemm/gen/f32-igemm-6x2-minmax-neon-lane-ld64.c.o
  [3536/5650] Building C object confu-deps/XNNPACK/CMakeFiles/microkernels-all.dir/src/f32-igemm/gen/f32-igemm-4x8-minmax-neon-dup-ld64.c.o
  [3537/5650] Building C object confu-deps/XNNPACK/CMakeFiles/microkernels-all.dir/src/f32-igemm/gen/f32-igemm-6x8-minmax-neon-dup-ld64.c.o
  [3538/5650] Building C object confu-deps/XNNPACK/CMakeFiles/microkernels-all.dir/src/f32-igemm/gen/f32-igemm-6x8-minmax-neon-dup-ld128.c.o
  [3539/5650] Building C object confu-deps/XNNPACK/CMakeFiles/microkernels-all.dir/src/f32-igemm/gen/f32-igemm-6x8-minmax-neon-lane-ld64.c.o
  [3540/5650] Building C object confu-deps/XNNPACK/CMakeFiles/microkernels-all.dir/src/f32-igemm/gen/f32-igemm-6x16-minmax-neon-lane-ld128.c.o
  [3541/5650] Building C object confu-deps/XNNPACK/CMakeFiles/microkernels-all.dir/src/f32-igemm/gen/f32-igemm-6x8s4-minmax-neon.c.o
  [3542/5650] Building C object confu-deps/XNNPACK/CMakeFiles/microkernels-all.dir/src/f32-ppmm/gen/f32-ppmm-4x8-minmax-neon.c.o
  [3543/5650] Building C object confu-deps/XNNPACK/CMakeFiles/microkernels-all.dir/src/f32-ppmm/gen/f32-ppmm-4x8-minmax-neon-prfm.c.o
  [3544/5650] Building C object confu-deps/XNNPACK/CMakeFiles/microkernels-all.dir/src/f32-igemm/gen/f32-igemm-6x8-minmax-neon-lane-ld128.c.o
  [3545/5650] Building C object confu-deps/XNNPACK/CMakeFiles/microkernels-all.dir/src/f32-ppmm/gen/f32-ppmm-4x16-minmax-neon.c.o
  [3546/5650] Building C object confu-deps/XNNPACK/CMakeFiles/microkernels-all.dir/src/f32-ppmm/gen/f32-ppmm-4x16-minmax-neon-prfm.c.o
  [3547/5650] Building C object confu-deps/XNNPACK/CMakeFiles/microkernels-all.dir/src/f32-ppmm/gen/f32-ppmm-8x8-minmax-neon.c.o
  [3548/5650] Building C object confu-deps/XNNPACK/CMakeFiles/microkernels-all.dir/src/f32-ppmm/gen/f32-ppmm-8x8-minmax-neon-prfm.c.o
  [3549/5650] Building C object confu-deps/XNNPACK/CMakeFiles/microkernels-all.dir/src/f32-qc4w-gemm/gen/f32-qc4w-gemm-5x8-minmax-neon-lane-ld64.c.o
  [3550/5650] Building C object confu-deps/XNNPACK/CMakeFiles/microkernels-all.dir/src/f32-igemm/gen/f32-igemm-8x8s4-minmax-neon.c.o
  [3551/5650] Building C object confu-deps/XNNPACK/CMakeFiles/microkernels-all.dir/src/f32-qc4w-gemm/gen/f32-qc4w-gemm-6x8-minmax-neon-lane-ld64.c.o
  [3552/5650] Building C object confu-deps/XNNPACK/CMakeFiles/microkernels-all.dir/src/f32-qc4w-gemm/gen/f32-qc4w-gemm-4x8-minmax-neon-dup-ld64.c.o
  [3553/5650] Building C object confu-deps/XNNPACK/CMakeFiles/microkernels-all.dir/src/f32-qc8w-gemm/gen/f32-qc8w-gemm-1x8-minmax-neon-dup-ld64.c.o
  [3554/5650] Building C object confu-deps/XNNPACK/CMakeFiles/microkernels-all.dir/src/f32-qc4w-gemm/gen/f32-qc4w-gemm-6x8-minmax-neon-dup-ld64.c.o
  [3555/5650] Building C object confu-deps/XNNPACK/CMakeFiles/microkernels-all.dir/src/f32-qc4w-gemm/gen/f32-qc4w-gemm-1x8-minmax-neon-dup-ld64.c.o
  [3556/5650] Building C object confu-deps/XNNPACK/CMakeFiles/microkernels-all.dir/src/f32-qc8w-gemm/gen/f32-qc8w-gemm-4x2-minmax-neon-lane-ld64.c.o
  [3557/5650] Building C object confu-deps/XNNPACK/CMakeFiles/microkernels-all.dir/src/f32-qc8w-gemm/gen/f32-qc8w-gemm-5x8-minmax-neon-lane-ld64.c.o
  [3558/5650] Building C object confu-deps/XNNPACK/CMakeFiles/microkernels-all.dir/src/f32-qc8w-gemm/gen/f32-qc8w-gemm-6x2-minmax-neon-lane-ld64.c.o
  [3559/5650] Building C object confu-deps/XNNPACK/CMakeFiles/microkernels-all.dir/src/f32-qs8-vcvt/gen/f32-qs8-vcvt-neon-u8.c.o
  [3560/5650] Building C object confu-deps/XNNPACK/CMakeFiles/microkernels-all.dir/src/f32-qc8w-gemm/gen/f32-qc8w-gemm-4x8-minmax-neon-dup-ld64.c.o
  [3561/5650] Building C object confu-deps/XNNPACK/CMakeFiles/microkernels-all.dir/src/f32-qs8-vcvt/gen/f32-qs8-vcvt-neon-u24.c.o
  [3562/5650] Building C object confu-deps/XNNPACK/CMakeFiles/microkernels-all.dir/src/f32-qc8w-gemm/gen/f32-qc8w-gemm-6x8-minmax-neon-dup-ld64.c.o
  [3563/5650] Building C object confu-deps/XNNPACK/CMakeFiles/microkernels-all.dir/src/f32-qu8-vcvt/gen/f32-qu8-vcvt-neon-u16.c.o
  [3564/5650] Building C object confu-deps/XNNPACK/CMakeFiles/microkernels-all.dir/src/f32-qu8-vcvt/gen/f32-qu8-vcvt-neon-u8.c.o
  [3565/5650] Building C object confu-deps/XNNPACK/CMakeFiles/microkernels-all.dir/src/f32-qc8w-gemm/gen/f32-qc8w-gemm-6x8-minmax-neon-lane-ld64.c.o
  [3566/5650] Building C object confu-deps/XNNPACK/CMakeFiles/microkernels-all.dir/src/f32-qs8-vcvt/gen/f32-qs8-vcvt-neon-u16.c.o
  [3567/5650] Building C object confu-deps/XNNPACK/CMakeFiles/microkernels-all.dir/src/f32-raddstoreexpminusmax/gen/f32-raddstoreexpminusmax-neon-rr2-lut64-p2-u4.c.o
  [3568/5650] Building C object confu-deps/XNNPACK/CMakeFiles/microkernels-all.dir/src/f32-qu8-vcvt/gen/f32-qu8-vcvt-neon-u24.c.o
  [3569/5650] Building C object confu-deps/XNNPACK/CMakeFiles/microkernels-all.dir/src/f32-raddstoreexpminusmax/gen/f32-raddstoreexpminusmax-neon-rr2-lut64-p2-u8-acc2.c.o
  [3570/5650] Building C object confu-deps/XNNPACK/CMakeFiles/microkernels-all.dir/src/f32-raddstoreexpminusmax/gen/f32-raddstoreexpminusmax-neon-rr2-lut64-p2-u16-acc2.c.o
  [3571/5650] Building C object confu-deps/XNNPACK/CMakeFiles/microkernels-all.dir/src/f32-raddstoreexpminusmax/gen/f32-raddstoreexpminusmax-neon-rr2-p5-u8-acc2.c.o
  [3572/5650] Building C object confu-deps/XNNPACK/CMakeFiles/microkernels-all.dir/src/f32-raddstoreexpminusmax/gen/f32-raddstoreexpminusmax-neon-rr2-p5-u16-acc2.c.o
  [3573/5650] Building C object confu-deps/XNNPACK/CMakeFiles/microkernels-all.dir/src/f32-raddstoreexpminusmax/gen/f32-raddstoreexpminusmax-neon-rr2-p5-u4.c.o
  [3574/5650] Building C object confu-deps/XNNPACK/CMakeFiles/microkernels-all.dir/src/f32-raddstoreexpminusmax/gen/f32-raddstoreexpminusmax-neon-rr2-p5-u16-acc4.c.o
  [3575/5650] Building C object confu-deps/XNNPACK/CMakeFiles/microkernels-all.dir/src/f32-raddstoreexpminusmax/gen/f32-raddstoreexpminusmax-neon-rr2-lut64-p2-u16-acc4.c.o
  [3576/5650] Building C object confu-deps/XNNPACK/CMakeFiles/microkernels-all.dir/src/f32-rminmax/gen/f32-rmax-neon-u8-acc2.c.o
  [3577/5650] Building C object confu-deps/XNNPACK/CMakeFiles/microkernels-all.dir/src/f32-rminmax/gen/f32-rmax-neon-u4.c.o
  [3578/5650] Building C object confu-deps/XNNPACK/CMakeFiles/microkernels-all.dir/src/f32-rdsum/gen/f32-rdsum-7p7x-minmax-neon-c32.c.o
  [3579/5650] Building C object confu-deps/XNNPACK/CMakeFiles/microkernels-all.dir/src/f32-rminmax/gen/f32-rmax-neon-u12-acc3.c.o
  [3580/5650] Building C object confu-deps/XNNPACK/CMakeFiles/microkernels-all.dir/src/f32-rminmax/gen/f32-rmax-neon-u16-acc2.c.o
  [3581/5650] Building C object confu-deps/XNNPACK/CMakeFiles/microkernels-all.dir/src/f32-rdsum/gen/f32-rdsum-7p7x-minmax-neon-c64.c.o
  [3582/5650] Building C object confu-deps/XNNPACK/CMakeFiles/microkernels-all.dir/src/f32-rminmax/gen/f32-rmin-neon-u8-acc2.c.o
  [3583/5650] Building C object confu-deps/XNNPACK/CMakeFiles/microkernels-all.dir/src/f32-rminmax/gen/f32-rmin-neon-u4.c.o
  [3584/5650] Building C object confu-deps/XNNPACK/CMakeFiles/microkernels-all.dir/src/f32-rminmax/gen/f32-rminmax-neon-u4.c.o
  [3585/5650] Building C object confu-deps/XNNPACK/CMakeFiles/microkernels-all.dir/src/f32-rminmax/gen/f32-rmin-neon-u16-acc4.c.o
  [3586/5650] Building C object confu-deps/XNNPACK/CMakeFiles/microkernels-all.dir/src/f32-rminmax/gen/f32-rminmax-neon-u12-acc3.c.o
  [3587/5650] Building C object confu-deps/XNNPACK/CMakeFiles/microkernels-all.dir/src/f32-rminmax/gen/f32-rmin-neon-u12-acc3.c.o
  [3588/5650] Building C object confu-deps/XNNPACK/CMakeFiles/microkernels-all.dir/src/f32-rminmax/gen/f32-rmin-neon-u16-acc2.c.o
  [3589/5650] Building C object confu-deps/XNNPACK/CMakeFiles/microkernels-all.dir/src/f32-rsum/gen/f32-rsum-neon-u4.c.o
  [3590/5650] Building C object confu-deps/XNNPACK/CMakeFiles/microkernels-all.dir/src/f32-rsum/gen/f32-rsum-neon-u8-acc2.c.o
  [3591/5650] Building C object confu-deps/XNNPACK/CMakeFiles/microkernels-all.dir/src/f32-rminmax/gen/f32-rminmax-neon-u16-acc2.c.o
  [3592/5650] Building C object confu-deps/XNNPACK/CMakeFiles/microkernels-all.dir/src/f32-rsum/gen/f32-rsum-neon-u16-acc2.c.o
  [3593/5650] Building C object confu-deps/XNNPACK/CMakeFiles/microkernels-all.dir/src/f32-rsum/gen/f32-rsum-neon-u12-acc3.c.o
  [3594/5650] Building C object confu-deps/XNNPACK/CMakeFiles/microkernels-all.dir/src/f32-spmm/gen/f32-spmm-4x1-minmax-neon-pipelined.c.o
  [3595/5650] Building C object confu-deps/XNNPACK/CMakeFiles/microkernels-all.dir/src/f32-spmm/gen/f32-spmm-4x1-minmax-neon-x2.c.o
  [3596/5650] Building C object confu-deps/XNNPACK/CMakeFiles/microkernels-all.dir/src/f32-spmm/gen/f32-spmm-4x1-minmax-neon.c.o
  [3597/5650] Building C object confu-deps/XNNPACK/CMakeFiles/microkernels-all.dir/src/f32-rminmax/gen/f32-rminmax-neon-u8-acc2.c.o
  [3598/5650] Building C object confu-deps/XNNPACK/CMakeFiles/microkernels-all.dir/src/f32-spmm/gen/f32-spmm-8x1-minmax-neon.c.o
  [3599/5650] Building C object confu-deps/XNNPACK/CMakeFiles/microkernels-all.dir/src/f32-spmm/gen/f32-spmm-8x1-minmax-neon-x2.c.o
  [3600/5650] Building C object confu-deps/XNNPACK/CMakeFiles/microkernels-all.dir/src/f32-spmm/gen/f32-spmm-16x1-minmax-neon-x2.c.o
  [3601/5650] Building C object confu-deps/XNNPACK/CMakeFiles/microkernels-all.dir/src/f32-spmm/gen/f32-spmm-16x1-minmax-neon.c.o
  [3602/5650] Building C object confu-deps/XNNPACK/CMakeFiles/microkernels-all.dir/src/f32-spmm/gen/f32-spmm-8x1-minmax-neon-pipelined.c.o
  [3603/5650] Building C object confu-deps/XNNPACK/CMakeFiles/microkernels-all.dir/src/f32-spmm/gen/f32-spmm-12x1-minmax-neon.c.o
  [3604/5650] Building C object confu-deps/XNNPACK/CMakeFiles/microkernels-all.dir/src/f32-spmm/gen/f32-spmm-32x1-minmax-neon-pipelined.c.o
  [3605/5650] Building C object confu-deps/XNNPACK/CMakeFiles/microkernels-all.dir/src/f32-vbinary/gen/f32-vadd-neon-u4.c.o
  [3606/5650] Building C object confu-deps/XNNPACK/CMakeFiles/microkernels-all.dir/src/f32-spmm/gen/f32-spmm-16x1-minmax-neon-pipelined.c.o
  [3607/5650] Building C object confu-deps/XNNPACK/CMakeFiles/microkernels-all.dir/src/f32-vbinary/gen/f32-vmax-neon-u4.c.o
  [3608/5650] Building C object confu-deps/XNNPACK/CMakeFiles/microkernels-all.dir/src/f32-vbinary/gen/f32-vmin-neon-u4.c.o
  [3609/5650] Building C object confu-deps/XNNPACK/CMakeFiles/microkernels-all.dir/src/f32-vbinary/gen/f32-vmaxc-neon-u4.c.o
  [3610/5650] Building C object confu-deps/XNNPACK/CMakeFiles/microkernels-all.dir/src/f32-vbinary/gen/f32-vaddc-neon-u4.c.o
  [3611/5650] Building C object confu-deps/XNNPACK/CMakeFiles/microkernels-all.dir/src/f32-spmm/gen/f32-spmm-32x1-minmax-neon-x2.c.o
  [3612/5650] Building C object confu-deps/XNNPACK/CMakeFiles/microkernels-all.dir/src/f32-vbinary/gen/f32-vmul-neon-u4.c.o
  [3613/5650] Building C object confu-deps/XNNPACK/CMakeFiles/microkernels-all.dir/src/f32-vbinary/gen/f32-vminc-neon-u4.c.o
  [3614/5650] Building C object confu-deps/XNNPACK/CMakeFiles/microkernels-all.dir/src/f32-vbinary/gen/f32-vprelu-neon-u4.c.o
  [3615/5650] Building C object confu-deps/XNNPACK/CMakeFiles/microkernels-all.dir/src/f32-vbinary/gen/f32-vmulc-neon-u4.c.o
  [3616/5650] Building C object confu-deps/XNNPACK/CMakeFiles/microkernels-all.dir/src/f32-vbinary/gen/f32-vpreluc-neon-u4.c.o
  [3617/5650] Building C object confu-deps/XNNPACK/CMakeFiles/microkernels-all.dir/src/f32-vbinary/gen/f32-vrpreluc-neon-u4.c.o
  [3618/5650] Building C object confu-deps/XNNPACK/CMakeFiles/microkernels-all.dir/src/f32-vbinary/gen/f32-vsub-neon-u4.c.o
  [3619/5650] Building C object confu-deps/XNNPACK/CMakeFiles/microkernels-all.dir/src/f32-vclamp/gen/f32-vclamp-neon-u4.c.o
  [3620/5650] Building C object confu-deps/XNNPACK/CMakeFiles/microkernels-all.dir/src/f32-vbinary/gen/f32-vsqrdiffc-neon-u4.c.o
  [3621/5650] Building C object confu-deps/XNNPACK/CMakeFiles/microkernels-all.dir/src/f32-vbinary/gen/f32-vrsubc-neon-u4.c.o
  [3622/5650] Building C object confu-deps/XNNPACK/CMakeFiles/microkernels-all.dir/src/f32-vclamp/gen/f32-vclamp-neon-u8.c.o
  [3623/5650] Building C object confu-deps/XNNPACK/CMakeFiles/microkernels-all.dir/src/f32-vcmul/gen/f32-vcmul-neon-u12.c.o
  [3624/5650] Building C object confu-deps/XNNPACK/CMakeFiles/microkernels-all.dir/src/f32-vbinary/gen/f32-vsubc-neon-u4.c.o
  [3625/5650] Building C object confu-deps/XNNPACK/CMakeFiles/microkernels-all.dir/src/f32-vbinary/gen/f32-vsqrdiff-neon-u4.c.o
  [3626/5650] Building C object confu-deps/XNNPACK/CMakeFiles/microkernels-all.dir/src/f32-velu/gen/f32-velu-neon-rr2-lut16-p3-u4.c.o
  [3627/5650] Building C object confu-deps/XNNPACK/CMakeFiles/microkernels-all.dir/src/f32-velu/gen/f32-velu-neon-rr2-lut16-p3-u12.c.o
  [3628/5650] Building C object confu-deps/XNNPACK/CMakeFiles/microkernels-all.dir/src/f32-vcmul/gen/f32-vcmul-neon-u4.c.o
  [3629/5650] Building C object confu-deps/XNNPACK/CMakeFiles/microkernels-all.dir/src/f32-velu/gen/f32-velu-neon-rr2-p6-u4.c.o
  [3630/5650] Building C object confu-deps/XNNPACK/CMakeFiles/microkernels-all.dir/src/f32-velu/gen/f32-velu-neon-rr2-lut16-p3-u16.c.o
  [3631/5650] Building C object confu-deps/XNNPACK/CMakeFiles/microkernels-all.dir/src/f32-velu/gen/f32-velu-neon-rr2-p6-u8.c.o
  [3632/5650] Building C object confu-deps/XNNPACK/CMakeFiles/microkernels-all.dir/src/f32-vhswish/gen/f32-vhswish-neon-u4.c.o
  [3633/5650] Building C object confu-deps/XNNPACK/CMakeFiles/microkernels-all.dir/src/f32-vcmul/gen/f32-vcmul-neon-u16.c.o
  [3634/5650] Building C object confu-deps/XNNPACK/CMakeFiles/microkernels-all.dir/src/f32-velu/gen/f32-velu-neon-rr2-p6-u12.c.o
  [3635/5650] Building C object confu-deps/XNNPACK/CMakeFiles/microkernels-all.dir/src/f32-vlrelu/gen/f32-vlrelu-neon-u4.c.o
  [3636/5650] Building C object confu-deps/XNNPACK/CMakeFiles/microkernels-all.dir/src/f32-velu/gen/f32-velu-neon-rr2-p6-u16.c.o
  [3637/5650] Building C object confu-deps/XNNPACK/CMakeFiles/microkernels-all.dir/src/f32-vhswish/gen/f32-vhswish-neon-u8.c.o
  [3638/5650] Building C object confu-deps/XNNPACK/CMakeFiles/microkernels-all.dir/src/f32-vmulcaddc/gen/f32-vmulcaddc-c8-minmax-neon-2x.c.o
  [3639/5650] Building C object confu-deps/XNNPACK/CMakeFiles/microkernels-all.dir/src/f32-vrelu/gen/f32-vrelu-neon-u4.c.o
  [3640/5650] Building C object confu-deps/XNNPACK/CMakeFiles/microkernels-all.dir/src/f32-vrelu/gen/f32-vrelu-neon-u8.c.o
  [3641/5650] Building C object confu-deps/XNNPACK/CMakeFiles/microkernels-all.dir/src/f32-vrnd/gen/f32-vrndd-neon-u4.c.o
  [3642/5650] Building C object confu-deps/XNNPACK/CMakeFiles/microkernels-all.dir/src/f32-vrsqrt/gen/f32-vrsqrt-neon-rsqrt-u8.c.o
  [3643/5650] Building C object confu-deps/XNNPACK/CMakeFiles/microkernels-all.dir/src/f32-vrsqrt/gen/f32-vrsqrt-neon-rsqrt-u4.c.o
  [3644/5650] Building C object confu-deps/XNNPACK/CMakeFiles/microkernels-all.dir/src/f32-vrnd/gen/f32-vrndne-neon-u4.c.o
  [3645/5650] Building C object confu-deps/XNNPACK/CMakeFiles/microkernels-all.dir/src/f32-vrnd/gen/f32-vrndu-neon-u4.c.o
  [3646/5650] Building C object confu-deps/XNNPACK/CMakeFiles/microkernels-all.dir/src/f32-vrnd/gen/f32-vrndz-neon-u4.c.o
  [3647/5650] Building C object confu-deps/XNNPACK/CMakeFiles/microkernels-all.dir/src/f32-vsigmoid/gen/f32-vsigmoid-neon-rr2-lut64-p2-nr2recps-u12.c.o
  [3648/5650] Building C object confu-deps/XNNPACK/CMakeFiles/microkernels-all.dir/src/f32-vsigmoid/gen/f32-vsigmoid-neon-rr2-lut64-p2-nr2recps-u16.c.o
  [3649/5650] Building C object confu-deps/XNNPACK/CMakeFiles/microkernels-all.dir/src/f32-vsigmoid/gen/f32-vsigmoid-neon-rr2-lut2048-p1-nr2recps-u4.c.o
  [3650/5650] Building C object confu-deps/XNNPACK/CMakeFiles/microkernels-all.dir/src/f32-vsigmoid/gen/f32-vsigmoid-neon-rr2-lut64-p2-nr2recps-u4.c.o
  [3651/5650] Building C object confu-deps/XNNPACK/CMakeFiles/microkernels-all.dir/src/f32-vsigmoid/gen/f32-vsigmoid-neon-rr2-lut2048-p1-nr2recps-u8.c.o
  [3652/5650] Building C object confu-deps/XNNPACK/CMakeFiles/microkernels-all.dir/src/f32-vsigmoid/gen/f32-vsigmoid-neon-rr2-lut2048-p1-nr2recps-u16.c.o
  [3653/5650] Building C object confu-deps/XNNPACK/CMakeFiles/microkernels-all.dir/src/f32-vsigmoid/gen/f32-vsigmoid-neon-rr2-lut2048-p1-nr2recps-u12.c.o
  [3654/5650] Building C object confu-deps/XNNPACK/CMakeFiles/microkernels-all.dir/src/f32-vsigmoid/gen/f32-vsigmoid-neon-rr2-p5-nr2recps-u12.c.o
  [3655/5650] Building C object confu-deps/XNNPACK/CMakeFiles/microkernels-all.dir/src/f32-vsigmoid/gen/f32-vsigmoid-neon-rr2-p5-nr2recps-u16.c.o
  [3656/5650] Building C object confu-deps/XNNPACK/CMakeFiles/microkernels-all.dir/src/f32-vsigmoid/gen/f32-vsigmoid-neon-rr2-p5-nr2recps-u4.c.o
  [3657/5650] Building C object confu-deps/XNNPACK/CMakeFiles/microkernels-all.dir/src/f32-vsigmoid/gen/f32-vsigmoid-neon-rr2-p5-nr2recps-u8.c.o
  [3658/5650] Building C object confu-deps/XNNPACK/CMakeFiles/microkernels-all.dir/src/qd8-f32-qb4w-gemm/gen/qd8-f32-qb4w-gemm-1x16-minmax-neon-mlal-lane-prfm.c.o
  [3659/5650] Building C object confu-deps/XNNPACK/CMakeFiles/microkernels-all.dir/src/f32-vtanh/gen/f32-vtanh-neon-rational-9-8-nr.c.o
  [3660/5650] Building C object confu-deps/XNNPACK/CMakeFiles/microkernels-all.dir/src/qd8-f32-qb4w-gemm/gen/qd8-f32-qb4w-gemm-3x16-minmax-neon-mlal-lane-prfm.c.o
  [3661/5650] Building C object confu-deps/XNNPACK/CMakeFiles/microkernels-all.dir/src/qd8-f32-qb4w-gemm/gen/qd8-f32-qb4w-gemm-2x16-minmax-neon-mlal-lane-prfm.c.o
  [3662/5650] Building C object confu-deps/XNNPACK/CMakeFiles/microkernels-all.dir/src/qd8-f32-qb4w-gemm/gen/qd8-f32-qb4w-gemm-3x16-minmax-neon-mlal-lane.c.o
  [3663/5650] Building C object confu-deps/XNNPACK/CMakeFiles/microkernels-all.dir/src/qd8-f32-qb4w-gemm/gen/qd8-f32-qb4w-gemm-4x16-minmax-neon-mlal-lane-prfm.c.o
  [3664/5650] Building C object confu-deps/XNNPACK/CMakeFiles/microkernels-all.dir/src/qd8-f32-qc4w-gemm/gen/qd8-f32-qc4w-gemm-1x16-minmax-neon-mlal-lane-prfm.c.o
  [3665/5650] Building C object confu-deps/XNNPACK/CMakeFiles/microkernels-all.dir/src/qd8-f32-qb4w-gemm/gen/qd8-f32-qb4w-gemm-2x16-minmax-neon-mlal-lane.c.o
  [3666/5650] Building C object confu-deps/XNNPACK/CMakeFiles/microkernels-all.dir/src/qd8-f32-qc4w-gemm/gen/qd8-f32-qc4w-gemm-2x16-minmax-neon-mlal-lane.c.o
  [3667/5650] Building C object confu-deps/XNNPACK/CMakeFiles/microkernels-all.dir/src/qd8-f32-qc4w-gemm/gen/qd8-f32-qc4w-gemm-2x16-minmax-neon-mlal-lane-prfm.c.o
  [3668/5650] Building C object confu-deps/XNNPACK/CMakeFiles/microkernels-all.dir/src/qd8-f32-qc4w-gemm/gen/qd8-f32-qc4w-gemm-3x16-minmax-neon-mlal-lane-prfm.c.o
  [3669/5650] Building C object confu-deps/XNNPACK/CMakeFiles/microkernels-all.dir/src/qd8-f32-qb4w-gemm/gen/qd8-f32-qb4w-gemm-4x16-minmax-neon-mlal-lane.c.o
  [3670/5650] Building C object confu-deps/XNNPACK/CMakeFiles/microkernels-all.dir/src/qd8-f32-qc4w-gemm/gen/qd8-f32-qc4w-gemm-3x16-minmax-neon-mlal-lane.c.o
  [3671/5650] Building C object confu-deps/XNNPACK/CMakeFiles/microkernels-all.dir/src/qd8-f32-qc8w-gemm/gen/qd8-f32-qc8w-gemm-1x8-minmax-neon-mlal-lane.c.o
  [3672/5650] Building C object confu-deps/XNNPACK/CMakeFiles/microkernels-all.dir/src/qd8-f32-qb4w-gemm/gen/qd8-f32-qb4w-gemm-6x16-minmax-neon-mlal-lane-prfm.c.o
  [3673/5650] Building C object confu-deps/XNNPACK/CMakeFiles/microkernels-all.dir/src/qd8-f32-qc4w-gemm/gen/qd8-f32-qc4w-gemm-4x16-minmax-neon-mlal-lane.c.o
  [3674/5650] Building C object confu-deps/XNNPACK/CMakeFiles/microkernels-all.dir/src/qd8-f32-qc8w-gemm/gen/qd8-f32-qc8w-gemm-1x8-minmax-neon-mlal-lane-prfm.c.o
  [3675/5650] Building C object confu-deps/XNNPACK/CMakeFiles/microkernels-all.dir/src/qd8-f32-qc8w-gemm/gen/qd8-f32-qc8w-gemm-1x16-minmax-neon-mlal-lane-prfm.c.o
  [3676/5650] Building C object confu-deps/XNNPACK/CMakeFiles/microkernels-all.dir/src/qd8-f32-qc8w-gemm/gen/qd8-f32-qc8w-gemm-1x16-minmax-neon-mlal-lane.c.o
  [3677/5650] Building C object confu-deps/XNNPACK/CMakeFiles/microkernels-all.dir/src/qd8-f32-qc4w-gemm/gen/qd8-f32-qc4w-gemm-6x16-minmax-neon-mlal-lane-prfm.c.o
  [3678/5650] Building C object confu-deps/XNNPACK/CMakeFiles/microkernels-all.dir/src/qd8-f32-qc8w-gemm/gen/qd8-f32-qc8w-gemm-2x8-minmax-neon-mlal-lane-prfm.c.o
  [3679/5650] Building C object confu-deps/XNNPACK/CMakeFiles/microkernels-all.dir/src/qd8-f32-qc8w-gemm/gen/qd8-f32-qc8w-gemm-2x16-minmax-neon-mlal-lane-prfm.c.o
  [3680/5650] Building C object confu-deps/XNNPACK/CMakeFiles/microkernels-all.dir/src/qd8-f32-qc8w-gemm/gen/qd8-f32-qc8w-gemm-2x8-minmax-neon-mlal-lane.c.o
  [3681/5650] Building C object confu-deps/XNNPACK/CMakeFiles/microkernels-all.dir/src/qd8-f32-qc8w-gemm/gen/qd8-f32-qc8w-gemm-3x8-minmax-neon-mlal-lane-prfm.c.o
  [3682/5650] Building C object confu-deps/XNNPACK/CMakeFiles/microkernels-all.dir/src/qd8-f32-qc4w-gemm/gen/qd8-f32-qc4w-gemm-4x16-minmax-neon-mlal-lane-prfm.c.o
  [3683/5650] Building C object confu-deps/XNNPACK/CMakeFiles/microkernels-all.dir/src/qd8-f32-qc8w-gemm/gen/qd8-f32-qc8w-gemm-3x16-minmax-neon-mlal-lane-prfm.c.o
  [3684/5650] Building C object confu-deps/XNNPACK/CMakeFiles/microkernels-all.dir/src/qd8-f32-qc8w-gemm/gen/qd8-f32-qc8w-gemm-2x16-minmax-neon-mlal-lane.c.o
  [3685/5650] Building C object confu-deps/XNNPACK/CMakeFiles/microkernels-all.dir/src/qd8-f32-qc8w-gemm/gen/qd8-f32-qc8w-gemm-3x16-minmax-neon-mlal-lane.c.o
  [3686/5650] Building C object confu-deps/XNNPACK/CMakeFiles/microkernels-all.dir/src/qd8-f32-qc8w-gemm/gen/qd8-f32-qc8w-gemm-3x8-minmax-neon-mlal-lane.c.o
  [3687/5650] Building C object confu-deps/XNNPACK/CMakeFiles/microkernels-all.dir/src/qd8-f32-qc8w-gemm/gen/qd8-f32-qc8w-gemm-4x8-minmax-neon-mlal-lane.c.o
  [3688/5650] Building C object confu-deps/XNNPACK/CMakeFiles/microkernels-all.dir/src/qd8-f32-qc8w-gemm/gen/qd8-f32-qc8w-gemm-4x16-minmax-neon-mlal-lane-prfm.c.o
  [3689/5650] Building C object confu-deps/XNNPACK/CMakeFiles/microkernels-all.dir/src/qd8-f32-qc8w-gemm/gen/qd8-f32-qc8w-gemm-4x8-minmax-neon-mlal-lane-prfm.c.o
  [3690/5650] Building C object confu-deps/XNNPACK/CMakeFiles/microkernels-all.dir/src/qd8-f32-qc8w-gemm/gen/qd8-f32-qc8w-gemm-4x16-minmax-neon-mlal-lane.c.o
  [3691/5650] Building C object confu-deps/XNNPACK/CMakeFiles/microkernels-all.dir/src/qd8-f32-qc8w-gemm/gen/qd8-f32-qc8w-gemm-6x8-minmax-neon-mlal-lane-prfm.c.o
  [3692/5650] Building C object confu-deps/XNNPACK/CMakeFiles/microkernels-all.dir/src/qd8-f32-qc8w-igemm/gen/qd8-f32-qc8w-igemm-1x8-minmax-neon-mlal-lane-prfm.c.o
  [3693/5650] Building C object confu-deps/XNNPACK/CMakeFiles/microkernels-all.dir/src/qd8-f32-qc8w-igemm/gen/qd8-f32-qc8w-igemm-1x8-minmax-neon-mlal-lane.c.o
  [3694/5650] Building C object confu-deps/XNNPACK/CMakeFiles/microkernels-all.dir/src/qd8-f32-qc8w-igemm/gen/qd8-f32-qc8w-igemm-1x16-minmax-neon-mlal-lane.c.o
  [3695/5650] Building C object confu-deps/XNNPACK/CMakeFiles/microkernels-all.dir/src/qd8-f32-qc8w-igemm/gen/qd8-f32-qc8w-igemm-2x8-minmax-neon-mlal-lane-prfm.c.o
  [3696/5650] Building C object confu-deps/XNNPACK/CMakeFiles/microkernels-all.dir/src/qd8-f32-qc8w-gemm/gen/qd8-f32-qc8w-gemm-6x8-minmax-neon-mlal-lane.c.o
  [3697/5650] Building C object confu-deps/XNNPACK/CMakeFiles/microkernels-all.dir/src/qd8-f32-qc8w-igemm/gen/qd8-f32-qc8w-igemm-2x8-minmax-neon-mlal-lane.c.o
  [3698/5650] Building C object confu-deps/XNNPACK/CMakeFiles/microkernels-all.dir/src/qd8-f32-qc8w-igemm/gen/qd8-f32-qc8w-igemm-1x16-minmax-neon-mlal-lane-prfm.c.o
  [3699/5650] Building C object confu-deps/XNNPACK/CMakeFiles/microkernels-all.dir/src/qd8-f32-qc8w-gemm/gen/qd8-f32-qc8w-gemm-6x16-minmax-neon-mlal-lane-prfm.c.o
  [3700/5650] Building C object confu-deps/XNNPACK/CMakeFiles/microkernels-all.dir/src/qd8-f32-qc8w-igemm/gen/qd8-f32-qc8w-igemm-2x16-minmax-neon-mlal-lane-prfm.c.o
  [3701/5650] Building C object confu-deps/XNNPACK/CMakeFiles/microkernels-all.dir/src/qd8-f32-qc8w-igemm/gen/qd8-f32-qc8w-igemm-2x16-minmax-neon-mlal-lane.c.o
  [3702/5650] Building C object confu-deps/XNNPACK/CMakeFiles/microkernels-all.dir/src/qd8-f32-qc8w-igemm/gen/qd8-f32-qc8w-igemm-3x8-minmax-neon-mlal-lane-prfm.c.o
  [3703/5650] Building C object confu-deps/XNNPACK/CMakeFiles/microkernels-all.dir/src/qd8-f32-qc8w-igemm/gen/qd8-f32-qc8w-igemm-3x8-minmax-neon-mlal-lane.c.o
  [3704/5650] Building C object confu-deps/XNNPACK/CMakeFiles/microkernels-all.dir/src/qd8-f32-qc8w-igemm/gen/qd8-f32-qc8w-igemm-3x16-minmax-neon-mlal-lane-prfm.c.o
  [3705/5650] Building C object confu-deps/XNNPACK/CMakeFiles/microkernels-all.dir/src/qd8-f32-qc8w-igemm/gen/qd8-f32-qc8w-igemm-3x16-minmax-neon-mlal-lane.c.o
  [3706/5650] Building C object confu-deps/XNNPACK/CMakeFiles/microkernels-all.dir/src/qd8-f32-qc8w-igemm/gen/qd8-f32-qc8w-igemm-4x8-minmax-neon-mlal-lane-prfm.c.o
  [3707/5650] Building C object confu-deps/XNNPACK/CMakeFiles/microkernels-all.dir/src/qd8-f32-qc8w-igemm/gen/qd8-f32-qc8w-igemm-4x8-minmax-neon-mlal-lane.c.o
  [3708/5650] Building C object confu-deps/XNNPACK/CMakeFiles/microkernels-all.dir/src/qd8-f32-qc8w-gemm/gen/qd8-f32-qc8w-gemm-6x16-minmax-neon-mlal-lane.c.o
  [3709/5650] Building C object confu-deps/XNNPACK/CMakeFiles/microkernels-all.dir/src/qd8-f32-qc8w-igemm/gen/qd8-f32-qc8w-igemm-4x16-minmax-neon-mlal-lane.c.o
  [3710/5650] Building C object confu-deps/XNNPACK/CMakeFiles/microkernels-all.dir/src/qd8-f32-qc8w-igemm/gen/qd8-f32-qc8w-igemm-4x16-minmax-neon-mlal-lane-prfm.c.o
  [3711/5650] Building C object confu-deps/XNNPACK/CMakeFiles/microkernels-all.dir/src/qd8-f32-qc8w-igemm/gen/qd8-f32-qc8w-igemm-6x8-minmax-neon-mlal-lane-prfm.c.o
  [3712/5650] Building C object confu-deps/XNNPACK/CMakeFiles/microkernels-all.dir/src/qs8-dwconv/gen/qs8-dwconv-5f5m5l8c8s8r-minmax-rndnu-neon-mla8-ld64.c.o
  [3713/5650] Building C object confu-deps/XNNPACK/CMakeFiles/microkernels-all.dir/src/qs8-dwconv/gen/qs8-dwconv-5f5m5l8c8s8r-minmax-fp32-neon-mul16.c.o
  [3714/5650] Building C object confu-deps/XNNPACK/CMakeFiles/microkernels-all.dir/src/qd8-f32-qc8w-igemm/gen/qd8-f32-qc8w-igemm-6x8-minmax-neon-mlal-lane.c.o
  [3715/5650] Building C object confu-deps/XNNPACK/CMakeFiles/microkernels-all.dir/src/qs8-dwconv/gen/qs8-dwconv-5f5m5l8c8s8r-minmax-rndnu-neon-mul8-ld64.c.o
  [3716/5650] Building C object confu-deps/XNNPACK/CMakeFiles/microkernels-all.dir/src/qs8-dwconv/gen/qs8-dwconv-5f5m5l8c8s8r-minmax-rndnu-neon-mul16.c.o
  [3717/5650] Building C object confu-deps/XNNPACK/CMakeFiles/microkernels-all.dir/src/qs8-dwconv/gen/qs8-dwconv-5f5m5l16c8s8r-minmax-rndnu-neon-mla8-ld64.c.o
  [3718/5650] Building C object confu-deps/XNNPACK/CMakeFiles/microkernels-all.dir/src/qs8-dwconv/gen/qs8-dwconv-5f5m5l16c8s8r-minmax-rndnu-neon-mul8-ld64.c.o
  [3719/5650] Building C object confu-deps/XNNPACK/CMakeFiles/microkernels-all.dir/src/qs8-dwconv/gen/qs8-dwconv-5f5m5l16c8s8r-minmax-rndnu-neon-mla8-ld128.c.o
  [3720/5650] Building C object confu-deps/XNNPACK/CMakeFiles/microkernels-all.dir/src/qs8-dwconv/gen/qs8-dwconv-5f5m5l16c8s8r-minmax-rndnu-neon-mul8-ld128.c.o
  [3721/5650] Building C object confu-deps/XNNPACK/CMakeFiles/microkernels-all.dir/src/qs8-dwconv/gen/qs8-dwconv-5f5m5l16c8s8r-minmax-fp32-neon-mul16.c.o
  [3722/5650] Building C object confu-deps/XNNPACK/CMakeFiles/microkernels-all.dir/src/qd8-f32-qc8w-igemm/gen/qd8-f32-qc8w-igemm-6x16-minmax-neon-mlal-lane-prfm.c.o
  [3723/5650] Building C object confu-deps/XNNPACK/CMakeFiles/microkernels-all.dir/src/qs8-dwconv/gen/qs8-dwconv-5f5m5l16c8s8r-minmax-rndnu-neon-mul16.c.o
  [3724/5650] Building C object confu-deps/XNNPACK/CMakeFiles/microkernels-all.dir/src/qd8-f32-qc8w-igemm/gen/qd8-f32-qc8w-igemm-6x16-minmax-neon-mlal-lane.c.o
  [3725/5650] Building C object confu-deps/XNNPACK/CMakeFiles/microkernels-all.dir/src/qs8-dwconv/gen/qs8-dwconv-5f5m5l32c8s8r-minmax-rndnu-neon-mul16.c.o
  [3726/5650] Building C object confu-deps/XNNPACK/CMakeFiles/microkernels-all.dir/src/qs8-dwconv/gen/qs8-dwconv-6f6m7l8c8s8r-minmax-rndnu-neon-mul8-ld64.c.o
  [3727/5650] Building C object confu-deps/XNNPACK/CMakeFiles/microkernels-all.dir/src/qs8-dwconv/gen/qs8-dwconv-6f6m7l8c8s8r-minmax-rndnu-neon-mla8-ld64.c.o
  [3728/5650] Building C object confu-deps/XNNPACK/CMakeFiles/microkernels-all.dir/src/qs8-dwconv/gen/qs8-dwconv-6f6m7l8c8s8r-minmax-rndnu-neon-mul16.c.o
  [3729/5650] Building C object confu-deps/XNNPACK/CMakeFiles/microkernels-all.dir/src/qs8-dwconv/gen/qs8-dwconv-6f6m7l8c8s8r-minmax-fp32-neon-mul16.c.o
  [3730/5650] Building C object confu-deps/XNNPACK/CMakeFiles/microkernels-all.dir/src/qs8-dwconv/gen/qs8-dwconv-6f6m7l16c8s8r-minmax-fp32-neon-mul16.c.o
  [3731/5650] Building C object confu-deps/XNNPACK/CMakeFiles/microkernels-all.dir/src/qs8-dwconv/gen/qs8-dwconv-6f6m7l16c8s8r-minmax-rndnu-neon-mla8-ld64.c.o
  [3732/5650] Building C object confu-deps/XNNPACK/CMakeFiles/microkernels-all.dir/src/qs8-dwconv/gen/qs8-dwconv-6f6m7l16c8s8r-minmax-rndnu-neon-mul8-ld64.c.o
  [3733/5650] Building C object confu-deps/XNNPACK/CMakeFiles/microkernels-all.dir/src/qs8-dwconv/gen/qs8-dwconv-5f5m5l32c8s8r-minmax-fp32-neon-mul16.c.o
  [3734/5650] Building C object confu-deps/XNNPACK/CMakeFiles/microkernels-all.dir/src/qs8-dwconv/gen/qs8-dwconv-6f6m7l16c8s8r-minmax-rndnu-neon-mul8-ld128.c.o
  [3735/5650] Building C object confu-deps/XNNPACK/CMakeFiles/microkernels-all.dir/src/qs8-dwconv/gen/qs8-dwconv-6f6m7l16c8s8r-minmax-rndnu-neon-mla8-ld128.c.o
  [3736/5650] Building C object confu-deps/XNNPACK/CMakeFiles/microkernels-all.dir/src/qs8-dwconv/gen/qs8-dwconv-8f8m9l8c8s8r-minmax-fp32-neon-mul16.c.o
  [3737/5650] Building C object confu-deps/XNNPACK/CMakeFiles/microkernels-all.dir/src/qs8-dwconv/gen/qs8-dwconv-8f8m9l8c8s8r-minmax-rndnu-neon-mul8-ld64.c.o
  [3738/5650] Building C object confu-deps/XNNPACK/CMakeFiles/microkernels-all.dir/src/qs8-dwconv/gen/qs8-dwconv-6f6m7l16c8s8r-minmax-rndnu-neon-mul16.c.o
  [3739/5650] Building C object confu-deps/XNNPACK/CMakeFiles/microkernels-all.dir/src/qs8-dwconv/gen/qs8-dwconv-8f8m9l8c8s8r-minmax-rndnu-neon-mul16.c.o
  [3740/5650] Building C object confu-deps/XNNPACK/CMakeFiles/microkernels-all.dir/src/qs8-dwconv/gen/qs8-dwconv-6f6m7l32c8s8r-minmax-fp32-neon-mul16.c.o
  [3741/5650] Building C object confu-deps/XNNPACK/CMakeFiles/microkernels-all.dir/src/qs8-dwconv/gen/qs8-dwconv-8f8m9l8c8s8r-minmax-rndnu-neon-mla8-ld64.c.o
  [3742/5650] Building C object confu-deps/XNNPACK/CMakeFiles/microkernels-all.dir/src/qs8-dwconv/gen/qs8-dwconv-6f6m7l32c8s8r-minmax-rndnu-neon-mul16.c.o
  [3743/5650] Building C object confu-deps/XNNPACK/CMakeFiles/microkernels-all.dir/src/qs8-dwconv/gen/qs8-dwconv-8f8m9l16c8s8r-minmax-rndnu-neon-mla8-ld64.c.o
  [3744/5650] Building C object confu-deps/XNNPACK/CMakeFiles/microkernels-all.dir/src/qs8-dwconv/gen/qs8-dwconv-8f8m9l16c8s8r-minmax-rndnu-neon-mul8-ld64.c.o
  [3745/5650] Building C object confu-deps/XNNPACK/CMakeFiles/microkernels-all.dir/src/qs8-dwconv/gen/qs8-dwconv-8f8m9l16c8s8r-minmax-rndnu-neon-mul8-ld128.c.o
  [3746/5650] Building C object confu-deps/XNNPACK/CMakeFiles/microkernels-all.dir/src/qs8-dwconv/gen/qs8-dwconv-9p8c-minmax-fp32-neon-mul16.c.o
  [3747/5650] Building C object confu-deps/XNNPACK/CMakeFiles/microkernels-all.dir/src/qs8-dwconv/gen/qs8-dwconv-8f8m9l16c8s8r-minmax-fp32-neon-mul16.c.o
  [3748/5650] Building C object confu-deps/XNNPACK/CMakeFiles/microkernels-all.dir/src/qs8-dwconv/gen/qs8-dwconv-8f8m9l16c8s8r-minmax-rndnu-neon-mul16.c.o
  [3749/5650] Building C object confu-deps/XNNPACK/CMakeFiles/microkernels-all.dir/src/qs8-dwconv/gen/qs8-dwconv-9p8c-minmax-rndnu-neon-mul8-ld64.c.o
  [3750/5650] Building C object confu-deps/XNNPACK/CMakeFiles/microkernels-all.dir/src/qs8-dwconv/gen/qs8-dwconv-8f8m9l16c8s8r-minmax-rndnu-neon-mla8-ld128.c.o
  [3751/5650] Building C object confu-deps/XNNPACK/CMakeFiles/microkernels-all.dir/src/qs8-dwconv/gen/qs8-dwconv-9p8c-minmax-rndnu-neon-mul16.c.o
  [3752/5650] Building C object confu-deps/XNNPACK/CMakeFiles/microkernels-all.dir/src/qs8-dwconv/gen/qs8-dwconv-9p8c-minmax-rndnu-neon-mla8-ld64.c.o
  [3753/5650] Building C object confu-deps/XNNPACK/CMakeFiles/microkernels-all.dir/src/qs8-dwconv/gen/qs8-dwconv-9p16c-minmax-rndnu-neon-mla8-ld128.c.o
  [3754/5650] Building C object confu-deps/XNNPACK/CMakeFiles/microkernels-all.dir/src/qs8-dwconv/gen/qs8-dwconv-9p16c-minmax-fp32-neon-mul16.c.o
  [3755/5650] Building C object confu-deps/XNNPACK/CMakeFiles/microkernels-all.dir/src/qs8-dwconv/gen/qs8-dwconv-8f8m9l32c8s8r-minmax-fp32-neon-mul16.c.o
  [3756/5650] Building C object confu-deps/XNNPACK/CMakeFiles/microkernels-all.dir/src/qs8-dwconv/gen/qs8-dwconv-9p16c-minmax-rndnu-neon-mul8-ld64.c.o
  [3757/5650] Building C object confu-deps/XNNPACK/CMakeFiles/microkernels-all.dir/src/qs8-dwconv/gen/qs8-dwconv-9p16c-minmax-rndnu-neon-mul8-ld128.c.o
  [3758/5650] Building C object confu-deps/XNNPACK/CMakeFiles/microkernels-all.dir/src/qs8-dwconv/gen/qs8-dwconv-9p32c-minmax-fp32-neon-mul16.c.o
  [3759/5650] Building C object confu-deps/XNNPACK/CMakeFiles/microkernels-all.dir/src/qs8-dwconv/gen/qs8-dwconv-25p8c-minmax-rndnu-neon-mul8-ld64.c.o
  [3760/5650] Building C object confu-deps/XNNPACK/CMakeFiles/microkernels-all.dir/src/qs8-dwconv/gen/qs8-dwconv-9p16c-minmax-rndnu-neon-mul16.c.o
  [3761/5650] Building C object confu-deps/XNNPACK/CMakeFiles/microkernels-all.dir/src/qs8-dwconv/gen/qs8-dwconv-8f8m9l32c8s8r-minmax-rndnu-neon-mul16.c.o
  [3762/5650] Building C object confu-deps/XNNPACK/CMakeFiles/microkernels-all.dir/src/qs8-dwconv/gen/qs8-dwconv-25p8c-minmax-fp32-neon-mul16.c.o
  [3763/5650] Building C object confu-deps/XNNPACK/CMakeFiles/microkernels-all.dir/src/qs8-dwconv/gen/qs8-dwconv-25p8c-minmax-rndnu-neon-mul16.c.o
  [3764/5650] Building C object confu-deps/XNNPACK/CMakeFiles/microkernels-all.dir/src/qs8-dwconv/gen/qs8-dwconv-9p32c-minmax-rndnu-neon-mul16.c.o
  [3765/5650] Building C object confu-deps/XNNPACK/CMakeFiles/microkernels-all.dir/src/qs8-dwconv/gen/qs8-dwconv-25p16c-minmax-rndnu-neon-mul8-ld64.c.o
  [3766/5650] Building C object confu-deps/XNNPACK/CMakeFiles/microkernels-all.dir/src/qs8-f32-vcvt/gen/qs8-f32-vcvt-neon-u8.c.o
  [3767/5650] Building C object confu-deps/XNNPACK/CMakeFiles/microkernels-all.dir/src/qs8-f32-vcvt/gen/qs8-f32-vcvt-neon-u16.c.o
  [3768/5650] Building C object confu-deps/XNNPACK/CMakeFiles/microkernels-all.dir/src/qs8-f32-vcvt/gen/qs8-f32-vcvt-neon-u24.c.o
  [3769/5650] Building C object confu-deps/XNNPACK/CMakeFiles/microkernels-all.dir/src/qs8-dwconv/gen/qs8-dwconv-25p16c-minmax-rndnu-neon-mla8-ld128.c.o
  [3770/5650] Building C object confu-deps/XNNPACK/CMakeFiles/microkernels-all.dir/src/qs8-dwconv/gen/qs8-dwconv-25p16c-minmax-fp32-neon-mul16.c.o
  [3771/5650] Building C object confu-deps/XNNPACK/CMakeFiles/microkernels-all.dir/src/qs8-dwconv/gen/qs8-dwconv-25p16c-minmax-rndnu-neon-mul8-ld128.c.o
  [3772/5650] Building C object confu-deps/XNNPACK/CMakeFiles/microkernels-all.dir/src/qs8-dwconv/gen/qs8-dwconv-25p16c-minmax-rndnu-neon-mul16.c.o
  [3773/5650] Building C object confu-deps/XNNPACK/CMakeFiles/microkernels-all.dir/src/qs8-qc8w-dwconv/gen/qs8-qc8w-dwconv-4p8c-minmax-fp32-neon-mla8-ld64.c.o
  [3774/5650] Building C object confu-deps/XNNPACK/CMakeFiles/microkernels-all.dir/src/qs8-qc8w-dwconv/gen/qs8-qc8w-dwconv-3p16c-minmax-fp32-neon-mla8-ld64.c.o
  [3775/5650] Building C object confu-deps/XNNPACK/CMakeFiles/microkernels-all.dir/src/qs8-dwconv/gen/qs8-dwconv-25p32c-minmax-rndnu-neon-mul16.c.o
  [3776/5650] Building C object confu-deps/XNNPACK/CMakeFiles/microkernels-all.dir/src/qs8-qc8w-dwconv/gen/qs8-qc8w-dwconv-3p8c-minmax-fp32-neon-mla8-ld64.c.o
  [3777/5650] Building C object confu-deps/XNNPACK/CMakeFiles/microkernels-all.dir/src/qs8-dwconv/gen/qs8-dwconv-25p32c-minmax-fp32-neon-mul16.c.o
  [3778/5650] Building C object confu-deps/XNNPACK/CMakeFiles/microkernels-all.dir/src/qs8-qc8w-dwconv/gen/qs8-qc8w-dwconv-5f5m5l8c8s8r-minmax-fp32-neon-mla8-ld64.c.o
  [3779/5650] Building C object confu-deps/XNNPACK/CMakeFiles/microkernels-all.dir/src/qs8-qc8w-dwconv/gen/qs8-qc8w-dwconv-5f5m5l8c8s8r-minmax-fp32-neon-mul8-ld64.c.o
  [3780/5650] Building C object confu-deps/XNNPACK/CMakeFiles/microkernels-all.dir/src/qs8-qc8w-dwconv/gen/qs8-qc8w-dwconv-5f5m5l8c8s8r-minmax-fp32-neon-mul16.c.o
  [3781/5650] Building C object confu-deps/XNNPACK/CMakeFiles/microkernels-all.dir/src/qs8-qc8w-dwconv/gen/qs8-qc8w-dwconv-5f5m5l16c8s8r-minmax-fp32-neon-mla8-ld64.c.o
  [3782/5650] Building C object confu-deps/XNNPACK/CMakeFiles/microkernels-all.dir/src/qs8-qc8w-dwconv/gen/qs8-qc8w-dwconv-5f5m5l16c8s8r-minmax-fp32-neon-mla8-ld128.c.o
  [3783/5650] Building C object confu-deps/XNNPACK/CMakeFiles/microkernels-all.dir/src/qs8-qc8w-dwconv/gen/qs8-qc8w-dwconv-6f6m7l8c8s8r-minmax-fp32-neon-mla8-ld64.c.o
  [3784/5650] Building C object confu-deps/XNNPACK/CMakeFiles/microkernels-all.dir/src/qs8-qc8w-dwconv/gen/qs8-qc8w-dwconv-5f5m5l16c8s8r-minmax-fp32-neon-mul8-ld128.c.o
  [3785/5650] Building C object confu-deps/XNNPACK/CMakeFiles/microkernels-all.dir/src/qs8-qc8w-dwconv/gen/qs8-qc8w-dwconv-5f5m5l16c8s8r-minmax-fp32-neon-mul8-ld64.c.o
  [3786/5650] Building C object confu-deps/XNNPACK/CMakeFiles/microkernels-all.dir/src/qs8-qc8w-dwconv/gen/qs8-qc8w-dwconv-6f6m7l8c8s8r-minmax-fp32-neon-mul8-ld64.c.o
  [3787/5650] Building C object confu-deps/XNNPACK/CMakeFiles/microkernels-all.dir/src/qs8-qc8w-dwconv/gen/qs8-qc8w-dwconv-6f6m7l16c8s8r-minmax-fp32-neon-mla8-ld128.c.o
  [3788/5650] Building C object confu-deps/XNNPACK/CMakeFiles/microkernels-all.dir/src/qs8-qc8w-dwconv/gen/qs8-qc8w-dwconv-6f6m7l8c8s8r-minmax-fp32-neon-mul16.c.o
  [3789/5650] Building C object confu-deps/XNNPACK/CMakeFiles/microkernels-all.dir/src/qs8-qc8w-dwconv/gen/qs8-qc8w-dwconv-5f5m5l32c8s8r-minmax-fp32-neon-mul16.c.o
  [3790/5650] Building C object confu-deps/XNNPACK/CMakeFiles/microkernels-all.dir/src/qs8-qc8w-dwconv/gen/qs8-qc8w-dwconv-6f6m7l16c8s8r-minmax-fp32-neon-mla8-ld64.c.o
  [3791/5650] Building C object confu-deps/XNNPACK/CMakeFiles/microkernels-all.dir/src/qs8-qc8w-dwconv/gen/qs8-qc8w-dwconv-5f5m5l16c8s8r-minmax-fp32-neon-mul16.c.o
  [3792/5650] Building C object confu-deps/XNNPACK/CMakeFiles/microkernels-all.dir/src/qs8-qc8w-dwconv/gen/qs8-qc8w-dwconv-6f6m7l16c8s8r-minmax-fp32-neon-mul8-ld64.c.o
  [3793/5650] Building C object confu-deps/XNNPACK/CMakeFiles/microkernels-all.dir/src/qs8-qc8w-dwconv/gen/qs8-qc8w-dwconv-6f6m7l16c8s8r-minmax-fp32-neon-mul16.c.o
  [3794/5650] Building C object confu-deps/XNNPACK/CMakeFiles/microkernels-all.dir/src/qs8-qc8w-dwconv/gen/qs8-qc8w-dwconv-6f6m7l16c8s8r-minmax-fp32-neon-mul8-ld128.c.o
  [3795/5650] Building C object confu-deps/XNNPACK/CMakeFiles/microkernels-all.dir/src/qs8-qc8w-dwconv/gen/qs8-qc8w-dwconv-8f8m9l8c8s8r-minmax-fp32-neon-mla8-ld64.c.o
  [3796/5650] Building C object confu-deps/XNNPACK/CMakeFiles/microkernels-all.dir/src/qs8-qc8w-dwconv/gen/qs8-qc8w-dwconv-8f8m9l8c8s8r-minmax-fp32-neon-mul8-ld64.c.o
  [3797/5650] Building C object confu-deps/XNNPACK/CMakeFiles/microkernels-all.dir/src/qs8-qc8w-dwconv/gen/qs8-qc8w-dwconv-8f8m9l8c8s8r-minmax-fp32-neon-mul16.c.o
  [3798/5650] Building C object confu-deps/XNNPACK/CMakeFiles/microkernels-all.dir/src/qs8-qc8w-dwconv/gen/qs8-qc8w-dwconv-8f8m9l16c8s8r-minmax-fp32-neon-mul8-ld64.c.o
  [3799/5650] Building C object confu-deps/XNNPACK/CMakeFiles/microkernels-all.dir/src/qs8-qc8w-dwconv/gen/qs8-qc8w-dwconv-8f8m9l16c8s8r-minmax-fp32-neon-mul8-ld128.c.o
  [3800/5650] Building C object confu-deps/XNNPACK/CMakeFiles/microkernels-all.dir/src/qs8-qc8w-dwconv/gen/qs8-qc8w-dwconv-9p8c-minmax-fp32-neon-mla8-ld64.c.o
  [3801/5650] Building C object confu-deps/XNNPACK/CMakeFiles/microkernels-all.dir/src/qs8-qc8w-dwconv/gen/qs8-qc8w-dwconv-8f8m9l16c8s8r-minmax-fp32-neon-mla8-ld128.c.o
  [3802/5650] Building C object confu-deps/XNNPACK/CMakeFiles/microkernels-all.dir/src/qs8-qc8w-dwconv/gen/qs8-qc8w-dwconv-8f8m9l16c8s8r-minmax-fp32-neon-mla8-ld64.c.o
  [3803/5650] Building C object confu-deps/XNNPACK/CMakeFiles/microkernels-all.dir/src/qs8-qc8w-dwconv/gen/qs8-qc8w-dwconv-9p8c-minmax-fp32-neon-mul8-ld64.c.o
  [3804/5650] Building C object confu-deps/XNNPACK/CMakeFiles/microkernels-all.dir/src/qs8-qc8w-dwconv/gen/qs8-qc8w-dwconv-8f8m9l16c8s8r-minmax-fp32-neon-mul16.c.o
  [3805/5650] Building C object confu-deps/XNNPACK/CMakeFiles/microkernels-all.dir/src/qs8-qc8w-dwconv/gen/qs8-qc8w-dwconv-6f6m7l32c8s8r-minmax-fp32-neon-mul16.c.o
  [3806/5650] Building C object confu-deps/XNNPACK/CMakeFiles/microkernels-all.dir/src/qs8-qc8w-dwconv/gen/qs8-qc8w-dwconv-8f8m9l32c8s8r-minmax-fp32-neon-mul16.c.o
  [3807/5650] Building C object confu-deps/XNNPACK/CMakeFiles/microkernels-all.dir/src/qs8-qc8w-dwconv/gen/qs8-qc8w-dwconv-9p16c-minmax-fp32-neon-mul8-ld64.c.o
  [3808/5650] Building C object confu-deps/XNNPACK/CMakeFiles/microkernels-all.dir/src/qs8-qc8w-dwconv/gen/qs8-qc8w-dwconv-9p16c-minmax-fp32-neon-mla8-ld128.c.o
  [3809/5650] Building C object confu-deps/XNNPACK/CMakeFiles/microkernels-all.dir/src/qs8-qc8w-dwconv/gen/qs8-qc8w-dwconv-9p8c-minmax-fp32-neon-mul16.c.o
  [3810/5650] Building C object confu-deps/XNNPACK/CMakeFiles/microkernels-all.dir/src/qs8-qc8w-dwconv/gen/qs8-qc8w-dwconv-25p8c-minmax-fp32-neon-mul16.c.o
  [3811/5650] Building C object confu-deps/XNNPACK/CMakeFiles/microkernels-all.dir/src/qs8-qc8w-dwconv/gen/qs8-qc8w-dwconv-9p16c-minmax-fp32-neon-mul8-ld128.c.o
  [3812/5650] Building C object confu-deps/XNNPACK/CMakeFiles/microkernels-all.dir/src/qs8-qc8w-dwconv/gen/qs8-qc8w-dwconv-25p8c-minmax-fp32-neon-mul8-ld64.c.o
  [3813/5650] Building C object confu-deps/XNNPACK/CMakeFiles/microkernels-all.dir/src/qs8-qc8w-dwconv/gen/qs8-qc8w-dwconv-9p16c-minmax-fp32-neon-mul16.c.o
  [3814/5650] Building C object confu-deps/XNNPACK/CMakeFiles/microkernels-all.dir/src/qs8-qc8w-dwconv/gen/qs8-qc8w-dwconv-25p16c-minmax-fp32-neon-mla8-ld64.c.o
  [3815/5650] Building C object confu-deps/XNNPACK/CMakeFiles/microkernels-all.dir/src/qs8-qc8w-dwconv/gen/qs8-qc8w-dwconv-25p16c-minmax-fp32-neon-mul8-ld64.c.o
  [3816/5650] Building C object confu-deps/XNNPACK/CMakeFiles/microkernels-all.dir/src/qs8-qc8w-dwconv/gen/qs8-qc8w-dwconv-9p32c-minmax-fp32-neon-mul16.c.o
  [3817/5650] Building C object confu-deps/XNNPACK/CMakeFiles/microkernels-all.dir/src/qs8-qc8w-dwconv/gen/qs8-qc8w-dwconv-25p16c-minmax-fp32-neon-mla8-ld128.c.o
  [3818/5650] Building C object confu-deps/XNNPACK/CMakeFiles/microkernels-all.dir/src/qs8-qc8w-dwconv/gen/qs8-qc8w-dwconv-25p16c-minmax-fp32-neon-mul8-ld128.c.o
  [3819/5650] Building C object confu-deps/XNNPACK/CMakeFiles/microkernels-all.dir/src/qs8-qc8w-gemm/gen/qs8-qc8w-gemm-1x8c2-minmax-fp32-neon-mlal-dup.c.o
  [3820/5650] Building C object confu-deps/XNNPACK/CMakeFiles/microkernels-all.dir/src/qs8-qc8w-gemm/gen/qs8-qc8w-gemm-1x8-minmax-fp32-neon-mlal-lane-prfm.c.o
  [3821/5650] Building C object confu-deps/XNNPACK/CMakeFiles/microkernels-all.dir/src/qs8-qc8w-gemm/gen/qs8-qc8w-gemm-1x8c2-minmax-fp32-neon-mlal-ld4r.c.o
  [3822/5650] Building C object confu-deps/XNNPACK/CMakeFiles/microkernels-all.dir/src/qs8-qc8w-gemm/gen/qs8-qc8w-gemm-1x8c2-minmax-fp32-neon-mlal-ld1r.c.o
  [3823/5650] Building C object confu-deps/XNNPACK/CMakeFiles/microkernels-all.dir/src/qs8-qc8w-gemm/gen/qs8-qc8w-gemm-1x8c2-minmax-fp32-neon-mlal-ld2r.c.o
  [3824/5650] Building C object confu-deps/XNNPACK/CMakeFiles/microkernels-all.dir/src/qs8-qc8w-gemm/gen/qs8-qc8w-gemm-1x8-minmax-fp32-neon-mlal-lane.c.o
  [3825/5650] Building C object confu-deps/XNNPACK/CMakeFiles/microkernels-all.dir/src/qs8-qc8w-dwconv/gen/qs8-qc8w-dwconv-25p16c-minmax-fp32-neon-mul16.c.o
  [3826/5650] Building C object confu-deps/XNNPACK/CMakeFiles/microkernels-all.dir/src/qs8-qc8w-gemm/gen/qs8-qc8w-gemm-1x8c4-minmax-fp32-neon-mlal-dup.c.o
  [3827/5650] Building C object confu-deps/XNNPACK/CMakeFiles/microkernels-all.dir/src/qs8-qc8w-dwconv/gen/qs8-qc8w-dwconv-25p32c-minmax-fp32-neon-mul16.c.o
  [3828/5650] Building C object confu-deps/XNNPACK/CMakeFiles/microkernels-all.dir/src/qs8-qc8w-gemm/gen/qs8-qc8w-gemm-1x8c4-minmax-fp32-neon-mlal-ld1r.c.o
  [3829/5650] Building C object confu-deps/XNNPACK/CMakeFiles/microkernels-all.dir/src/qs8-qc8w-gemm/gen/qs8-qc8w-gemm-1x8c8-minmax-fp32-neon-mlal.c.o
  [3830/5650] Building C object confu-deps/XNNPACK/CMakeFiles/microkernels-all.dir/src/qs8-qc8w-gemm/gen/qs8-qc8w-gemm-1x16-minmax-fp32-neon-mlal-lane-prfm.c.o
  [3831/5650] Building C object confu-deps/XNNPACK/CMakeFiles/microkernels-all.dir/src/qs8-qc8w-gemm/gen/qs8-qc8w-gemm-1x16-minmax-fp32-neon-mlal-lane.c.o
  [3832/5650] Building C object confu-deps/XNNPACK/CMakeFiles/microkernels-all.dir/src/qs8-qc8w-gemm/gen/qs8-qc8w-gemm-1x8c4s2-minmax-fp32-neon-mlal.c.o
  [3833/5650] Building C object confu-deps/XNNPACK/CMakeFiles/microkernels-all.dir/src/qs8-qc8w-gemm/gen/qs8-qc8w-gemm-1x8c4-minmax-fp32-neon-mlal-ld2r.c.o
  [3834/5650] Building C object confu-deps/XNNPACK/CMakeFiles/microkernels-all.dir/src/qs8-qc8w-gemm/gen/qs8-qc8w-gemm-2x8-minmax-fp32-neon-mlal-lane.c.o
  [3835/5650] Building C object confu-deps/XNNPACK/CMakeFiles/microkernels-all.dir/src/qs8-qc8w-gemm/gen/qs8-qc8w-gemm-2x8c2-minmax-fp32-neon-mlal-dup.c.o
  [3836/5650] Building C object confu-deps/XNNPACK/CMakeFiles/microkernels-all.dir/src/qs8-qc8w-gemm/gen/qs8-qc8w-gemm-2x8-minmax-fp32-neon-mlal-lane-prfm.c.o
  [3837/5650] Building C object confu-deps/XNNPACK/CMakeFiles/microkernels-all.dir/src/qs8-qc8w-gemm/gen/qs8-qc8w-gemm-2x8c2-minmax-fp32-neon-mlal-ld1r.c.o
  [3838/5650] Building C object confu-deps/XNNPACK/CMakeFiles/microkernels-all.dir/src/qs8-qc8w-gemm/gen/qs8-qc8w-gemm-2x8c2-minmax-fp32-neon-mlal-ld4r.c.o
  [3839/5650] Building C object confu-deps/XNNPACK/CMakeFiles/microkernels-all.dir/src/qs8-qc8w-gemm/gen/qs8-qc8w-gemm-2x8c2-minmax-fp32-neon-mlal-ld2r.c.o
  [3840/5650] Building C object confu-deps/XNNPACK/CMakeFiles/microkernels-all.dir/src/qs8-qc8w-gemm/gen/qs8-qc8w-gemm-2x8c8-minmax-fp32-neon-mlal.c.o
  [3841/5650] Building C object confu-deps/XNNPACK/CMakeFiles/microkernels-all.dir/src/qs8-qc8w-gemm/gen/qs8-qc8w-gemm-2x8c4-minmax-fp32-neon-mlal-ld1r.c.o
  [3842/5650] Building C object confu-deps/XNNPACK/CMakeFiles/microkernels-all.dir/src/qs8-qc8w-gemm/gen/qs8-qc8w-gemm-2x8c4s2-minmax-fp32-neon-mlal.c.o
  [3843/5650] Building C object confu-deps/XNNPACK/CMakeFiles/microkernels-all.dir/src/qs8-qc8w-gemm/gen/qs8-qc8w-gemm-2x16-minmax-fp32-neon-mlal-lane-prfm.c.o
  [3844/5650] Building C object confu-deps/XNNPACK/CMakeFiles/microkernels-all.dir/src/qs8-qc8w-gemm/gen/qs8-qc8w-gemm-2x8c4-minmax-fp32-neon-mlal-dup.c.o
  [3845/5650] Building C object confu-deps/XNNPACK/CMakeFiles/microkernels-all.dir/src/qs8-qc8w-gemm/gen/qs8-qc8w-gemm-2x8c4-minmax-fp32-neon-mlal-ld2r.c.o
  [3846/5650] Building C object confu-deps/XNNPACK/CMakeFiles/microkernels-all.dir/src/qs8-qc8w-gemm/gen/qs8-qc8w-gemm-3x8-minmax-fp32-neon-mlal-lane-prfm.c.o
  [3847/5650] Building C object confu-deps/XNNPACK/CMakeFiles/microkernels-all.dir/src/qs8-qc8w-gemm/gen/qs8-qc8w-gemm-3x8-minmax-fp32-neon-mlal-lane.c.o
  [3848/5650] Building C object confu-deps/XNNPACK/CMakeFiles/microkernels-all.dir/src/qs8-qc8w-gemm/gen/qs8-qc8w-gemm-3x16-minmax-fp32-neon-mlal-lane-prfm.c.o
  [3849/5650] Building C object confu-deps/XNNPACK/CMakeFiles/microkernels-all.dir/src/qs8-qc8w-gemm/gen/qs8-qc8w-gemm-3x16-minmax-fp32-neon-mlal-lane.c.o
  [3850/5650] Building C object confu-deps/XNNPACK/CMakeFiles/microkernels-all.dir/src/qs8-qc8w-gemm/gen/qs8-qc8w-gemm-2x16-minmax-fp32-neon-mlal-lane.c.o
  [3851/5650] Building C object confu-deps/XNNPACK/CMakeFiles/microkernels-all.dir/src/qs8-qc8w-gemm/gen/qs8-qc8w-gemm-4x8-minmax-fp32-neon-mlal-lane-prfm.c.o
  [3852/5650] Building C object confu-deps/XNNPACK/CMakeFiles/microkernels-all.dir/src/qs8-qc8w-gemm/gen/qs8-qc8w-gemm-4x8-minmax-fp32-neon-mlal-lane.c.o
  [3853/5650] Building C object confu-deps/XNNPACK/CMakeFiles/microkernels-all.dir/src/qs8-qc8w-gemm/gen/qs8-qc8w-gemm-6x8-minmax-fp32-neon-mlal-lane.c.o
  [3854/5650] Building C object confu-deps/XNNPACK/CMakeFiles/microkernels-all.dir/src/qs8-qc8w-igemm/gen/qs8-qc8w-igemm-1x8-minmax-fp32-neon-mlal-lane-prfm.c.o
  [3855/5650] Building C object confu-deps/XNNPACK/CMakeFiles/microkernels-all.dir/src/qs8-qc8w-gemm/gen/qs8-qc8w-gemm-6x8-minmax-fp32-neon-mlal-lane-prfm.c.o
  [3856/5650] Building C object confu-deps/XNNPACK/CMakeFiles/microkernels-all.dir/src/qs8-qc8w-gemm/gen/qs8-qc8w-gemm-4x16-minmax-fp32-neon-mlal-lane.c.o
  [3857/5650] Building C object confu-deps/XNNPACK/CMakeFiles/microkernels-all.dir/src/qs8-qc8w-gemm/gen/qs8-qc8w-gemm-4x16-minmax-fp32-neon-mlal-lane-prfm.c.o
  [3858/5650] Building C object confu-deps/XNNPACK/CMakeFiles/microkernels-all.dir/src/qs8-qc8w-igemm/gen/qs8-qc8w-igemm-1x8-minmax-fp32-neon-mlal-lane.c.o
  [3859/5650] Building C object confu-deps/XNNPACK/CMakeFiles/microkernels-all.dir/src/qs8-qc8w-gemm/gen/qs8-qc8w-gemm-6x16-minmax-fp32-neon-mlal-lane-prfm.c.o
  [3860/5650] Building C object confu-deps/XNNPACK/CMakeFiles/microkernels-all.dir/src/qs8-qc8w-igemm/gen/qs8-qc8w-igemm-1x8c2-minmax-fp32-neon-mlal-dup.c.o
  [3861/5650] Building C object confu-deps/XNNPACK/CMakeFiles/microkernels-all.dir/src/qs8-qc8w-igemm/gen/qs8-qc8w-igemm-1x8c2-minmax-fp32-neon-mlal-ld1r.c.o
  [3862/5650] Building C object confu-deps/XNNPACK/CMakeFiles/microkernels-all.dir/src/qs8-qc8w-gemm/gen/qs8-qc8w-gemm-6x16-minmax-fp32-neon-mlal-lane.c.o
  [3863/5650] Building C object confu-deps/XNNPACK/CMakeFiles/microkernels-all.dir/src/qs8-qc8w-igemm/gen/qs8-qc8w-igemm-1x8c8-minmax-fp32-neon-mlal.c.o
  [3864/5650] Building C object confu-deps/XNNPACK/CMakeFiles/microkernels-all.dir/src/qs8-qc8w-igemm/gen/qs8-qc8w-igemm-1x8c2-minmax-fp32-neon-mlal-ld4r.c.o
  [3865/5650] Building C object confu-deps/XNNPACK/CMakeFiles/microkernels-all.dir/src/qs8-qc8w-igemm/gen/qs8-qc8w-igemm-1x8c4-minmax-fp32-neon-mlal-ld2r.c.o
  [3866/5650] Building C object confu-deps/XNNPACK/CMakeFiles/microkernels-all.dir/src/qs8-qc8w-igemm/gen/qs8-qc8w-igemm-1x8c4-minmax-fp32-neon-mlal-ld1r.c.o
  [3867/5650] Building C object confu-deps/XNNPACK/CMakeFiles/microkernels-all.dir/src/qs8-qc8w-igemm/gen/qs8-qc8w-igemm-1x8c4s2-minmax-fp32-neon-mlal.c.o
  [3868/5650] Building C object confu-deps/XNNPACK/CMakeFiles/microkernels-all.dir/src/qs8-qc8w-igemm/gen/qs8-qc8w-igemm-1x8c2-minmax-fp32-neon-mlal-ld2r.c.o
  [3869/5650] Building C object confu-deps/XNNPACK/CMakeFiles/microkernels-all.dir/src/qs8-qc8w-igemm/gen/qs8-qc8w-igemm-2x8-minmax-fp32-neon-mlal-lane-prfm.c.o
  [3870/5650] Building C object confu-deps/XNNPACK/CMakeFiles/microkernels-all.dir/src/qs8-qc8w-igemm/gen/qs8-qc8w-igemm-1x16-minmax-fp32-neon-mlal-lane.c.o
  [3871/5650] Building C object confu-deps/XNNPACK/CMakeFiles/microkernels-all.dir/src/qs8-qc8w-igemm/gen/qs8-qc8w-igemm-1x8c4-minmax-fp32-neon-mlal-dup.c.o
  [3872/5650] Building C object confu-deps/XNNPACK/CMakeFiles/microkernels-all.dir/src/qs8-qc8w-igemm/gen/qs8-qc8w-igemm-1x16-minmax-fp32-neon-mlal-lane-prfm.c.o
  [3873/5650] Building C object confu-deps/XNNPACK/CMakeFiles/microkernels-all.dir/src/qs8-qc8w-igemm/gen/qs8-qc8w-igemm-2x8-minmax-fp32-neon-mlal-lane.c.o
  [3874/5650] Building C object confu-deps/XNNPACK/CMakeFiles/microkernels-all.dir/src/qs8-qc8w-igemm/gen/qs8-qc8w-igemm-2x8c2-minmax-fp32-neon-mlal-ld4r.c.o
  [3875/5650] Building C object confu-deps/XNNPACK/CMakeFiles/microkernels-all.dir/src/qs8-qc8w-igemm/gen/qs8-qc8w-igemm-2x8c2-minmax-fp32-neon-mlal-ld2r.c.o
  [3876/5650] Building C object confu-deps/XNNPACK/CMakeFiles/microkernels-all.dir/src/qs8-qc8w-igemm/gen/qs8-qc8w-igemm-2x8c8-minmax-fp32-neon-mlal.c.o
  [3877/5650] Building C object confu-deps/XNNPACK/CMakeFiles/microkernels-all.dir/src/qs8-qc8w-igemm/gen/qs8-qc8w-igemm-2x8c4-minmax-fp32-neon-mlal-ld1r.c.o
  [3878/5650] Building C object confu-deps/XNNPACK/CMakeFiles/microkernels-all.dir/src/qs8-qc8w-igemm/gen/qs8-qc8w-igemm-2x8c2-minmax-fp32-neon-mlal-ld1r.c.o
  [3879/5650] Building C object confu-deps/XNNPACK/CMakeFiles/microkernels-all.dir/src/qs8-qc8w-igemm/gen/qs8-qc8w-igemm-2x8c4-minmax-fp32-neon-mlal-ld2r.c.o
  [3880/5650] Building C object confu-deps/XNNPACK/CMakeFiles/microkernels-all.dir/src/qs8-qc8w-igemm/gen/qs8-qc8w-igemm-2x8c2-minmax-fp32-neon-mlal-dup.c.o
  [3881/5650] Building C object confu-deps/XNNPACK/CMakeFiles/microkernels-all.dir/src/qs8-qc8w-igemm/gen/qs8-qc8w-igemm-2x8c4-minmax-fp32-neon-mlal-dup.c.o
  [3882/5650] Building C object confu-deps/XNNPACK/CMakeFiles/microkernels-all.dir/src/qs8-qc8w-igemm/gen/qs8-qc8w-igemm-2x8c4s2-minmax-fp32-neon-mlal.c.o
  [3883/5650] Building C object confu-deps/XNNPACK/CMakeFiles/microkernels-all.dir/src/qs8-qc8w-igemm/gen/qs8-qc8w-igemm-2x16-minmax-fp32-neon-mlal-lane.c.o
  [3884/5650] Building C object confu-deps/XNNPACK/CMakeFiles/microkernels-all.dir/src/qs8-qc8w-igemm/gen/qs8-qc8w-igemm-2x16-minmax-fp32-neon-mlal-lane-prfm.c.o
  [3885/5650] Building C object confu-deps/XNNPACK/CMakeFiles/microkernels-all.dir/src/qs8-qc8w-igemm/gen/qs8-qc8w-igemm-3x8-minmax-fp32-neon-mlal-lane-prfm.c.o
  [3886/5650] Building C object confu-deps/XNNPACK/CMakeFiles/microkernels-all.dir/src/qs8-qc8w-igemm/gen/qs8-qc8w-igemm-4x8-minmax-fp32-neon-mlal-lane-prfm.c.o
  [3887/5650] Building C object confu-deps/XNNPACK/CMakeFiles/microkernels-all.dir/src/qs8-qc8w-igemm/gen/qs8-qc8w-igemm-3x8-minmax-fp32-neon-mlal-lane.c.o
  [3888/5650] Building C object confu-deps/XNNPACK/CMakeFiles/microkernels-all.dir/src/qs8-qc8w-igemm/gen/qs8-qc8w-igemm-6x8-minmax-fp32-neon-mlal-lane.c.o
  [3889/5650] Building C object confu-deps/XNNPACK/CMakeFiles/microkernels-all.dir/src/qs8-qc8w-igemm/gen/qs8-qc8w-igemm-4x16-minmax-fp32-neon-mlal-lane-prfm.c.o
  [3890/5650] Building C object confu-deps/XNNPACK/CMakeFiles/microkernels-all.dir/src/qs8-qc8w-igemm/gen/qs8-qc8w-igemm-4x8-minmax-fp32-neon-mlal-lane.c.o
  [3891/5650] Building C object confu-deps/XNNPACK/CMakeFiles/microkernels-all.dir/src/qs8-qc8w-igemm/gen/qs8-qc8w-igemm-6x8-minmax-fp32-neon-mlal-lane-prfm.c.o
  [3892/5650] Building C object confu-deps/XNNPACK/CMakeFiles/microkernels-all.dir/src/qs8-qc8w-igemm/gen/qs8-qc8w-igemm-4x16-minmax-fp32-neon-mlal-lane.c.o
  [3893/5650] Building C object confu-deps/XNNPACK/CMakeFiles/microkernels-all.dir/src/qs8-qc8w-igemm/gen/qs8-qc8w-igemm-3x16-minmax-fp32-neon-mlal-lane-prfm.c.o
  [3894/5650] Building C object confu-deps/XNNPACK/CMakeFiles/microkernels-all.dir/src/qs8-qc8w-igemm/gen/qs8-qc8w-igemm-3x16-minmax-fp32-neon-mlal-lane.c.o
  [3895/5650] Building C object confu-deps/XNNPACK/CMakeFiles/microkernels-all.dir/src/qs8-rsum/gen/qs8-rsum-neon-u64-acc2.c.o
  [3896/5650] Building C object confu-deps/XNNPACK/CMakeFiles/microkernels-all.dir/src/qs8-rsum/gen/qs8-rsum-neon-u64-acc4.c.o
  [3897/5650] Building C object confu-deps/XNNPACK/CMakeFiles/microkernels-all.dir/src/qs8-rdsum/gen/qs8-rdsum-7p7x-minmax-fp32-neon-c64.c.o
  [3898/5650] Building C object confu-deps/XNNPACK/CMakeFiles/microkernels-all.dir/src/qs8-rsum/gen/qs8-rsum-neon-u16.c.o
  [3899/5650] Building C object confu-deps/XNNPACK/CMakeFiles/microkernels-all.dir/src/qs8-vadd/gen/qs8-vadd-minmax-neon-ld64-u8.c.o
  [3900/5650] Building C object confu-deps/XNNPACK/CMakeFiles/microkernels-all.dir/src/qs8-rdsum/gen/qs8-rdsum-7p7x-minmax-fp32-neon-c16.c.o
  [3901/5650] Building C object confu-deps/XNNPACK/CMakeFiles/microkernels-all.dir/src/qs8-vadd/gen/qs8-vadd-minmax-neon-ld64-u24.c.o
  [3902/5650] Building C object confu-deps/XNNPACK/CMakeFiles/microkernels-all.dir/src/qs8-vadd/gen/qs8-vadd-minmax-neon-ld128-u16.c.o
  [3903/5650] Building C object confu-deps/XNNPACK/CMakeFiles/microkernels-all.dir/src/qs8-vadd/gen/qs8-vadd-minmax-neon-ld128-u32.c.o
  [3904/5650] Building C object confu-deps/XNNPACK/CMakeFiles/microkernels-all.dir/src/qs8-vaddc/gen/qs8-vaddc-minmax-neon-ld64-u8.c.o
  [3905/5650] Building C object confu-deps/XNNPACK/CMakeFiles/microkernels-all.dir/src/qs8-qc8w-igemm/gen/qs8-qc8w-igemm-6x16-minmax-fp32-neon-mlal-lane-prfm.c.o
  [3906/5650] Building C object confu-deps/XNNPACK/CMakeFiles/microkernels-all.dir/src/qs8-vaddc/gen/qs8-vaddc-minmax-neon-ld64-u24.c.o
  [3907/5650] Building C object confu-deps/XNNPACK/CMakeFiles/microkernels-all.dir/src/qs8-vaddc/gen/qs8-vaddc-minmax-neon-ld128-u16.c.o
  [3908/5650] Building C object confu-deps/XNNPACK/CMakeFiles/microkernels-all.dir/src/qs8-vcvt/gen/qs8-vcvt-neon-u8.c.o
  [3909/5650] Building C object confu-deps/XNNPACK/CMakeFiles/microkernels-all.dir/src/qs8-vaddc/gen/qs8-vaddc-minmax-neon-ld128-u32.c.o
  [3910/5650] Building C object confu-deps/XNNPACK/CMakeFiles/microkernels-all.dir/src/qs8-vlrelu/gen/qs8-vlrelu-neon-u8.c.o
  [3911/5650] Building C object confu-deps/XNNPACK/CMakeFiles/microkernels-all.dir/src/qs8-vlrelu/gen/qs8-vlrelu-neon-u16.c.o
  [3912/5650] Building C object confu-deps/XNNPACK/CMakeFiles/microkernels-all.dir/src/qs8-qc8w-igemm/gen/qs8-qc8w-igemm-6x16-minmax-fp32-neon-mlal-lane.c.o
  [3913/5650] Building C object confu-deps/XNNPACK/CMakeFiles/microkernels-all.dir/src/qs8-vmul/gen/qs8-vmul-minmax-fp32-neon-ld128-u16.c.o
  [3914/5650] Building C object confu-deps/XNNPACK/CMakeFiles/microkernels-all.dir/src/qs8-vmul/gen/qs8-vmul-minmax-fp32-neon-ld64-u16.c.o
  [3915/5650] Building C object confu-deps/XNNPACK/CMakeFiles/microkernels-all.dir/src/qs8-vmul/gen/qs8-vmul-minmax-rndnu-neon-ld64-u8.c.o
  [3916/5650] Building C object confu-deps/XNNPACK/CMakeFiles/microkernels-all.dir/src/qs8-vmul/gen/qs8-vmul-minmax-fp32-neon-ld64-u8.c.o
  [3917/5650] Building C object confu-deps/XNNPACK/CMakeFiles/microkernels-all.dir/src/qs8-vcvt/gen/qs8-vcvt-neon-u16.c.o
  [3918/5650] Building C object confu-deps/XNNPACK/CMakeFiles/microkernels-all.dir/src/qs8-vmulc/gen/qs8-vmulc-minmax-fp32-neon-ld64-u8.c.o
  [3919/5650] Building C object confu-deps/XNNPACK/CMakeFiles/microkernels-all.dir/src/qs8-vmul/gen/qs8-vmul-minmax-rndnu-neon-ld128-u16.c.o
  [3920/5650] Building C object confu-deps/XNNPACK/CMakeFiles/microkernels-all.dir/src/qs8-vmulc/gen/qs8-vmulc-minmax-rndnu-neon-ld128-u16.c.o
  [3921/5650] Building C object confu-deps/XNNPACK/CMakeFiles/microkernels-all.dir/src/qs8-vmulc/gen/qs8-vmulc-minmax-rndnu-neon-ld64-u8.c.o
  [3922/5650] Building C object confu-deps/XNNPACK/CMakeFiles/microkernels-all.dir/src/qs8-vmulc/gen/qs8-vmulc-minmax-fp32-neon-ld128-u16.c.o
  [3923/5650] Building C object confu-deps/XNNPACK/CMakeFiles/microkernels-all.dir/src/qs8-vmulc/gen/qs8-vmulc-minmax-fp32-neon-ld64-u16.c.o
  [3924/5650] Building C object confu-deps/XNNPACK/CMakeFiles/microkernels-all.dir/src/qu8-dwconv/gen/qu8-dwconv-5f5m5l8c8s8r-minmax-rndnu-neon-mul8.c.o
  [3925/5650] Building C object confu-deps/XNNPACK/CMakeFiles/microkernels-all.dir/src/qu8-dwconv/gen/qu8-dwconv-5f5m5l8c8s8r-minmax-fp32-neon-mul16.c.o
  [3926/5650] Building C object confu-deps/XNNPACK/CMakeFiles/microkernels-all.dir/src/qu8-dwconv/gen/qu8-dwconv-5f5m5l16c8s8r-minmax-fp32-neon-mul16.c.o
  [3927/5650] Building C object confu-deps/XNNPACK/CMakeFiles/microkernels-all.dir/src/qu8-dwconv/gen/qu8-dwconv-5f5m5l8c8s8r-minmax-rndnu-neon-mul16.c.o
  [3928/5650] Building C object confu-deps/XNNPACK/CMakeFiles/microkernels-all.dir/src/qu8-dwconv/gen/qu8-dwconv-5f5m5l16c8s8r-minmax-rndnu-neon-mul16.c.o
  [3929/5650] Building C object confu-deps/XNNPACK/CMakeFiles/microkernels-all.dir/src/qu8-dwconv/gen/qu8-dwconv-5f5m5l16c8s8r-minmax-rndnu-neon-mul8.c.o
  [3930/5650] Building C object confu-deps/XNNPACK/CMakeFiles/microkernels-all.dir/src/qu8-dwconv/gen/qu8-dwconv-6f6m7l8c8s8r-minmax-fp32-neon-mul16.c.o
  [3931/5650] Building C object confu-deps/XNNPACK/CMakeFiles/microkernels-all.dir/src/qu8-dwconv/gen/qu8-dwconv-6f6m7l8c8s8r-minmax-rndnu-neon-mul16.c.o
  [3932/5650] Building C object confu-deps/XNNPACK/CMakeFiles/microkernels-all.dir/src/qu8-dwconv/gen/qu8-dwconv-5f5m5l32c8s8r-minmax-fp32-neon-mul16.c.o
  [3933/5650] Building C object confu-deps/XNNPACK/CMakeFiles/microkernels-all.dir/src/qu8-dwconv/gen/qu8-dwconv-5f5m5l32c8s8r-minmax-rndnu-neon-mul8.c.o
  [3934/5650] Building C object confu-deps/XNNPACK/CMakeFiles/microkernels-all.dir/src/qu8-dwconv/gen/qu8-dwconv-5f5m5l32c8s8r-minmax-rndnu-neon-mul16.c.o
  [3935/5650] Building C object confu-deps/XNNPACK/CMakeFiles/microkernels-all.dir/src/qu8-dwconv/gen/qu8-dwconv-6f6m7l8c8s8r-minmax-rndnu-neon-mul8.c.o
  [3936/5650] Building C object confu-deps/XNNPACK/CMakeFiles/microkernels-all.dir/src/qu8-dwconv/gen/qu8-dwconv-6f6m7l16c8s8r-minmax-rndnu-neon-mul8.c.o
  [3937/5650] Building C object confu-deps/XNNPACK/CMakeFiles/microkernels-all.dir/src/qu8-dwconv/gen/qu8-dwconv-6f6m7l16c8s8r-minmax-fp32-neon-mul16.c.o
  [3938/5650] Building C object confu-deps/XNNPACK/CMakeFiles/microkernels-all.dir/src/qu8-dwconv/gen/qu8-dwconv-8f8m9l8c8s8r-minmax-fp32-neon-mul16.c.o
  [3939/5650] Building C object confu-deps/XNNPACK/CMakeFiles/microkernels-all.dir/src/qu8-dwconv/gen/qu8-dwconv-6f6m7l32c8s8r-minmax-rndnu-neon-mul16.c.o
  [3940/5650] Building C object confu-deps/XNNPACK/CMakeFiles/microkernels-all.dir/src/qu8-dwconv/gen/qu8-dwconv-6f6m7l16c8s8r-minmax-rndnu-neon-mul16.c.o
  [3941/5650] Building C object confu-deps/XNNPACK/CMakeFiles/microkernels-all.dir/src/qu8-dwconv/gen/qu8-dwconv-8f8m9l8c8s8r-minmax-rndnu-neon-mul8.c.o
  [3942/5650] Building C object confu-deps/XNNPACK/CMakeFiles/microkernels-all.dir/src/qu8-dwconv/gen/qu8-dwconv-8f8m9l8c8s8r-minmax-rndnu-neon-mul16.c.o
  [3943/5650] Building C object confu-deps/XNNPACK/CMakeFiles/microkernels-all.dir/src/qu8-dwconv/gen/qu8-dwconv-6f6m7l32c8s8r-minmax-rndnu-neon-mul8.c.o
  [3944/5650] Building C object confu-deps/XNNPACK/CMakeFiles/microkernels-all.dir/src/qu8-dwconv/gen/qu8-dwconv-8f8m9l16c8s8r-minmax-fp32-neon-mul16.c.o
  [3945/5650] Building C object confu-deps/XNNPACK/CMakeFiles/microkernels-all.dir/src/qu8-dwconv/gen/qu8-dwconv-6f6m7l32c8s8r-minmax-fp32-neon-mul16.c.o
  [3946/5650] Building C object confu-deps/XNNPACK/CMakeFiles/microkernels-all.dir/src/qu8-dwconv/gen/qu8-dwconv-8f8m9l16c8s8r-minmax-rndnu-neon-mul16.c.o
  [3947/5650] Building C object confu-deps/XNNPACK/CMakeFiles/microkernels-all.dir/src/qu8-dwconv/gen/qu8-dwconv-8f8m9l16c8s8r-minmax-rndnu-neon-mul8.c.o
  [3948/5650] Building C object confu-deps/XNNPACK/CMakeFiles/microkernels-all.dir/src/qu8-dwconv/gen/qu8-dwconv-9p8c-minmax-fp32-neon-mul16.c.o
  [3949/5650] Building C object confu-deps/XNNPACK/CMakeFiles/microkernels-all.dir/src/qu8-dwconv/gen/qu8-dwconv-8f8m9l32c8s8r-minmax-rndnu-neon-mul8.c.o
  [3950/5650] Building C object confu-deps/XNNPACK/CMakeFiles/microkernels-all.dir/src/qu8-dwconv/gen/qu8-dwconv-9p8c-minmax-rndnu-neon-mul8.c.o
  [3951/5650] Building C object confu-deps/XNNPACK/CMakeFiles/microkernels-all.dir/src/qu8-dwconv/gen/qu8-dwconv-9p8c-minmax-rndnu-neon-mul16.c.o
  [3952/5650] Building C object confu-deps/XNNPACK/CMakeFiles/microkernels-all.dir/src/qu8-dwconv/gen/qu8-dwconv-9p16c-minmax-rndnu-neon-mul16.c.o
  [3953/5650] Building C object confu-deps/XNNPACK/CMakeFiles/microkernels-all.dir/src/qu8-dwconv/gen/qu8-dwconv-9p16c-minmax-fp32-neon-mul16.c.o
  [3954/5650] Building C object confu-deps/XNNPACK/CMakeFiles/microkernels-all.dir/src/qu8-dwconv/gen/qu8-dwconv-8f8m9l32c8s8r-minmax-fp32-neon-mul16.c.o
  [3955/5650] Building C object confu-deps/XNNPACK/CMakeFiles/microkernels-all.dir/src/qu8-dwconv/gen/qu8-dwconv-9p32c-minmax-rndnu-neon-mul8.c.o
  [3956/5650] Building C object confu-deps/XNNPACK/CMakeFiles/microkernels-all.dir/src/qu8-dwconv/gen/qu8-dwconv-25p8c-minmax-rndnu-neon-mul16.c.o
  [3957/5650] Building C object confu-deps/XNNPACK/CMakeFiles/microkernels-all.dir/src/qu8-dwconv/gen/qu8-dwconv-9p32c-minmax-rndnu-neon-mul16.c.o
  [3958/5650] Building C object confu-deps/XNNPACK/CMakeFiles/microkernels-all.dir/src/qu8-dwconv/gen/qu8-dwconv-9p32c-minmax-fp32-neon-mul16.c.o
  [3959/5650] Building C object confu-deps/XNNPACK/CMakeFiles/microkernels-all.dir/src/qu8-dwconv/gen/qu8-dwconv-25p16c-minmax-rndnu-neon-mul8.c.o
  [3960/5650] Building C object confu-deps/XNNPACK/CMakeFiles/microkernels-all.dir/src/qu8-dwconv/gen/qu8-dwconv-25p8c-minmax-fp32-neon-mul16.c.o
  [3961/5650] Building C object confu-deps/XNNPACK/CMakeFiles/microkernels-all.dir/src/qu8-dwconv/gen/qu8-dwconv-8f8m9l32c8s8r-minmax-rndnu-neon-mul16.c.o
  [3962/5650] Building C object confu-deps/XNNPACK/CMakeFiles/microkernels-all.dir/src/qu8-dwconv/gen/qu8-dwconv-25p16c-minmax-fp32-neon-mul16.c.o
  [3963/5650] Building C object confu-deps/XNNPACK/CMakeFiles/microkernels-all.dir/src/qu8-dwconv/gen/qu8-dwconv-25p16c-minmax-rndnu-neon-mul16.c.o
  [3964/5650] Building C object confu-deps/XNNPACK/CMakeFiles/microkernels-all.dir/src/qu8-f32-vcvt/gen/qu8-f32-vcvt-neon-u8.c.o
  [3965/5650] Building C object confu-deps/XNNPACK/CMakeFiles/microkernels-all.dir/src/qu8-f32-vcvt/gen/qu8-f32-vcvt-neon-u24.c.o
  [3966/5650] Building C object confu-deps/XNNPACK/CMakeFiles/microkernels-all.dir/src/qu8-f32-vcvt/gen/qu8-f32-vcvt-neon-u16.c.o
  [3967/5650] Building C object confu-deps/XNNPACK/CMakeFiles/microkernels-all.dir/src/qu8-dwconv/gen/qu8-dwconv-25p32c-minmax-rndnu-neon-mul16.c.o
  [3968/5650] Building C object confu-deps/XNNPACK/CMakeFiles/microkernels-all.dir/src/qu8-gemm/gen/qu8-gemm-1x8-minmax-fp32-neon-mlal-lane.c.o
  [3969/5650] Building C object confu-deps/XNNPACK/CMakeFiles/microkernels-all.dir/src/qu8-dwconv/gen/qu8-dwconv-25p32c-minmax-rndnu-neon-mul8.c.o
  [3970/5650] Building C object confu-deps/XNNPACK/CMakeFiles/microkernels-all.dir/src/qu8-gemm/gen/qu8-gemm-2x8-minmax-rndnu-neon-mlal-lane.c.o
  [3971/5650] Building C object confu-deps/XNNPACK/CMakeFiles/microkernels-all.dir/src/qu8-gemm/gen/qu8-gemm-1x16-minmax-fp32-neon-mlal-lane.c.o
  [3972/5650] Building C object confu-deps/XNNPACK/CMakeFiles/microkernels-all.dir/src/qu8-dwconv/gen/qu8-dwconv-25p32c-minmax-fp32-neon-mul16.c.o
  [3973/5650] Building C object confu-deps/XNNPACK/CMakeFiles/microkernels-all.dir/src/qu8-gemm/gen/qu8-gemm-2x16-minmax-rndnu-neon-mlal-lane.c.o
  [3974/5650] Building C object confu-deps/XNNPACK/CMakeFiles/microkernels-all.dir/src/qu8-igemm/gen/qu8-igemm-1x8-minmax-fp32-neon-mlal-lane.c.o
  [3975/5650] Building C object confu-deps/XNNPACK/CMakeFiles/microkernels-all.dir/src/qu8-gemm/gen/qu8-gemm-4x8-minmax-fp32-neon-mlal-lane.c.o
  [3976/5650] Building C object confu-deps/XNNPACK/CMakeFiles/microkernels-all.dir/src/qu8-igemm/gen/qu8-igemm-2x8-minmax-rndnu-neon-mlal-lane.c.o
  [3977/5650] Building C object confu-deps/XNNPACK/CMakeFiles/microkernels-all.dir/src/qu8-gemm/gen/qu8-gemm-3x16-minmax-rndnu-neon-mlal-lane.c.o
  [3978/5650] Building C object confu-deps/XNNPACK/CMakeFiles/microkernels-all.dir/src/qu8-igemm/gen/qu8-igemm-2x16-minmax-rndnu-neon-mlal-lane.c.o
  [3979/5650] Building C object confu-deps/XNNPACK/CMakeFiles/microkernels-all.dir/src/qu8-gemm/gen/qu8-gemm-6x8-minmax-rndnu-neon-mlal-lane.c.o
  [3980/5650] Building C object confu-deps/XNNPACK/CMakeFiles/microkernels-all.dir/src/qu8-gemm/gen/qu8-gemm-4x8-minmax-rndnu-neon-mlal-lane.c.o
  [3981/5650] Building C object confu-deps/XNNPACK/CMakeFiles/microkernels-all.dir/src/qu8-igemm/gen/qu8-igemm-1x16-minmax-fp32-neon-mlal-lane.c.o
  [3982/5650] Building C object confu-deps/XNNPACK/CMakeFiles/microkernels-all.dir/src/qu8-gemm/gen/qu8-gemm-6x16-minmax-rndnu-neon-mlal-lane.c.o
  [3983/5650] Building C object confu-deps/XNNPACK/CMakeFiles/microkernels-all.dir/src/qu8-igemm/gen/qu8-igemm-4x8-minmax-fp32-neon-mlal-lane.c.o
  [3984/5650] Building C object confu-deps/XNNPACK/CMakeFiles/microkernels-all.dir/src/qu8-gemm/gen/qu8-gemm-4x16-minmax-fp32-neon-mlal-lane.c.o
  [3985/5650] Building C object confu-deps/XNNPACK/CMakeFiles/microkernels-all.dir/src/qu8-rsum/gen/qu8-rsum-neon-u64-acc2.c.o
  [3986/5650] Building C object confu-deps/XNNPACK/CMakeFiles/microkernels-all.dir/src/qu8-rsum/gen/qu8-rsum-neon-u16.c.o
  [3987/5650] Building C object confu-deps/XNNPACK/CMakeFiles/microkernels-all.dir/src/qu8-rsum/gen/qu8-rsum-neon-u64-acc4.c.o
  [3988/5650] Building C object confu-deps/XNNPACK/CMakeFiles/microkernels-all.dir/src/qu8-igemm/gen/qu8-igemm-3x16-minmax-rndnu-neon-mlal-lane.c.o
  [3989/5650] Building C object confu-deps/XNNPACK/CMakeFiles/microkernels-all.dir/src/qu8-vadd/gen/qu8-vadd-minmax-neon-ld64-u8.c.o
  [3990/5650] Building C object confu-deps/XNNPACK/CMakeFiles/microkernels-all.dir/src/qu8-rdsum/gen/qu8-rdsum-7p7x-neon-u64.c.o
  [3991/5650] Building C object confu-deps/XNNPACK/CMakeFiles/microkernels-all.dir/src/qu8-igemm/gen/qu8-igemm-4x16-minmax-fp32-neon-mlal-lane.c.o
  [3992/5650] Building C object confu-deps/XNNPACK/CMakeFiles/microkernels-all.dir/src/qu8-igemm/gen/qu8-igemm-4x8-minmax-rndnu-neon-mlal-lane.c.o
  [3993/5650] Building C object confu-deps/XNNPACK/CMakeFiles/microkernels-all.dir/src/qu8-igemm/gen/qu8-igemm-6x8-minmax-rndnu-neon-mlal-lane.c.o
  [3994/5650] Building C object confu-deps/XNNPACK/CMakeFiles/microkernels-all.dir/src/qu8-vadd/gen/qu8-vadd-minmax-neon-ld128-u16.c.o
  [3995/5650] Building C object confu-deps/XNNPACK/CMakeFiles/microkernels-all.dir/src/qu8-vcvt/gen/qu8-vcvt-neon-u8.c.o
  [3996/5650] Building C object confu-deps/XNNPACK/CMakeFiles/microkernels-all.dir/src/qu8-vcvt/gen/qu8-vcvt-neon-u16.c.o
  [3997/5650] Building C object confu-deps/XNNPACK/CMakeFiles/microkernels-all.dir/src/qu8-vaddc/gen/qu8-vaddc-minmax-neon-ld64-u8.c.o
  [3998/5650] Building C object confu-deps/XNNPACK/CMakeFiles/microkernels-all.dir/src/qu8-vaddc/gen/qu8-vaddc-minmax-neon-ld128-u16.c.o
  [3999/5650] Building C object confu-deps/XNNPACK/CMakeFiles/microkernels-all.dir/src/qu8-vlrelu/gen/qu8-vlrelu-neon-u16.c.o
  [4000/5650] Building C object confu-deps/XNNPACK/CMakeFiles/microkernels-all.dir/src/qu8-vmul/gen/qu8-vmul-minmax-fp32-neon-ld64-u8.c.o
  [4001/5650] Building C object confu-deps/XNNPACK/CMakeFiles/microkernels-all.dir/src/qu8-vlrelu/gen/qu8-vlrelu-neon-u8.c.o
  [4002/5650] Building C object confu-deps/XNNPACK/CMakeFiles/microkernels-all.dir/src/qu8-vmul/gen/qu8-vmul-minmax-rndnu-neon-ld64-u8.c.o
  [4003/5650] Building C object confu-deps/XNNPACK/CMakeFiles/microkernels-all.dir/src/qu8-vmul/gen/qu8-vmul-minmax-fp32-neon-ld128-u16.c.o
  [4004/5650] Building C object confu-deps/XNNPACK/CMakeFiles/microkernels-all.dir/src/qu8-vmul/gen/qu8-vmul-minmax-rndnu-neon-ld128-u16.c.o
  [4005/5650] Building C object confu-deps/XNNPACK/CMakeFiles/microkernels-all.dir/src/qu8-vmulc/gen/qu8-vmulc-minmax-fp32-neon-ld64-u8.c.o
  [4006/5650] Building C object confu-deps/XNNPACK/CMakeFiles/microkernels-all.dir/src/qu8-vmulc/gen/qu8-vmulc-minmax-fp32-neon-ld64-u16.c.o
  [4007/5650] Building C object confu-deps/XNNPACK/CMakeFiles/microkernels-all.dir/src/qu8-igemm/gen/qu8-igemm-6x16-minmax-rndnu-neon-mlal-lane.c.o
  [4008/5650] Building C object confu-deps/XNNPACK/CMakeFiles/microkernels-all.dir/src/qu8-vmulc/gen/qu8-vmulc-minmax-rndnu-neon-ld64-u8.c.o
  [4009/5650] Building C object confu-deps/XNNPACK/CMakeFiles/microkernels-all.dir/src/qu8-vmulc/gen/qu8-vmulc-minmax-fp32-neon-ld128-u16.c.o
  [4010/5650] Building C object confu-deps/XNNPACK/CMakeFiles/microkernels-all.dir/src/s8-maxpool/s8-maxpool-2p2x-minmax-neon-c16.c.o
  [4011/5650] Building C object confu-deps/XNNPACK/CMakeFiles/microkernels-all.dir/src/qu8-vmul/gen/qu8-vmul-minmax-fp32-neon-ld64-u16.c.o
  [4012/5650] Building C object confu-deps/XNNPACK/CMakeFiles/microkernels-all.dir/src/qu8-vmulc/gen/qu8-vmulc-minmax-rndnu-neon-ld128-u16.c.o
  [4013/5650] Building C object confu-deps/XNNPACK/CMakeFiles/microkernels-all.dir/src/s8-maxpool/s8-maxpool-4p3x-minmax-neon-c16.c.o
  [4014/5650] Building C object confu-deps/XNNPACK/CMakeFiles/microkernels-all.dir/src/x8-transposec/gen/x8-transposec-8x8-multi-mov-zip-neon.c.o
  [4015/5650] Building C object confu-deps/XNNPACK/CMakeFiles/microkernels-all.dir/src/x8-transposec/gen/x8-transposec-8x8-reuse-dec-zip-neon.c.o
  [4016/5650] Building C object confu-deps/XNNPACK/CMakeFiles/microkernels-all.dir/src/x8-transposec/gen/x8-transposec-8x8-multi-switch-zip-neon.c.o
  [4017/5650] Building C object confu-deps/XNNPACK/CMakeFiles/microkernels-all.dir/src/x8-transposec/gen/x8-transposec-8x8-reuse-multi-zip-neon.c.o
  [4018/5650] Building C object confu-deps/XNNPACK/CMakeFiles/microkernels-all.dir/src/x8-transposec/gen/x8-transposec-8x8-multi-dec-zip-neon.c.o
  [4019/5650] Building C object confu-deps/XNNPACK/CMakeFiles/microkernels-all.dir/src/x8-transposec/gen/x8-transposec-8x8-reuse-switch-zip-neon.c.o
  [4020/5650] Building C object confu-deps/XNNPACK/CMakeFiles/microkernels-all.dir/src/x8-transposec/gen/x8-transposec-8x8-reuse-mov-zip-neon.c.o
  [4021/5650] Building C object confu-deps/XNNPACK/CMakeFiles/microkernels-all.dir/src/x8-transposec/gen/x8-transposec-16x16-reuse-switch-zip-neon.c.o
  [4022/5650] Building C object confu-deps/XNNPACK/CMakeFiles/microkernels-all.dir/src/x16-packw/gen/x16-packw-x8-gemm-goi-neon-ld4lane-u4-prfm.c.o
  [4023/5650] Building C object confu-deps/XNNPACK/CMakeFiles/microkernels-all.dir/src/x16-packw/gen/x16-packw-x8-gemm-goi-neon-ld4lane-u8.c.o
  [4024/5650] Building C object confu-deps/XNNPACK/CMakeFiles/microkernels-all.dir/src/x16-packw/gen/x16-packw-x8-gemm-goi-neon-ld4lane-u4.c.o
  [4025/5650] Building C object confu-deps/XNNPACK/CMakeFiles/microkernels-all.dir/src/x8-transposec/gen/x8-transposec-16x16-reuse-mov-zip-neon.c.o
  [4026/5650] Building C object confu-deps/XNNPACK/CMakeFiles/microkernels-all.dir/src/x16-packw/gen/x16-packw-x8-gemm-goi-neon-ld4lane-u12.c.o
  [4027/5650] Building C object confu-deps/XNNPACK/CMakeFiles/microkernels-all.dir/src/x16-packw/gen/x16-packw-x8-gemm-goi-neon-ld4lane-u16.c.o
  [4028/5650] Building C object confu-deps/XNNPACK/CMakeFiles/microkernels-all.dir/src/x16-packw/gen/x16-packw-x8-gemm-goi-neon-ld4lane-u12-prfm.c.o
  [4029/5650] Building C object confu-deps/XNNPACK/CMakeFiles/microkernels-all.dir/src/x16-packw/gen/x16-packw-x8-gemm-goi-neon-ld4lane-u16-prfm.c.o
  [4030/5650] Building C object confu-deps/XNNPACK/CMakeFiles/microkernels-all.dir/src/x16-transposec/gen/x16-transposec-4x4-multi-dec-zip-neon.c.o
  [4031/5650] Building C object confu-deps/XNNPACK/CMakeFiles/microkernels-all.dir/src/x16-packw/gen/x16-packw-x16-gemm-goi-neon-ld4lane-u4.c.o
  [4032/5650] Building C object confu-deps/XNNPACK/CMakeFiles/microkernels-all.dir/src/x16-packw/gen/x16-packw-x16-gemm-goi-neon-ld4lane-u4-prfm.c.o
  [4033/5650] Building C object confu-deps/XNNPACK/CMakeFiles/microkernels-all.dir/src/x16-transposec/gen/x16-transposec-4x4-multi-switch-zip-neon.c.o
  [4034/5650] Building C object confu-deps/XNNPACK/CMakeFiles/microkernels-all.dir/src/x16-transposec/gen/x16-transposec-4x4-multi-multi-zip-neon.c.o
  [4035/5650] Building C object confu-deps/XNNPACK/CMakeFiles/microkernels-all.dir/src/x16-transposec/gen/x16-transposec-4x4-reuse-dec-zip-neon.c.o
  [4036/5650] Building C object confu-deps/XNNPACK/CMakeFiles/microkernels-all.dir/src/x16-transposec/gen/x16-transposec-4x4-reuse-mov-zip-neon.c.o
  [4037/5650] Building C object confu-deps/XNNPACK/CMakeFiles/microkernels-all.dir/src/x16-transposec/gen/x16-transposec-4x4-multi-mov-zip-neon.c.o
  [4038/5650] Building C object confu-deps/XNNPACK/CMakeFiles/microkernels-all.dir/src/x16-packw/gen/x16-packw-x16-gemm-goi-neon-ld4lane-u8.c.o
  [4039/5650] Building C object confu-deps/XNNPACK/CMakeFiles/microkernels-all.dir/src/x16-transposec/gen/x16-transposec-4x4-reuse-switch-zip-neon.c.o
  [4040/5650] Building C object confu-deps/XNNPACK/CMakeFiles/microkernels-all.dir/src/x16-transposec/gen/x16-transposec-8x8-reuse-multi-zip-neon.c.o
  [4041/5650] Building C object confu-deps/XNNPACK/CMakeFiles/microkernels-all.dir/src/x16-transposec/gen/x16-transposec-8x8-multi-dec-zip-neon.c.o
  [4042/5650] Building C object confu-deps/XNNPACK/CMakeFiles/microkernels-all.dir/src/x16-transposec/gen/x16-transposec-8x8-multi-switch-zip-neon.c.o
  [4043/5650] Building C object confu-deps/XNNPACK/CMakeFiles/microkernels-all.dir/src/x16-transposec/gen/x16-transposec-4x4-reuse-multi-zip-neon.c.o
  [4044/5650] Building C object confu-deps/XNNPACK/CMakeFiles/microkernels-all.dir/src/x16-transposec/gen/x16-transposec-8x8-reuse-mov-zip-neon.c.o
  [4045/5650] Building C object confu-deps/XNNPACK/CMakeFiles/microkernels-all.dir/src/x16-packw/gen/x16-packw-x16-gemm-goi-neon-ld4lane-u12.c.o
  [4046/5650] Building C object confu-deps/XNNPACK/CMakeFiles/microkernels-all.dir/src/x16-transposec/gen/x16-transposec-8x8-reuse-switch-zip-neon.c.o
  [4047/5650] Building C object confu-deps/XNNPACK/CMakeFiles/microkernels-all.dir/src/x16-transposec/gen/x16-transposec-8x8-multi-mov-zip-neon.c.o
  [4048/5650] Building C object confu-deps/XNNPACK/CMakeFiles/microkernels-all.dir/src/x16-packw/gen/x16-packw-x16-gemm-goi-neon-ld4lane-u12-prfm.c.o
  [4049/5650] Building C object confu-deps/XNNPACK/CMakeFiles/microkernels-all.dir/src/x32-packw/gen/x32-packw-x2-gemm-goi-neon-ld2lane-u2.c.o
  [4050/5650] Building C object confu-deps/XNNPACK/CMakeFiles/microkernels-all.dir/src/x16-packw/gen/x16-packw-x16-gemm-goi-neon-ld4lane-u16-prfm.c.o
  [4051/5650] Building C object confu-deps/XNNPACK/CMakeFiles/microkernels-all.dir/src/x16-packw/gen/x16-packw-x16-gemm-goi-neon-ld4lane-u16.c.o
  [4052/5650] Building C object confu-deps/XNNPACK/CMakeFiles/microkernels-all.dir/src/x32-packw/gen/x32-packw-x8-gemm-goi-neon-ld4lane-u4.c.o
  [4053/5650] Building C object confu-deps/XNNPACK/CMakeFiles/microkernels-all.dir/src/x32-packw/gen/x32-packw-x8-gemm-goi-neon-ld4lane-u8.c.o
  [4054/5650] Building C object confu-deps/XNNPACK/CMakeFiles/microkernels-all.dir/src/x32-packw/gen/x32-packw-x8s4-gemm-goi-neon-ld4lane-u4.c.o
  [4055/5650] Building C object confu-deps/XNNPACK/CMakeFiles/microkernels-all.dir/src/x32-packw/gen/x32-packw-x8s4-gemm-goi-neon-ld4lane-u8.c.o
  [4056/5650] Building C object confu-deps/XNNPACK/CMakeFiles/microkernels-all.dir/src/x32-packw/gen/x32-packw-x8s4-gemm-goi-neon-ld4lane-u8-prfm.c.o
  [4057/5650] Building C object confu-deps/XNNPACK/CMakeFiles/microkernels-all.dir/src/x32-packw/gen/x32-packw-gio-neon-u2.c.o
  [4058/5650] Building C object confu-deps/XNNPACK/CMakeFiles/microkernels-all.dir/src/x32-packw/gen/x32-packw-x12-gemm-goi-neon-ld4lane-u4.c.o
  [4059/5650] Building C object confu-deps/XNNPACK/CMakeFiles/microkernels-all.dir/src/x32-packw/gen/x32-packw-x8-gemm-goi-neon-ld4lane-u8-prfm.c.o
  [4060/5650] Building C object confu-deps/XNNPACK/CMakeFiles/microkernels-all.dir/src/x32-packx/gen/x32-packx-4x-neon-st4-u4.c.o
  [4061/5650] Building C object confu-deps/XNNPACK/CMakeFiles/microkernels-all.dir/src/x32-packx/gen/x32-packx-4x-neon-st4-u4-prfm.c.o
  [4062/5650] Building C object confu-deps/XNNPACK/CMakeFiles/microkernels-all.dir/src/x32-packx/gen/x32-packx-4x-neon-st4-u8-prfm.c.o
  [4063/5650] Building C object confu-deps/XNNPACK/CMakeFiles/microkernels-all.dir/src/x32-packw/gen/x32-packw-x12-gemm-goi-neon-ld4lane-u4-prfm.c.o
  [4064/5650] Building C object confu-deps/XNNPACK/CMakeFiles/microkernels-all.dir/src/x32-packw/gen/x32-packw-x12-gemm-goi-neon-ld4lane-u8.c.o
  [4065/5650] Building C object confu-deps/XNNPACK/CMakeFiles/microkernels-all.dir/src/x32-packw/gen/x32-packw-x16-gemm-goi-neon-ld4lane-u4.c.o
  [4066/5650] Building C object confu-deps/XNNPACK/CMakeFiles/microkernels-all.dir/src/x32-packx/gen/x32-packx-4x-neon-st4-u8.c.o
  [4067/5650] Building C object confu-deps/XNNPACK/CMakeFiles/microkernels-all.dir/src/x32-packw/gen/x32-packw-x12-gemm-goi-neon-ld4lane-u8-prfm.c.o
  [4068/5650] Building C object confu-deps/XNNPACK/CMakeFiles/microkernels-all.dir/src/x32-packx/gen/x32-packx-8x-neon-st4-u4-prfm.c.o
  [4069/5650] Building C object confu-deps/XNNPACK/CMakeFiles/microkernels-all.dir/src/x32-packx/gen/x32-packx-8x-neon-st4-u4.c.o
  [4070/5650] Building C object confu-deps/XNNPACK/CMakeFiles/microkernels-all.dir/src/x32-packx/gen/x32-packx-8x-neon-st4-u8.c.o
  [4071/5650] Building C object confu-deps/XNNPACK/CMakeFiles/microkernels-all.dir/src/x32-packx/gen/x32-packx-8x-neon-st4-u8-prfm.c.o
  [4072/5650] Building C object confu-deps/XNNPACK/CMakeFiles/microkernels-all.dir/src/x32-transposec/gen/x32-transposec-2x2-multi-dec-zip-neon.c.o
  [4073/5650] Building C object confu-deps/XNNPACK/CMakeFiles/microkernels-all.dir/src/x32-transposec/gen/x32-transposec-2x2-multi-mov-zip-neon.c.o
  [4074/5650] Building C object confu-deps/XNNPACK/CMakeFiles/microkernels-all.dir/src/x32-transposec/gen/x32-transposec-2x2-multi-switch-zip-neon.c.o
  [4075/5650] Building C object confu-deps/XNNPACK/CMakeFiles/microkernels-all.dir/src/x32-transposec/gen/x32-transposec-2x2-multi-multi-zip-neon.c.o
  [4076/5650] Building C object confu-deps/XNNPACK/CMakeFiles/microkernels-all.dir/src/x32-packw/gen/x32-packw-x16-gemm-goi-neon-ld4lane-u4-prfm.c.o
  [4077/5650] Building C object confu-deps/XNNPACK/CMakeFiles/microkernels-all.dir/src/x32-transposec/gen/x32-transposec-2x2-reuse-dec-zip-neon.c.o
  [4078/5650] Building C object confu-deps/XNNPACK/CMakeFiles/microkernels-all.dir/src/x32-transposec/gen/x32-transposec-2x2-reuse-mov-zip-neon.c.o
  [4079/5650] Building C object confu-deps/XNNPACK/CMakeFiles/microkernels-all.dir/src/x32-transposec/gen/x32-transposec-2x2-reuse-multi-zip-neon.c.o
  [4080/5650] Building C object confu-deps/XNNPACK/CMakeFiles/microkernels-all.dir/src/x32-transposec/gen/x32-transposec-2x2-reuse-switch-zip-neon.c.o
  [4081/5650] Building C object confu-deps/XNNPACK/CMakeFiles/microkernels-all.dir/src/x32-transposec/gen/x32-transposec-4x4-multi-dec-zip-neon.c.o
  [4082/5650] Building C object confu-deps/XNNPACK/CMakeFiles/microkernels-all.dir/src/x32-transposec/gen/x32-transposec-4x4-multi-mov-zip-neon.c.o
  [4083/5650] Building C object confu-deps/XNNPACK/CMakeFiles/microkernels-all.dir/src/x32-transposec/gen/x32-transposec-4x4-multi-multi-zip-neon.c.o
  [4084/5650] Building C object confu-deps/XNNPACK/CMakeFiles/microkernels-all.dir/src/x32-transposec/gen/x32-transposec-4x4-reuse-mov-zip-neon.c.o
  [4085/5650] Building C object confu-deps/XNNPACK/CMakeFiles/microkernels-all.dir/src/x32-transposec/gen/x32-transposec-4x4-reuse-switch-zip-neon.c.o
  [4086/5650] Building C object confu-deps/XNNPACK/CMakeFiles/microkernels-all.dir/src/x32-transposec/gen/x32-transposec-4x4-reuse-multi-zip-neon.c.o
  [4087/5650] Building C object confu-deps/XNNPACK/CMakeFiles/microkernels-all.dir/src/x32-transposec/gen/x32-transposec-4x4-multi-switch-zip-neon.c.o
  [4088/5650] Building C object confu-deps/XNNPACK/CMakeFiles/microkernels-all.dir/src/x64-transposec/gen/x64-transposec-2x2-multi-mov-zip-neon.c.o
  [4089/5650] Building C object confu-deps/XNNPACK/CMakeFiles/microkernels-all.dir/src/x64-transposec/gen/x64-transposec-2x2-multi-multi-zip-neon.c.o
  [4090/5650] Building C object confu-deps/XNNPACK/CMakeFiles/microkernels-all.dir/src/x32-packw/gen/x32-packw-x16-gemm-goi-neon-ld4lane-u8.c.o
  [4091/5650] Building C object confu-deps/XNNPACK/CMakeFiles/microkernels-all.dir/src/x64-transposec/gen/x64-transposec-2x2-reuse-mov-zip-neon.c.o
  [4092/5650] Building C object confu-deps/XNNPACK/CMakeFiles/microkernels-all.dir/src/x64-transposec/gen/x64-transposec-2x2-reuse-multi-zip-neon.c.o
  [4093/5650] Building C object confu-deps/XNNPACK/CMakeFiles/microkernels-all.dir/src/x64-transposec/gen/x64-transposec-2x2-multi-switch-zip-neon.c.o
  [4094/5650] Building C object confu-deps/XNNPACK/CMakeFiles/microkernels-all.dir/src/f16-f32-vcvt/gen/f16-f32-vcvt-neonfp16-u8.c.o
  [4095/5650] Building C object confu-deps/XNNPACK/CMakeFiles/microkernels-all.dir/src/f32-f16-vcvt/gen/f32-f16-vcvt-neonfp16-u8.c.o
  [4096/5650] Building C object confu-deps/XNNPACK/CMakeFiles/microkernels-all.dir/src/bf16-gemm/gen/bf16-gemm-1x4c8-minmax-neonfma-zip.c.o
  [4097/5650] Building C object confu-deps/XNNPACK/CMakeFiles/microkernels-all.dir/src/x64-transposec/gen/x64-transposec-2x2-reuse-switch-zip-neon.c.o
  [4098/5650] Building C object confu-deps/XNNPACK/CMakeFiles/microkernels-all.dir/src/bf16-gemm/gen/bf16-gemm-1x4c8-minmax-neonfma-shland.c.o
  [4099/5650] Building C object confu-deps/XNNPACK/CMakeFiles/microkernels-all.dir/src/x32-packw/gen/x32-packw-x16-gemm-goi-neon-ld4lane-u8-prfm.c.o
  [4100/5650] Building C object confu-deps/XNNPACK/CMakeFiles/microkernels-all.dir/src/bf16-gemm/gen/bf16-gemm-2x4c8-minmax-neonfma-shland.c.o
  [4101/5650] Building C object confu-deps/XNNPACK/CMakeFiles/microkernels-all.dir/src/bf16-gemm/gen/bf16-gemm-3x4c8-minmax-neonfma-shland.c.o
  [4102/5650] Building C object confu-deps/XNNPACK/CMakeFiles/microkernels-all.dir/src/bf16-gemm/gen/bf16-gemm-2x4c8-minmax-neonfma-zip.c.o
  [4103/5650] Building C object confu-deps/XNNPACK/CMakeFiles/microkernels-all.dir/src/bf16-gemm/gen/bf16-gemm-4x4c8-minmax-neonfma-shland.c.o
  [4104/5650] Building C object confu-deps/XNNPACK/CMakeFiles/microkernels-all.dir/src/bf16-gemm/gen/bf16-gemm-3x4c8-minmax-neonfma-zip.c.o
  [4105/5650] Building C object confu-deps/XNNPACK/CMakeFiles/microkernels-all.dir/src/f32-dwconv/gen/f32-dwconv-3p4c-minmax-neonfma-acc2.c.o
  [4106/5650] Building C object confu-deps/XNNPACK/CMakeFiles/microkernels-all.dir/src/bf16-gemm/gen/bf16-gemm-5x4c8-minmax-neonfma-shland.c.o
  [4107/5650] Building C object confu-deps/XNNPACK/CMakeFiles/microkernels-all.dir/src/f32-dwconv/gen/f32-dwconv-3p8c-minmax-neonfma-acc2.c.o
  [4108/5650] Building C object confu-deps/XNNPACK/CMakeFiles/microkernels-all.dir/src/bf16-gemm/gen/bf16-gemm-5x4c8-minmax-neonfma-zip.c.o
  [4109/5650] Building C object confu-deps/XNNPACK/CMakeFiles/microkernels-all.dir/src/f32-dwconv/gen/f32-dwconv-3p4c-minmax-neonfma.c.o
  [4110/5650] Building C object confu-deps/XNNPACK/CMakeFiles/microkernels-all.dir/src/bf16-gemm/gen/bf16-gemm-4x4c8-minmax-neonfma-zip.c.o
  [4111/5650] Building C object confu-deps/XNNPACK/CMakeFiles/microkernels-all.dir/src/f32-dwconv/gen/f32-dwconv-3p16c-minmax-neonfma-acc2.c.o
  [4112/5650] Building C object confu-deps/XNNPACK/CMakeFiles/microkernels-all.dir/src/f32-dwconv/gen/f32-dwconv-4p8c-minmax-neonfma-acc2.c.o
  [4113/5650] Building C object confu-deps/XNNPACK/CMakeFiles/microkernels-all.dir/src/f32-dwconv/gen/f32-dwconv-4p4c-minmax-neonfma-acc2.c.o
  [4114/5650] Building C object confu-deps/XNNPACK/CMakeFiles/microkernels-all.dir/src/f32-dwconv/gen/f32-dwconv-3p16c-minmax-neonfma.c.o
  [4115/5650] Building C object confu-deps/XNNPACK/CMakeFiles/microkernels-all.dir/src/f32-dwconv/gen/f32-dwconv-4p4c-minmax-neonfma.c.o
  [4116/5650] Building C object confu-deps/XNNPACK/CMakeFiles/microkernels-all.dir/src/f32-dwconv/gen/f32-dwconv-5f5m5l4c4s4r-minmax-neonfma-acc2.c.o
  [4117/5650] Building C object confu-deps/XNNPACK/CMakeFiles/microkernels-all.dir/src/f32-dwconv/gen/f32-dwconv-4p16c-minmax-neonfma-acc2.c.o
  [4118/5650] Building C object confu-deps/XNNPACK/CMakeFiles/microkernels-all.dir/src/f32-dwconv/gen/f32-dwconv-5f5m5l4c4s4r-minmax-neonfma.c.o
  [4119/5650] Building C object confu-deps/XNNPACK/CMakeFiles/microkernels-all.dir/src/f32-dwconv/gen/f32-dwconv-4p16c-minmax-neonfma.c.o
  [4120/5650] Building C object confu-deps/XNNPACK/CMakeFiles/microkernels-all.dir/src/f32-dwconv/gen/f32-dwconv-5f5m5l8c4s4r-minmax-neonfma.c.o
  [4121/5650] Building C object confu-deps/XNNPACK/CMakeFiles/microkernels-all.dir/src/f32-dwconv/gen/f32-dwconv-6f6m7l4c4s4r-minmax-neonfma.c.o
  [4122/5650] Building C object confu-deps/XNNPACK/CMakeFiles/microkernels-all.dir/src/f32-dwconv/gen/f32-dwconv-6f6m7l4c4s4r-minmax-neonfma-acc2.c.o
  [4123/5650] Building C object confu-deps/XNNPACK/CMakeFiles/microkernels-all.dir/src/f32-dwconv/gen/f32-dwconv-9p4c-minmax-neonfma-acc2.c.o
  [4124/5650] Building C object confu-deps/XNNPACK/CMakeFiles/microkernels-all.dir/src/f32-dwconv/gen/f32-dwconv-8f8m9l4c4s4r-minmax-neonfma.c.o
  [4125/5650] Building C object confu-deps/XNNPACK/CMakeFiles/microkernels-all.dir/src/f32-dwconv/gen/f32-dwconv-9p4c-minmax-neonfma.c.o
  [4126/5650] Building C object confu-deps/XNNPACK/CMakeFiles/microkernels-all.dir/src/f32-dwconv/gen/f32-dwconv-8f8m9l8c4s4r-minmax-neonfma-acc2.c.o
  [4127/5650] Building C object confu-deps/XNNPACK/CMakeFiles/microkernels-all.dir/src/f32-dwconv/gen/f32-dwconv-8f8m9l8c4s4r-minmax-neonfma.c.o
  [4128/5650] Building C object confu-deps/XNNPACK/CMakeFiles/microkernels-all.dir/src/f32-dwconv/gen/f32-dwconv-6f6m7l8c4s4r-minmax-neonfma-acc2.c.o
  [4129/5650] Building C object confu-deps/XNNPACK/CMakeFiles/microkernels-all.dir/src/f32-dwconv/gen/f32-dwconv-6f6m7l8c4s4r-minmax-neonfma.c.o
  [4130/5650] Building C object confu-deps/XNNPACK/CMakeFiles/microkernels-all.dir/src/f32-dwconv/gen/f32-dwconv-8f8m9l4c4s4r-minmax-neonfma-acc2.c.o
  [4131/5650] Building C object confu-deps/XNNPACK/CMakeFiles/microkernels-all.dir/src/f32-dwconv/gen/f32-dwconv-9p8c-minmax-neonfma-acc2.c.o
  [4132/5650] Building C object confu-deps/XNNPACK/CMakeFiles/microkernels-all.dir/src/f32-dwconv/gen/f32-dwconv-9p16c-minmax-neonfma-acc2.c.o
  [4133/5650] Building C object confu-deps/XNNPACK/CMakeFiles/microkernels-all.dir/src/f32-dwconv/gen/f32-dwconv-25p4c-minmax-neonfma.c.o
  [4134/5650] Building C object confu-deps/XNNPACK/CMakeFiles/microkernels-all.dir/src/f32-dwconv/gen/f32-dwconv-9p16c-minmax-neonfma.c.o
  [4135/5650] Building C object confu-deps/XNNPACK/CMakeFiles/microkernels-all.dir/src/f32-gemm/gen/f32-gemm-4x8-minmax-neonfma-dup-ld128.c.o
  [4136/5650] Building C object confu-deps/XNNPACK/CMakeFiles/microkernels-all.dir/src/f32-gemm/gen/f32-gemm-4x8-minmax-neonfma-dup-ld64.c.o
  [4137/5650] Building C object confu-deps/XNNPACK/CMakeFiles/microkernels-all.dir/src/f32-dwconv/gen/f32-dwconv-25p4c-minmax-neonfma-acc2.c.o
  [4138/5650] Building C object confu-deps/XNNPACK/CMakeFiles/microkernels-all.dir/src/f32-gemm/gen/f32-gemm-6x8-minmax-neonfma-dup-ld64.c.o
  [4139/5650] Building C object confu-deps/XNNPACK/CMakeFiles/microkernels-all.dir/src/f32-dwconv/gen/f32-dwconv-25p8c-minmax-neonfma.c.o
  [4140/5650] Building C object confu-deps/XNNPACK/CMakeFiles/microkernels-all.dir/src/f32-dwconv/gen/f32-dwconv-25p16c-minmax-neonfma.c.o
  [4141/5650] Building C object confu-deps/XNNPACK/CMakeFiles/microkernels-all.dir/src/f32-gemm/gen/f32-gemm-1x8-minmax-neonfma-dup-ld64.c.o
  [4142/5650] Building C object confu-deps/XNNPACK/CMakeFiles/microkernels-all.dir/src/f32-gemm/gen/f32-gemm-6x8-minmax-neonfma-dup-ld128.c.o
  [4143/5650] Building C object confu-deps/XNNPACK/CMakeFiles/microkernels-all.dir/src/f32-gemminc/gen/f32-gemminc-1x8-minmax-neonfma-dup-ld64.c.o
  [4144/5650] Building C object confu-deps/XNNPACK/CMakeFiles/microkernels-all.dir/src/f32-gemminc/gen/f32-gemminc-1x8s4-minmax-neonfma.c.o
  [4145/5650] Building C object confu-deps/XNNPACK/CMakeFiles/microkernels-all.dir/src/f32-gemminc/gen/f32-gemminc-4x8-minmax-neonfma-dup-ld64.c.o
  [4146/5650] Building C object confu-deps/XNNPACK/CMakeFiles/microkernels-all.dir/src/f32-gemm/gen/f32-gemm-8x8s4-minmax-neonfma.c.o
  [4147/5650] Building C object confu-deps/XNNPACK/CMakeFiles/microkernels-all.dir/src/f32-gemminc/gen/f32-gemminc-6x8s4-minmax-neonfma.c.o
  [4148/5650] Building C object confu-deps/XNNPACK/CMakeFiles/microkernels-all.dir/src/f32-gemminc/gen/f32-gemminc-6x8-minmax-neonfma-dup-ld64.c.o
  [4149/5650] Building C object confu-deps/XNNPACK/CMakeFiles/microkernels-all.dir/src/f32-gemminc/gen/f32-gemminc-4x8-minmax-neonfma-dup-ld128.c.o
  [4150/5650] Building C object confu-deps/XNNPACK/CMakeFiles/microkernels-all.dir/src/f32-gemminc/gen/f32-gemminc-4x8s4-minmax-neonfma.c.o
  [4151/5650] Building C object confu-deps/XNNPACK/CMakeFiles/microkernels-all.dir/src/f32-dwconv/gen/f32-dwconv-25p16c-minmax-neonfma-acc2.c.o
  [4152/5650] Building C object confu-deps/XNNPACK/CMakeFiles/microkernels-all.dir/src/f32-gemminc/gen/f32-gemminc-6x8-minmax-neonfma-dup-ld128.c.o
  [4153/5650] Building C object confu-deps/XNNPACK/CMakeFiles/microkernels-all.dir/src/f32-ibilinear-chw/gen/f32-ibilinear-chw-neonfma-p4.c.o
  [4154/5650] Building C object confu-deps/XNNPACK/CMakeFiles/microkernels-all.dir/src/f32-gemminc/gen/f32-gemminc-8x8s4-minmax-neonfma.c.o
  [4155/5650] Building C object confu-deps/XNNPACK/CMakeFiles/microkernels-all.dir/src/f32-ibilinear/gen/f32-ibilinear-neonfma-c4.c.o
  [4156/5650] Building C object confu-deps/XNNPACK/CMakeFiles/microkernels-all.dir/src/f32-igemm/gen/f32-igemm-1x8-minmax-neonfma-dup-ld64.c.o
  [4157/5650] Building C object confu-deps/XNNPACK/CMakeFiles/microkernels-all.dir/src/f32-igemm/gen/f32-igemm-4x8-minmax-neonfma-dup-ld64.c.o
  [4158/5650] Building C object confu-deps/XNNPACK/CMakeFiles/microkernels-all.dir/src/f32-igemm/gen/f32-igemm-4x8-minmax-neonfma-dup-ld128.c.o
  [4159/5650] Building C object confu-deps/XNNPACK/CMakeFiles/microkernels-all.dir/src/f32-igemm/gen/f32-igemm-6x8-minmax-neonfma-dup-ld128.c.o
  [4160/5650] Building C object confu-deps/XNNPACK/CMakeFiles/microkernels-all.dir/src/f32-qc4w-gemm/gen/f32-qc4w-gemm-1x8-minmax-neonfma-dup-ld64.c.o
  [4161/5650] Building C object confu-deps/XNNPACK/CMakeFiles/microkernels-all.dir/src/f32-ibilinear-chw/gen/f32-ibilinear-chw-neonfma-p16.c.o
  [4162/5650] Building C object confu-deps/XNNPACK/CMakeFiles/microkernels-all.dir/src/f32-igemm/gen/f32-igemm-8x8s4-minmax-neonfma.c.o
  [4163/5650] Building C object confu-deps/XNNPACK/CMakeFiles/microkernels-all.dir/src/f32-igemm/gen/f32-igemm-6x8-minmax-neonfma-dup-ld64.c.o
  [4164/5650] Building C object confu-deps/XNNPACK/CMakeFiles/microkernels-all.dir/src/f32-qc4w-gemm/gen/f32-qc4w-gemm-6x8-minmax-neonfma-dup-ld64.c.o
  [4165/5650] Building C object confu-deps/XNNPACK/CMakeFiles/microkernels-all.dir/src/f32-qc4w-gemm/gen/f32-qc4w-gemm-4x8-minmax-neonfma-dup-ld64.c.o
  [4166/5650] Building C object confu-deps/XNNPACK/CMakeFiles/microkernels-all.dir/src/f32-qc8w-gemm/gen/f32-qc8w-gemm-4x8-minmax-neonfma-dup-ld64.c.o
  [4167/5650] Building C object confu-deps/XNNPACK/CMakeFiles/microkernels-all.dir/src/f32-qc8w-gemm/gen/f32-qc8w-gemm-1x8s4-minmax-neonfma.c.o
  [4168/5650] Building C object confu-deps/XNNPACK/CMakeFiles/microkernels-all.dir/src/f32-raddstoreexpminusmax/gen/f32-raddstoreexpminusmax-neonfma-rr1-lut64-p2-u4.c.o
  [4169/5650] Building C object confu-deps/XNNPACK/CMakeFiles/microkernels-all.dir/src/f32-qc8w-gemm/gen/f32-qc8w-gemm-1x8-minmax-neonfma-dup-ld64.c.o
  [4170/5650] Building C object confu-deps/XNNPACK/CMakeFiles/microkernels-all.dir/src/f32-raddstoreexpminusmax/gen/f32-raddstoreexpminusmax-neonfma-rr1-p5-u4.c.o
  [4171/5650] Building C object confu-deps/XNNPACK/CMakeFiles/microkernels-all.dir/src/f32-raddstoreexpminusmax/gen/f32-raddstoreexpminusmax-neonfma-rr1-lut64-p2-u16-acc4.c.o
  [4172/5650] Building C object confu-deps/XNNPACK/CMakeFiles/microkernels-all.dir/src/f32-raddstoreexpminusmax/gen/f32-raddstoreexpminusmax-neonfma-rr1-lut64-p2-u8-acc2.c.o
  [4173/5650] Building C object confu-deps/XNNPACK/CMakeFiles/microkernels-all.dir/src/f32-qc8w-gemm/gen/f32-qc8w-gemm-6x8-minmax-neonfma-dup-ld64.c.o
  [4174/5650] Building C object confu-deps/XNNPACK/CMakeFiles/microkernels-all.dir/src/f32-qc8w-gemm/gen/f32-qc8w-gemm-6x8s4-minmax-neonfma.c.o
  [4175/5650] Building C object confu-deps/XNNPACK/CMakeFiles/microkernels-all.dir/src/f32-qc8w-gemm/gen/f32-qc8w-gemm-4x8s4-minmax-neonfma.c.o
  [4176/5650] Building C object confu-deps/XNNPACK/CMakeFiles/microkernels-all.dir/src/f32-raddstoreexpminusmax/gen/f32-raddstoreexpminusmax-neonfma-rr1-p5-u8-acc2.c.o
  [4177/5650] Building C object confu-deps/XNNPACK/CMakeFiles/microkernels-all.dir/src/f32-raddstoreexpminusmax/gen/f32-raddstoreexpminusmax-neonfma-rr1-p5-u16-acc2.c.o
  [4178/5650] Building C object confu-deps/XNNPACK/CMakeFiles/microkernels-all.dir/src/f32-raddstoreexpminusmax/gen/f32-raddstoreexpminusmax-neonfma-rr1-p5-u16-acc4.c.o
  [4179/5650] Building C object confu-deps/XNNPACK/CMakeFiles/microkernels-all.dir/src/f32-spmm/gen/f32-spmm-4x1-minmax-neonfma.c.o
  [4180/5650] Building C object confu-deps/XNNPACK/CMakeFiles/microkernels-all.dir/src/f32-spmm/gen/f32-spmm-4x1-minmax-neonfma-x2.c.o
  [4181/5650] Building C object confu-deps/XNNPACK/CMakeFiles/microkernels-all.dir/src/f32-spmm/gen/f32-spmm-8x1-minmax-neonfma-pipelined.c.o
  [4182/5650] Building C object confu-deps/XNNPACK/CMakeFiles/microkernels-all.dir/src/f32-spmm/gen/f32-spmm-12x1-minmax-neonfma.c.o
  [4183/5650] Building C object confu-deps/XNNPACK/CMakeFiles/microkernels-all.dir/src/f32-spmm/gen/f32-spmm-4x1-minmax-neonfma-pipelined.c.o
  [4184/5650] Building C object confu-deps/XNNPACK/CMakeFiles/microkernels-all.dir/src/f32-spmm/gen/f32-spmm-8x1-minmax-neonfma-x2.c.o
  [4185/5650] Building C object confu-deps/XNNPACK/CMakeFiles/microkernels-all.dir/src/f32-spmm/gen/f32-spmm-16x1-minmax-neonfma-pipelined.c.o
  [4186/5650] Building C object confu-deps/XNNPACK/CMakeFiles/microkernels-all.dir/src/f32-spmm/gen/f32-spmm-8x1-minmax-neonfma.c.o
  [4187/5650] Building C object confu-deps/XNNPACK/CMakeFiles/microkernels-all.dir/src/f32-spmm/gen/f32-spmm-16x1-minmax-neonfma-x2.c.o
  [4188/5650] Building C object confu-deps/XNNPACK/CMakeFiles/microkernels-all.dir/src/f32-spmm/gen/f32-spmm-32x1-minmax-neonfma-x2.c.o
  [4189/5650] Building C object confu-deps/XNNPACK/CMakeFiles/microkernels-all.dir/src/f32-velu/gen/f32-velu-neonfma-rr1-lut16-p3-u4.c.o
  [4190/5650] Building C object confu-deps/XNNPACK/CMakeFiles/microkernels-all.dir/src/f32-spmm/gen/f32-spmm-32x1-minmax-neonfma.c.o
  [4191/5650] Building C object confu-deps/XNNPACK/CMakeFiles/microkernels-all.dir/src/f32-velu/gen/f32-velu-neonfma-rr1-lut16-p3-u8.c.o
  [4192/5650] Building C object confu-deps/XNNPACK/CMakeFiles/microkernels-all.dir/src/f32-velu/gen/f32-velu-neonfma-rr1-p6-u12.c.o
  [4193/5650] Building C object confu-deps/XNNPACK/CMakeFiles/microkernels-all.dir/src/f32-vmulcaddc/gen/f32-vmulcaddc-c8-minmax-neonfma-2x.c.o
  [4194/5650] Building C object confu-deps/XNNPACK/CMakeFiles/microkernels-all.dir/src/f32-spmm/gen/f32-spmm-16x1-minmax-neonfma.c.o
  [4195/5650] Building C object confu-deps/XNNPACK/CMakeFiles/microkernels-all.dir/src/f32-velu/gen/f32-velu-neonfma-rr1-p6-u16.c.o
  [4196/5650] Building C object confu-deps/XNNPACK/CMakeFiles/microkernels-all.dir/src/f32-velu/gen/f32-velu-neonfma-rr1-p6-u4.c.o
  [4197/5650] Building C object confu-deps/XNNPACK/CMakeFiles/microkernels-all.dir/src/f32-vsigmoid/gen/f32-vsigmoid-neonfma-rr1-lut64-p2-nr1recps1fma-u4.c.o
  [4198/5650] Building C object confu-deps/XNNPACK/CMakeFiles/microkernels-all.dir/src/f32-velu/gen/f32-velu-neonfma-rr1-lut16-p3-u12.c.o
  [4199/5650] Building C object confu-deps/XNNPACK/CMakeFiles/microkernels-all.dir/src/f32-vsigmoid/gen/f32-vsigmoid-neonfma-rr1-lut64-p2-nr1recps1fma-u12.c.o
  [4200/5650] Building C object confu-deps/XNNPACK/CMakeFiles/microkernels-all.dir/src/f32-vsigmoid/gen/f32-vsigmoid-neonfma-rr1-lut64-p2-nr1recps1fma-u8.c.o
  [4201/5650] Building C object confu-deps/XNNPACK/CMakeFiles/microkernels-all.dir/src/f32-vsigmoid/gen/f32-vsigmoid-neonfma-rr1-lut64-p2-nr1recps1fma-u16.c.o
  [4202/5650] Building C object confu-deps/XNNPACK/CMakeFiles/microkernels-all.dir/src/f32-vsigmoid/gen/f32-vsigmoid-neonfma-rr1-lut64-p2-nr2fma-u12.c.o
  [4203/5650] Building C object confu-deps/XNNPACK/CMakeFiles/microkernels-all.dir/src/f32-vsigmoid/gen/f32-vsigmoid-neonfma-rr1-lut64-p2-nr2fma-u4.c.o
  [4204/5650] Building C object confu-deps/XNNPACK/CMakeFiles/microkernels-all.dir/src/f32-vsigmoid/gen/f32-vsigmoid-neonfma-rr1-lut64-p2-nr2fma-u8.c.o
  [4205/5650] Building C object confu-deps/XNNPACK/CMakeFiles/microkernels-all.dir/src/f32-vsigmoid/gen/f32-vsigmoid-neonfma-rr1-lut64-p2-nr2recps-u8.c.o
  [4206/5650] Building C object confu-deps/XNNPACK/CMakeFiles/microkernels-all.dir/src/f32-vsigmoid/gen/f32-vsigmoid-neonfma-rr1-lut2048-p1-nr1recps1fma-u4.c.o
  [4207/5650] Building C object confu-deps/XNNPACK/CMakeFiles/microkernels-all.dir/src/f32-vsigmoid/gen/f32-vsigmoid-neonfma-rr1-lut64-p2-nr2recps-u12.c.o
  [4208/5650] Building C object confu-deps/XNNPACK/CMakeFiles/microkernels-all.dir/src/f32-vsigmoid/gen/f32-vsigmoid-neonfma-rr1-lut64-p2-nr2fma-u16.c.o
  [4209/5650] Building C object confu-deps/XNNPACK/CMakeFiles/microkernels-all.dir/src/f32-vsigmoid/gen/f32-vsigmoid-neonfma-rr1-lut64-p2-nr2recps-u4.c.o
  [4210/5650] Building C object confu-deps/XNNPACK/CMakeFiles/microkernels-all.dir/src/f32-vsigmoid/gen/f32-vsigmoid-neonfma-rr1-lut2048-p1-nr1recps1fma-u8.c.o
  [4211/5650] Building C object confu-deps/XNNPACK/CMakeFiles/microkernels-all.dir/src/f32-vsigmoid/gen/f32-vsigmoid-neonfma-rr1-lut2048-p1-nr1recps1fma-u16.c.o
  [4212/5650] Building C object confu-deps/XNNPACK/CMakeFiles/microkernels-all.dir/src/f32-vsigmoid/gen/f32-vsigmoid-neonfma-rr1-lut2048-p1-nr2fma-u4.c.o
  [4213/5650] Building C object confu-deps/XNNPACK/CMakeFiles/microkernels-all.dir/src/f32-vsigmoid/gen/f32-vsigmoid-neonfma-rr1-lut2048-p1-nr1recps1fma-u12.c.o
  [4214/5650] Building C object confu-deps/XNNPACK/CMakeFiles/microkernels-all.dir/src/f32-vsigmoid/gen/f32-vsigmoid-neonfma-rr1-lut2048-p1-nr2recps-u4.c.o
  [4215/5650] Building C object confu-deps/XNNPACK/CMakeFiles/microkernels-all.dir/src/f32-vsigmoid/gen/f32-vsigmoid-neonfma-rr1-lut2048-p1-nr2fma-u16.c.o
  [4216/5650] Building C object confu-deps/XNNPACK/CMakeFiles/microkernels-all.dir/src/f32-vsigmoid/gen/f32-vsigmoid-neonfma-rr1-lut2048-p1-nr2fma-u8.c.o
  [4217/5650] Building C object confu-deps/XNNPACK/CMakeFiles/microkernels-all.dir/src/f32-vsigmoid/gen/f32-vsigmoid-neonfma-rr1-lut2048-p1-nr2fma-u12.c.o
  [4218/5650] Building C object confu-deps/XNNPACK/CMakeFiles/microkernels-all.dir/src/f32-vsigmoid/gen/f32-vsigmoid-neonfma-rr1-lut2048-p1-nr2recps-u8.c.o
  [4219/5650] Building C object confu-deps/XNNPACK/CMakeFiles/microkernels-all.dir/src/f32-vsigmoid/gen/f32-vsigmoid-neonfma-rr1-p5-nr1recps1fma-u4.c.o
  [4220/5650] Building C object confu-deps/XNNPACK/CMakeFiles/microkernels-all.dir/src/f32-vsigmoid/gen/f32-vsigmoid-neonfma-rr1-lut2048-p1-nr2recps-u12.c.o
  [4221/5650] Building C object confu-deps/XNNPACK/CMakeFiles/microkernels-all.dir/src/f32-vsigmoid/gen/f32-vsigmoid-neonfma-rr1-lut2048-p1-nr2recps-u16.c.o
  [4222/5650] Building C object confu-deps/XNNPACK/CMakeFiles/microkernels-all.dir/src/f32-vsigmoid/gen/f32-vsigmoid-neonfma-rr1-p5-nr1recps1fma-u8.c.o
  [4223/5650] Building C object confu-deps/XNNPACK/CMakeFiles/microkernels-all.dir/src/f32-vsigmoid/gen/f32-vsigmoid-neonfma-rr1-p5-nr2fma-u4.c.o
  [4224/5650] Building C object confu-deps/XNNPACK/CMakeFiles/microkernels-all.dir/src/f32-vsigmoid/gen/f32-vsigmoid-neonfma-rr1-p5-nr1recps1fma-u12.c.o
  [4225/5650] Building C object confu-deps/XNNPACK/CMakeFiles/microkernels-all.dir/src/f32-vsigmoid/gen/f32-vsigmoid-neonfma-rr1-p5-nr1recps1fma-u16.c.o
  [4226/5650] Building C object confu-deps/XNNPACK/CMakeFiles/microkernels-all.dir/src/f32-vsigmoid/gen/f32-vsigmoid-neonfma-rr1-p5-nr2fma-u8.c.o
  [4227/5650] Building C object confu-deps/XNNPACK/CMakeFiles/microkernels-all.dir/src/f32-vsigmoid/gen/f32-vsigmoid-neonfma-rr1-p5-nr2recps-u4.c.o
  [4228/5650] Building C object confu-deps/XNNPACK/CMakeFiles/microkernels-all.dir/src/f32-vsigmoid/gen/f32-vsigmoid-neonfma-rr1-p5-nr2recps-u8.c.o
  [4229/5650] Building C object confu-deps/XNNPACK/CMakeFiles/microkernels-all.dir/src/f32-vsigmoid/gen/f32-vsigmoid-neonfma-rr1-p5-nr2fma-u12.c.o
  [4230/5650] Building C object confu-deps/XNNPACK/CMakeFiles/microkernels-all.dir/src/f32-vsigmoid/gen/f32-vsigmoid-neonfma-rr1-p5-nr2fma-u16.c.o
  [4231/5650] Building C object confu-deps/XNNPACK/CMakeFiles/microkernels-all.dir/src/f32-vsigmoid/gen/f32-vsigmoid-neonfma-rr1-p5-nr2recps-u12.c.o
  [4232/5650] Building C object confu-deps/XNNPACK/CMakeFiles/microkernels-all.dir/src/f32-vsigmoid/gen/f32-vsigmoid-neonfma-rr1-p5-nr2recps-u16.c.o
  [4233/5650] Building C object confu-deps/XNNPACK/CMakeFiles/microkernels-all.dir/src/f32-qs8-vcvt/gen/f32-qs8-vcvt-neonv8-u8.c.o
  [4234/5650] Building C object confu-deps/XNNPACK/CMakeFiles/microkernels-all.dir/src/f32-qs8-vcvt/gen/f32-qs8-vcvt-neonv8-u16.c.o
  [4235/5650] Building C object confu-deps/XNNPACK/CMakeFiles/microkernels-all.dir/src/f32-qs8-vcvt/gen/f32-qs8-vcvt-neonv8-u24.c.o
  [4236/5650] Building C object confu-deps/XNNPACK/CMakeFiles/microkernels-all.dir/src/f32-qu8-vcvt/gen/f32-qu8-vcvt-neonv8-u16.c.o
  [4237/5650] Building C object confu-deps/XNNPACK/CMakeFiles/microkernels-all.dir/src/f32-qu8-vcvt/gen/f32-qu8-vcvt-neonv8-u24.c.o
  [4238/5650] Building C object confu-deps/XNNPACK/CMakeFiles/microkernels-all.dir/src/f32-vrnd/gen/f32-vrndu-neonv8-u4.c.o
  [4239/5650] Building C object confu-deps/XNNPACK/CMakeFiles/microkernels-all.dir/src/f32-qu8-vcvt/gen/f32-qu8-vcvt-neonv8-u8.c.o
  [4240/5650] Building C object confu-deps/XNNPACK/CMakeFiles/microkernels-all.dir/src/f32-vrnd/gen/f32-vrndd-neonv8-u4.c.o
  [4241/5650] Building C object confu-deps/XNNPACK/CMakeFiles/microkernels-all.dir/src/f32-vrnd/gen/f32-vrndz-neonv8-u4.c.o
  [4242/5650] Building C object confu-deps/XNNPACK/CMakeFiles/microkernels-all.dir/src/qs8-dwconv/gen/qs8-dwconv-5f5m5l8c8s8r-minmax-fp32-neonv8-mul16.c.o
  [4243/5650] Building C object confu-deps/XNNPACK/CMakeFiles/microkernels-all.dir/src/qs8-dwconv/gen/qs8-dwconv-5f5m5l16c8s8r-minmax-fp32-neonv8-mul16.c.o
  [4244/5650] Building C object confu-deps/XNNPACK/CMakeFiles/microkernels-all.dir/src/f32-vrnd/gen/f32-vrndne-neonv8-u4.c.o
  [4245/5650] Building C object confu-deps/XNNPACK/CMakeFiles/microkernels-all.dir/src/qs8-dwconv/gen/qs8-dwconv-6f6m7l8c8s8r-minmax-fp32-neonv8-mul16.c.o
  [4246/5650] Building C object confu-deps/XNNPACK/CMakeFiles/microkernels-all.dir/src/qs8-dwconv/gen/qs8-dwconv-8f8m9l8c8s8r-minmax-fp32-neonv8-mul16.c.o
  [4247/5650] Building C object confu-deps/XNNPACK/CMakeFiles/microkernels-all.dir/src/qs8-dwconv/gen/qs8-dwconv-9p8c-minmax-fp32-neonv8-mul16.c.o
  [4248/5650] Building C object confu-deps/XNNPACK/CMakeFiles/microkernels-all.dir/src/qs8-dwconv/gen/qs8-dwconv-5f5m5l32c8s8r-minmax-fp32-neonv8-mul16.c.o
  [4249/5650] Building C object confu-deps/XNNPACK/CMakeFiles/microkernels-all.dir/src/qs8-dwconv/gen/qs8-dwconv-8f8m9l16c8s8r-minmax-fp32-neonv8-mul16.c.o
  [4250/5650] Building C object confu-deps/XNNPACK/CMakeFiles/microkernels-all.dir/src/qs8-dwconv/gen/qs8-dwconv-6f6m7l16c8s8r-minmax-fp32-neonv8-mul16.c.o
  [4251/5650] Building C object confu-deps/XNNPACK/CMakeFiles/microkernels-all.dir/src/qs8-dwconv/gen/qs8-dwconv-9p16c-minmax-fp32-neonv8-mul16.c.o
  [4252/5650] Building C object confu-deps/XNNPACK/CMakeFiles/microkernels-all.dir/src/qs8-dwconv/gen/qs8-dwconv-9p32c-minmax-fp32-neonv8-mul16.c.o
  [4253/5650] Building C object confu-deps/XNNPACK/CMakeFiles/microkernels-all.dir/src/qs8-dwconv/gen/qs8-dwconv-25p8c-minmax-fp32-neonv8-mul16.c.o
  [4254/5650] Building C object confu-deps/XNNPACK/CMakeFiles/microkernels-all.dir/src/qs8-dwconv/gen/qs8-dwconv-6f6m7l32c8s8r-minmax-fp32-neonv8-mul16.c.o
  [4255/5650] Building C object confu-deps/XNNPACK/CMakeFiles/microkernels-all.dir/src/qs8-dwconv/gen/qs8-dwconv-8f8m9l32c8s8r-minmax-fp32-neonv8-mul16.c.o
  [4256/5650] Building C object confu-deps/XNNPACK/CMakeFiles/microkernels-all.dir/src/qs8-qc8w-dwconv/gen/qs8-qc8w-dwconv-5f5m5l8c8s8r-minmax-fp32-neonv8-mla8-ld64.c.o
  [4257/5650] Building C object confu-deps/XNNPACK/CMakeFiles/microkernels-all.dir/src/qs8-qc8w-dwconv/gen/qs8-qc8w-dwconv-5f5m5l8c8s8r-minmax-fp32-neonv8-mul8-ld64.c.o
  [4258/5650] Building C object confu-deps/XNNPACK/CMakeFiles/microkernels-all.dir/src/qs8-qc8w-dwconv/gen/qs8-qc8w-dwconv-3p8c-minmax-fp32-neonv8-mla8-ld64.c.o
  [4259/5650] Building C object confu-deps/XNNPACK/CMakeFiles/microkernels-all.dir/src/qs8-dwconv/gen/qs8-dwconv-25p16c-minmax-fp32-neonv8-mul16.c.o
  [4260/5650] Building C object confu-deps/XNNPACK/CMakeFiles/microkernels-all.dir/src/qs8-qc8w-dwconv/gen/qs8-qc8w-dwconv-3p16c-minmax-fp32-neonv8-mla8-ld64.c.o
  [4261/5650] Building C object confu-deps/XNNPACK/CMakeFiles/microkernels-all.dir/src/qs8-qc8w-dwconv/gen/qs8-qc8w-dwconv-5f5m5l8c8s8r-minmax-fp32-neonv8-mul16.c.o
  [4262/5650] Building C object confu-deps/XNNPACK/CMakeFiles/microkernels-all.dir/src/qs8-qc8w-dwconv/gen/qs8-qc8w-dwconv-5f5m5l16c8s8r-minmax-fp32-neonv8-mla8-ld64.c.o
  [4263/5650] Building C object confu-deps/XNNPACK/CMakeFiles/microkernels-all.dir/src/qs8-dwconv/gen/qs8-dwconv-25p32c-minmax-fp32-neonv8-mul16.c.o
  [4264/5650] Building C object confu-deps/XNNPACK/CMakeFiles/microkernels-all.dir/src/qs8-qc8w-dwconv/gen/qs8-qc8w-dwconv-5f5m5l16c8s8r-minmax-fp32-neonv8-mul8-ld64.c.o
  [4265/5650] Building C object confu-deps/XNNPACK/CMakeFiles/microkernels-all.dir/src/qs8-qc8w-dwconv/gen/qs8-qc8w-dwconv-6f6m7l8c8s8r-minmax-fp32-neonv8-mul16.c.o
  [4266/5650] Building C object confu-deps/XNNPACK/CMakeFiles/microkernels-all.dir/src/qs8-qc8w-dwconv/gen/qs8-qc8w-dwconv-5f5m5l16c8s8r-minmax-fp32-neonv8-mla8-ld128.c.o
  [4267/5650] Building C object confu-deps/XNNPACK/CMakeFiles/microkernels-all.dir/src/qs8-qc8w-dwconv/gen/qs8-qc8w-dwconv-6f6m7l8c8s8r-minmax-fp32-neonv8-mla8-ld64.c.o
  [4268/5650] Building C object confu-deps/XNNPACK/CMakeFiles/microkernels-all.dir/src/qs8-qc8w-dwconv/gen/qs8-qc8w-dwconv-6f6m7l8c8s8r-minmax-fp32-neonv8-mul8-ld64.c.o
  [4269/5650] Building C object confu-deps/XNNPACK/CMakeFiles/microkernels-all.dir/src/qs8-qc8w-dwconv/gen/qs8-qc8w-dwconv-6f6m7l16c8s8r-minmax-fp32-neonv8-mla8-ld64.c.o
  [4270/5650] Building C object confu-deps/XNNPACK/CMakeFiles/microkernels-all.dir/src/qs8-qc8w-dwconv/gen/qs8-qc8w-dwconv-5f5m5l32c8s8r-minmax-fp32-neonv8-mul16.c.o
  [4271/5650] Building C object confu-deps/XNNPACK/CMakeFiles/microkernels-all.dir/src/qs8-qc8w-dwconv/gen/qs8-qc8w-dwconv-5f5m5l16c8s8r-minmax-fp32-neonv8-mul8-ld128.c.o
  [4272/5650] Building C object confu-deps/XNNPACK/CMakeFiles/microkernels-all.dir/src/qs8-qc8w-dwconv/gen/qs8-qc8w-dwconv-5f5m5l16c8s8r-minmax-fp32-neonv8-mul16.c.o
  [4273/5650] Building C object confu-deps/XNNPACK/CMakeFiles/microkernels-all.dir/src/qs8-qc8w-dwconv/gen/qs8-qc8w-dwconv-6f6m7l16c8s8r-minmax-fp32-neonv8-mla8-ld128.c.o
  [4274/5650] Building C object confu-deps/XNNPACK/CMakeFiles/microkernels-all.dir/src/qs8-qc8w-dwconv/gen/qs8-qc8w-dwconv-6f6m7l16c8s8r-minmax-fp32-neonv8-mul8-ld64.c.o
  [4275/5650] Building C object confu-deps/XNNPACK/CMakeFiles/microkernels-all.dir/src/qs8-qc8w-dwconv/gen/qs8-qc8w-dwconv-8f8m9l8c8s8r-minmax-fp32-neonv8-mla8-ld64.c.o
  [4276/5650] Building C object confu-deps/XNNPACK/CMakeFiles/microkernels-all.dir/src/qs8-qc8w-dwconv/gen/qs8-qc8w-dwconv-8f8m9l8c8s8r-minmax-fp32-neonv8-mul8-ld64.c.o
  [4277/5650] Building C object confu-deps/XNNPACK/CMakeFiles/microkernels-all.dir/src/qs8-qc8w-dwconv/gen/qs8-qc8w-dwconv-6f6m7l32c8s8r-minmax-fp32-neonv8-mul16.c.o
  [4278/5650] Building C object confu-deps/XNNPACK/CMakeFiles/microkernels-all.dir/src/qs8-qc8w-dwconv/gen/qs8-qc8w-dwconv-8f8m9l8c8s8r-minmax-fp32-neonv8-mul16.c.o
  [4279/5650] Building C object confu-deps/XNNPACK/CMakeFiles/microkernels-all.dir/src/qs8-qc8w-dwconv/gen/qs8-qc8w-dwconv-6f6m7l16c8s8r-minmax-fp32-neonv8-mul8-ld128.c.o
  [4280/5650] Building C object confu-deps/XNNPACK/CMakeFiles/microkernels-all.dir/src/qs8-qc8w-dwconv/gen/qs8-qc8w-dwconv-6f6m7l16c8s8r-minmax-fp32-neonv8-mul16.c.o
  [4281/5650] Building C object confu-deps/XNNPACK/CMakeFiles/microkernels-all.dir/src/qs8-qc8w-dwconv/gen/qs8-qc8w-dwconv-8f8m9l16c8s8r-minmax-fp32-neonv8-mul8-ld128.c.o
  [4282/5650] Building C object confu-deps/XNNPACK/CMakeFiles/microkernels-all.dir/src/qs8-qc8w-dwconv/gen/qs8-qc8w-dwconv-8f8m9l16c8s8r-minmax-fp32-neonv8-mul16.c.o
  [4283/5650] Building C object confu-deps/XNNPACK/CMakeFiles/microkernels-all.dir/src/qs8-qc8w-dwconv/gen/qs8-qc8w-dwconv-8f8m9l16c8s8r-minmax-fp32-neonv8-mul8-ld64.c.o
  [4284/5650] Building C object confu-deps/XNNPACK/CMakeFiles/microkernels-all.dir/src/qs8-qc8w-dwconv/gen/qs8-qc8w-dwconv-9p8c-minmax-fp32-neonv8-mul8-ld64.c.o
  [4285/5650] Building C object confu-deps/XNNPACK/CMakeFiles/microkernels-all.dir/src/qs8-qc8w-dwconv/gen/qs8-qc8w-dwconv-8f8m9l16c8s8r-minmax-fp32-neonv8-mla8-ld64.c.o
  [4286/5650] Building C object confu-deps/XNNPACK/CMakeFiles/microkernels-all.dir/src/qs8-qc8w-dwconv/gen/qs8-qc8w-dwconv-9p8c-minmax-fp32-neonv8-mla8-ld64.c.o
  [4287/5650] Building C object confu-deps/XNNPACK/CMakeFiles/microkernels-all.dir/src/qs8-qc8w-dwconv/gen/qs8-qc8w-dwconv-8f8m9l16c8s8r-minmax-fp32-neonv8-mla8-ld128.c.o
  [4288/5650] Building C object confu-deps/XNNPACK/CMakeFiles/microkernels-all.dir/src/qs8-qc8w-dwconv/gen/qs8-qc8w-dwconv-8f8m9l32c8s8r-minmax-fp32-neonv8-mul16.c.o
  [4289/5650] Building C object confu-deps/XNNPACK/CMakeFiles/microkernels-all.dir/src/qs8-qc8w-dwconv/gen/qs8-qc8w-dwconv-9p8c-minmax-fp32-neonv8-mul16.c.o
  [4290/5650] Building C object confu-deps/XNNPACK/CMakeFiles/microkernels-all.dir/src/qs8-qc8w-dwconv/gen/qs8-qc8w-dwconv-9p16c-minmax-fp32-neonv8-mla8-ld128.c.o
  [4291/5650] Building C object confu-deps/XNNPACK/CMakeFiles/microkernels-all.dir/src/qs8-qc8w-dwconv/gen/qs8-qc8w-dwconv-9p16c-minmax-fp32-neonv8-mul16.c.o
  [4292/5650] Building C object confu-deps/XNNPACK/CMakeFiles/microkernels-all.dir/src/qs8-qc8w-dwconv/gen/qs8-qc8w-dwconv-9p16c-minmax-fp32-neonv8-mul8-ld64.c.o
  [4293/5650] Building C object confu-deps/XNNPACK/CMakeFiles/microkernels-all.dir/src/qs8-qc8w-dwconv/gen/qs8-qc8w-dwconv-9p16c-minmax-fp32-neonv8-mul8-ld128.c.o
  [4294/5650] Building C object confu-deps/XNNPACK/CMakeFiles/microkernels-all.dir/src/qs8-qc8w-dwconv/gen/qs8-qc8w-dwconv-25p8c-minmax-fp32-neonv8-mul8-ld64.c.o
  [4295/5650] Building C object confu-deps/XNNPACK/CMakeFiles/microkernels-all.dir/src/qs8-qc8w-dwconv/gen/qs8-qc8w-dwconv-9p32c-minmax-fp32-neonv8-mul16.c.o
  [4296/5650] Building C object confu-deps/XNNPACK/CMakeFiles/microkernels-all.dir/src/qs8-qc8w-dwconv/gen/qs8-qc8w-dwconv-25p8c-minmax-fp32-neonv8-mul16.c.o
  [4297/5650] Building C object confu-deps/XNNPACK/CMakeFiles/microkernels-all.dir/src/qs8-qc8w-dwconv/gen/qs8-qc8w-dwconv-25p16c-minmax-fp32-neonv8-mla8-ld128.c.o
  [4298/5650] Building C object confu-deps/XNNPACK/CMakeFiles/microkernels-all.dir/src/qs8-qc8w-dwconv/gen/qs8-qc8w-dwconv-25p16c-minmax-fp32-neonv8-mul8-ld64.c.o
  [4299/5650] Building C object confu-deps/XNNPACK/CMakeFiles/microkernels-all.dir/src/qs8-qc8w-dwconv/gen/qs8-qc8w-dwconv-25p16c-minmax-fp32-neonv8-mul8-ld128.c.o
  [4300/5650] Building C object confu-deps/XNNPACK/CMakeFiles/microkernels-all.dir/src/qs8-qc8w-gemm/gen/qs8-qc8w-gemm-1x8-minmax-fp32-neonv8-mlal-lane-prfm.c.o
  [4301/5650] Building C object confu-deps/XNNPACK/CMakeFiles/microkernels-all.dir/src/qs8-qc8w-dwconv/gen/qs8-qc8w-dwconv-25p16c-minmax-fp32-neonv8-mul16.c.o
  [4302/5650] Building C object confu-deps/XNNPACK/CMakeFiles/microkernels-all.dir/src/qs8-qc8w-gemm/gen/qs8-qc8w-gemm-1x8-minmax-fp32-neonv8-mlal-lane.c.o
  [4303/5650] Building C object confu-deps/XNNPACK/CMakeFiles/microkernels-all.dir/src/qs8-qc8w-gemm/gen/qs8-qc8w-gemm-1x8c2-minmax-fp32-neonv8-mlal-dup.c.o
  [4304/5650] Building C object confu-deps/XNNPACK/CMakeFiles/microkernels-all.dir/src/qs8-qc8w-gemm/gen/qs8-qc8w-gemm-1x8c2-minmax-fp32-neonv8-mlal-ld2r.c.o
  [4305/5650] Building C object confu-deps/XNNPACK/CMakeFiles/microkernels-all.dir/src/qs8-qc8w-gemm/gen/qs8-qc8w-gemm-1x8c2-minmax-fp32-neonv8-mlal-ld1r.c.o
  [4306/5650] Building C object confu-deps/XNNPACK/CMakeFiles/microkernels-all.dir/src/qs8-qc8w-gemm/gen/qs8-qc8w-gemm-1x8c4-minmax-fp32-neonv8-mlal-dup.c.o
  [4307/5650] Building C object confu-deps/XNNPACK/CMakeFiles/microkernels-all.dir/src/qs8-qc8w-gemm/gen/qs8-qc8w-gemm-1x8c4-minmax-fp32-neonv8-mlal-ld1r.c.o
  [4308/5650] Building C object confu-deps/XNNPACK/CMakeFiles/microkernels-all.dir/src/qs8-qc8w-gemm/gen/qs8-qc8w-gemm-1x8c2-minmax-fp32-neonv8-mlal-ld4r.c.o
  [4309/5650] Building C object confu-deps/XNNPACK/CMakeFiles/microkernels-all.dir/src/qs8-qc8w-gemm/gen/qs8-qc8w-gemm-1x8c4s2-minmax-fp32-neonv8-mlal.c.o
  [4310/5650] Building C object confu-deps/XNNPACK/CMakeFiles/microkernels-all.dir/src/qs8-qc8w-gemm/gen/qs8-qc8w-gemm-1x8c4-minmax-fp32-neonv8-mlal-ld2r.c.o
  [4311/5650] Building C object confu-deps/XNNPACK/CMakeFiles/microkernels-all.dir/src/qs8-qc8w-gemm/gen/qs8-qc8w-gemm-1x8c8-minmax-fp32-neonv8-mlal.c.o
  [4312/5650] Building C object confu-deps/XNNPACK/CMakeFiles/microkernels-all.dir/src/qs8-qc8w-gemm/gen/qs8-qc8w-gemm-1x16-minmax-fp32-neonv8-mlal-lane-prfm.c.o
  [4313/5650] Building C object confu-deps/XNNPACK/CMakeFiles/microkernels-all.dir/src/qs8-qc8w-dwconv/gen/qs8-qc8w-dwconv-25p32c-minmax-fp32-neonv8-mul16.c.o
  [4314/5650] Building C object confu-deps/XNNPACK/CMakeFiles/microkernels-all.dir/src/qs8-qc8w-gemm/gen/qs8-qc8w-gemm-2x8c2-minmax-fp32-neonv8-mlal-dup.c.o
  [4315/5650] Building C object confu-deps/XNNPACK/CMakeFiles/microkernels-all.dir/src/qs8-qc8w-gemm/gen/qs8-qc8w-gemm-2x8c2-minmax-fp32-neonv8-mlal-ld1r.c.o
  [4316/5650] Building C object confu-deps/XNNPACK/CMakeFiles/microkernels-all.dir/src/qs8-qc8w-gemm/gen/qs8-qc8w-gemm-2x8-minmax-fp32-neonv8-mlal-lane-prfm.c.o
  [4317/5650] Building C object confu-deps/XNNPACK/CMakeFiles/microkernels-all.dir/src/qs8-qc8w-gemm/gen/qs8-qc8w-gemm-2x8c2-minmax-fp32-neonv8-mlal-ld2r.c.o
  [4318/5650] Building C object confu-deps/XNNPACK/CMakeFiles/microkernels-all.dir/src/qs8-qc8w-gemm/gen/qs8-qc8w-gemm-2x8c2-minmax-fp32-neonv8-mlal-ld4r.c.o
  [4319/5650] Building C object confu-deps/XNNPACK/CMakeFiles/microkernels-all.dir/src/qs8-qc8w-gemm/gen/qs8-qc8w-gemm-2x8-minmax-fp32-neonv8-mlal-lane.c.o
  [4320/5650] Building C object confu-deps/XNNPACK/CMakeFiles/microkernels-all.dir/src/qs8-qc8w-gemm/gen/qs8-qc8w-gemm-2x8c4-minmax-fp32-neonv8-mlal-dup.c.o
  [4321/5650] Building C object confu-deps/XNNPACK/CMakeFiles/microkernels-all.dir/src/qs8-qc8w-gemm/gen/qs8-qc8w-gemm-2x8c4-minmax-fp32-neonv8-mlal-ld2r.c.o
  [4322/5650] Building C object confu-deps/XNNPACK/CMakeFiles/microkernels-all.dir/src/qs8-qc8w-gemm/gen/qs8-qc8w-gemm-2x8c4-minmax-fp32-neonv8-mlal-ld1r.c.o
  [4323/5650] Building C object confu-deps/XNNPACK/CMakeFiles/microkernels-all.dir/src/qs8-qc8w-gemm/gen/qs8-qc8w-gemm-2x8c4s2-minmax-fp32-neonv8-mlal.c.o
  [4324/5650] Building C object confu-deps/XNNPACK/CMakeFiles/microkernels-all.dir/src/qs8-qc8w-gemm/gen/qs8-qc8w-gemm-2x8c8-minmax-fp32-neonv8-mlal.c.o
  [4325/5650] Building C object confu-deps/XNNPACK/CMakeFiles/microkernels-all.dir/src/qs8-qc8w-gemm/gen/qs8-qc8w-gemm-2x16-minmax-fp32-neonv8-mlal-lane-prfm.c.o
  [4326/5650] Building C object confu-deps/XNNPACK/CMakeFiles/microkernels-all.dir/src/qs8-qc8w-gemm/gen/qs8-qc8w-gemm-3x8-minmax-fp32-neonv8-mlal-lane-prfm.c.o
  [4327/5650] Building C object confu-deps/XNNPACK/CMakeFiles/microkernels-all.dir/src/qs8-qc8w-gemm/gen/qs8-qc8w-gemm-2x16-minmax-fp32-neonv8-mlal-lane.c.o
  [4328/5650] Building C object confu-deps/XNNPACK/CMakeFiles/microkernels-all.dir/src/qs8-qc8w-gemm/gen/qs8-qc8w-gemm-3x8-minmax-fp32-neonv8-mlal-lane.c.o
  [4329/5650] Building C object confu-deps/XNNPACK/CMakeFiles/microkernels-all.dir/src/qs8-qc8w-gemm/gen/qs8-qc8w-gemm-4x8-minmax-fp32-neonv8-mlal-lane-prfm.c.o
  [4330/5650] Building C object confu-deps/XNNPACK/CMakeFiles/microkernels-all.dir/src/qs8-qc8w-gemm/gen/qs8-qc8w-gemm-4x8-minmax-fp32-neonv8-mlal-lane.c.o
  [4331/5650] Building C object confu-deps/XNNPACK/CMakeFiles/microkernels-all.dir/src/qs8-qc8w-gemm/gen/qs8-qc8w-gemm-3x16-minmax-fp32-neonv8-mlal-lane.c.o
  [4332/5650] Building C object confu-deps/XNNPACK/CMakeFiles/microkernels-all.dir/src/qs8-qc8w-gemm/gen/qs8-qc8w-gemm-4x16-minmax-fp32-neonv8-mlal-lane-prfm.c.o
  [4333/5650] Building C object confu-deps/XNNPACK/CMakeFiles/microkernels-all.dir/src/qs8-qc8w-gemm/gen/qs8-qc8w-gemm-3x16-minmax-fp32-neonv8-mlal-lane-prfm.c.o
  [4334/5650] Building C object confu-deps/XNNPACK/CMakeFiles/microkernels-all.dir/src/qs8-qc8w-igemm/gen/qs8-qc8w-igemm-1x8-minmax-fp32-neonv8-mlal-lane-prfm.c.o
  [4335/5650] Building C object confu-deps/XNNPACK/CMakeFiles/microkernels-all.dir/src/qs8-qc8w-gemm/gen/qs8-qc8w-gemm-6x8-minmax-fp32-neonv8-mlal-lane.c.o
  [4336/5650] Building C object confu-deps/XNNPACK/CMakeFiles/microkernels-all.dir/src/qs8-qc8w-igemm/gen/qs8-qc8w-igemm-1x8-minmax-fp32-neonv8-mlal-lane.c.o
  [4337/5650] Building C object confu-deps/XNNPACK/CMakeFiles/microkernels-all.dir/src/qs8-qc8w-igemm/gen/qs8-qc8w-igemm-1x8c2-minmax-fp32-neonv8-mlal-dup.c.o
  [4338/5650] Building C object confu-deps/XNNPACK/CMakeFiles/microkernels-all.dir/src/qs8-qc8w-gemm/gen/qs8-qc8w-gemm-6x8-minmax-fp32-neonv8-mlal-lane-prfm.c.o
  [4339/5650] Building C object confu-deps/XNNPACK/CMakeFiles/microkernels-all.dir/src/qs8-qc8w-igemm/gen/qs8-qc8w-igemm-1x8c2-minmax-fp32-neonv8-mlal-ld1r.c.o
  [4340/5650] Building C object confu-deps/XNNPACK/CMakeFiles/microkernels-all.dir/src/qs8-qc8w-gemm/gen/qs8-qc8w-gemm-4x16-minmax-fp32-neonv8-mlal-lane.c.o
  [4341/5650] Building C object confu-deps/XNNPACK/CMakeFiles/microkernels-all.dir/src/qs8-qc8w-igemm/gen/qs8-qc8w-igemm-1x8c2-minmax-fp32-neonv8-mlal-ld2r.c.o
  [4342/5650] Building C object confu-deps/XNNPACK/CMakeFiles/microkernels-all.dir/src/qs8-qc8w-gemm/gen/qs8-qc8w-gemm-6x16-minmax-fp32-neonv8-mlal-lane.c.o
  [4343/5650] Building C object confu-deps/XNNPACK/CMakeFiles/microkernels-all.dir/src/qs8-qc8w-igemm/gen/qs8-qc8w-igemm-1x8c2-minmax-fp32-neonv8-mlal-ld4r.c.o
  [4344/5650] Building C object confu-deps/XNNPACK/CMakeFiles/microkernels-all.dir/src/qs8-qc8w-igemm/gen/qs8-qc8w-igemm-1x8c4s2-minmax-fp32-neonv8-mlal.c.o
  [4345/5650] Building C object confu-deps/XNNPACK/CMakeFiles/microkernels-all.dir/src/qs8-qc8w-igemm/gen/qs8-qc8w-igemm-1x8c4-minmax-fp32-neonv8-mlal-dup.c.o
  [4346/5650] Building C object confu-deps/XNNPACK/CMakeFiles/microkernels-all.dir/src/qs8-qc8w-igemm/gen/qs8-qc8w-igemm-1x8c8-minmax-fp32-neonv8-mlal.c.o
  [4347/5650] Building C object confu-deps/XNNPACK/CMakeFiles/microkernels-all.dir/src/qs8-qc8w-igemm/gen/qs8-qc8w-igemm-1x8c4-minmax-fp32-neonv8-mlal-ld2r.c.o
  [4348/5650] Building C object confu-deps/XNNPACK/CMakeFiles/microkernels-all.dir/src/qs8-qc8w-igemm/gen/qs8-qc8w-igemm-1x16-minmax-fp32-neonv8-mlal-lane-prfm.c.o
  [4349/5650] Building C object confu-deps/XNNPACK/CMakeFiles/microkernels-all.dir/src/qs8-qc8w-igemm/gen/qs8-qc8w-igemm-1x8c4-minmax-fp32-neonv8-mlal-ld1r.c.o
  [4350/5650] Building C object confu-deps/XNNPACK/CMakeFiles/microkernels-all.dir/src/qs8-qc8w-igemm/gen/qs8-qc8w-igemm-2x8-minmax-fp32-neonv8-mlal-lane-prfm.c.o
  [4351/5650] Building C object confu-deps/XNNPACK/CMakeFiles/microkernels-all.dir/src/qs8-qc8w-gemm/gen/qs8-qc8w-gemm-6x16-minmax-fp32-neonv8-mlal-lane-prfm.c.o
  [4352/5650] Building C object confu-deps/XNNPACK/CMakeFiles/microkernels-all.dir/src/qs8-qc8w-igemm/gen/qs8-qc8w-igemm-2x8c2-minmax-fp32-neonv8-mlal-ld1r.c.o
  [4353/5650] Building C object confu-deps/XNNPACK/CMakeFiles/microkernels-all.dir/src/qs8-qc8w-igemm/gen/qs8-qc8w-igemm-2x8c2-minmax-fp32-neonv8-mlal-dup.c.o
  [4354/5650] Building C object confu-deps/XNNPACK/CMakeFiles/microkernels-all.dir/src/qs8-qc8w-igemm/gen/qs8-qc8w-igemm-2x8c2-minmax-fp32-neonv8-mlal-ld2r.c.o
  [4355/5650] Building C object confu-deps/XNNPACK/CMakeFiles/microkernels-all.dir/src/qs8-qc8w-igemm/gen/qs8-qc8w-igemm-2x8c2-minmax-fp32-neonv8-mlal-ld4r.c.o
  [4356/5650] Building C object confu-deps/XNNPACK/CMakeFiles/microkernels-all.dir/src/qs8-qc8w-igemm/gen/qs8-qc8w-igemm-2x8-minmax-fp32-neonv8-mlal-lane.c.o
  [4357/5650] Building C object confu-deps/XNNPACK/CMakeFiles/microkernels-all.dir/src/qs8-qc8w-igemm/gen/qs8-qc8w-igemm-2x8c4-minmax-fp32-neonv8-mlal-ld2r.c.o
  [4358/5650] Building C object confu-deps/XNNPACK/CMakeFiles/microkernels-all.dir/src/qs8-qc8w-igemm/gen/qs8-qc8w-igemm-2x8c4-minmax-fp32-neonv8-mlal-dup.c.o
  [4359/5650] Building C object confu-deps/XNNPACK/CMakeFiles/microkernels-all.dir/src/qs8-qc8w-igemm/gen/qs8-qc8w-igemm-2x8c8-minmax-fp32-neonv8-mlal.c.o
  [4360/5650] Building C object confu-deps/XNNPACK/CMakeFiles/microkernels-all.dir/src/qs8-qc8w-igemm/gen/qs8-qc8w-igemm-2x8c4s2-minmax-fp32-neonv8-mlal.c.o
  [4361/5650] Building C object confu-deps/XNNPACK/CMakeFiles/microkernels-all.dir/src/qs8-qc8w-igemm/gen/qs8-qc8w-igemm-2x8c4-minmax-fp32-neonv8-mlal-ld1r.c.o
  [4362/5650] Building C object confu-deps/XNNPACK/CMakeFiles/microkernels-all.dir/src/qs8-qc8w-igemm/gen/qs8-qc8w-igemm-2x16-minmax-fp32-neonv8-mlal-lane.c.o
  [4363/5650] Building C object confu-deps/XNNPACK/CMakeFiles/microkernels-all.dir/src/qs8-qc8w-igemm/gen/qs8-qc8w-igemm-3x8-minmax-fp32-neonv8-mlal-lane-prfm.c.o
  [4364/5650] Building C object confu-deps/XNNPACK/CMakeFiles/microkernels-all.dir/src/qs8-qc8w-igemm/gen/qs8-qc8w-igemm-2x16-minmax-fp32-neonv8-mlal-lane-prfm.c.o
  [4365/5650] Building C object confu-deps/XNNPACK/CMakeFiles/microkernels-all.dir/src/qs8-qc8w-igemm/gen/qs8-qc8w-igemm-3x8-minmax-fp32-neonv8-mlal-lane.c.o
  [4366/5650] Building C object confu-deps/XNNPACK/CMakeFiles/microkernels-all.dir/src/qs8-qc8w-igemm/gen/qs8-qc8w-igemm-4x8-minmax-fp32-neonv8-mlal-lane.c.o
  [4367/5650] Building C object confu-deps/XNNPACK/CMakeFiles/microkernels-all.dir/src/qs8-qc8w-igemm/gen/qs8-qc8w-igemm-4x8-minmax-fp32-neonv8-mlal-lane-prfm.c.o
  [4368/5650] Building C object confu-deps/XNNPACK/CMakeFiles/microkernels-all.dir/src/qs8-qc8w-igemm/gen/qs8-qc8w-igemm-3x16-minmax-fp32-neonv8-mlal-lane.c.o
  [4369/5650] Building C object confu-deps/XNNPACK/CMakeFiles/microkernels-all.dir/src/qs8-qc8w-igemm/gen/qs8-qc8w-igemm-6x8-minmax-fp32-neonv8-mlal-lane-prfm.c.o
  [4370/5650] Building C object confu-deps/XNNPACK/CMakeFiles/microkernels-all.dir/src/qs8-qc8w-igemm/gen/qs8-qc8w-igemm-3x16-minmax-fp32-neonv8-mlal-lane-prfm.c.o
  [4371/5650] Building C object confu-deps/XNNPACK/CMakeFiles/microkernels-all.dir/src/qs8-qc8w-igemm/gen/qs8-qc8w-igemm-6x8-minmax-fp32-neonv8-mlal-lane.c.o
  [4372/5650] Building C object confu-deps/XNNPACK/CMakeFiles/microkernels-all.dir/src/qs8-qc8w-igemm/gen/qs8-qc8w-igemm-4x16-minmax-fp32-neonv8-mlal-lane-prfm.c.o
  [4373/5650] Building C object confu-deps/XNNPACK/CMakeFiles/microkernels-all.dir/src/qs8-qc8w-igemm/gen/qs8-qc8w-igemm-4x16-minmax-fp32-neonv8-mlal-lane.c.o
  [4374/5650] Building C object confu-deps/XNNPACK/CMakeFiles/microkernels-all.dir/src/qs8-vmulc/gen/qs8-vmulc-minmax-fp32-neonv8-ld64-u8.c.o
  [4375/5650] Building C object confu-deps/XNNPACK/CMakeFiles/microkernels-all.dir/src/qs8-vmul/gen/qs8-vmul-minmax-fp32-neonv8-ld64-u8.c.o
  [4376/5650] Building C object confu-deps/XNNPACK/CMakeFiles/microkernels-all.dir/src/qs8-vmul/gen/qs8-vmul-minmax-fp32-neonv8-ld128-u16.c.o
  [4377/5650] Building C object confu-deps/XNNPACK/CMakeFiles/microkernels-all.dir/src/qs8-vmul/gen/qs8-vmul-minmax-fp32-neonv8-ld64-u16.c.o
  [4378/5650] Building C object confu-deps/XNNPACK/CMakeFiles/microkernels-all.dir/src/qs8-vmulc/gen/qs8-vmulc-minmax-fp32-neonv8-ld64-u16.c.o
  [4379/5650] Building C object confu-deps/XNNPACK/CMakeFiles/microkernels-all.dir/src/qs8-vmulc/gen/qs8-vmulc-minmax-fp32-neonv8-ld128-u16.c.o
  [4380/5650] Building C object confu-deps/XNNPACK/CMakeFiles/microkernels-all.dir/src/qu8-dwconv/gen/qu8-dwconv-5f5m5l8c8s8r-minmax-fp32-neonv8-mul16.c.o
  [4381/5650] Building C object confu-deps/XNNPACK/CMakeFiles/microkernels-all.dir/src/qs8-qc8w-igemm/gen/qs8-qc8w-igemm-6x16-minmax-fp32-neonv8-mlal-lane-prfm.c.o
  [4382/5650] Building C object confu-deps/XNNPACK/CMakeFiles/microkernels-all.dir/src/qu8-dwconv/gen/qu8-dwconv-5f5m5l16c8s8r-minmax-fp32-neonv8-mul16.c.o
  [4383/5650] Building C object confu-deps/XNNPACK/CMakeFiles/microkernels-all.dir/src/qu8-dwconv/gen/qu8-dwconv-6f6m7l8c8s8r-minmax-fp32-neonv8-mul16.c.o
  [4384/5650] Building C object confu-deps/XNNPACK/CMakeFiles/microkernels-all.dir/src/qu8-dwconv/gen/qu8-dwconv-8f8m9l8c8s8r-minmax-fp32-neonv8-mul16.c.o
  [4385/5650] Building C object confu-deps/XNNPACK/CMakeFiles/microkernels-all.dir/src/qs8-qc8w-igemm/gen/qs8-qc8w-igemm-6x16-minmax-fp32-neonv8-mlal-lane.c.o
  [4386/5650] Building C object confu-deps/XNNPACK/CMakeFiles/microkernels-all.dir/src/qu8-dwconv/gen/qu8-dwconv-6f6m7l16c8s8r-minmax-fp32-neonv8-mul16.c.o
  [4387/5650] Building C object confu-deps/XNNPACK/CMakeFiles/microkernels-all.dir/src/qu8-dwconv/gen/qu8-dwconv-9p8c-minmax-fp32-neonv8-mul16.c.o
  [4388/5650] Building C object confu-deps/XNNPACK/CMakeFiles/microkernels-all.dir/src/qu8-dwconv/gen/qu8-dwconv-5f5m5l32c8s8r-minmax-fp32-neonv8-mul16.c.o
  [4389/5650] Building C object confu-deps/XNNPACK/CMakeFiles/microkernels-all.dir/src/qu8-dwconv/gen/qu8-dwconv-8f8m9l16c8s8r-minmax-fp32-neonv8-mul16.c.o
  [4390/5650] Building C object confu-deps/XNNPACK/CMakeFiles/microkernels-all.dir/src/qu8-dwconv/gen/qu8-dwconv-8f8m9l32c8s8r-minmax-fp32-neonv8-mul16.c.o
  [4391/5650] Building C object confu-deps/XNNPACK/CMakeFiles/microkernels-all.dir/src/qu8-dwconv/gen/qu8-dwconv-6f6m7l32c8s8r-minmax-fp32-neonv8-mul16.c.o
  [4392/5650] Building C object confu-deps/XNNPACK/CMakeFiles/microkernels-all.dir/src/qu8-dwconv/gen/qu8-dwconv-9p32c-minmax-fp32-neonv8-mul16.c.o
  [4393/5650] Building C object confu-deps/XNNPACK/CMakeFiles/microkernels-all.dir/src/qu8-dwconv/gen/qu8-dwconv-25p8c-minmax-fp32-neonv8-mul16.c.o
  [4394/5650] Building C object confu-deps/XNNPACK/CMakeFiles/microkernels-all.dir/src/qu8-dwconv/gen/qu8-dwconv-9p16c-minmax-fp32-neonv8-mul16.c.o
  [4395/5650] Building C object confu-deps/XNNPACK/CMakeFiles/microkernels-all.dir/src/qu8-igemm/gen/qu8-igemm-1x16-minmax-fp32-neonv8-mlal-lane.c.o
  [4396/5650] Building C object confu-deps/XNNPACK/CMakeFiles/microkernels-all.dir/src/qu8-dwconv/gen/qu8-dwconv-25p16c-minmax-fp32-neonv8-mul16.c.o
  [4397/5650] Building C object confu-deps/XNNPACK/CMakeFiles/microkernels-all.dir/src/qu8-vmul/gen/qu8-vmul-minmax-fp32-neonv8-ld64-u16.c.o
  [4398/5650] Building C object confu-deps/XNNPACK/CMakeFiles/microkernels-all.dir/src/qu8-gemm/gen/qu8-gemm-1x16-minmax-fp32-neonv8-mlal-lane.c.o
  [4399/5650] Building C object confu-deps/XNNPACK/CMakeFiles/microkernels-all.dir/src/qu8-vmul/gen/qu8-vmul-minmax-fp32-neonv8-ld64-u8.c.o
  [4400/5650] Building C object confu-deps/XNNPACK/CMakeFiles/microkernels-all.dir/src/qu8-vmul/gen/qu8-vmul-minmax-fp32-neonv8-ld128-u16.c.o
  [4401/5650] Building C object confu-deps/XNNPACK/CMakeFiles/microkernels-all.dir/src/qu8-vmulc/gen/qu8-vmulc-minmax-fp32-neonv8-ld64-u8.c.o
  [4402/5650] Building C object confu-deps/XNNPACK/CMakeFiles/microkernels-all.dir/src/qu8-vmulc/gen/qu8-vmulc-minmax-fp32-neonv8-ld128-u16.c.o
  [4403/5650] Building C object confu-deps/XNNPACK/CMakeFiles/microkernels-all.dir/src/qu8-vmulc/gen/qu8-vmulc-minmax-fp32-neonv8-ld64-u16.c.o
  [4404/5650] Building C object confu-deps/XNNPACK/CMakeFiles/microkernels-all.dir/src/qu8-igemm/gen/qu8-igemm-4x16-minmax-fp32-neonv8-mlal-lane.c.o
  [4405/5650] Building C object confu-deps/XNNPACK/CMakeFiles/microkernels-all.dir/src/f32-vbinary/gen/f32-vdiv-aarch64-neon-u4.c.o
  [4406/5650] Building C object confu-deps/XNNPACK/CMakeFiles/microkernels-all.dir/src/f32-vbinary/gen/f32-vdivc-aarch64-neon-u4.c.o
  [4407/5650] Building C object confu-deps/XNNPACK/CMakeFiles/microkernels-all.dir/src/f32-vsqrt/gen/f32-vsqrt-aarch64-neon-sqrt-u16.c.o
  [4408/5650] Building C object confu-deps/XNNPACK/CMakeFiles/microkernels-all.dir/src/f32-vbinary/gen/f32-vrdivc-aarch64-neon-u4.c.o
  [4409/5650] Building C object confu-deps/XNNPACK/CMakeFiles/microkernels-all.dir/src/f32-vsqrt/gen/f32-vsqrt-aarch64-neon-sqrt-u8.c.o
  [4410/5650] Building C object confu-deps/XNNPACK/CMakeFiles/microkernels-all.dir/src/qu8-dwconv/gen/qu8-dwconv-25p32c-minmax-fp32-neonv8-mul16.c.o
  [4411/5650] Building C object confu-deps/XNNPACK/CMakeFiles/microkernels-all.dir/src/x8-lut/gen/x8-lut-aarch64-neon-tbx128x4-u16.c.o
  [4412/5650] Building C object confu-deps/XNNPACK/CMakeFiles/microkernels-all.dir/src/x8-lut/gen/x8-lut-aarch64-neon-tbx128x4-u48.c.o
  [4413/5650] Building C object confu-deps/XNNPACK/CMakeFiles/microkernels-all.dir/src/qu8-gemm/gen/qu8-gemm-4x16-minmax-fp32-neonv8-mlal-lane.c.o
  [4414/5650] Building C object confu-deps/XNNPACK/CMakeFiles/microkernels-all.dir/src/x8-lut/gen/x8-lut-aarch64-neon-tbx128x4-u32.c.o
  [4415/5650] Building C object confu-deps/XNNPACK/CMakeFiles/microkernels-all.dir/src/f32-conv-hwc/gen/f32-conv-hwc-3x3s2p0p1c3x4-aarch64-neonfma-2x1.c.o
  [4416/5650] Building C object confu-deps/XNNPACK/CMakeFiles/microkernels-all.dir/src/f32-conv-hwc/gen/f32-conv-hwc-3x3s2p1c3x4-aarch64-neonfma-2x1.c.o
  [4417/5650] Building C object confu-deps/XNNPACK/CMakeFiles/microkernels-all.dir/src/f32-conv-hwc/gen/f32-conv-hwc-3x3s2p0p1c3x4-aarch64-neonfma-2x2.c.o
  [4418/5650] Building C object confu-deps/XNNPACK/CMakeFiles/microkernels-all.dir/src/f32-conv-hwc/gen/f32-conv-hwc-3x3s2p0p1c3x8-aarch64-neonfma-2x1.c.o
  [4419/5650] Building C object confu-deps/XNNPACK/CMakeFiles/microkernels-all.dir/src/f32-conv-hwc/gen/f32-conv-hwc-3x3s2p1c3x8-aarch64-neonfma-2x1.c.o
  [4420/5650] Building C object confu-deps/XNNPACK/CMakeFiles/microkernels-all.dir/src/f32-conv-hwc/gen/f32-conv-hwc-3x3s2p0p1c3x8-aarch64-neonfma-2x2.c.o
  [4421/5650] Building C object confu-deps/XNNPACK/CMakeFiles/microkernels-all.dir/src/f32-dwconv2d-chw/gen/f32-dwconv2d-chw-3x3p1-minmax-aarch64-neonfma-1x4-acc4.c.o
  [4422/5650] Building C object confu-deps/XNNPACK/CMakeFiles/microkernels-all.dir/src/f32-dwconv2d-chw/gen/f32-dwconv2d-chw-3x3p1-minmax-aarch64-neonfma-1x4.c.o
  [4423/5650] Building C object confu-deps/XNNPACK/CMakeFiles/microkernels-all.dir/src/f32-dwconv2d-chw/gen/f32-dwconv2d-chw-3x3p1-minmax-aarch64-neonfma-1x4-acc2.c.o
  [4424/5650] Building C object confu-deps/XNNPACK/CMakeFiles/microkernels-all.dir/src/f32-conv-hwc/gen/f32-conv-hwc-3x3s2p1c3x4-aarch64-neonfma-2x2.c.o
  [4425/5650] Building C object confu-deps/XNNPACK/CMakeFiles/microkernels-all.dir/src/f32-conv-hwc/gen/f32-conv-hwc-3x3s2p1c3x8-aarch64-neonfma-2x2.c.o
  [4426/5650] Building C object confu-deps/XNNPACK/CMakeFiles/microkernels-all.dir/src/f32-dwconv2d-chw/gen/f32-dwconv2d-chw-3x3p1-minmax-aarch64-neonfma-2x4-acc2.c.o
  [4427/5650] Building C object confu-deps/XNNPACK/CMakeFiles/microkernels-all.dir/src/f32-dwconv2d-chw/gen/f32-dwconv2d-chw-3x3p1-minmax-aarch64-neonfma-1x4-acc3.c.o
  [4428/5650] Building C object confu-deps/XNNPACK/CMakeFiles/microkernels-all.dir/src/f32-dwconv2d-chw/gen/f32-dwconv2d-chw-3x3p1-minmax-aarch64-neonfma-4x4.c.o
  [4429/5650] Building C object confu-deps/XNNPACK/CMakeFiles/microkernels-all.dir/src/f32-dwconv2d-chw/gen/f32-dwconv2d-chw-3x3p1-minmax-aarch64-neonfma-2x4.c.o
  [4430/5650] Building C object confu-deps/XNNPACK/CMakeFiles/microkernels-all.dir/src/f32-dwconv2d-chw/gen/f32-dwconv2d-chw-3x3s2p1-minmax-aarch64-neonfma-1x4-acc4.c.o
  [4431/5650] Building C object confu-deps/XNNPACK/CMakeFiles/microkernels-all.dir/src/f32-dwconv2d-chw/gen/f32-dwconv2d-chw-3x3s2p1-minmax-aarch64-neonfma-1x4.c.o
  [4432/5650] Building C object confu-deps/XNNPACK/CMakeFiles/microkernels-all.dir/src/f32-dwconv2d-chw/gen/f32-dwconv2d-chw-3x3s2p1-minmax-aarch64-neonfma-1x4-acc2.c.o
  [4433/5650] Building C object confu-deps/XNNPACK/CMakeFiles/microkernels-all.dir/src/f32-dwconv2d-chw/gen/f32-dwconv2d-chw-3x3s2p1-minmax-aarch64-neonfma-1x4-acc3.c.o
  [4434/5650] Building C object confu-deps/XNNPACK/CMakeFiles/microkernels-all.dir/src/f32-dwconv2d-chw/gen/f32-dwconv2d-chw-3x3s2p1-minmax-aarch64-neonfma-2x4.c.o
  [4435/5650] Building C object confu-deps/XNNPACK/CMakeFiles/microkernels-all.dir/src/f32-dwconv2d-chw/gen/f32-dwconv2d-chw-3x3p1-minmax-aarch64-neonfma-5x4.c.o
  [4436/5650] Building C object confu-deps/XNNPACK/CMakeFiles/microkernels-all.dir/src/f32-dwconv2d-chw/gen/f32-dwconv2d-chw-3x3p1-minmax-aarch64-neonfma-6x4.c.o
  [4437/5650] Building C object confu-deps/XNNPACK/CMakeFiles/microkernels-all.dir/src/f32-dwconv2d-chw/gen/f32-dwconv2d-chw-3x3s2p1-minmax-aarch64-neonfma-3x4.c.o
  [4438/5650] Building C object confu-deps/XNNPACK/CMakeFiles/microkernels-all.dir/src/f32-dwconv2d-chw/gen/f32-dwconv2d-chw-5x5p2-minmax-aarch64-neonfma-1x4-acc3.c.o
  [4439/5650] Building C object confu-deps/XNNPACK/CMakeFiles/microkernels-all.dir/src/f32-dwconv2d-chw/gen/f32-dwconv2d-chw-5x5p2-minmax-aarch64-neonfma-1x4-acc2.c.o
  [4440/5650] Building C object confu-deps/XNNPACK/CMakeFiles/microkernels-all.dir/src/f32-dwconv2d-chw/gen/f32-dwconv2d-chw-3x3s2p1-minmax-aarch64-neonfma-4x4.c.o
  [4441/5650] Building C object confu-deps/XNNPACK/CMakeFiles/microkernels-all.dir/src/f32-dwconv2d-chw/gen/f32-dwconv2d-chw-5x5p2-minmax-aarch64-neonfma-1x4-acc5.c.o
  [4442/5650] Building C object confu-deps/XNNPACK/CMakeFiles/microkernels-all.dir/src/f32-dwconv2d-chw/gen/f32-dwconv2d-chw-5x5p2-minmax-aarch64-neonfma-1x4.c.o
  [4443/5650] Building C object confu-deps/XNNPACK/CMakeFiles/microkernels-all.dir/src/f32-dwconv2d-chw/gen/f32-dwconv2d-chw-5x5p2-minmax-aarch64-neonfma-2x4-acc2.c.o
  [4444/5650] Building C object confu-deps/XNNPACK/CMakeFiles/microkernels-all.dir/src/f32-dwconv2d-chw/gen/f32-dwconv2d-chw-5x5p2-minmax-aarch64-neonfma-1x4-acc4.c.o
  [4445/5650] Building C object confu-deps/XNNPACK/CMakeFiles/microkernels-all.dir/src/f32-dwconv2d-chw/gen/f32-dwconv2d-chw-5x5p2-minmax-aarch64-neonfma-3x4.c.o
  [4446/5650] Building C object confu-deps/XNNPACK/CMakeFiles/microkernels-all.dir/src/f32-dwconv2d-chw/gen/f32-dwconv2d-chw-5x5p2-minmax-aarch64-neonfma-2x4-acc3.c.o
  [4447/5650] Building C object confu-deps/XNNPACK/CMakeFiles/microkernels-all.dir/src/f32-dwconv2d-chw/gen/f32-dwconv2d-chw-5x5s2p2-minmax-aarch64-neonfma-1x4-acc3.c.o
  [4448/5650] Building C object confu-deps/XNNPACK/CMakeFiles/microkernels-all.dir/src/f32-dwconv2d-chw/gen/f32-dwconv2d-chw-5x5p2-minmax-aarch64-neonfma-3x4-acc2.c.o
  [4449/5650] Building C object confu-deps/XNNPACK/CMakeFiles/microkernels-all.dir/src/f32-dwconv2d-chw/gen/f32-dwconv2d-chw-5x5s2p2-minmax-aarch64-neonfma-1x4-acc4.c.o
  [4450/5650] Building C object confu-deps/XNNPACK/CMakeFiles/microkernels-all.dir/src/f32-dwconv2d-chw/gen/f32-dwconv2d-chw-5x5s2p2-minmax-aarch64-neonfma-1x4.c.o
  [4451/5650] Building C object confu-deps/XNNPACK/CMakeFiles/microkernels-all.dir/src/f32-dwconv2d-chw/gen/f32-dwconv2d-chw-5x5p2-minmax-aarch64-neonfma-2x4.c.o
  [4452/5650] Building C object confu-deps/XNNPACK/CMakeFiles/microkernels-all.dir/src/f32-dwconv2d-chw/gen/f32-dwconv2d-chw-5x5s2p2-minmax-aarch64-neonfma-1x4-acc5.c.o
  [4453/5650] Building C object confu-deps/XNNPACK/CMakeFiles/microkernels-all.dir/src/f32-dwconv2d-chw/gen/f32-dwconv2d-chw-5x5p2-minmax-aarch64-neonfma-4x4-acc2.c.o
  [4454/5650] Building C object confu-deps/XNNPACK/CMakeFiles/microkernels-all.dir/src/f32-dwconv2d-chw/gen/f32-dwconv2d-chw-5x5p2-minmax-aarch64-neonfma-5x4.c.o
  [4455/5650] Building C object confu-deps/XNNPACK/CMakeFiles/microkernels-all.dir/src/f32-dwconv2d-chw/gen/f32-dwconv2d-chw-5x5s2p2-minmax-aarch64-neonfma-2x4-acc2.c.o
  [4456/5650] Building C object confu-deps/XNNPACK/CMakeFiles/microkernels-all.dir/src/f32-gemm/gen/f32-gemm-1x8-minmax-aarch64-neonfma-lane-ld64.c.o
  [4457/5650] Building C object confu-deps/XNNPACK/CMakeFiles/microkernels-all.dir/src/f32-dwconv2d-chw/gen/f32-dwconv2d-chw-5x5s2p2-minmax-aarch64-neonfma-2x4-acc3.c.o
  [4458/5650] Building C object confu-deps/XNNPACK/CMakeFiles/microkernels-all.dir/src/f32-dwconv2d-chw/gen/f32-dwconv2d-chw-5x5s2p2-minmax-aarch64-neonfma-2x4.c.o
  [4459/5650] Building C object confu-deps/XNNPACK/CMakeFiles/microkernels-all.dir/src/f32-gemm/gen/f32-gemm-4x8-minmax-aarch64-neonfma-lane-ld64.c.o
  [4460/5650] Building C object confu-deps/XNNPACK/CMakeFiles/microkernels-all.dir/src/f32-gemm/gen/f32-gemm-1x16-minmax-aarch64-neonfma-lane-ld128.c.o
  [4461/5650] Building C object confu-deps/XNNPACK/CMakeFiles/microkernels-all.dir/src/f32-gemm/gen/f32-gemm-3x16-minmax-aarch64-neonfma-lane-ld128.c.o
  [4462/5650] Building C object confu-deps/XNNPACK/CMakeFiles/microkernels-all.dir/src/f32-dwconv2d-chw/gen/f32-dwconv2d-chw-5x5s2p2-minmax-aarch64-neonfma-3x4.c.o
  [4463/5650] Building C object confu-deps/XNNPACK/CMakeFiles/microkernels-all.dir/src/f32-gemm/gen/f32-gemm-4x8-minmax-aarch64-neonfma-lane-ld128.c.o
  [4464/5650] Building C object confu-deps/XNNPACK/CMakeFiles/microkernels-all.dir/src/f32-gemm/gen/f32-gemm-2x16-minmax-aarch64-neonfma-lane-ld128.c.o
  [4465/5650] Building C object confu-deps/XNNPACK/CMakeFiles/microkernels-all.dir/src/f32-gemm/gen/f32-gemm-6x8-minmax-aarch64-neonfma-lane-ld64.c.o
  [4466/5650] Building C object confu-deps/XNNPACK/CMakeFiles/microkernels-all.dir/src/f32-gemm/gen/f32-gemm-6x2-minmax-aarch64-neonfma-lane-ld64.c.o
  [4467/5650] Building C object confu-deps/XNNPACK/CMakeFiles/microkernels-all.dir/src/f32-gemm/gen/f32-gemm-5x16-minmax-aarch64-neonfma-lane-ld128.c.o
  [4468/5650] Building C object confu-deps/XNNPACK/CMakeFiles/microkernels-all.dir/src/f32-dwconv2d-chw/gen/f32-dwconv2d-chw-5x5s2p2-minmax-aarch64-neonfma-3x4-acc2.c.o
  [4469/5650] Building C object confu-deps/XNNPACK/CMakeFiles/microkernels-all.dir/src/f32-gemm/gen/f32-gemm-5x8-minmax-aarch64-neonfma-lane-ld64.c.o
  [4470/5650] Building C object confu-deps/XNNPACK/CMakeFiles/microkernels-all.dir/src/f32-gemm/gen/f32-gemm-4x16-minmax-aarch64-neonfma-lane-ld128.c.o
  [4471/5650] Building C object confu-deps/XNNPACK/CMakeFiles/microkernels-all.dir/src/f32-gemminc/gen/f32-gemminc-1x8-minmax-aarch64-neonfma-lane-ld64.c.o
  [4472/5650] Building C object confu-deps/XNNPACK/CMakeFiles/microkernels-all.dir/src/f32-gemminc/gen/f32-gemminc-4x8-minmax-aarch64-neonfma-lane-ld64.c.o
  [4473/5650] Building C object confu-deps/XNNPACK/CMakeFiles/microkernels-all.dir/src/f32-gemminc/gen/f32-gemminc-5x8-minmax-aarch64-neonfma-lane-ld64.c.o
  [4474/5650] Building C object confu-deps/XNNPACK/CMakeFiles/microkernels-all.dir/src/f32-igemm/gen/f32-igemm-1x8-minmax-aarch64-neonfma-lane-ld64.c.o
  [4475/5650] Building C object confu-deps/XNNPACK/CMakeFiles/microkernels-all.dir/src/f32-igemm/gen/f32-igemm-1x16-minmax-aarch64-neonfma-lane-ld128.c.o
  [4476/5650] Building C object confu-deps/XNNPACK/CMakeFiles/microkernels-all.dir/src/f32-igemm/gen/f32-igemm-2x16-minmax-aarch64-neonfma-lane-ld128.c.o
  [4477/5650] Building C object confu-deps/XNNPACK/CMakeFiles/microkernels-all.dir/src/f32-gemminc/gen/f32-gemminc-4x8-minmax-aarch64-neonfma-lane-ld128.c.o
  [4478/5650] Building C object confu-deps/XNNPACK/CMakeFiles/microkernels-all.dir/src/f32-gemminc/gen/f32-gemminc-1x8-minmax-aarch64-neonfma-lane-ld128.c.o
  [4479/5650] Building C object confu-deps/XNNPACK/CMakeFiles/microkernels-all.dir/src/f32-gemm/gen/f32-gemm-6x16-minmax-aarch64-neonfma-lane-ld128.c.o
  [4480/5650] Building C object confu-deps/XNNPACK/CMakeFiles/microkernels-all.dir/src/f32-gemminc/gen/f32-gemminc-6x8-minmax-aarch64-neonfma-lane-ld64.c.o
  [4481/5650] Building C object confu-deps/XNNPACK/CMakeFiles/microkernels-all.dir/src/f32-gemminc/gen/f32-gemminc-6x8-minmax-aarch64-neonfma-lane-ld128.c.o
  [4482/5650] Building C object confu-deps/XNNPACK/CMakeFiles/microkernels-all.dir/src/f32-igemm/gen/f32-igemm-3x16-minmax-aarch64-neonfma-lane-ld128.c.o
  [4483/5650] Building C object confu-deps/XNNPACK/CMakeFiles/microkernels-all.dir/src/f32-igemm/gen/f32-igemm-4x4-minmax-aarch64-neonfma-lane-ld64.c.o
  [4484/5650] Building C object confu-deps/XNNPACK/CMakeFiles/microkernels-all.dir/src/f32-igemm/gen/f32-igemm-4x8-minmax-aarch64-neonfma-lane-ld64.c.o
  [4485/5650] Building C object confu-deps/XNNPACK/CMakeFiles/microkernels-all.dir/src/f32-igemm/gen/f32-igemm-4x8-minmax-aarch64-neonfma-lane-ld128.c.o
  [4486/5650] Building C object confu-deps/XNNPACK/CMakeFiles/microkernels-all.dir/src/f32-igemm/gen/f32-igemm-6x8-minmax-aarch64-neonfma-lane-ld64.c.o
  [4487/5650] Building C object confu-deps/XNNPACK/CMakeFiles/microkernels-all.dir/src/f32-ppmm/gen/f32-ppmm-4x8-minmax-aarch64-neonfma.c.o
  [4488/5650] Building C object confu-deps/XNNPACK/CMakeFiles/microkernels-all.dir/src/f32-ppmm/gen/f32-ppmm-4x16-minmax-aarch64-neonfma-prfm.c.o
  [4489/5650] Building C object confu-deps/XNNPACK/CMakeFiles/microkernels-all.dir/src/f32-igemm/gen/f32-igemm-6x2-minmax-aarch64-neonfma-lane-ld64.c.o
  [4490/5650] Building C object confu-deps/XNNPACK/CMakeFiles/microkernels-all.dir/src/f32-igemm/gen/f32-igemm-6x16-minmax-aarch64-neonfma-lane-ld128.c.o
  [4491/5650] Building C object confu-deps/XNNPACK/CMakeFiles/microkernels-all.dir/src/f32-igemm/gen/f32-igemm-4x16-minmax-aarch64-neonfma-lane-ld128.c.o
  [4492/5650] Building C object confu-deps/XNNPACK/CMakeFiles/microkernels-all.dir/src/f32-igemm/gen/f32-igemm-5x16-minmax-aarch64-neonfma-lane-ld128.c.o
  [4493/5650] Building C object confu-deps/XNNPACK/CMakeFiles/microkernels-all.dir/src/f32-ppmm/gen/f32-ppmm-8x8-minmax-aarch64-neonfma-prfm.c.o
  [4494/5650] Building C object confu-deps/XNNPACK/CMakeFiles/microkernels-all.dir/src/f32-ppmm/gen/f32-ppmm-4x16-minmax-aarch64-neonfma.c.o
  [4495/5650] Building C object confu-deps/XNNPACK/CMakeFiles/microkernels-all.dir/src/f32-ppmm/gen/f32-ppmm-4x8-minmax-aarch64-neonfma-prfm.c.o
  [4496/5650] Building C object confu-deps/XNNPACK/CMakeFiles/microkernels-all.dir/src/f32-ppmm/gen/f32-ppmm-8x8-minmax-aarch64-neonfma.c.o
  [4497/5650] Building C object confu-deps/XNNPACK/CMakeFiles/microkernels-all.dir/src/f32-qc8w-gemm/gen/f32-qc8w-gemm-4x8-minmax-aarch64-neonfma-lane-ld64.c.o
  [4498/5650] Building C object confu-deps/XNNPACK/CMakeFiles/microkernels-all.dir/src/f32-qc4w-gemm/gen/f32-qc4w-gemm-1x8-minmax-aarch64-neonfma-lane-ld64.c.o
  [4499/5650] Building C object confu-deps/XNNPACK/CMakeFiles/microkernels-all.dir/src/f32-qc4w-gemm/gen/f32-qc4w-gemm-6x8-minmax-aarch64-neonfma-lane-ld64.c.o
  [4500/5650] Building C object confu-deps/XNNPACK/CMakeFiles/microkernels-all.dir/src/f32-qc8w-gemm/gen/f32-qc8w-gemm-1x16-minmax-aarch64-neonfma-lane-ld128.c.o
  [4501/5650] Building C object confu-deps/XNNPACK/CMakeFiles/microkernels-all.dir/src/f32-qc4w-gemm/gen/f32-qc4w-gemm-5x8-minmax-aarch64-neonfma-lane-ld64.c.o
  [4502/5650] Building C object confu-deps/XNNPACK/CMakeFiles/microkernels-all.dir/src/f32-qc4w-gemm/gen/f32-qc4w-gemm-4x8-minmax-aarch64-neonfma-lane-ld64.c.o
  [4503/5650] Building C object confu-deps/XNNPACK/CMakeFiles/microkernels-all.dir/src/f32-qc8w-gemm/gen/f32-qc8w-gemm-4x2-minmax-aarch64-neonfma-lane-ld64.c.o
  [4504/5650] Building C object confu-deps/XNNPACK/CMakeFiles/microkernels-all.dir/src/f32-qc8w-gemm/gen/f32-qc8w-gemm-1x8-minmax-aarch64-neonfma-lane-ld128.c.o
  [4505/5650] Building C object confu-deps/XNNPACK/CMakeFiles/microkernels-all.dir/src/f32-qc8w-gemm/gen/f32-qc8w-gemm-4x8-minmax-aarch64-neonfma-lane-ld128.c.o
  [4506/5650] Building C object confu-deps/XNNPACK/CMakeFiles/microkernels-all.dir/src/f32-qc8w-gemm/gen/f32-qc8w-gemm-4x16-minmax-aarch64-neonfma-lane-ld128.c.o
  [4507/5650] Building C object confu-deps/XNNPACK/CMakeFiles/microkernels-all.dir/src/f32-qc8w-gemm/gen/f32-qc8w-gemm-5x8-minmax-aarch64-neonfma-lane-ld64.c.o
  [4508/5650] Building C object confu-deps/XNNPACK/CMakeFiles/microkernels-all.dir/src/f32-qc8w-gemm/gen/f32-qc8w-gemm-6x2-minmax-aarch64-neonfma-lane-ld64.c.o
  [4509/5650] Building C object confu-deps/XNNPACK/CMakeFiles/microkernels-all.dir/src/f32-vsigmoid/gen/f32-vsigmoid-aarch64-neonfma-rr1-lut64-p2-div-u4.c.o
  [4510/5650] Building C object confu-deps/XNNPACK/CMakeFiles/microkernels-all.dir/src/f32-spmm/gen/f32-spmm-8x4-minmax-aarch64-neonfma.c.o
  [4511/5650] Building C object confu-deps/XNNPACK/CMakeFiles/microkernels-all.dir/src/f32-spmm/gen/f32-spmm-4x4-minmax-aarch64-neonfma.c.o
  [4512/5650] Building C object confu-deps/XNNPACK/CMakeFiles/microkernels-all.dir/src/f32-spmm/gen/f32-spmm-8x2-minmax-aarch64-neonfma.c.o
  [4513/5650] Building C object confu-deps/XNNPACK/CMakeFiles/microkernels-all.dir/src/f32-vsigmoid/gen/f32-vsigmoid-aarch64-neonfma-rr1-lut64-p2-div-u8.c.o
  [4514/5650] Building C object confu-deps/XNNPACK/CMakeFiles/microkernels-all.dir/src/f32-spmm/gen/f32-spmm-16x2-minmax-aarch64-neonfma.c.o
  [4515/5650] Building C object confu-deps/XNNPACK/CMakeFiles/microkernels-all.dir/src/f32-spmm/gen/f32-spmm-4x2-minmax-aarch64-neonfma.c.o
  [4516/5650] Building C object confu-deps/XNNPACK/CMakeFiles/microkernels-all.dir/src/f32-spmm/gen/f32-spmm-12x2-minmax-aarch64-neonfma.c.o
  [4517/5650] Building C object confu-deps/XNNPACK/CMakeFiles/microkernels-all.dir/src/f32-spmm/gen/f32-spmm-12x4-minmax-aarch64-neonfma.c.o
  [4518/5650] Building C object confu-deps/XNNPACK/CMakeFiles/microkernels-all.dir/src/f32-qc8w-gemm/gen/f32-qc8w-gemm-6x8-minmax-aarch64-neonfma-lane-ld128.c.o
  [4519/5650] Building C object confu-deps/XNNPACK/CMakeFiles/microkernels-all.dir/src/f32-vsigmoid/gen/f32-vsigmoid-aarch64-neonfma-rr1-lut64-p2-div-u12.c.o
  [4520/5650] Building C object confu-deps/XNNPACK/CMakeFiles/microkernels-all.dir/src/f32-spmm/gen/f32-spmm-16x4-minmax-aarch64-neonfma.c.o
  [4521/5650] Building C object confu-deps/XNNPACK/CMakeFiles/microkernels-all.dir/src/f32-vsigmoid/gen/f32-vsigmoid-aarch64-neonfma-rr1-lut64-p2-div-u16.c.o
  [4522/5650] Building C object confu-deps/XNNPACK/CMakeFiles/microkernels-all.dir/src/f32-vsigmoid/gen/f32-vsigmoid-aarch64-neonfma-rr1-lut2048-p1-div-u4.c.o
  [4523/5650] Building C object confu-deps/XNNPACK/CMakeFiles/microkernels-all.dir/src/f32-vsigmoid/gen/f32-vsigmoid-aarch64-neonfma-rr1-lut2048-p1-div-u8.c.o
  [4524/5650] Building C object confu-deps/XNNPACK/CMakeFiles/microkernels-all.dir/src/f32-vsigmoid/gen/f32-vsigmoid-aarch64-neonfma-rr1-p5-div-u4.c.o
  [4525/5650] Building C object confu-deps/XNNPACK/CMakeFiles/microkernels-all.dir/src/f32-vsigmoid/gen/f32-vsigmoid-aarch64-neonfma-rr1-p5-div-u8.c.o
  [4526/5650] Building C object confu-deps/XNNPACK/CMakeFiles/microkernels-all.dir/src/f32-vsigmoid/gen/f32-vsigmoid-aarch64-neonfma-rr1-lut2048-p1-div-u16.c.o
  [4527/5650] Building C object confu-deps/XNNPACK/CMakeFiles/microkernels-all.dir/src/f16-vbinary/gen/f16-vadd-fp16arith-u1.c.o
  [4528/5650] Building C object confu-deps/XNNPACK/CMakeFiles/microkernels-all.dir/src/f32-vsigmoid/gen/f32-vsigmoid-aarch64-neonfma-rr1-p5-div-u12.c.o
  [4529/5650] Building C object confu-deps/XNNPACK/CMakeFiles/microkernels-all.dir/src/f16-vbinary/gen/f16-vadd-fp16arith-u2.c.o
  [4530/5650] Building C object confu-deps/XNNPACK/CMakeFiles/microkernels-all.dir/src/f32-vsigmoid/gen/f32-vsigmoid-aarch64-neonfma-rr1-p5-div-u16.c.o
  [4531/5650] Building C object confu-deps/XNNPACK/CMakeFiles/microkernels-all.dir/src/f16-vbinary/gen/f16-vaddc-fp16arith-u2.c.o
  [4532/5650] Building C object confu-deps/XNNPACK/CMakeFiles/microkernels-all.dir/src/f16-vbinary/gen/f16-vadd-fp16arith-u4.c.o
  [4533/5650] Building C object confu-deps/XNNPACK/CMakeFiles/microkernels-all.dir/src/f16-vbinary/gen/f16-vdiv-fp16arith-u4.c.o
  [4534/5650] Building C object confu-deps/XNNPACK/CMakeFiles/microkernels-all.dir/src/f16-vbinary/gen/f16-vaddc-fp16arith-u1.c.o
  [4535/5650] Building C object confu-deps/XNNPACK/CMakeFiles/microkernels-all.dir/src/f16-vbinary/gen/f16-vaddc-fp16arith-u4.c.o
  [4536/5650] Building C object confu-deps/XNNPACK/CMakeFiles/microkernels-all.dir/src/f32-vsigmoid/gen/f32-vsigmoid-aarch64-neonfma-rr1-lut2048-p1-div-u12.c.o
  [4537/5650] Building C object confu-deps/XNNPACK/CMakeFiles/microkernels-all.dir/src/f16-vbinary/gen/f16-vdiv-fp16arith-u1.c.o
  [4538/5650] Building C object confu-deps/XNNPACK/CMakeFiles/microkernels-all.dir/src/f16-vbinary/gen/f16-vdivc-fp16arith-u1.c.o
  [4539/5650] Building C object confu-deps/XNNPACK/CMakeFiles/microkernels-all.dir/src/f16-vbinary/gen/f16-vmax-fp16arith-u1.c.o
  [4540/5650] Building C object confu-deps/XNNPACK/CMakeFiles/microkernels-all.dir/src/f16-vbinary/gen/f16-vmax-fp16arith-u2.c.o
  [4541/5650] Building C object confu-deps/XNNPACK/CMakeFiles/microkernels-all.dir/src/f16-vbinary/gen/f16-vdivc-fp16arith-u4.c.o
  [4542/5650] Building C object confu-deps/XNNPACK/CMakeFiles/microkernels-all.dir/src/f16-vbinary/gen/f16-vmax-fp16arith-u4.c.o
  [4543/5650] Building C object confu-deps/XNNPACK/CMakeFiles/microkernels-all.dir/src/f16-vbinary/gen/f16-vmaxc-fp16arith-u1.c.o
  [4544/5650] Building C object confu-deps/XNNPACK/CMakeFiles/microkernels-all.dir/src/f16-vbinary/gen/f16-vmaxc-fp16arith-u4.c.o
  [4545/5650] Building C object confu-deps/XNNPACK/CMakeFiles/microkernels-all.dir/src/f16-vbinary/gen/f16-vmaxc-fp16arith-u2.c.o
  [4546/5650] Building C object confu-deps/XNNPACK/CMakeFiles/microkernels-all.dir/src/f16-vbinary/gen/f16-vminc-fp16arith-u2.c.o
  [4547/5650] Building C object confu-deps/XNNPACK/CMakeFiles/microkernels-all.dir/src/f16-vbinary/gen/f16-vmin-fp16arith-u1.c.o
  [4548/5650] Building C object confu-deps/XNNPACK/CMakeFiles/microkernels-all.dir/src/f16-vbinary/gen/f16-vmin-fp16arith-u4.c.o
  [4549/5650] Building C object confu-deps/XNNPACK/CMakeFiles/microkernels-all.dir/src/f16-vbinary/gen/f16-vminc-fp16arith-u1.c.o
  [4550/5650] Building C object confu-deps/XNNPACK/CMakeFiles/microkernels-all.dir/src/f16-vbinary/gen/f16-vminc-fp16arith-u4.c.o
  [4551/5650] Building C object confu-deps/XNNPACK/CMakeFiles/microkernels-all.dir/src/f16-vbinary/gen/f16-vmin-fp16arith-u2.c.o
  [4552/5650] Building C object confu-deps/XNNPACK/CMakeFiles/microkernels-all.dir/src/f16-vbinary/gen/f16-vmul-fp16arith-u2.c.o
  [4553/5650] Building C object confu-deps/XNNPACK/CMakeFiles/microkernels-all.dir/src/f16-vbinary/gen/f16-vmul-fp16arith-u4.c.o
  [4554/5650] Building C object confu-deps/XNNPACK/CMakeFiles/microkernels-all.dir/src/f16-vbinary/gen/f16-vmul-fp16arith-u1.c.o
  [4555/5650] Building C object confu-deps/XNNPACK/CMakeFiles/microkernels-all.dir/src/f16-vbinary/gen/f16-vmulc-fp16arith-u1.c.o
  [4556/5650] Building C object confu-deps/XNNPACK/CMakeFiles/microkernels-all.dir/src/f16-vbinary/gen/f16-vmulc-fp16arith-u2.c.o
  [4557/5650] Building C object confu-deps/XNNPACK/CMakeFiles/microkernels-all.dir/src/f16-vbinary/gen/f16-vrsubc-fp16arith-u1.c.o
  [4558/5650] Building C object confu-deps/XNNPACK/CMakeFiles/microkernels-all.dir/src/f16-vbinary/gen/f16-vsqrdiff-fp16arith-u1.c.o
  [4559/5650] Building C object confu-deps/XNNPACK/CMakeFiles/microkernels-all.dir/src/f16-vbinary/gen/f16-vrdivc-fp16arith-u4.c.o
  [4560/5650] Building C object confu-deps/XNNPACK/CMakeFiles/microkernels-all.dir/src/f16-vbinary/gen/f16-vrsubc-fp16arith-u4.c.o
  [4561/5650] Building C object confu-deps/XNNPACK/CMakeFiles/microkernels-all.dir/src/f16-vbinary/gen/f16-vrsubc-fp16arith-u2.c.o
  [4562/5650] Building C object confu-deps/XNNPACK/CMakeFiles/microkernels-all.dir/src/f16-vbinary/gen/f16-vmulc-fp16arith-u4.c.o
  [4563/5650] Building C object confu-deps/XNNPACK/CMakeFiles/microkernels-all.dir/src/f16-vbinary/gen/f16-vrdivc-fp16arith-u1.c.o
  [4564/5650] Building C object confu-deps/XNNPACK/CMakeFiles/microkernels-all.dir/src/f16-vbinary/gen/f16-vsqrdiff-fp16arith-u4.c.o
  [4565/5650] Building C object confu-deps/XNNPACK/CMakeFiles/microkernels-all.dir/src/f16-vbinary/gen/f16-vsqrdiffc-fp16arith-u1.c.o
  [4566/5650] Building C object confu-deps/XNNPACK/CMakeFiles/microkernels-all.dir/src/f16-vbinary/gen/f16-vsqrdiff-fp16arith-u2.c.o
  [4567/5650] Building C object confu-deps/XNNPACK/CMakeFiles/microkernels-all.dir/src/f16-vbinary/gen/f16-vsqrdiffc-fp16arith-u2.c.o
  [4568/5650] Building C object confu-deps/XNNPACK/CMakeFiles/microkernels-all.dir/src/f16-vbinary/gen/f16-vsqrdiffc-fp16arith-u4.c.o
  [4569/5650] Building C object confu-deps/XNNPACK/CMakeFiles/microkernels-all.dir/src/f16-vbinary/gen/f16-vsub-fp16arith-u1.c.o
  [4570/5650] Building C object confu-deps/XNNPACK/CMakeFiles/microkernels-all.dir/src/f16-vbinary/gen/f16-vsub-fp16arith-u2.c.o
  [4571/5650] Building C object confu-deps/XNNPACK/CMakeFiles/microkernels-all.dir/src/f16-vbinary/gen/f16-vsubc-fp16arith-u1.c.o
  [4572/5650] Building C object confu-deps/XNNPACK/CMakeFiles/microkernels-all.dir/src/f16-vsqrt/gen/f16-vsqrt-fp16arith-sqrt-u1.c.o
  [4573/5650] Building C object confu-deps/XNNPACK/CMakeFiles/microkernels-all.dir/src/f16-vbinary/gen/f16-vsub-fp16arith-u4.c.o
  [4574/5650] Building C object confu-deps/XNNPACK/CMakeFiles/microkernels-all.dir/src/f16-vsqrt/gen/f16-vsqrt-fp16arith-sqrt-u2.c.o
  [4575/5650] Building C object confu-deps/XNNPACK/CMakeFiles/microkernels-all.dir/src/f16-vbinary/gen/f16-vsubc-fp16arith-u2.c.o
  [4576/5650] Building C object confu-deps/XNNPACK/CMakeFiles/microkernels-all.dir/src/f16-vbinary/gen/f16-vsubc-fp16arith-u4.c.o
  [4577/5650] Building C object confu-deps/XNNPACK/CMakeFiles/microkernels-all.dir/src/qd8-f16-qb4w-gemm/gen/qd8-f16-qb4w-gemm-1x8c4-minmax-neondotfp16arith.c.o
  [4578/5650] Building C object confu-deps/XNNPACK/CMakeFiles/microkernels-all.dir/src/f16-vsqrt/gen/f16-vsqrt-fp16arith-sqrt-u4.c.o
  [4579/5650] Building C object confu-deps/XNNPACK/CMakeFiles/microkernels-all.dir/src/qd8-f16-qb4w-gemm/gen/qd8-f16-qb4w-gemm-3x8c4-minmax-neondotfp16arith.c.o
  [4580/5650] Building C object confu-deps/XNNPACK/CMakeFiles/microkernels-all.dir/src/qd8-f16-qb4w-gemm/gen/qd8-f16-qb4w-gemm-4x8c4-minmax-neondotfp16arith.c.o
  [4581/5650] Building C object confu-deps/XNNPACK/CMakeFiles/microkernels-all.dir/src/qd8-f16-qb4w-gemm/gen/qd8-f16-qb4w-gemm-2x8c4-minmax-neondotfp16arith.c.o
  [4582/5650] Building C object confu-deps/XNNPACK/CMakeFiles/microkernels-all.dir/src/qd8-f16-qb4w-gemm/gen/qd8-f16-qb4w-gemm-2x16c4-minmax-neondotfp16arith.c.o
  [4583/5650] Building C object confu-deps/XNNPACK/CMakeFiles/microkernels-all.dir/src/qd8-f16-qb4w-gemm/gen/qd8-f16-qb4w-gemm-3x16c4-minmax-neondotfp16arith.c.o
  [4584/5650] Building C object confu-deps/XNNPACK/CMakeFiles/microkernels-all.dir/src/qd8-f16-qc4w-gemm/gen/qd8-f16-qc4w-gemm-1x8c4-minmax-neondotfp16arith.c.o
  [4585/5650] Building C object confu-deps/XNNPACK/CMakeFiles/microkernels-all.dir/src/qd8-f16-qb4w-gemm/gen/qd8-f16-qb4w-gemm-6x16c4-minmax-neondotfp16arith.c.o
  [4586/5650] Building C object confu-deps/XNNPACK/CMakeFiles/microkernels-all.dir/src/qd8-f16-qc4w-gemm/gen/qd8-f16-qc4w-gemm-2x8c4-minmax-neondotfp16arith.c.o
  [4587/5650] Building C object confu-deps/XNNPACK/CMakeFiles/microkernels-all.dir/src/qd8-f16-qb4w-gemm/gen/qd8-f16-qb4w-gemm-6x8c4-minmax-neondotfp16arith.c.o
  [4588/5650] Building C object confu-deps/XNNPACK/CMakeFiles/microkernels-all.dir/src/qd8-f16-qb4w-gemm/gen/qd8-f16-qb4w-gemm-5x8c4-minmax-neondotfp16arith.c.o
  [4589/5650] Building C object confu-deps/XNNPACK/CMakeFiles/microkernels-all.dir/src/qd8-f16-qc4w-gemm/gen/qd8-f16-qc4w-gemm-2x16c4-minmax-neondotfp16arith.c.o
  [4590/5650] Building C object confu-deps/XNNPACK/CMakeFiles/microkernels-all.dir/src/qd8-f16-qc4w-gemm/gen/qd8-f16-qc4w-gemm-3x16c4-minmax-neondotfp16arith.c.o
  [4591/5650] Building C object confu-deps/XNNPACK/CMakeFiles/microkernels-all.dir/src/qd8-f16-qb4w-gemm/gen/qd8-f16-qb4w-gemm-5x16c4-minmax-neondotfp16arith.c.o
  [4592/5650] Building C object confu-deps/XNNPACK/CMakeFiles/microkernels-all.dir/src/qd8-f16-qc4w-gemm/gen/qd8-f16-qc4w-gemm-3x8c4-minmax-neondotfp16arith.c.o
  [4593/5650] Building C object confu-deps/XNNPACK/CMakeFiles/microkernels-all.dir/src/qd8-f16-qc4w-gemm/gen/qd8-f16-qc4w-gemm-5x8c4-minmax-neondotfp16arith.c.o
  [4594/5650] Building C object confu-deps/XNNPACK/CMakeFiles/microkernels-all.dir/src/qd8-f16-qc4w-gemm/gen/qd8-f16-qc4w-gemm-4x8c4-minmax-neondotfp16arith.c.o
  [4595/5650] Building C object confu-deps/XNNPACK/CMakeFiles/microkernels-all.dir/src/qd8-f16-qc8w-gemm/gen/qd8-f16-qc8w-gemm-2x8c4-minmax-neondotfp16arith.c.o
  [4596/5650] Building C object confu-deps/XNNPACK/CMakeFiles/microkernels-all.dir/src/qd8-f16-qc8w-gemm/gen/qd8-f16-qc8w-gemm-2x16c4-minmax-neondotfp16arith.c.o
  [4597/5650] Building C object confu-deps/XNNPACK/CMakeFiles/microkernels-all.dir/src/qd8-f16-qc8w-gemm/gen/qd8-f16-qc8w-gemm-3x8c4-minmax-neondotfp16arith.c.o
  [4598/5650] Building C object confu-deps/XNNPACK/CMakeFiles/microkernels-all.dir/src/qd8-f16-qc4w-gemm/gen/qd8-f16-qc4w-gemm-6x16c4-minmax-neondotfp16arith.c.o
  [4599/5650] Building C object confu-deps/XNNPACK/CMakeFiles/microkernels-all.dir/src/qd8-f16-qc4w-gemm/gen/qd8-f16-qc4w-gemm-5x16c4-minmax-neondotfp16arith.c.o
  [4600/5650] Building C object confu-deps/XNNPACK/CMakeFiles/microkernels-all.dir/src/qd8-f16-qc4w-gemm/gen/qd8-f16-qc4w-gemm-6x8c4-minmax-neondotfp16arith.c.o
  [4601/5650] Building C object confu-deps/XNNPACK/CMakeFiles/microkernels-all.dir/src/qd8-f16-qc8w-gemm/gen/qd8-f16-qc8w-gemm-3x16c4-minmax-neondotfp16arith.c.o
  [4602/5650] Building C object confu-deps/XNNPACK/CMakeFiles/microkernels-all.dir/src/qd8-f16-qc8w-gemm/gen/qd8-f16-qc8w-gemm-5x8c4-minmax-neondotfp16arith.c.o
  [4603/5650] Building C object confu-deps/XNNPACK/CMakeFiles/microkernels-all.dir/src/qd8-f16-qc8w-gemm/gen/qd8-f16-qc8w-gemm-5x16c4-minmax-neondotfp16arith.c.o
  [4604/5650] Building C object confu-deps/XNNPACK/CMakeFiles/microkernels-all.dir/src/qd8-f16-qc8w-igemm/gen/qd8-f16-qc8w-igemm-1x32c4-minmax-neondotfp16arith.c.o
  [4605/5650] Building C object confu-deps/XNNPACK/CMakeFiles/microkernels-all.dir/src/qd8-f16-qc8w-gemm/gen/qd8-f16-qc8w-gemm-6x16c4-minmax-neondotfp16arith.c.o
  [4606/5650] Building C object confu-deps/XNNPACK/CMakeFiles/microkernels-all.dir/src/qd8-f16-qc8w-igemm/gen/qd8-f16-qc8w-igemm-2x16c4-minmax-neondotfp16arith.c.o
  [4607/5650] Building C object confu-deps/XNNPACK/CMakeFiles/microkernels-all.dir/src/qd8-f16-qc8w-igemm/gen/qd8-f16-qc8w-igemm-2x8c4-minmax-neondotfp16arith.c.o
  [4608/5650] Building C object confu-deps/XNNPACK/CMakeFiles/microkernels-all.dir/src/qd8-f16-qc8w-igemm/gen/qd8-f16-qc8w-igemm-2x32c4-minmax-neondotfp16arith.c.o
  [4609/5650] Building C object confu-deps/XNNPACK/CMakeFiles/microkernels-all.dir/src/qd8-f16-qc8w-igemm/gen/qd8-f16-qc8w-igemm-6x8c4-minmax-neondotfp16arith.c.o
  [4610/5650] Building C object confu-deps/XNNPACK/CMakeFiles/microkernels-all.dir/src/qd8-f16-qc8w-gemm/gen/qd8-f16-qc8w-gemm-6x8c4-minmax-neondotfp16arith.c.o
  [4611/5650] Building C object confu-deps/XNNPACK/CMakeFiles/microkernels-all.dir/src/qd8-f16-qc8w-igemm/gen/qd8-f16-qc8w-igemm-8x8c4-minmax-neondotfp16arith.c.o
  [4612/5650] Building C object confu-deps/XNNPACK/CMakeFiles/microkernels-all.dir/src/qd8-f16-qc8w-igemm/gen/qd8-f16-qc8w-igemm-4x32c4-minmax-neondotfp16arith.c.o
  [4613/5650] Building C object confu-deps/XNNPACK/CMakeFiles/microkernels-all.dir/src/qd8-f16-qc8w-igemm/gen/qd8-f16-qc8w-igemm-8x16c4-minmax-neondotfp16arith.c.o
  [4614/5650] Building C object confu-deps/XNNPACK/CMakeFiles/microkernels-all.dir/src/qd8-f16-qc8w-igemm/gen/qd8-f16-qc8w-igemm-6x32c4-minmax-neondotfp16arith.c.o
  [4615/5650] Building C object confu-deps/XNNPACK/CMakeFiles/microkernels-all.dir/src/f16-dwconv/gen/f16-dwconv-3p8c-minmax-neonfp16arith-acc2.c.o
  [4616/5650] Building C object confu-deps/XNNPACK/CMakeFiles/microkernels-all.dir/src/qd8-f16-qc8w-igemm/gen/qd8-f16-qc8w-igemm-6x16c4-minmax-neondotfp16arith.c.o
  [4617/5650] Building C object confu-deps/XNNPACK/CMakeFiles/microkernels-all.dir/src/f16-dwconv/gen/f16-dwconv-3p16c-minmax-neonfp16arith-acc2.c.o
  [4618/5650] Building C object confu-deps/XNNPACK/CMakeFiles/microkernels-all.dir/src/f16-dwconv/gen/f16-dwconv-3p8c-minmax-neonfp16arith.c.o
  [4619/5650] Building C object confu-deps/XNNPACK/CMakeFiles/microkernels-all.dir/src/f16-dwconv/gen/f16-dwconv-3p32c-minmax-neonfp16arith-acc2.c.o
  [4620/5650] Building C object confu-deps/XNNPACK/CMakeFiles/microkernels-all.dir/src/f16-dwconv/gen/f16-dwconv-3p32c-minmax-neonfp16arith.c.o
  [4621/5650] Building C object confu-deps/XNNPACK/CMakeFiles/microkernels-all.dir/src/f16-dwconv/gen/f16-dwconv-4p8c-minmax-neonfp16arith-acc2.c.o
  [4622/5650] Building C object confu-deps/XNNPACK/CMakeFiles/microkernels-all.dir/src/f16-dwconv/gen/f16-dwconv-4p32c-minmax-neonfp16arith.c.o
  [4623/5650] Building C object confu-deps/XNNPACK/CMakeFiles/microkernels-all.dir/src/f16-dwconv/gen/f16-dwconv-4p32c-minmax-neonfp16arith-acc2.c.o
  [4624/5650] Building C object confu-deps/XNNPACK/CMakeFiles/microkernels-all.dir/src/f16-dwconv/gen/f16-dwconv-4p16c-minmax-neonfp16arith-acc2.c.o
  [4625/5650] Building C object confu-deps/XNNPACK/CMakeFiles/microkernels-all.dir/src/f16-dwconv/gen/f16-dwconv-5f5m5l8c8s4r-minmax-neonfp16arith.c.o
  [4626/5650] Building C object confu-deps/XNNPACK/CMakeFiles/microkernels-all.dir/src/f16-dwconv/gen/f16-dwconv-4p8c-minmax-neonfp16arith.c.o
  [4627/5650] Building C object confu-deps/XNNPACK/CMakeFiles/microkernels-all.dir/src/f16-dwconv/gen/f16-dwconv-5f5m5l8c8s4r-minmax-neonfp16arith-acc2.c.o
  [4628/5650] Building C object confu-deps/XNNPACK/CMakeFiles/microkernels-all.dir/src/f16-dwconv/gen/f16-dwconv-5f5m5l16c8s4r-minmax-neonfp16arith-acc2.c.o
  [4629/5650] Building C object confu-deps/XNNPACK/CMakeFiles/microkernels-all.dir/src/qd8-f16-qc8w-igemm/gen/qd8-f16-qc8w-igemm-8x32c4-minmax-neondotfp16arith.c.o
  [4630/5650] Building C object confu-deps/XNNPACK/CMakeFiles/microkernels-all.dir/src/f16-dwconv/gen/f16-dwconv-5f5m5l16c8s4r-minmax-neonfp16arith.c.o
  [4631/5650] Building C object confu-deps/XNNPACK/CMakeFiles/microkernels-all.dir/src/f16-dwconv/gen/f16-dwconv-6f6m7l8c8s4r-minmax-neonfp16arith-acc2.c.o
  [4632/5650] Building C object confu-deps/XNNPACK/CMakeFiles/microkernels-all.dir/src/f16-dwconv/gen/f16-dwconv-6f6m7l8c8s4r-minmax-neonfp16arith.c.o
  [4633/5650] Building C object confu-deps/XNNPACK/CMakeFiles/microkernels-all.dir/src/f16-dwconv/gen/f16-dwconv-5f5m5l32c8s4r-minmax-neonfp16arith-acc2.c.o
  [4634/5650] Building C object confu-deps/XNNPACK/CMakeFiles/microkernels-all.dir/src/f16-dwconv/gen/f16-dwconv-5f5m5l32c8s4r-minmax-neonfp16arith.c.o
  [4635/5650] Building C object confu-deps/XNNPACK/CMakeFiles/microkernels-all.dir/src/f16-dwconv/gen/f16-dwconv-6f6m7l16c8s4r-minmax-neonfp16arith-acc2.c.o
  [4636/5650] Building C object confu-deps/XNNPACK/CMakeFiles/microkernels-all.dir/src/f16-dwconv/gen/f16-dwconv-6f6m7l32c8s4r-minmax-neonfp16arith-acc2.c.o
  [4637/5650] Building C object confu-deps/XNNPACK/CMakeFiles/microkernels-all.dir/src/f16-dwconv/gen/f16-dwconv-6f6m7l16c8s4r-minmax-neonfp16arith.c.o
  [4638/5650] Building C object confu-deps/XNNPACK/CMakeFiles/microkernels-all.dir/src/f16-dwconv/gen/f16-dwconv-8f8m9l8c8s4r-minmax-neonfp16arith-acc2.c.o
  [4639/5650] Building C object confu-deps/XNNPACK/CMakeFiles/microkernels-all.dir/src/f16-dwconv/gen/f16-dwconv-8f8m9l8c8s4r-minmax-neonfp16arith.c.o
  [4640/5650] Building C object confu-deps/XNNPACK/CMakeFiles/microkernels-all.dir/src/f16-dwconv/gen/f16-dwconv-8f8m9l16c8s4r-minmax-neonfp16arith-acc2.c.o
  [4641/5650] Building C object confu-deps/XNNPACK/CMakeFiles/microkernels-all.dir/src/f16-dwconv/gen/f16-dwconv-6f6m7l32c8s4r-minmax-neonfp16arith.c.o
  [4642/5650] Building C object confu-deps/XNNPACK/CMakeFiles/microkernels-all.dir/src/f16-dwconv/gen/f16-dwconv-8f8m9l16c8s4r-minmax-neonfp16arith.c.o
  [4643/5650] Building C object confu-deps/XNNPACK/CMakeFiles/microkernels-all.dir/src/f16-dwconv/gen/f16-dwconv-9p8c-minmax-neonfp16arith-acc2.c.o
  [4644/5650] Building C object confu-deps/XNNPACK/CMakeFiles/microkernels-all.dir/src/f16-dwconv/gen/f16-dwconv-8f8m9l32c8s4r-minmax-neonfp16arith-acc2.c.o
  [4645/5650] Building C object confu-deps/XNNPACK/CMakeFiles/microkernels-all.dir/src/f16-dwconv/gen/f16-dwconv-8f8m9l32c8s4r-minmax-neonfp16arith.c.o
  [4646/5650] Building C object confu-deps/XNNPACK/CMakeFiles/microkernels-all.dir/src/f16-dwconv/gen/f16-dwconv-9p16c-minmax-neonfp16arith-acc2.c.o
  [4647/5650] Building C object confu-deps/XNNPACK/CMakeFiles/microkernels-all.dir/src/f16-dwconv/gen/f16-dwconv-9p32c-minmax-neonfp16arith.c.o
  [4648/5650] Building C object confu-deps/XNNPACK/CMakeFiles/microkernels-all.dir/src/f16-dwconv/gen/f16-dwconv-9p32c-minmax-neonfp16arith-acc2.c.o
  [4649/5650] Building C object confu-deps/XNNPACK/CMakeFiles/microkernels-all.dir/src/f16-dwconv/gen/f16-dwconv-25p8c-minmax-neonfp16arith.c.o
  [4650/5650] Building C object confu-deps/XNNPACK/CMakeFiles/microkernels-all.dir/src/f16-dwconv2d-chw/gen/f16-dwconv2d-chw-3x3p1-minmax-neonfp16arith-1x8-acc2.c.o
  [4651/5650] Building C object confu-deps/XNNPACK/CMakeFiles/microkernels-all.dir/src/f16-dwconv/gen/f16-dwconv-25p16c-minmax-neonfp16arith-acc2.c.o
  [4652/5650] Building C object confu-deps/XNNPACK/CMakeFiles/microkernels-all.dir/src/f16-dwconv2d-chw/gen/f16-dwconv2d-chw-3x3p1-minmax-neonfp16arith-1x8-acc3.c.o
  [4653/5650] Building C object confu-deps/XNNPACK/CMakeFiles/microkernels-all.dir/src/f16-dwconv2d-chw/gen/f16-dwconv2d-chw-3x3p1-minmax-neonfp16arith-2x8-acc2.c.o
  [4654/5650] Building C object confu-deps/XNNPACK/CMakeFiles/microkernels-all.dir/src/f16-dwconv2d-chw/gen/f16-dwconv2d-chw-3x3p1-minmax-neonfp16arith-1x8-acc4.c.o
  [4655/5650] Building C object confu-deps/XNNPACK/CMakeFiles/microkernels-all.dir/src/f16-dwconv/gen/f16-dwconv-25p16c-minmax-neonfp16arith.c.o
  [4656/5650] Building C object confu-deps/XNNPACK/CMakeFiles/microkernels-all.dir/src/f16-dwconv2d-chw/gen/f16-dwconv2d-chw-3x3p1-minmax-neonfp16arith-1x8.c.o
  [4657/5650] Building C object confu-deps/XNNPACK/CMakeFiles/microkernels-all.dir/src/f16-dwconv2d-chw/gen/f16-dwconv2d-chw-3x3p1-minmax-neonfp16arith-4x8.c.o
  [4658/5650] Building C object confu-deps/XNNPACK/CMakeFiles/microkernels-all.dir/src/f16-dwconv2d-chw/gen/f16-dwconv2d-chw-3x3p1-minmax-neonfp16arith-3x8.c.o
  [4659/5650] Building C object confu-deps/XNNPACK/CMakeFiles/microkernels-all.dir/src/f16-dwconv/gen/f16-dwconv-25p32c-minmax-neonfp16arith.c.o
  [4660/5650] Building C object confu-deps/XNNPACK/CMakeFiles/microkernels-all.dir/src/f16-dwconv2d-chw/gen/f16-dwconv2d-chw-3x3p1-minmax-neonfp16arith-5x8.c.o
  [4661/5650] Building C object confu-deps/XNNPACK/CMakeFiles/microkernels-all.dir/src/f16-dwconv2d-chw/gen/f16-dwconv2d-chw-3x3s2p1-minmax-neonfp16arith-1x8-acc3.c.o
  [4662/5650] Building C object confu-deps/XNNPACK/CMakeFiles/microkernels-all.dir/src/f16-dwconv2d-chw/gen/f16-dwconv2d-chw-3x3s2p1-minmax-neonfp16arith-1x8-acc2.c.o
  [4663/5650] Building C object confu-deps/XNNPACK/CMakeFiles/microkernels-all.dir/src/f16-dwconv2d-chw/gen/f16-dwconv2d-chw-3x3s2p1-minmax-neonfp16arith-1x8-acc4.c.o
  [4664/5650] Building C object confu-deps/XNNPACK/CMakeFiles/microkernels-all.dir/src/f16-dwconv2d-chw/gen/f16-dwconv2d-chw-3x3p1-minmax-neonfp16arith-6x8.c.o
  [4665/5650] Building C object confu-deps/XNNPACK/CMakeFiles/microkernels-all.dir/src/f16-dwconv/gen/f16-dwconv-25p32c-minmax-neonfp16arith-acc2.c.o
  [4666/5650] Building C object confu-deps/XNNPACK/CMakeFiles/microkernels-all.dir/src/f16-dwconv2d-chw/gen/f16-dwconv2d-chw-3x3s2p1-minmax-neonfp16arith-2x8.c.o
  [4667/5650] Building C object confu-deps/XNNPACK/CMakeFiles/microkernels-all.dir/src/f16-dwconv2d-chw/gen/f16-dwconv2d-chw-3x3s2p1-minmax-neonfp16arith-2x8-acc2.c.o
  [4668/5650] Building C object confu-deps/XNNPACK/CMakeFiles/microkernels-all.dir/src/f16-dwconv2d-chw/gen/f16-dwconv2d-chw-3x3s2p1-minmax-neonfp16arith-4x8.c.o
  [4669/5650] Building C object confu-deps/XNNPACK/CMakeFiles/microkernels-all.dir/src/f16-dwconv2d-chw/gen/f16-dwconv2d-chw-5x5p2-minmax-neonfp16arith-1x8-acc3.c.o
  [4670/5650] Building C object confu-deps/XNNPACK/CMakeFiles/microkernels-all.dir/src/f16-dwconv2d-chw/gen/f16-dwconv2d-chw-5x5p2-minmax-neonfp16arith-1x8-acc2.c.o
  [4671/5650] Building C object confu-deps/XNNPACK/CMakeFiles/microkernels-all.dir/src/f16-dwconv2d-chw/gen/f16-dwconv2d-chw-3x3s2p1-minmax-neonfp16arith-3x8.c.o
  [4672/5650] Building C object confu-deps/XNNPACK/CMakeFiles/microkernels-all.dir/src/f16-dwconv2d-chw/gen/f16-dwconv2d-chw-5x5p2-minmax-neonfp16arith-2x8-acc2.c.o
  [4673/5650] Building C object confu-deps/XNNPACK/CMakeFiles/microkernels-all.dir/src/f16-dwconv2d-chw/gen/f16-dwconv2d-chw-5x5p2-minmax-neonfp16arith-1x8-acc5.c.o
  [4674/5650] Building C object confu-deps/XNNPACK/CMakeFiles/microkernels-all.dir/src/f16-dwconv2d-chw/gen/f16-dwconv2d-chw-5x5p2-minmax-neonfp16arith-1x8-acc4.c.o
  [4675/5650] Building C object confu-deps/XNNPACK/CMakeFiles/microkernels-all.dir/src/f16-dwconv2d-chw/gen/f16-dwconv2d-chw-5x5p2-minmax-neonfp16arith-2x8-acc3.c.o
  [4676/5650] Building C object confu-deps/XNNPACK/CMakeFiles/microkernels-all.dir/src/f16-dwconv2d-chw/gen/f16-dwconv2d-chw-5x5p2-minmax-neonfp16arith-2x8.c.o
  [4677/5650] Building C object confu-deps/XNNPACK/CMakeFiles/microkernels-all.dir/src/f16-dwconv2d-chw/gen/f16-dwconv2d-chw-5x5p2-minmax-neonfp16arith-4x8-acc2.c.o
  [4678/5650] Building C object confu-deps/XNNPACK/CMakeFiles/microkernels-all.dir/src/f16-dwconv2d-chw/gen/f16-dwconv2d-chw-5x5p2-minmax-neonfp16arith-3x8.c.o
  [4679/5650] Building C object confu-deps/XNNPACK/CMakeFiles/microkernels-all.dir/src/f16-dwconv2d-chw/gen/f16-dwconv2d-chw-5x5p2-minmax-neonfp16arith-3x8-acc2.c.o
  [4680/5650] Building C object confu-deps/XNNPACK/CMakeFiles/microkernels-all.dir/src/f16-dwconv2d-chw/gen/f16-dwconv2d-chw-5x5s2p2-minmax-neonfp16arith-1x8-acc3.c.o
  [4681/5650] Building C object confu-deps/XNNPACK/CMakeFiles/microkernels-all.dir/src/f16-dwconv2d-chw/gen/f16-dwconv2d-chw-5x5s2p2-minmax-neonfp16arith-1x8-acc2.c.o
  [4682/5650] Building C object confu-deps/XNNPACK/CMakeFiles/microkernels-all.dir/src/f16-dwconv2d-chw/gen/f16-dwconv2d-chw-5x5s2p2-minmax-neonfp16arith-1x8-acc4.c.o
  [4683/5650] Building C object confu-deps/XNNPACK/CMakeFiles/microkernels-all.dir/src/f16-dwconv2d-chw/gen/f16-dwconv2d-chw-5x5p2-minmax-neonfp16arith-4x8.c.o
  [4684/5650] Building C object confu-deps/XNNPACK/CMakeFiles/microkernels-all.dir/src/f16-dwconv2d-chw/gen/f16-dwconv2d-chw-5x5s2p2-minmax-neonfp16arith-1x8-acc5.c.o
  [4685/5650] Building C object confu-deps/XNNPACK/CMakeFiles/microkernels-all.dir/src/f16-dwconv2d-chw/gen/f16-dwconv2d-chw-5x5p2-minmax-neonfp16arith-5x8.c.o
  [4686/5650] Building C object confu-deps/XNNPACK/CMakeFiles/microkernels-all.dir/src/f16-dwconv2d-chw/gen/f16-dwconv2d-chw-5x5s2p2-minmax-neonfp16arith-2x8-acc2.c.o
  [4687/5650] Building C object confu-deps/XNNPACK/CMakeFiles/microkernels-all.dir/src/f16-dwconv2d-chw/gen/f16-dwconv2d-chw-5x5s2p2-minmax-neonfp16arith-2x8-acc3.c.o
  [4688/5650] Building C object confu-deps/XNNPACK/CMakeFiles/microkernels-all.dir/src/f16-f32acc-rdsum/gen/f16-f32acc-rdsum-7p7x-minmax-neonfp16arith-c32.c.o
  [4689/5650] Building C object confu-deps/XNNPACK/CMakeFiles/microkernels-all.dir/src/f16-f32acc-rsum/gen/f16-f32acc-rsum-neonfp16arith-u4.c.o
  [4690/5650] Building C object confu-deps/XNNPACK/CMakeFiles/microkernels-all.dir/src/f16-dwconv2d-chw/gen/f16-dwconv2d-chw-5x5s2p2-minmax-neonfp16arith-3x8.c.o
  [4691/5650] Building C object confu-deps/XNNPACK/CMakeFiles/microkernels-all.dir/src/f16-dwconv2d-chw/gen/f16-dwconv2d-chw-5x5s2p2-minmax-neonfp16arith-2x8.c.o
  [4692/5650] Building C object confu-deps/XNNPACK/CMakeFiles/microkernels-all.dir/src/f16-f32acc-rsum/gen/f16-f32acc-rsum-neonfp16arith-u8.c.o
  [4693/5650] Building C object confu-deps/XNNPACK/CMakeFiles/microkernels-all.dir/src/f16-f32acc-rsum/gen/f16-f32acc-rsum-neonfp16arith-u16-acc2.c.o
  [4694/5650] Building C object confu-deps/XNNPACK/CMakeFiles/microkernels-all.dir/src/f16-f32acc-rdsum/gen/f16-f32acc-rdsum-7p7x-minmax-neonfp16arith-c64.c.o
  [4695/5650] Building C object confu-deps/XNNPACK/CMakeFiles/microkernels-all.dir/src/f16-dwconv2d-chw/gen/f16-dwconv2d-chw-5x5s2p2-minmax-neonfp16arith-3x8-acc2.c.o
  [4696/5650] Building C object confu-deps/XNNPACK/CMakeFiles/microkernels-all.dir/src/f16-f32acc-rsum/gen/f16-f32acc-rsum-neonfp16arith-u24-acc3.c.o
  [4697/5650] Building C object confu-deps/XNNPACK/CMakeFiles/microkernels-all.dir/src/f16-f32acc-rsum/gen/f16-f32acc-rsum-neonfp16arith-u32-acc2.c.o
  [4698/5650] Building C object confu-deps/XNNPACK/CMakeFiles/microkernels-all.dir/src/f16-gemm/gen/f16-gemm-8x8-minmax-neonfp16arith-ld64.c.o
  [4699/5650] Building C object confu-deps/XNNPACK/CMakeFiles/microkernels-all.dir/src/f16-gemm/gen/f16-gemm-4x8-minmax-neonfp16arith-ld64.c.o
  [4700/5650] Building C object confu-deps/XNNPACK/CMakeFiles/microkernels-all.dir/src/f16-gemm/gen/f16-gemminc-1x16-minmax-neonfp16arith-ld64.c.o
  [4701/5650] Building C object confu-deps/XNNPACK/CMakeFiles/microkernels-all.dir/src/f16-gemm/gen/f16-gemminc-1x8-minmax-neonfp16arith-ld64.c.o
  [4702/5650] Building C object confu-deps/XNNPACK/CMakeFiles/microkernels-all.dir/src/f16-gemm/gen/f16-gemm-8x16-minmax-neonfp16arith-ld64.c.o
  [4703/5650] Building C object confu-deps/XNNPACK/CMakeFiles/microkernels-all.dir/src/f16-gemm/gen/f16-gemm-4x16-minmax-neonfp16arith-ld64.c.o
  [4704/5650] Building C object confu-deps/XNNPACK/CMakeFiles/microkernels-all.dir/src/f16-gemm/gen/f16-gemminc-6x8-minmax-neonfp16arith-ld64.c.o
  [4705/5650] Building C object confu-deps/XNNPACK/CMakeFiles/microkernels-all.dir/src/f16-gemm/gen/f16-gemminc-6x16-minmax-neonfp16arith-ld64.c.o
  [4706/5650] Building C object confu-deps/XNNPACK/CMakeFiles/microkernels-all.dir/src/f16-gemm/gen/f16-gemminc-4x16-minmax-neonfp16arith-ld64.c.o
  [4707/5650] Building C object confu-deps/XNNPACK/CMakeFiles/microkernels-all.dir/src/f16-gemm/gen/f16-gemminc-8x8-minmax-neonfp16arith-ld64.c.o
  [4708/5650] Building C object confu-deps/XNNPACK/CMakeFiles/microkernels-all.dir/src/f16-ibilinear-chw/gen/f16-ibilinear-chw-neonfp16arith-p4.c.o
  [4709/5650] Building C object confu-deps/XNNPACK/CMakeFiles/microkernels-all.dir/src/f16-ibilinear/gen/f16-ibilinear-neonfp16arith-c16.c.o
  [4710/5650] Building C object confu-deps/XNNPACK/CMakeFiles/microkernels-all.dir/src/f16-gemm/gen/f16-gemminc-8x16-minmax-neonfp16arith-ld64.c.o
  [4711/5650] Building C object confu-deps/XNNPACK/CMakeFiles/microkernels-all.dir/src/f16-gemm/gen/f16-gemminc-4x8-minmax-neonfp16arith-ld64.c.o
  [4712/5650] Building C object confu-deps/XNNPACK/CMakeFiles/microkernels-all.dir/src/f16-igemm/gen/f16-igemm-4x8-minmax-neonfp16arith-ld64.c.o
  [4713/5650] Building C object confu-deps/XNNPACK/CMakeFiles/microkernels-all.dir/src/f16-qs8-vcvt/gen/f16-qs8-vcvt-neonfp16arith-u8.c.o
  [4714/5650] Building C object confu-deps/XNNPACK/CMakeFiles/microkernels-all.dir/src/f16-ibilinear-chw/gen/f16-ibilinear-chw-neonfp16arith-p16.c.o
  [4715/5650] Building C object confu-deps/XNNPACK/CMakeFiles/microkernels-all.dir/src/f16-qs8-vcvt/gen/f16-qs8-vcvt-neonfp16arith-u16.c.o
  [4716/5650] Building C object confu-deps/XNNPACK/CMakeFiles/microkernels-all.dir/src/f16-igemm/gen/f16-igemm-8x8-minmax-neonfp16arith-ld64.c.o
  [4717/5650] Building C object confu-deps/XNNPACK/CMakeFiles/microkernels-all.dir/src/f16-qs8-vcvt/gen/f16-qs8-vcvt-neonfp16arith-u24.c.o
  [4718/5650] Building C object confu-deps/XNNPACK/CMakeFiles/microkernels-all.dir/src/f16-igemm/gen/f16-igemm-8x16-minmax-neonfp16arith-ld64.c.o
  [4719/5650] Building C object confu-deps/XNNPACK/CMakeFiles/microkernels-all.dir/src/f16-igemm/gen/f16-igemm-4x16-minmax-neonfp16arith-ld64.c.o
  [4720/5650] Building C object confu-deps/XNNPACK/CMakeFiles/microkernels-all.dir/src/f16-raddstoreexpminusmax/gen/f16-raddstoreexpminusmax-neonfp16arith-rr2-p2-u40-acc5.c.o
  [4721/5650] Building C object confu-deps/XNNPACK/CMakeFiles/microkernels-all.dir/src/f16-raddstoreexpminusmax/gen/f16-raddstoreexpminusmax-neonfp16arith-rr2-p2-u40.c.o
  [4722/5650] Building C object confu-deps/XNNPACK/CMakeFiles/microkernels-all.dir/src/f16-qs8-vcvt/gen/f16-qs8-vcvt-neonfp16arith-u64.c.o
  [4723/5650] Building C object confu-deps/XNNPACK/CMakeFiles/microkernels-all.dir/src/f16-raddstoreexpminusmax/gen/f16-raddstoreexpminusmax-neonfp16arith-rr2-p2-u32-acc4.c.o
  [4724/5650] Building C object confu-deps/XNNPACK/CMakeFiles/microkernels-all.dir/src/f16-raddstoreexpminusmax/gen/f16-raddstoreexpminusmax-neonfp16arith-rr2-p2-u32-acc2.c.o
  [4725/5650] Building C object confu-deps/XNNPACK/CMakeFiles/microkernels-all.dir/src/f16-raddstoreexpminusmax/gen/f16-raddstoreexpminusmax-neonfp16arith-rr2-p2-u48-acc2.c.o
  [4726/5650] Building C object confu-deps/XNNPACK/CMakeFiles/microkernels-all.dir/src/f16-raddstoreexpminusmax/gen/f16-raddstoreexpminusmax-neonfp16arith-rr2-p2-u40-acc2.c.o
  [4727/5650] Building C object confu-deps/XNNPACK/CMakeFiles/microkernels-all.dir/src/f16-raddstoreexpminusmax/gen/f16-raddstoreexpminusmax-neonfp16arith-rr2-p2-u48-acc3.c.o
  [4728/5650] Building C object confu-deps/XNNPACK/CMakeFiles/microkernels-all.dir/src/f16-raddstoreexpminusmax/gen/f16-raddstoreexpminusmax-neonfp16arith-rr2-p2-u48.c.o
  [4729/5650] Building C object confu-deps/XNNPACK/CMakeFiles/microkernels-all.dir/src/f16-raddstoreexpminusmax/gen/f16-raddstoreexpminusmax-neonfp16arith-rr2-p2-u64.c.o
  [4730/5650] Building C object confu-deps/XNNPACK/CMakeFiles/microkernels-all.dir/src/f16-raddstoreexpminusmax/gen/f16-raddstoreexpminusmax-neonfp16arith-rr2-p2-u64-acc2.c.o
  [4731/5650] Building C object confu-deps/XNNPACK/CMakeFiles/microkernels-all.dir/src/f16-raddstoreexpminusmax/gen/f16-raddstoreexpminusmax-neonfp16arith-rr2-p2-u64-acc4.c.o
  [4732/5650] Building C object confu-deps/XNNPACK/CMakeFiles/microkernels-all.dir/src/f16-raddstoreexpminusmax/gen/f16-raddstoreexpminusmax-neonfp16arith-rr2-p2-u72.c.o
  [4733/5650] Building C object confu-deps/XNNPACK/CMakeFiles/microkernels-all.dir/src/f16-raddstoreexpminusmax/gen/f16-raddstoreexpminusmax-neonfp16arith-rr2-p2-u80-acc2.c.o
  [4734/5650] Building C object confu-deps/XNNPACK/CMakeFiles/microkernels-all.dir/src/f16-raddstoreexpminusmax/gen/f16-raddstoreexpminusmax-neonfp16arith-rr2-p2-u72-acc3.c.o
  [4735/5650] Building C object confu-deps/XNNPACK/CMakeFiles/microkernels-all.dir/src/f16-raddstoreexpminusmax/gen/f16-raddstoreexpminusmax-neonfp16arith-rr2-p2-u96-acc2.c.o
  [4736/5650] Building C object confu-deps/XNNPACK/CMakeFiles/microkernels-all.dir/src/f16-raddstoreexpminusmax/gen/f16-raddstoreexpminusmax-neonfp16arith-rr2-p2-u80-acc5.c.o
  [4737/5650] Building C object confu-deps/XNNPACK/CMakeFiles/microkernels-all.dir/src/f16-raddstoreexpminusmax/gen/f16-raddstoreexpminusmax-neonfp16arith-rr2-p2-u80.c.o
  [4738/5650] Building C object confu-deps/XNNPACK/CMakeFiles/microkernels-all.dir/src/f16-raddstoreexpminusmax/gen/f16-raddstoreexpminusmax-neonfp16arith-rr2-p2-u96-acc3.c.o
  [4739/5650] Building C object confu-deps/XNNPACK/CMakeFiles/microkernels-all.dir/src/f16-raddstoreexpminusmax/gen/f16-raddstoreexpminusmax-neonfp16arith-rr2-p2-u96-acc6.c.o
  [4740/5650] Building C object confu-deps/XNNPACK/CMakeFiles/microkernels-all.dir/src/f16-rminmax/gen/f16-rmax-neonfp16arith-u8.c.o
  [4741/5650] Building C object confu-deps/XNNPACK/CMakeFiles/microkernels-all.dir/src/f16-rminmax/gen/f16-rmax-neonfp16arith-u24-acc3.c.o
  [4742/5650] Building C object confu-deps/XNNPACK/CMakeFiles/microkernels-all.dir/src/f16-rminmax/gen/f16-rmin-neonfp16arith-u8.c.o
  [4743/5650] Building C object confu-deps/XNNPACK/CMakeFiles/microkernels-all.dir/src/f16-rminmax/gen/f16-rmax-neonfp16arith-u32-acc2.c.o
  [4744/5650] Building C object confu-deps/XNNPACK/CMakeFiles/microkernels-all.dir/src/f16-raddstoreexpminusmax/gen/f16-raddstoreexpminusmax-neonfp16arith-rr2-p2-u96.c.o
  [4745/5650] Building C object confu-deps/XNNPACK/CMakeFiles/microkernels-all.dir/src/f16-rminmax/gen/f16-rmax-neonfp16arith-u16-acc2.c.o
  [4746/5650] Building C object confu-deps/XNNPACK/CMakeFiles/microkernels-all.dir/src/f16-rminmax/gen/f16-rmin-neonfp16arith-u24-acc2.c.o
  [4747/5650] Building C object confu-deps/XNNPACK/CMakeFiles/microkernels-all.dir/src/f16-rminmax/gen/f16-rmin-neonfp16arith-u24.c.o
  [4748/5650] Building C object confu-deps/XNNPACK/CMakeFiles/microkernels-all.dir/src/f16-rminmax/gen/f16-rmin-neonfp16arith-u16-acc2.c.o
  [4749/5650] Building C object confu-deps/XNNPACK/CMakeFiles/microkernels-all.dir/src/f16-rminmax/gen/f16-rmin-neonfp16arith-u16-acc1.c.o
  [4750/5650] Building C object confu-deps/XNNPACK/CMakeFiles/microkernels-all.dir/src/f16-rminmax/gen/f16-rmin-neonfp16arith-u24-acc3.c.o
  [4751/5650] Building C object confu-deps/XNNPACK/CMakeFiles/microkernels-all.dir/src/f16-rminmax/gen/f16-rmin-neonfp16arith-u32-acc4.c.o
  [4752/5650] Building C object confu-deps/XNNPACK/CMakeFiles/microkernels-all.dir/src/f16-rminmax/gen/f16-rmin-neonfp16arith-u32.c.o
  [4753/5650] Building C object confu-deps/XNNPACK/CMakeFiles/microkernels-all.dir/src/f16-rminmax/gen/f16-rmin-neonfp16arith-u64-acc4.c.o
  [4754/5650] Building C object confu-deps/XNNPACK/CMakeFiles/microkernels-all.dir/src/f16-rminmax/gen/f16-rminmax-neonfp16arith-u16-acc1.c.o
  [4755/5650] Building C object confu-deps/XNNPACK/CMakeFiles/microkernels-all.dir/src/f16-rminmax/gen/f16-rmin-neonfp16arith-u64.c.o
  [4756/5650] Building C object confu-deps/XNNPACK/CMakeFiles/microkernels-all.dir/src/f16-rminmax/gen/f16-rmin-neonfp16arith-u64-acc2.c.o
  [4757/5650] Building C object confu-deps/XNNPACK/CMakeFiles/microkernels-all.dir/src/f16-rminmax/gen/f16-rmin-neonfp16arith-u32-acc2.c.o
  [4758/5650] Building C object confu-deps/XNNPACK/CMakeFiles/microkernels-all.dir/src/f16-rminmax/gen/f16-rminmax-neonfp16arith-u8.c.o
  [4759/5650] Building C object confu-deps/XNNPACK/CMakeFiles/microkernels-all.dir/src/f16-rminmax/gen/f16-rminmax-neonfp16arith-u16-acc2.c.o
  [4760/5650] Building C object confu-deps/XNNPACK/CMakeFiles/microkernels-all.dir/src/f16-rminmax/gen/f16-rminmax-neonfp16arith-u24.c.o
  [4761/5650] Building C object confu-deps/XNNPACK/CMakeFiles/microkernels-all.dir/src/f16-rminmax/gen/f16-rminmax-neonfp16arith-u24-acc3.c.o
  [4762/5650] Building C object confu-deps/XNNPACK/CMakeFiles/microkernels-all.dir/src/f16-rminmax/gen/f16-rminmax-neonfp16arith-u32-acc2.c.o
  [4763/5650] Building C object confu-deps/XNNPACK/CMakeFiles/microkernels-all.dir/src/f16-rminmax/gen/f16-rminmax-neonfp16arith-u24-acc2.c.o
  [4764/5650] Building C object confu-deps/XNNPACK/CMakeFiles/microkernels-all.dir/src/f16-rminmax/gen/f16-rminmax-neonfp16arith-u32.c.o
  [4765/5650] Building C object confu-deps/XNNPACK/CMakeFiles/microkernels-all.dir/src/f16-rminmax/gen/f16-rminmax-neonfp16arith-u64.c.o
  [4766/5650] Building C object confu-deps/XNNPACK/CMakeFiles/microkernels-all.dir/src/f16-rsum/gen/f16-rsum-neonfp16arith-u8.c.o
  [4767/5650] Building C object confu-deps/XNNPACK/CMakeFiles/microkernels-all.dir/src/f16-rminmax/gen/f16-rminmax-neonfp16arith-u64-acc2.c.o
  [4768/5650] Building C object confu-deps/XNNPACK/CMakeFiles/microkernels-all.dir/src/f16-rsum/gen/f16-rsum-neonfp16arith-u16-acc2.c.o
  [4769/5650] Building C object confu-deps/XNNPACK/CMakeFiles/microkernels-all.dir/src/f16-rsum/gen/f16-rsum-neonfp16arith-u24-acc3.c.o
  [4770/5650] Building C object confu-deps/XNNPACK/CMakeFiles/microkernels-all.dir/src/f16-rsum/gen/f16-rsum-neonfp16arith-u32-acc4.c.o
  [4771/5650] Building C object confu-deps/XNNPACK/CMakeFiles/microkernels-all.dir/src/f16-rsum/gen/f16-rsum-neonfp16arith-u32-acc2.c.o
  [4772/5650] Building C object confu-deps/XNNPACK/CMakeFiles/microkernels-all.dir/src/f16-rminmax/gen/f16-rminmax-neonfp16arith-u64-acc4.c.o
  [4773/5650] Building C object confu-deps/XNNPACK/CMakeFiles/microkernels-all.dir/src/f16-spmm/gen/f16-spmm-8x1-minmax-neonfp16arith.c.o
  [4774/5650] Building C object confu-deps/XNNPACK/CMakeFiles/microkernels-all.dir/src/f16-spmm/gen/f16-spmm-16x1-minmax-neonfp16arith.c.o
  [4775/5650] Building C object confu-deps/XNNPACK/CMakeFiles/microkernels-all.dir/src/f16-spmm/gen/f16-spmm-8x1-minmax-neonfp16arith-pipelined.c.o
  [4776/5650] Building C object confu-deps/XNNPACK/CMakeFiles/microkernels-all.dir/src/f16-spmm/gen/f16-spmm-16x1-minmax-neonfp16arith-pipelined.c.o
  [4777/5650] Building C object confu-deps/XNNPACK/CMakeFiles/microkernels-all.dir/src/f16-spmm/gen/f16-spmm-8x1-minmax-neonfp16arith-x2.c.o
  [4778/5650] Building C object confu-deps/XNNPACK/CMakeFiles/microkernels-all.dir/src/f16-spmm/gen/f16-spmm-16x1-minmax-neonfp16arith-x2.c.o
  [4779/5650] Building C object confu-deps/XNNPACK/CMakeFiles/microkernels-all.dir/src/f16-spmm/gen/f16-spmm-24x1-minmax-neonfp16arith.c.o
  [4780/5650] Building C object confu-deps/XNNPACK/CMakeFiles/microkernels-all.dir/src/f16-spmm/gen/f16-spmm-24x1-minmax-neonfp16arith-pipelined.c.o
  [4781/5650] Building C object confu-deps/XNNPACK/CMakeFiles/microkernels-all.dir/src/f16-spmm/gen/f16-spmm-24x1-minmax-neonfp16arith-x2.c.o
  [4782/5650] Building C object confu-deps/XNNPACK/CMakeFiles/microkernels-all.dir/src/f16-spmm/gen/f16-spmm-32x1-minmax-neonfp16arith.c.o
  [4783/5650] Building C object confu-deps/XNNPACK/CMakeFiles/microkernels-all.dir/src/f16-vbinary/gen/f16-vadd-neonfp16arith-u8.c.o
  [4784/5650] Building C object confu-deps/XNNPACK/CMakeFiles/microkernels-all.dir/src/f16-vbinary/gen/f16-vmin-neonfp16arith-u8.c.o
  [4785/5650] Building C object confu-deps/XNNPACK/CMakeFiles/microkernels-all.dir/src/f16-vbinary/gen/f16-vaddc-neonfp16arith-u8.c.o
  [4786/5650] Building C object confu-deps/XNNPACK/CMakeFiles/microkernels-all.dir/src/f16-vbinary/gen/f16-vmax-neonfp16arith-u8.c.o
  [4787/5650] Building C object confu-deps/XNNPACK/CMakeFiles/microkernels-all.dir/src/f16-vbinary/gen/f16-vmul-neonfp16arith-u8.c.o
  [4788/5650] Building C object confu-deps/XNNPACK/CMakeFiles/microkernels-all.dir/src/f16-spmm/gen/f16-spmm-32x1-minmax-neonfp16arith-x2.c.o
  [4789/5650] Building C object confu-deps/XNNPACK/CMakeFiles/microkernels-all.dir/src/f16-vbinary/gen/f16-vprelu-neonfp16arith-u8.c.o
  [4790/5650] Building C object confu-deps/XNNPACK/CMakeFiles/microkernels-all.dir/src/f16-vbinary/gen/f16-vmaxc-neonfp16arith-u8.c.o
  [4791/5650] Building C object confu-deps/XNNPACK/CMakeFiles/microkernels-all.dir/src/f16-vbinary/gen/f16-vpreluc-neonfp16arith-u8.c.o
  [4792/5650] Building C object confu-deps/XNNPACK/CMakeFiles/microkernels-all.dir/src/f16-vbinary/gen/f16-vminc-neonfp16arith-u8.c.o
  [4793/5650] Building C object confu-deps/XNNPACK/CMakeFiles/microkernels-all.dir/src/f16-vbinary/gen/f16-vrpreluc-neonfp16arith-u8.c.o
  [4794/5650] Building C object confu-deps/XNNPACK/CMakeFiles/microkernels-all.dir/src/f16-vbinary/gen/f16-vmulc-neonfp16arith-u8.c.o
  [4795/5650] Building C object confu-deps/XNNPACK/CMakeFiles/microkernels-all.dir/src/f16-vbinary/gen/f16-vsub-neonfp16arith-u8.c.o
  [4796/5650] Building C object confu-deps/XNNPACK/CMakeFiles/microkernels-all.dir/src/f16-vbinary/gen/f16-vsubc-neonfp16arith-u8.c.o
  [4797/5650] Building C object confu-deps/XNNPACK/CMakeFiles/microkernels-all.dir/src/f16-vbinary/gen/f16-vrsubc-neonfp16arith-u8.c.o
  [4798/5650] Building C object confu-deps/XNNPACK/CMakeFiles/microkernels-all.dir/src/f16-vclamp/gen/f16-vclamp-neonfp16arith-u8.c.o
  [4799/5650] Building C object confu-deps/XNNPACK/CMakeFiles/microkernels-all.dir/src/f16-vcmul/gen/f16-vcmul-neonfp16arith-u8.c.o
  [4800/5650] Building C object confu-deps/XNNPACK/CMakeFiles/microkernels-all.dir/src/f16-vbinary/gen/f16-vsqrdiff-neonfp16arith-u8.c.o
  [4801/5650] Building C object confu-deps/XNNPACK/CMakeFiles/microkernels-all.dir/src/f16-vbinary/gen/f16-vsqrdiffc-neonfp16arith-u8.c.o
  [4802/5650] Building C object confu-deps/XNNPACK/CMakeFiles/microkernels-all.dir/src/f16-vcmul/gen/f16-vcmul-neonfp16arith-u32.c.o
  [4803/5650] Building C object confu-deps/XNNPACK/CMakeFiles/microkernels-all.dir/src/f16-vhswish/gen/f16-vhswish-neonfp16arith-u8.c.o
  [4804/5650] Building C object confu-deps/XNNPACK/CMakeFiles/microkernels-all.dir/src/f16-velu/gen/f16-velu-neonfp16arith-rr1-p3-u8.c.o
  [4805/5650] Building C object confu-deps/XNNPACK/CMakeFiles/microkernels-all.dir/src/f16-vlrelu/gen/f16-vlrelu-neonfp16arith-u8.c.o
  [4806/5650] Building C object confu-deps/XNNPACK/CMakeFiles/microkernels-all.dir/src/f16-vmulcaddc/gen/f16-vmulcaddc-c16-minmax-neonfp16arith-2x.c.o
  [4807/5650] Building C object confu-deps/XNNPACK/CMakeFiles/microkernels-all.dir/src/f16-vrnd/gen/f16-vrndne-neonfp16arith-u8.c.o
  [4808/5650] Building C object confu-deps/XNNPACK/CMakeFiles/microkernels-all.dir/src/f16-vrnd/gen/f16-vrndu-neonfp16arith-u8.c.o
  [4809/5650] Building C object confu-deps/XNNPACK/CMakeFiles/microkernels-all.dir/src/f16-vrnd/gen/f16-vrndd-neonfp16arith-u8.c.o
  [4810/5650] Building C object confu-deps/XNNPACK/CMakeFiles/microkernels-all.dir/src/f16-vrnd/gen/f16-vrndz-neonfp16arith-u8.c.o
  [4811/5650] Building C object confu-deps/XNNPACK/CMakeFiles/microkernels-all.dir/src/f16-vrsqrt/gen/f16-vrsqrt-neonfp16arith-rsqrt-u8.c.o
  [4812/5650] Building C object confu-deps/XNNPACK/CMakeFiles/microkernels-all.dir/src/f16-vsigmoid/gen/f16-vsigmoid-neonfp16arith-rr2-p2-nr1fma-u8.c.o
  [4813/5650] Building C object confu-deps/XNNPACK/CMakeFiles/microkernels-all.dir/src/f16-vsigmoid/gen/f16-vsigmoid-neonfp16arith-rr2-p2-nr1fma-u16.c.o
  [4814/5650] Building C object confu-deps/XNNPACK/CMakeFiles/microkernels-all.dir/src/f16-vrsqrt/gen/f16-vrsqrt-neonfp16arith-rsqrt-u32.c.o
  [4815/5650] Building C object confu-deps/XNNPACK/CMakeFiles/microkernels-all.dir/src/f16-vsigmoid/gen/f16-vsigmoid-neonfp16arith-rr2-p2-nr1recps-u8.c.o
  [4816/5650] Building C object confu-deps/XNNPACK/CMakeFiles/microkernels-all.dir/src/f16-vsigmoid/gen/f16-vsigmoid-neonfp16arith-rr2-p2-nr1recps-u24.c.o
  [4817/5650] Building C object confu-deps/XNNPACK/CMakeFiles/microkernels-all.dir/src/f16-vsigmoid/gen/f16-vsigmoid-neonfp16arith-rr2-p2-nr1fma-u24.c.o
  [4818/5650] Building C object confu-deps/XNNPACK/CMakeFiles/microkernels-all.dir/src/f16-vsigmoid/gen/f16-vsigmoid-neonfp16arith-rr2-p2-nr1recps-u32.c.o
  [4819/5650] Building C object confu-deps/XNNPACK/CMakeFiles/microkernels-all.dir/src/f16-vsqrt/gen/f16-vsqrt-neonfp16arith-nr1fma1adj-u16.c.o
  [4820/5650] Building C object confu-deps/XNNPACK/CMakeFiles/microkernels-all.dir/src/f16-vtanh/gen/f16-vtanh-neonfp16arith-expm1minus-rr1-p3h2ts-nr1fma-u8.c.o
  [4821/5650] Building C object confu-deps/XNNPACK/CMakeFiles/microkernels-all.dir/src/f16-vtanh/gen/f16-vtanh-neonfp16arith-expm1minus-rr1-p3h2ts-nr1recps-u16.c.o
  [4822/5650] Building C object confu-deps/XNNPACK/CMakeFiles/microkernels-all.dir/src/f16-vtanh/gen/f16-vtanh-neonfp16arith-expm1minus-rr1-p3h2ts-nr1fma-u24.c.o
  [4823/5650] Building C object confu-deps/XNNPACK/CMakeFiles/microkernels-all.dir/src/f16-vtanh/gen/f16-vtanh-neonfp16arith-expm1minus-rr1-p3h2ts-nr1recps-u24.c.o
  [4824/5650] Building C object confu-deps/XNNPACK/CMakeFiles/microkernels-all.dir/src/f16-vtanh/gen/f16-vtanh-neonfp16arith-expm1minus-rr1-p3h2ts-nr1fma-u16.c.o
  [4825/5650] Building C object confu-deps/XNNPACK/CMakeFiles/microkernels-all.dir/src/f16-vtanh/gen/f16-vtanh-neonfp16arith-expm1minus-rr1-p3h2ts-nr1recps-u8.c.o
  [4826/5650] Building C object confu-deps/XNNPACK/CMakeFiles/microkernels-all.dir/src/f16-vsqrt/gen/f16-vsqrt-neonfp16arith-nr1fma1adj-u32.c.o
  [4827/5650] Building C object confu-deps/XNNPACK/CMakeFiles/microkernels-all.dir/src/f16-vtanh/gen/f16-vtanh-neonfp16arith-expm1minus-rr1-p3h2ts-recpeadj-u8.c.o
  [4828/5650] Building C object confu-deps/XNNPACK/CMakeFiles/microkernels-all.dir/src/f16-vtanh/gen/f16-vtanh-neonfp16arith-expm1minus-rr1-p3h2ts-nr1recps-u32.c.o
  [4829/5650] Building C object confu-deps/XNNPACK/CMakeFiles/microkernels-all.dir/src/f16-vtanh/gen/f16-vtanh-neonfp16arith-expm1minus-rr1-p3h2ts-recpeadj-u16.c.o
  [4830/5650] Building C object confu-deps/XNNPACK/CMakeFiles/microkernels-all.dir/src/f16-vunary/gen/f16-vabs-neonfp16arith-u8.c.o
  [4831/5650] Building C object confu-deps/XNNPACK/CMakeFiles/microkernels-all.dir/src/f16-vunary/gen/f16-vneg-neonfp16arith-u8.c.o
  [4832/5650] Building C object confu-deps/XNNPACK/CMakeFiles/microkernels-all.dir/src/f16-vtanh/gen/f16-vtanh-neonfp16arith-expm1minus-rr1-p3h2ts-recpeadj-u32.c.o
  [4833/5650] Building C object confu-deps/XNNPACK/CMakeFiles/microkernels-all.dir/src/f16-vunary/gen/f16-vsqr-neonfp16arith-u8.c.o
  [4834/5650] Building C object confu-deps/XNNPACK/CMakeFiles/microkernels-all.dir/src/f16-vtanh/gen/f16-vtanh-neonfp16arith-expm1minus-rr1-p3h2ts-recpeadj-u24.c.o
  [4835/5650] Building C object confu-deps/XNNPACK/CMakeFiles/microkernels-all.dir/src/qd8-f16-qb4w-gemm/gen/qd8-f16-qb4w-gemm-1x16-minmax-neonfp16arith-mlal-lane-prfm.c.o
  [4836/5650] Building C object confu-deps/XNNPACK/CMakeFiles/microkernels-all.dir/src/qd8-f16-qb4w-gemm/gen/qd8-f16-qb4w-gemm-3x16-minmax-neonfp16arith-mlal-lane-prfm.c.o
  [4837/5650] Building C object confu-deps/XNNPACK/CMakeFiles/microkernels-all.dir/src/qd8-f16-qb4w-gemm/gen/qd8-f16-qb4w-gemm-2x16-minmax-neonfp16arith-mlal-lane-prfm.c.o
  [4838/5650] Building C object confu-deps/XNNPACK/CMakeFiles/microkernels-all.dir/src/qd8-f16-qb4w-gemm/gen/qd8-f16-qb4w-gemm-3x16-minmax-neonfp16arith-mlal-lane.c.o
  [4839/5650] Building C object confu-deps/XNNPACK/CMakeFiles/microkernels-all.dir/src/qd8-f16-qb4w-gemm/gen/qd8-f16-qb4w-gemm-2x16-minmax-neonfp16arith-mlal-lane.c.o
  [4840/5650] Building C object confu-deps/XNNPACK/CMakeFiles/microkernels-all.dir/src/qd8-f16-qc4w-gemm/gen/qd8-f16-qc4w-gemm-1x16-minmax-neonfp16arith-mlal-lane-prfm.c.o
  [4841/5650] Building C object confu-deps/XNNPACK/CMakeFiles/microkernels-all.dir/src/qd8-f16-qb4w-gemm/gen/qd8-f16-qb4w-gemm-4x16-minmax-neonfp16arith-mlal-lane-prfm.c.o
  [4842/5650] Building C object confu-deps/XNNPACK/CMakeFiles/microkernels-all.dir/src/qd8-f16-qc4w-gemm/gen/qd8-f16-qc4w-gemm-2x16-minmax-neonfp16arith-mlal-lane-prfm.c.o
  [4843/5650] Building C object confu-deps/XNNPACK/CMakeFiles/microkernels-all.dir/src/qd8-f16-qc4w-gemm/gen/qd8-f16-qc4w-gemm-2x16-minmax-neonfp16arith-mlal-lane.c.o
  [4844/5650] Building C object confu-deps/XNNPACK/CMakeFiles/microkernels-all.dir/src/qd8-f16-qb4w-gemm/gen/qd8-f16-qb4w-gemm-4x16-minmax-neonfp16arith-mlal-lane.c.o
  [4845/5650] Building C object confu-deps/XNNPACK/CMakeFiles/microkernels-all.dir/src/qs8-f16-vcvt/gen/qs8-f16-vcvt-neonfp16arith-u8.c.o
  [4846/5650] Building C object confu-deps/XNNPACK/CMakeFiles/microkernels-all.dir/src/qd8-f16-qc4w-gemm/gen/qd8-f16-qc4w-gemm-3x16-minmax-neonfp16arith-mlal-lane-prfm.c.o
  [4847/5650] Building C object confu-deps/XNNPACK/CMakeFiles/microkernels-all.dir/src/qd8-f16-qb4w-gemm/gen/qd8-f16-qb4w-gemm-6x16-minmax-neonfp16arith-mlal-lane-prfm.c.o
  [4848/5650] Building C object confu-deps/XNNPACK/CMakeFiles/microkernels-all.dir/src/qd8-f16-qc4w-gemm/gen/qd8-f16-qc4w-gemm-4x16-minmax-neonfp16arith-mlal-lane-prfm.c.o
  [4849/5650] Building C object confu-deps/XNNPACK/CMakeFiles/microkernels-all.dir/src/qs8-f16-vcvt/gen/qs8-f16-vcvt-neonfp16arith-u16.c.o
  [4850/5650] Building C object confu-deps/XNNPACK/CMakeFiles/microkernels-all.dir/src/qs8-f16-vcvt/gen/qs8-f16-vcvt-neonfp16arith-u24.c.o
  [4851/5650] Building C object confu-deps/XNNPACK/CMakeFiles/microkernels-all.dir/src/qd8-f16-qc4w-gemm/gen/qd8-f16-qc4w-gemm-4x16-minmax-neonfp16arith-mlal-lane.c.o
  [4852/5650] Building C object confu-deps/XNNPACK/CMakeFiles/microkernels-all.dir/src/qd8-f16-qc4w-gemm/gen/qd8-f16-qc4w-gemm-6x16-minmax-neonfp16arith-mlal-lane-prfm.c.o
  [4853/5650] Building C object confu-deps/XNNPACK/CMakeFiles/microkernels-all.dir/src/f16-vbinary/gen/f16-vdivc-aarch64-neonfp16arith-u16.c.o
  [4854/5650] Building C object confu-deps/XNNPACK/CMakeFiles/microkernels-all.dir/src/f16-vbinary/gen/f16-vrdivc-aarch64-neonfp16arith-u16.c.o
  [4855/5650] Building C object confu-deps/XNNPACK/CMakeFiles/microkernels-all.dir/src/f16-vbinary/gen/f16-vdiv-aarch64-neonfp16arith-u16.c.o
  [4856/5650] Building C object confu-deps/XNNPACK/CMakeFiles/microkernels-all.dir/src/f16-vsigmoid/gen/f16-vsigmoid-aarch64-neonfp16arith-rr2-p2-div-u16.c.o
  [4857/5650] Building C object confu-deps/XNNPACK/CMakeFiles/microkernels-all.dir/src/f16-vsigmoid/gen/f16-vsigmoid-aarch64-neonfp16arith-rr2-p2-div-u24.c.o
  [4858/5650] Building C object confu-deps/XNNPACK/CMakeFiles/microkernels-all.dir/src/qd8-f16-qc4w-gemm/gen/qd8-f16-qc4w-gemm-3x16-minmax-neonfp16arith-mlal-lane.c.o
  [4859/5650] Building C object confu-deps/XNNPACK/CMakeFiles/microkernels-all.dir/src/f16-vsqrt/gen/f16-vsqrt-aarch64-neonfp16arith-sqrt-u16.c.o
  [4860/5650] Building C object confu-deps/XNNPACK/CMakeFiles/microkernels-all.dir/src/f16-vsqrt/gen/f16-vsqrt-aarch64-neonfp16arith-sqrt-u32.c.o
  [4861/5650] Building C object confu-deps/XNNPACK/CMakeFiles/microkernels-all.dir/src/f16-vsigmoid/gen/f16-vsigmoid-aarch64-neonfp16arith-rr2-p2-div-u32.c.o
  [4862/5650] Building C object confu-deps/XNNPACK/CMakeFiles/microkernels-all.dir/src/f16-vtanh/gen/f16-vtanh-aarch64-neonfp16arith-expm1minus-rr1-p3h2ts-div-u16.c.o
  [4863/5650] Building C object confu-deps/XNNPACK/CMakeFiles/microkernels-all.dir/src/f16-vtanh/gen/f16-vtanh-aarch64-neonfp16arith-expm1minus-rr1-p3h2ts-div-u8.c.o
  [4864/5650] Building C object confu-deps/XNNPACK/CMakeFiles/microkernels-all.dir/src/f16-vsigmoid/gen/f16-vsigmoid-aarch64-neonfp16arith-rr2-p2-div-u8.c.o
  [4865/5650] Building C object confu-deps/XNNPACK/CMakeFiles/microkernels-all.dir/src/qd8-f32-qb4w-gemm/gen/qd8-f32-qb4w-gemm-1x8c4-minmax-neondot.c.o
  [4866/5650] Building C object confu-deps/XNNPACK/CMakeFiles/microkernels-all.dir/src/qd8-f32-qb4w-gemm/gen/qd8-f32-qb4w-gemm-2x16c4-minmax-neondot.c.o
  [4867/5650] Building C object confu-deps/XNNPACK/CMakeFiles/microkernels-all.dir/src/f16-vtanh/gen/f16-vtanh-aarch64-neonfp16arith-expm1minus-rr1-p3h2ts-div-u24.c.o
  [4868/5650] Building C object confu-deps/XNNPACK/CMakeFiles/microkernels-all.dir/src/qd8-f32-qb4w-gemm/gen/qd8-f32-qb4w-gemm-3x8c4-minmax-neondot.c.o
  [4869/5650] Building C object confu-deps/XNNPACK/CMakeFiles/microkernels-all.dir/src/qd8-f32-qb4w-gemm/gen/qd8-f32-qb4w-gemm-2x8c4-minmax-neondot.c.o
  [4870/5650] Building C object confu-deps/XNNPACK/CMakeFiles/microkernels-all.dir/src/qd8-f32-qb4w-gemm/gen/qd8-f32-qb4w-gemm-4x8c4-minmax-neondot.c.o
  [4871/5650] Building C object confu-deps/XNNPACK/CMakeFiles/microkernels-all.dir/src/qd8-f32-qb4w-gemm/gen/qd8-f32-qb4w-gemm-3x16c4-minmax-neondot.c.o
  [4872/5650] Building C object confu-deps/XNNPACK/CMakeFiles/microkernels-all.dir/src/qd8-f32-qb4w-gemm/gen/qd8-f32-qb4w-gemm-5x8c4-minmax-neondot.c.o
  [4873/5650] Building C object confu-deps/XNNPACK/CMakeFiles/microkernels-all.dir/src/qd8-f32-qb4w-gemm/gen/qd8-f32-qb4w-gemm-5x16c4-minmax-neondot.c.o
  [4874/5650] Building C object confu-deps/XNNPACK/CMakeFiles/microkernels-all.dir/src/qd8-f32-qc4w-gemm/gen/qd8-f32-qc4w-gemm-1x8c4-minmax-neondot.c.o
  [4875/5650] Building C object confu-deps/XNNPACK/CMakeFiles/microkernels-all.dir/src/qd8-f32-qb4w-gemm/gen/qd8-f32-qb4w-gemm-6x8c4-minmax-neondot.c.o
  [4876/5650] Building C object confu-deps/XNNPACK/CMakeFiles/microkernels-all.dir/src/qd8-f32-qc4w-gemm/gen/qd8-f32-qc4w-gemm-2x8c4-minmax-neondot.c.o
  [4877/5650] Building C object confu-deps/XNNPACK/CMakeFiles/microkernels-all.dir/src/qd8-f32-qc4w-gemm/gen/qd8-f32-qc4w-gemm-3x16c4-minmax-neondot.c.o
  [4878/5650] Building C object confu-deps/XNNPACK/CMakeFiles/microkernels-all.dir/src/qd8-f32-qb4w-gemm/gen/qd8-f32-qb4w-gemm-6x16c4-minmax-neondot.c.o
  [4879/5650] Building C object confu-deps/XNNPACK/CMakeFiles/microkernels-all.dir/src/qd8-f32-qc4w-gemm/gen/qd8-f32-qc4w-gemm-4x8c4-minmax-neondot.c.o
  [4880/5650] Building C object confu-deps/XNNPACK/CMakeFiles/microkernels-all.dir/src/qd8-f32-qc4w-gemm/gen/qd8-f32-qc4w-gemm-2x16c4-minmax-neondot.c.o
  [4881/5650] Building C object confu-deps/XNNPACK/CMakeFiles/microkernels-all.dir/src/qd8-f32-qc4w-gemm/gen/qd8-f32-qc4w-gemm-6x8c4-minmax-neondot.c.o
  [4882/5650] Building C object confu-deps/XNNPACK/CMakeFiles/microkernels-all.dir/src/qd8-f32-qc8w-gemm/gen/qd8-f32-qc8w-gemm-1x8c8-minmax-neondot-ld64.c.o
  [4883/5650] Building C object confu-deps/XNNPACK/CMakeFiles/microkernels-all.dir/src/qd8-f32-qc4w-gemm/gen/qd8-f32-qc4w-gemm-6x16c4-minmax-neondot.c.o
  [4884/5650] Building C object confu-deps/XNNPACK/CMakeFiles/microkernels-all.dir/src/qd8-f32-qc8w-gemm/gen/qd8-f32-qc8w-gemm-1x16c8-minmax-neondot-ld64.c.o
  [4885/5650] Building C object confu-deps/XNNPACK/CMakeFiles/microkernels-all.dir/src/qd8-f32-qc8w-gemm/gen/qd8-f32-qc8w-gemm-2x8c4-minmax-neondot.c.o
  [4886/5650] Building C object confu-deps/XNNPACK/CMakeFiles/microkernels-all.dir/src/qd8-f32-qc8w-gemm/gen/qd8-f32-qc8w-gemm-5x8c4-minmax-neondot.c.o
  [4887/5650] Building C object confu-deps/XNNPACK/CMakeFiles/microkernels-all.dir/src/qd8-f32-qc8w-gemm/gen/qd8-f32-qc8w-gemm-3x16c4-minmax-neondot.c.o
  [4888/5650] Building C object confu-deps/XNNPACK/CMakeFiles/microkernels-all.dir/src/qd8-f32-qc8w-gemm/gen/qd8-f32-qc8w-gemm-3x8c4-minmax-neondot.c.o
  [4889/5650] Building C object confu-deps/XNNPACK/CMakeFiles/microkernels-all.dir/src/qd8-f32-qc8w-gemm/gen/qd8-f32-qc8w-gemm-2x16c4-minmax-neondot.c.o
  [4890/5650] Building C object confu-deps/XNNPACK/CMakeFiles/microkernels-all.dir/src/qd8-f32-qc8w-igemm/gen/qd8-f32-qc8w-igemm-1x16c8-minmax-neondot-ld64.c.o
  [4891/5650] Building C object confu-deps/XNNPACK/CMakeFiles/microkernels-all.dir/src/qd8-f32-qc8w-igemm/gen/qd8-f32-qc8w-igemm-1x32c4-minmax-neondot.c.o
  [4892/5650] Building C object confu-deps/XNNPACK/CMakeFiles/microkernels-all.dir/src/qd8-f32-qc8w-gemm/gen/qd8-f32-qc8w-gemm-6x8c4-minmax-neondot.c.o
  [4893/5650] Building C object confu-deps/XNNPACK/CMakeFiles/microkernels-all.dir/src/qd8-f32-qc8w-igemm/gen/qd8-f32-qc8w-igemm-1x8c8-minmax-neondot-ld64.c.o
  [4894/5650] Building C object confu-deps/XNNPACK/CMakeFiles/microkernels-all.dir/src/qd8-f32-qc8w-igemm/gen/qd8-f32-qc8w-igemm-2x8c4-minmax-neondot.c.o
  [4895/5650] Building C object confu-deps/XNNPACK/CMakeFiles/microkernels-all.dir/src/qd8-f32-qc8w-gemm/gen/qd8-f32-qc8w-gemm-5x16c4-minmax-neondot.c.o
  [4896/5650] Building C object confu-deps/XNNPACK/CMakeFiles/microkernels-all.dir/src/qd8-f32-qc8w-igemm/gen/qd8-f32-qc8w-igemm-2x16c4-minmax-neondot.c.o
  [4897/5650] Building C object confu-deps/XNNPACK/CMakeFiles/microkernels-all.dir/src/qd8-f32-qc8w-gemm/gen/qd8-f32-qc8w-gemm-6x16c4-minmax-neondot.c.o
  [4898/5650] Building C object confu-deps/XNNPACK/CMakeFiles/microkernels-all.dir/src/qd8-f32-qc8w-igemm/gen/qd8-f32-qc8w-igemm-2x32c4-minmax-neondot.c.o
  [4899/5650] Building C object confu-deps/XNNPACK/CMakeFiles/microkernels-all.dir/src/qd8-f32-qc8w-igemm/gen/qd8-f32-qc8w-igemm-6x8c4-minmax-neondot.c.o
  [4900/5650] Building C object confu-deps/XNNPACK/CMakeFiles/microkernels-all.dir/src/qs8-qc8w-gemm/gen/qs8-qc8w-gemm-1x8c8-minmax-fp32-neondot-ld64.c.o
  [4901/5650] Building C object confu-deps/XNNPACK/CMakeFiles/microkernels-all.dir/src/qd8-f32-qc8w-igemm/gen/qd8-f32-qc8w-igemm-8x8c4-minmax-neondot.c.o
  [4902/5650] Building C object confu-deps/XNNPACK/CMakeFiles/microkernels-all.dir/src/qd8-f32-qc8w-igemm/gen/qd8-f32-qc8w-igemm-6x16c4-minmax-neondot.c.o
  [4903/5650] Building C object confu-deps/XNNPACK/CMakeFiles/microkernels-all.dir/src/qs8-qc8w-gemm/gen/qs8-qc8w-gemm-6x8c4-minmax-fp32-neondot.c.o
  [4904/5650] Building C object confu-deps/XNNPACK/CMakeFiles/microkernels-all.dir/src/qd8-f32-qc8w-igemm/gen/qd8-f32-qc8w-igemm-6x32c4-minmax-neondot.c.o
  [4905/5650] Building C object confu-deps/XNNPACK/CMakeFiles/microkernels-all.dir/src/qs8-qc8w-gemm/gen/qs8-qc8w-gemm-1x16c8-minmax-fp32-neondot-ld64.c.o
  [4906/5650] Building C object confu-deps/XNNPACK/CMakeFiles/microkernels-all.dir/src/qd8-f32-qc8w-igemm/gen/qd8-f32-qc8w-igemm-4x32c4-minmax-neondot.c.o
  [4907/5650] Building C object confu-deps/XNNPACK/CMakeFiles/microkernels-all.dir/src/qs8-qc8w-gemm/gen/qs8-qc8w-gemm-6x16c4-minmax-fp32-neondot.c.o
  [4908/5650] Building C object confu-deps/XNNPACK/CMakeFiles/microkernels-all.dir/src/qs8-qc8w-gemm/gen/qs8-qc8w-gemm-8x8c4-minmax-fp32-neondot.c.o
  [4909/5650] Building C object confu-deps/XNNPACK/CMakeFiles/microkernels-all.dir/src/qs8-qc8w-gemm/gen/qs8-qc8w-gemm-8x16c4-minmax-fp32-neondot.c.o
  [4910/5650] Building C object confu-deps/XNNPACK/CMakeFiles/microkernels-all.dir/src/qd8-f32-qc8w-igemm/gen/qd8-f32-qc8w-igemm-8x32c4-minmax-neondot.c.o
  [4911/5650] Building C object confu-deps/XNNPACK/CMakeFiles/microkernels-all.dir/src/qs8-qc8w-igemm/gen/qs8-qc8w-igemm-1x16c8-minmax-fp32-neondot-ld64.c.o
  [4912/5650] Building C object confu-deps/XNNPACK/CMakeFiles/microkernels-all.dir/src/qs8-qc8w-igemm/gen/qs8-qc8w-igemm-6x8c4-minmax-fp32-neondot.c.o
  [4913/5650] Building C object confu-deps/XNNPACK/CMakeFiles/microkernels-all.dir/src/qs8-rsum/gen/qs8-rsum-neondot-u16.c.o
  [4914/5650] Building C object confu-deps/XNNPACK/CMakeFiles/microkernels-all.dir/src/qd8-f32-qc8w-igemm/gen/qd8-f32-qc8w-igemm-8x16c4-minmax-neondot.c.o
  [4915/5650] Building C object confu-deps/XNNPACK/CMakeFiles/microkernels-all.dir/src/qs8-qc8w-igemm/gen/qs8-qc8w-igemm-1x8c8-minmax-fp32-neondot-ld64.c.o
  [4916/5650] Building C object confu-deps/XNNPACK/CMakeFiles/microkernels-all.dir/src/qs8-qc8w-igemm/gen/qs8-qc8w-igemm-6x16c4-minmax-fp32-neondot.c.o
  [4917/5650] Building C object confu-deps/XNNPACK/CMakeFiles/microkernels-all.dir/src/qs8-rsum/gen/qs8-rsum-neondot-u64-acc2.c.o
  [4918/5650] Building C object confu-deps/XNNPACK/CMakeFiles/microkernels-all.dir/src/qs8-qc8w-igemm/gen/qs8-qc8w-igemm-8x16c4-minmax-fp32-neondot.c.o
  [4919/5650] Building C object confu-deps/XNNPACK/CMakeFiles/microkernels-all.dir/src/qs8-rsum/gen/qs8-rsum-neondot-u64-acc4.c.o
  [4920/5650] Building C object confu-deps/XNNPACK/CMakeFiles/microkernels-all.dir/src/qp8-f32-qc4w-gemm/qp8-f32-qc4w-gemm-minmax-1x4c16s2-aarch64-neondot.c.o
  [4921/5650] Building C object confu-deps/XNNPACK/CMakeFiles/microkernels-all.dir/src/qs8-qc8w-igemm/gen/qs8-qc8w-igemm-8x8c4-minmax-fp32-neondot.c.o
  [4922/5650] Building ASM object confu-deps/XNNPACK/CMakeFiles/microkernels-all.dir/src/f16-gemm/gen/f16-gemm-1x8-minmax-asm-aarch64-neonfp16arith-ld64.S.o
  [4923/5650] Building ASM object confu-deps/XNNPACK/CMakeFiles/microkernels-all.dir/src/f16-gemm/gen/f16-gemm-1x16-minmax-asm-aarch64-neonfp16arith-ld32.S.o
  [4924/5650] Building ASM object confu-deps/XNNPACK/CMakeFiles/microkernels-all.dir/src/f16-gemm/gen/f16-gemm-4x16-minmax-asm-aarch64-neonfp16arith-ld32.S.o
  [4925/5650] Building ASM object confu-deps/XNNPACK/CMakeFiles/microkernels-all.dir/src/f16-gemm/gen/f16-gemm-4x8-minmax-asm-aarch64-neonfp16arith-ld64.S.o
  [4926/5650] Building C object confu-deps/XNNPACK/CMakeFiles/microkernels-all.dir/src/qd8-f32-qc8w-igemm/gen/qd8-f32-qc8w-igemm-1x16c8-minmax-aarch64-neondot-ld128.c.o
  [4927/5650] Building C object confu-deps/XNNPACK/CMakeFiles/microkernels-all.dir/src/qd8-f32-qc8w-gemm/gen/qd8-f32-qc8w-gemm-1x8c8-minmax-aarch64-neondot-ld128.c.o
  [4928/5650] Building C object confu-deps/XNNPACK/CMakeFiles/microkernels-all.dir/src/qd8-f32-qc8w-igemm/gen/qd8-f32-qc8w-igemm-1x8c8-minmax-aarch64-neondot-ld128.c.o
  [4929/5650] Building C object confu-deps/XNNPACK/CMakeFiles/microkernels-all.dir/src/qd8-f32-qc8w-gemm/gen/qd8-f32-qc8w-gemm-1x16c8-minmax-aarch64-neondot-ld128.c.o
  [4930/5650] Building ASM object confu-deps/XNNPACK/CMakeFiles/microkernels-all.dir/src/f16-gemm/gen/f16-gemm-6x8-minmax-asm-aarch64-neonfp16arith-ld64.S.o
  [4931/5650] Building C object confu-deps/XNNPACK/CMakeFiles/microkernels-all.dir/src/qs8-qc8w-gemm/gen/qs8-qc8w-gemm-1x8c8-minmax-fp32-aarch64-neondot-ld128.c.o
  [4932/5650] Building ASM object confu-deps/XNNPACK/CMakeFiles/microkernels-all.dir/src/f16-gemm/gen/f16-gemm-8x8-minmax-asm-aarch64-neonfp16arith-ld64.S.o
  [4933/5650] Building ASM object confu-deps/XNNPACK/CMakeFiles/microkernels-all.dir/src/f16-gemm/gen/f16-gemminc-1x8-minmax-asm-aarch64-neonfp16arith-ld64.S.o
  [4934/5650] Building ASM object confu-deps/XNNPACK/CMakeFiles/microkernels-all.dir/src/f16-gemm/gen/f16-gemm-6x16-minmax-asm-aarch64-neonfp16arith-ld32.S.o
  [4935/5650] Building C object confu-deps/XNNPACK/CMakeFiles/microkernels-all.dir/src/qs8-qc8w-igemm/gen/qs8-qc8w-igemm-1x8c8-minmax-fp32-aarch64-neondot-ld128.c.o
  [4936/5650] Building C object confu-deps/XNNPACK/CMakeFiles/microkernels-all.dir/src/qs8-qc8w-gemm/gen/qs8-qc8w-gemm-1x16c8-minmax-fp32-aarch64-neondot-ld128.c.o
  [4937/5650] Building C object confu-deps/XNNPACK/CMakeFiles/microkernels-all.dir/src/qs8-qc8w-igemm/gen/qs8-qc8w-igemm-1x16c8-minmax-fp32-aarch64-neondot-ld128.c.o
  [4938/5650] Building ASM object confu-deps/XNNPACK/CMakeFiles/microkernels-all.dir/src/f16-gemm/gen/f16-gemminc-1x16-minmax-asm-aarch64-neonfp16arith-ld32.S.o
  [4939/5650] Building ASM object confu-deps/XNNPACK/CMakeFiles/microkernels-all.dir/src/f16-gemm/gen/f16-gemminc-4x8-minmax-asm-aarch64-neonfp16arith-ld64.S.o
  [4940/5650] Building ASM object confu-deps/XNNPACK/CMakeFiles/microkernels-all.dir/src/f16-gemm/gen/f16-gemminc-4x16-minmax-asm-aarch64-neonfp16arith-ld32.S.o
  [4941/5650] Building ASM object confu-deps/XNNPACK/CMakeFiles/microkernels-all.dir/src/f16-gemm/gen/f16-gemminc-6x8-minmax-asm-aarch64-neonfp16arith-ld64.S.o
  [4942/5650] Building ASM object confu-deps/XNNPACK/CMakeFiles/microkernels-all.dir/src/f16-gemm/gen/f16-gemminc-6x16-minmax-asm-aarch64-neonfp16arith-cortex-a55.S.o
  [4943/5650] Building ASM object confu-deps/XNNPACK/CMakeFiles/microkernels-all.dir/src/f16-gemm/gen/f16-gemminc-6x16-minmax-asm-aarch64-neonfp16arith-cortex-a75.S.o
  [4944/5650] Building ASM object confu-deps/XNNPACK/CMakeFiles/microkernels-all.dir/src/f16-gemm/gen/f16-gemminc-6x16-minmax-asm-aarch64-neonfp16arith-ld32.S.o
  [4945/5650] Building ASM object confu-deps/XNNPACK/CMakeFiles/microkernels-all.dir/src/f16-gemm/gen/f16-gemminc-8x8-minmax-asm-aarch64-neonfp16arith-ld64.S.o
  [4946/5650] Building ASM object confu-deps/XNNPACK/CMakeFiles/microkernels-all.dir/src/f16-igemm/f16-igemm-1x16-minmax-asm-aarch64-neonfp16arith-ld32.S.o
  [4947/5650] Building ASM object confu-deps/XNNPACK/CMakeFiles/microkernels-all.dir/src/f16-igemm/f16-igemm-4x16-minmax-asm-aarch64-neonfp16arith-ld32.S.o
  [4948/5650] Building ASM object confu-deps/XNNPACK/CMakeFiles/microkernels-all.dir/src/f16-igemm/f16-igemm-6x16-minmax-asm-aarch64-neonfp16arith-ld32.S.o
  [4949/5650] Building ASM object confu-deps/XNNPACK/CMakeFiles/microkernels-all.dir/src/f32-gemm/gen/f32-gemm-1x8-minmax-asm-aarch64-neon-ld128-acc2.S.o
  [4950/5650] Building ASM object confu-deps/XNNPACK/CMakeFiles/microkernels-all.dir/src/f32-dwconv/f32-dwconv-9p4c-minmax-asm-aarch64-neonfma.S.o
  [4951/5650] Building ASM object confu-deps/XNNPACK/CMakeFiles/microkernels-all.dir/src/f32-gemm/gen/f32-gemm-1x8-minmax-asm-aarch64-neon-ld128-acc2-prfm.S.o
  [4952/5650] Building ASM object confu-deps/XNNPACK/CMakeFiles/microkernels-all.dir/src/f32-gemm/gen/f32-gemm-1x8-minmax-asm-aarch64-neonfma-ld64-acc2-prfm.S.o
  [4953/5650] Building ASM object confu-deps/XNNPACK/CMakeFiles/microkernels-all.dir/src/f32-gemm/gen/f32-gemm-1x8-minmax-asm-aarch64-neonfma-ld64-acc2.S.o
  [4954/5650] Building ASM object confu-deps/XNNPACK/CMakeFiles/microkernels-all.dir/src/f32-gemm/gen/f32-gemm-1x8-minmax-asm-aarch64-neonfma-ld64-prfm.S.o
  [4955/5650] Building ASM object confu-deps/XNNPACK/CMakeFiles/microkernels-all.dir/src/f32-gemm/gen/f32-gemm-1x8-minmax-asm-aarch64-neonfma-ld64-acc4-prfm.S.o
  [4956/5650] Building ASM object confu-deps/XNNPACK/CMakeFiles/microkernels-all.dir/src/f32-gemm/gen/f32-gemm-1x8-minmax-asm-aarch64-neonfma-ld64.S.o
  [4957/5650] Building ASM object confu-deps/XNNPACK/CMakeFiles/microkernels-all.dir/src/f32-gemm/gen/f32-gemm-1x8-minmax-asm-aarch64-neonfma-ld64-acc4.S.o
  [4958/5650] Building ASM object confu-deps/XNNPACK/CMakeFiles/microkernels-all.dir/src/f32-gemm/gen/f32-gemm-1x8-minmax-asm-aarch64-neonfma-ld128-acc2-prfm.S.o
  [4959/5650] Building ASM object confu-deps/XNNPACK/CMakeFiles/microkernels-all.dir/src/f32-gemm/gen/f32-gemm-1x8-minmax-asm-aarch64-neonfma-ld128-acc4-prfm.S.o
  [4960/5650] Building ASM object confu-deps/XNNPACK/CMakeFiles/microkernels-all.dir/src/f32-gemm/gen/f32-gemm-1x8-minmax-asm-aarch64-neonfma-ld128-prfm.S.o
  [4961/5650] Building ASM object confu-deps/XNNPACK/CMakeFiles/microkernels-all.dir/src/f32-gemm/gen/f32-gemm-1x8-minmax-asm-aarch64-neonfma-ld128.S.o
  [4962/5650] Building ASM object confu-deps/XNNPACK/CMakeFiles/microkernels-all.dir/src/f32-gemm/gen/f32-gemm-1x12-minmax-asm-aarch64-neonfma-cortex-a53.S.o
  [4963/5650] Building ASM object confu-deps/XNNPACK/CMakeFiles/microkernels-all.dir/src/f32-gemm/gen/f32-gemm-4x1-minmax-asm-aarch64-neonfma-ld64.S.o
  [4964/5650] Building ASM object confu-deps/XNNPACK/CMakeFiles/microkernels-all.dir/src/f32-gemm/gen/f32-gemm-4x1-minmax-asm-aarch64-neonfma-ld128.S.o
  [4965/5650] Building ASM object confu-deps/XNNPACK/CMakeFiles/microkernels-all.dir/src/f32-gemm/gen/f32-gemm-4x2-minmax-asm-aarch64-neonfma-cortex-a75-prfm.S.o
  [4966/5650] Building ASM object confu-deps/XNNPACK/CMakeFiles/microkernels-all.dir/src/f32-gemm/gen/f32-gemm-4x2-minmax-asm-aarch64-neonfma-cortex-a75.S.o
  [4967/5650] Building ASM object confu-deps/XNNPACK/CMakeFiles/microkernels-all.dir/src/f32-gemm/gen/f32-gemm-4x12-minmax-asm-aarch64-neonfma-cortex-a53.S.o
  [4968/5650] Building ASM object confu-deps/XNNPACK/CMakeFiles/microkernels-all.dir/src/f32-gemm/gen/f32-gemm-4x8-minmax-asm-aarch64-neonfma-ld64.S.o
  [4969/5650] Building ASM object confu-deps/XNNPACK/CMakeFiles/microkernels-all.dir/src/f32-gemm/gen/f32-gemm-4x2-minmax-asm-aarch64-neonfma-ld64.S.o
  [4970/5650] Building ASM object confu-deps/XNNPACK/CMakeFiles/microkernels-all.dir/src/f32-gemm/gen/f32-gemm-5x8-minmax-asm-aarch64-neonfma-cortex-a75-prfm.S.o
  [4971/5650] Building ASM object confu-deps/XNNPACK/CMakeFiles/microkernels-all.dir/src/f32-gemm/gen/f32-gemm-5x8-minmax-asm-aarch64-neonfma-cortex-a75.S.o
  [4972/5650] Building ASM object confu-deps/XNNPACK/CMakeFiles/microkernels-all.dir/src/f32-gemm/gen/f32-gemm-6x8-minmax-asm-aarch64-neonfma-cortex-a75.S.o
  [4973/5650] Building ASM object confu-deps/XNNPACK/CMakeFiles/microkernels-all.dir/src/f32-gemm/gen/f32-gemm-6x8-minmax-asm-aarch64-neonfma-ld64.S.o
  [4974/5650] Building ASM object confu-deps/XNNPACK/CMakeFiles/microkernels-all.dir/src/f32-gemm/gen/f32-gemm-goi-1x8-minmax-asm-aarch64-neonfma-ld128.S.o
  [4975/5650] Building ASM object confu-deps/XNNPACK/CMakeFiles/microkernels-all.dir/src/f32-gemm/gen/f32-gemm-goi-1x8-minmax-asm-aarch64-neonfma-ld128-prfm.S.o
  [4976/5650] Building ASM object confu-deps/XNNPACK/CMakeFiles/microkernels-all.dir/src/f32-gemm/gen/f32-gemm-goi-4x8-minmax-asm-aarch64-neonfma-ld128.S.o
  [4977/5650] Building ASM object confu-deps/XNNPACK/CMakeFiles/microkernels-all.dir/src/f32-gemminc/gen/f32-gemminc-1x8-minmax-asm-aarch64-neonfma-cortex-a53.S.o
  [4978/5650] Building ASM object confu-deps/XNNPACK/CMakeFiles/microkernels-all.dir/src/f32-gemminc/gen/f32-gemminc-1x8-minmax-asm-aarch64-neonfma-cortex-a75-prfm.S.o
  [4979/5650] Building ASM object confu-deps/XNNPACK/CMakeFiles/microkernels-all.dir/src/f32-gemminc/gen/f32-gemminc-1x8-minmax-asm-aarch64-neonfma-ld64.S.o
  [4980/5650] Building ASM object confu-deps/XNNPACK/CMakeFiles/microkernels-all.dir/src/f32-gemminc/gen/f32-gemminc-1x8-minmax-asm-aarch64-neonfma-cortex-a75.S.o
  [4981/5650] Building ASM object confu-deps/XNNPACK/CMakeFiles/microkernels-all.dir/src/f32-gemminc/gen/f32-gemminc-4x8-minmax-asm-aarch64-neonfma-cortex-a53.S.o
  [4982/5650] Building ASM object confu-deps/XNNPACK/CMakeFiles/microkernels-all.dir/src/f32-gemminc/gen/f32-gemminc-1x12-minmax-asm-aarch64-neonfma-cortex-a53.S.o
  [4983/5650] Building ASM object confu-deps/XNNPACK/CMakeFiles/microkernels-all.dir/src/f32-gemminc/gen/f32-gemminc-4x8-minmax-asm-aarch64-neonfma-cortex-a55.S.o
  [4984/5650] Building ASM object confu-deps/XNNPACK/CMakeFiles/microkernels-all.dir/src/f32-gemminc/gen/f32-gemminc-4x8-minmax-asm-aarch64-neonfma-ld64.S.o
  [4985/5650] Building ASM object confu-deps/XNNPACK/CMakeFiles/microkernels-all.dir/src/f32-gemminc/gen/f32-gemminc-4x8-minmax-asm-aarch64-neonfma-cortex-a75-prfm.S.o
  [4986/5650] Building ASM object confu-deps/XNNPACK/CMakeFiles/microkernels-all.dir/src/f32-gemminc/gen/f32-gemminc-4x8-minmax-asm-aarch64-neonfma-cortex-a75.S.o
  [4987/5650] Building ASM object confu-deps/XNNPACK/CMakeFiles/microkernels-all.dir/src/f32-gemminc/gen/f32-gemminc-4x8-minmax-asm-aarch64-neonfma-ld128.S.o
  [4988/5650] Building ASM object confu-deps/XNNPACK/CMakeFiles/microkernels-all.dir/src/f32-gemminc/gen/f32-gemminc-4x12-minmax-asm-aarch64-neonfma-cortex-a53.S.o
  [4989/5650] Building ASM object confu-deps/XNNPACK/CMakeFiles/microkernels-all.dir/src/f32-gemminc/gen/f32-gemminc-5x8-minmax-asm-aarch64-neonfma-cortex-a75.S.o
  [4990/5650] Building ASM object confu-deps/XNNPACK/CMakeFiles/microkernels-all.dir/src/f32-gemminc/gen/f32-gemminc-5x8-minmax-asm-aarch64-neonfma-cortex-a75-prfm.S.o
  [4991/5650] Building ASM object confu-deps/XNNPACK/CMakeFiles/microkernels-all.dir/src/f32-gemminc/gen/f32-gemminc-6x8-minmax-asm-aarch64-neonfma-cortex-a73.S.o
  [4992/5650] Building ASM object confu-deps/XNNPACK/CMakeFiles/microkernels-all.dir/src/f32-gemminc/gen/f32-gemminc-6x8-minmax-asm-aarch64-neonfma-cortex-a53.S.o
  [4993/5650] Building ASM object confu-deps/XNNPACK/CMakeFiles/microkernels-all.dir/src/f32-gemminc/gen/f32-gemminc-6x8-minmax-asm-aarch64-neonfma-cortex-a55.S.o
  [4994/5650] Building ASM object confu-deps/XNNPACK/CMakeFiles/microkernels-all.dir/src/f32-gemminc/gen/f32-gemminc-6x8-minmax-asm-aarch64-neonfma-cortex-a75-prfm.S.o
  [4995/5650] Building ASM object confu-deps/XNNPACK/CMakeFiles/microkernels-all.dir/src/f32-gemminc/gen/f32-gemminc-6x8-minmax-asm-aarch64-neonfma-cortex-a75.S.o
  [4996/5650] Building ASM object confu-deps/XNNPACK/CMakeFiles/microkernels-all.dir/src/f32-gemminc/gen/f32-gemminc-6x8-minmax-asm-aarch64-neonfma-ld64.S.o
  [4997/5650] Building ASM object confu-deps/XNNPACK/CMakeFiles/microkernels-all.dir/src/f32-igemm/f32-igemm-4x12-minmax-asm-aarch64-neonfma-cortex-a53.S.o
  [4998/5650] Building ASM object confu-deps/XNNPACK/CMakeFiles/microkernels-all.dir/src/f32-gemminc/gen/f32-gemminc-6x8-minmax-asm-aarch64-neonfma-ld128.S.o
  [4999/5650] Building ASM object confu-deps/XNNPACK/CMakeFiles/microkernels-all.dir/src/f32-igemm/f32-igemm-1x12-minmax-asm-aarch64-neonfma-cortex-a53.S.o
  [5000/5650] Building ASM object confu-deps/XNNPACK/CMakeFiles/microkernels-all.dir/src/f32-igemm/gen/f32-igemm-1x8-minmax-asm-aarch64-neonfma-ld64-prfm.S.o
  [5001/5650] Building ASM object confu-deps/XNNPACK/CMakeFiles/microkernels-all.dir/src/f32-igemm/gen/f32-igemm-4x2-minmax-asm-aarch64-neonfma-ld64.S.o
  [5002/5650] Building ASM object confu-deps/XNNPACK/CMakeFiles/microkernels-all.dir/src/f32-igemm/gen/f32-igemm-4x2-minmax-asm-aarch64-neonfma-cortex-a75.S.o
  [5003/5650] Building ASM object confu-deps/XNNPACK/CMakeFiles/microkernels-all.dir/src/f32-igemm/gen/f32-igemm-4x8-minmax-asm-aarch64-neonfma-ld64.S.o
  [5004/5650] Building ASM object confu-deps/XNNPACK/CMakeFiles/microkernels-all.dir/src/f32-igemm/gen/f32-igemm-5x8-minmax-asm-aarch64-neonfma-cortex-a75-prfm.S.o
  [5005/5650] Building ASM object confu-deps/XNNPACK/CMakeFiles/microkernels-all.dir/src/f32-igemm/gen/f32-igemm-5x8-minmax-asm-aarch64-neonfma-cortex-a75.S.o
  [5006/5650] Building ASM object confu-deps/XNNPACK/CMakeFiles/microkernels-all.dir/src/f32-igemm/gen/f32-igemm-6x8-minmax-asm-aarch64-neonfma-cortex-a75.S.o
  [5007/5650] Building ASM object confu-deps/XNNPACK/CMakeFiles/microkernels-all.dir/src/f32-ppmm/gen/f32-ppmm-4x8-minmax-asm-aarch64-neonfma-cortex-a75-prfm.S.o
  [5008/5650] Building ASM object confu-deps/XNNPACK/CMakeFiles/microkernels-all.dir/src/f32-igemm/gen/f32-igemm-6x8-minmax-asm-aarch64-neonfma-ld64.S.o
  [5009/5650] Building ASM object confu-deps/XNNPACK/CMakeFiles/microkernels-all.dir/src/f32-ppmm/gen/f32-ppmm-4x8-minmax-asm-aarch64-neonfma-cortex-a75.S.o
  [5010/5650] Building ASM object confu-deps/XNNPACK/CMakeFiles/microkernels-all.dir/src/f32-ppmm/gen/f32-ppmm-4x8-minmax-asm-aarch64-neonfma-ld128.S.o
  [5011/5650] Building ASM object confu-deps/XNNPACK/CMakeFiles/microkernels-all.dir/src/f32-ppmm/gen/f32-ppmm-4x8-minmax-asm-aarch64-neonfma-ld128-prfm.S.o
  [5012/5650] Building ASM object confu-deps/XNNPACK/CMakeFiles/microkernels-all.dir/src/f32-ppmm/gen/f32-ppmm-8x8-minmax-asm-aarch64-neonfma-cortex-a75-prfm.S.o
  [5013/5650] Building ASM object confu-deps/XNNPACK/CMakeFiles/microkernels-all.dir/src/f32-ppmm/gen/f32-ppmm-8x8-minmax-asm-aarch64-neonfma-cortex-a75.S.o
  [5014/5650] Building ASM object confu-deps/XNNPACK/CMakeFiles/microkernels-all.dir/src/f32-qc4w-gemm/gen/f32-qc4w-gemm-1x8-minmax-asm-aarch64-neon-ld128-acc2-prfm.S.o
  [5015/5650] Building ASM object confu-deps/XNNPACK/CMakeFiles/microkernels-all.dir/src/f32-ppmm/gen/f32-ppmm-8x8-minmax-asm-aarch64-neonfma-ld128.S.o
  [5016/5650] Building ASM object confu-deps/XNNPACK/CMakeFiles/microkernels-all.dir/src/f32-ppmm/gen/f32-ppmm-8x8-minmax-asm-aarch64-neonfma-ld128-prfm.S.o
  [5017/5650] Building ASM object confu-deps/XNNPACK/CMakeFiles/microkernels-all.dir/src/f32-qc4w-gemm/gen/f32-qc4w-gemm-1x8-minmax-asm-aarch64-neon-ld128-acc2.S.o
  [5018/5650] Building ASM object confu-deps/XNNPACK/CMakeFiles/microkernels-all.dir/src/f32-qc4w-gemm/gen/f32-qc4w-gemm-1x8-minmax-asm-aarch64-neonfma-ld64-acc2-prfm.S.o
  [5019/5650] Building ASM object confu-deps/XNNPACK/CMakeFiles/microkernels-all.dir/src/f32-qc4w-gemm/gen/f32-qc4w-gemm-1x8-minmax-asm-aarch64-neonfma-ld64-acc4.S.o
  [5020/5650] Building ASM object confu-deps/XNNPACK/CMakeFiles/microkernels-all.dir/src/f32-qc4w-gemm/gen/f32-qc4w-gemm-1x8-minmax-asm-aarch64-neonfma-ld64-acc4-prfm.S.o
  [5021/5650] Building ASM object confu-deps/XNNPACK/CMakeFiles/microkernels-all.dir/src/f32-qc4w-gemm/gen/f32-qc4w-gemm-1x8-minmax-asm-aarch64-neonfma-ld64-acc2.S.o
  [5022/5650] Building ASM object confu-deps/XNNPACK/CMakeFiles/microkernels-all.dir/src/f32-qc4w-gemm/gen/f32-qc4w-gemm-1x8-minmax-asm-aarch64-neonfma-ld64-prfm.S.o
  [5023/5650] Building ASM object confu-deps/XNNPACK/CMakeFiles/microkernels-all.dir/src/f32-qc4w-gemm/gen/f32-qc4w-gemm-1x8-minmax-asm-aarch64-neonfma-ld64.S.o
  [5024/5650] Building ASM object confu-deps/XNNPACK/CMakeFiles/microkernels-all.dir/src/f32-qc4w-gemm/gen/f32-qc4w-gemm-1x8-minmax-asm-aarch64-neonfma-ld128-acc2-prfm.S.o
  [5025/5650] Building ASM object confu-deps/XNNPACK/CMakeFiles/microkernels-all.dir/src/f32-qc4w-gemm/gen/f32-qc4w-gemm-1x8-minmax-asm-aarch64-neonfma-ld128-acc2.S.o
  [5026/5650] Building ASM object confu-deps/XNNPACK/CMakeFiles/microkernels-all.dir/src/f32-qc4w-gemm/gen/f32-qc4w-gemm-1x8-minmax-asm-aarch64-neonfma-ld128-acc4.S.o
  [5027/5650] Building ASM object confu-deps/XNNPACK/CMakeFiles/microkernels-all.dir/src/f32-qc4w-gemm/gen/f32-qc4w-gemm-1x8-minmax-asm-aarch64-neonfma-ld128-prfm.S.o
  [5028/5650] Building ASM object confu-deps/XNNPACK/CMakeFiles/microkernels-all.dir/src/f32-qc4w-gemm/gen/f32-qc4w-gemm-1x8-minmax-asm-aarch64-neonfma-ld128.S.o
  [5029/5650] Building ASM object confu-deps/XNNPACK/CMakeFiles/microkernels-all.dir/src/f32-qc4w-gemm/gen/f32-qc4w-gemm-1x8-minmax-asm-aarch64-neonfma-ld128-acc4-prfm.S.o
  [5030/5650] Building ASM object confu-deps/XNNPACK/CMakeFiles/microkernels-all.dir/src/f32-qc4w-gemm/gen/f32-qc4w-gemm-4x1-minmax-asm-aarch64-neonfma-ld64.S.o
  [5031/5650] Building ASM object confu-deps/XNNPACK/CMakeFiles/microkernels-all.dir/src/f32-qc4w-gemm/gen/f32-qc4w-gemm-4x2-minmax-asm-aarch64-neonfma-ld64.S.o
  [5032/5650] Building ASM object confu-deps/XNNPACK/CMakeFiles/microkernels-all.dir/src/f32-qc4w-gemm/gen/f32-qc4w-gemm-4x2-minmax-asm-aarch64-neonfma-ld128.S.o
  [5033/5650] Building ASM object confu-deps/XNNPACK/CMakeFiles/microkernels-all.dir/src/f32-qc4w-gemm/gen/f32-qc4w-gemm-4x1-minmax-asm-aarch64-neonfma-ld128.S.o
  [5034/5650] Building ASM object confu-deps/XNNPACK/CMakeFiles/microkernels-all.dir/src/f32-qc4w-gemm/gen/f32-qc4w-gemm-4x8-minmax-asm-aarch64-neonfma-ld64.S.o
  [5035/5650] Building ASM object confu-deps/XNNPACK/CMakeFiles/microkernels-all.dir/src/f32-qc4w-gemm/gen/f32-qc4w-gemm-4x8-minmax-asm-aarch64-neonfma-ld128.S.o
  [5036/5650] Building ASM object confu-deps/XNNPACK/CMakeFiles/microkernels-all.dir/src/f32-qc4w-gemm/gen/f32-qc4w-gemm-6x8-minmax-asm-aarch64-neonfma-ld64.S.o
  [5037/5650] Building ASM object confu-deps/XNNPACK/CMakeFiles/microkernels-all.dir/src/f32-qc8w-gemm/gen/f32-qc8w-gemm-1x8-minmax-asm-aarch64-neon-ld128-acc2-prfm.S.o
  [5038/5650] Building ASM object confu-deps/XNNPACK/CMakeFiles/microkernels-all.dir/src/f32-qc4w-gemm/gen/f32-qc4w-gemm-6x8-minmax-asm-aarch64-neonfma-ld128.S.o
  [5039/5650] Building ASM object confu-deps/XNNPACK/CMakeFiles/microkernels-all.dir/src/f32-qc8w-gemm/gen/f32-qc8w-gemm-1x8-minmax-asm-aarch64-neon-ld128-acc2.S.o
  [5040/5650] Building ASM object confu-deps/XNNPACK/CMakeFiles/microkernels-all.dir/src/f32-qc8w-gemm/gen/f32-qc8w-gemm-1x8-minmax-asm-aarch64-neonfma-ld64-acc2-prfm.S.o
  [5041/5650] Building ASM object confu-deps/XNNPACK/CMakeFiles/microkernels-all.dir/src/f32-qc8w-gemm/gen/f32-qc8w-gemm-1x8-minmax-asm-aarch64-neonfma-ld64-acc2.S.o
  [5042/5650] Building ASM object confu-deps/XNNPACK/CMakeFiles/microkernels-all.dir/src/f32-qc8w-gemm/gen/f32-qc8w-gemm-1x8-minmax-asm-aarch64-neonfma-ld64-acc4-prfm.S.o
  [5043/5650] Building ASM object confu-deps/XNNPACK/CMakeFiles/microkernels-all.dir/src/f32-qc8w-gemm/gen/f32-qc8w-gemm-1x8-minmax-asm-aarch64-neonfma-ld64.S.o
  [5044/5650] Building ASM object confu-deps/XNNPACK/CMakeFiles/microkernels-all.dir/src/f32-qc8w-gemm/gen/f32-qc8w-gemm-1x8-minmax-asm-aarch64-neonfma-ld64-acc4.S.o
  [5045/5650] Building ASM object confu-deps/XNNPACK/CMakeFiles/microkernels-all.dir/src/f32-qc8w-gemm/gen/f32-qc8w-gemm-1x8-minmax-asm-aarch64-neonfma-ld64-prfm.S.o
  [5046/5650] Building ASM object confu-deps/XNNPACK/CMakeFiles/microkernels-all.dir/src/f32-qc8w-gemm/gen/f32-qc8w-gemm-1x8-minmax-asm-aarch64-neonfma-ld128-acc2-prfm.S.o
  [5047/5650] Building ASM object confu-deps/XNNPACK/CMakeFiles/microkernels-all.dir/src/f32-qc8w-gemm/gen/f32-qc8w-gemm-1x8-minmax-asm-aarch64-neonfma-ld128-acc4-prfm.S.o
  [5048/5650] Building ASM object confu-deps/XNNPACK/CMakeFiles/microkernels-all.dir/src/f32-qc8w-gemm/gen/f32-qc8w-gemm-1x8-minmax-asm-aarch64-neonfma-ld128-acc2.S.o
  [5049/5650] Building ASM object confu-deps/XNNPACK/CMakeFiles/microkernels-all.dir/src/f32-qc8w-gemm/gen/f32-qc8w-gemm-4x1-minmax-asm-aarch64-neonfma-ld64.S.o
  [5050/5650] Building ASM object confu-deps/XNNPACK/CMakeFiles/microkernels-all.dir/src/f32-qc8w-gemm/gen/f32-qc8w-gemm-4x1-minmax-asm-aarch64-neonfma-ld128.S.o
  [5051/5650] Building ASM object confu-deps/XNNPACK/CMakeFiles/microkernels-all.dir/src/f32-qc8w-gemm/gen/f32-qc8w-gemm-1x8-minmax-asm-aarch64-neonfma-ld128-prfm.S.o
  [5052/5650] Building ASM object confu-deps/XNNPACK/CMakeFiles/microkernels-all.dir/src/f32-qc8w-gemm/gen/f32-qc8w-gemm-4x2-minmax-asm-aarch64-neonfma-ld128.S.o
  [5053/5650] Building ASM object confu-deps/XNNPACK/CMakeFiles/microkernels-all.dir/src/f32-qc8w-gemm/gen/f32-qc8w-gemm-4x2-minmax-asm-aarch64-neonfma-ld64.S.o
  [5054/5650] Building ASM object confu-deps/XNNPACK/CMakeFiles/microkernels-all.dir/src/f32-qc8w-gemm/gen/f32-qc8w-gemm-4x8-minmax-asm-aarch64-neonfma-ld64.S.o
  [5055/5650] Building ASM object confu-deps/XNNPACK/CMakeFiles/microkernels-all.dir/src/f32-qc8w-gemm/gen/f32-qc8w-gemm-4x8-minmax-asm-aarch64-neonfma-ld128.S.o
  [5056/5650] Building ASM object confu-deps/XNNPACK/CMakeFiles/microkernels-all.dir/src/f32-qc8w-gemm/gen/f32-qc8w-gemm-6x8-minmax-asm-aarch64-neonfma-ld64.S.o
  [5057/5650] Building ASM object confu-deps/XNNPACK/CMakeFiles/microkernels-all.dir/src/qs8-qc8w-gemm/gen/qs8-qc8w-gemm-1x8c8-minmax-fp32-asm-aarch64-neon-mlal-cortex-a53.S.o
  [5058/5650] Building ASM object confu-deps/XNNPACK/CMakeFiles/microkernels-all.dir/src/qd8-f32-qc8w-gemm/gen/qd8-f32-qc8w-gemm-4x16c4-minmax-asm-aarch64-neondot-ld64.S.o
  [5059/5650] Building ASM object confu-deps/XNNPACK/CMakeFiles/microkernels-all.dir/src/qs8-qc8w-gemm/gen/qs8-qc8w-gemm-1x16c4-minmax-fp32-asm-aarch64-neondot-ld64.S.o
  [5060/5650] Building ASM object confu-deps/XNNPACK/CMakeFiles/microkernels-all.dir/src/qs8-qc8w-gemm/gen/qs8-qc8w-gemm-1x16c4-minmax-fp32-asm-aarch64-neondot-ld32.S.o
  [5061/5650] Building ASM object confu-deps/XNNPACK/CMakeFiles/microkernels-all.dir/src/qs8-qc8w-gemm/gen/qs8-qc8w-gemm-2x8c8-minmax-fp32-asm-aarch64-neon-mlal-cortex-a53.S.o
  [5062/5650] Building ASM object confu-deps/XNNPACK/CMakeFiles/microkernels-all.dir/src/qs8-qc8w-gemm/gen/qs8-qc8w-gemm-2x8c16-minmax-fp32-asm-aarch64-neon-mlal.S.o
  [5063/5650] Building ASM object confu-deps/XNNPACK/CMakeFiles/microkernels-all.dir/src/qs8-qc8w-gemm/gen/qs8-qc8w-gemm-2x8c8-minmax-fp32-asm-aarch64-neon-mull.S.o
  [5064/5650] Building ASM object confu-deps/XNNPACK/CMakeFiles/microkernels-all.dir/src/qs8-qc8w-gemm/gen/qs8-qc8w-gemm-4x16c4-minmax-fp32-asm-aarch64-neondot-ld32.S.o
  [5065/5650] Building ASM object confu-deps/XNNPACK/CMakeFiles/microkernels-all.dir/src/qs8-qc8w-gemm/gen/qs8-qc8w-gemm-4x16-minmax-fp32-asm-aarch64-neon-mlal-lane-ld64-prfm.S.o
  [5066/5650] Building ASM object confu-deps/XNNPACK/CMakeFiles/microkernels-all.dir/src/qs8-qc8w-gemm/gen/qs8-qc8w-gemm-4x16-minmax-fp32-asm-aarch64-neon-mlal-lane-cortex-a53-prfm.S.o
  [5067/5650] Building ASM object confu-deps/XNNPACK/CMakeFiles/microkernels-all.dir/src/qs8-qc8w-gemm/gen/qs8-qc8w-gemm-4x16c4-minmax-fp32-asm-aarch64-neondot-ld64.S.o
  [5068/5650] Building ASM object confu-deps/XNNPACK/CMakeFiles/microkernels-all.dir/src/qs8-qc8w-igemm/gen/qs8-qc8w-igemm-1x8c8-minmax-fp32-asm-aarch64-neon-mlal-cortex-a53.S.o
  [5069/5650] Building ASM object confu-deps/XNNPACK/CMakeFiles/microkernels-all.dir/src/qs8-qc8w-igemm/gen/qs8-qc8w-igemm-2x8c8-minmax-fp32-asm-aarch64-neon-mlal-cortex-a53.S.o
  [5070/5650] Building ASM object confu-deps/XNNPACK/CMakeFiles/microkernels-all.dir/src/qs8-qc8w-igemm/gen/qs8-qc8w-igemm-2x8c16-minmax-fp32-asm-aarch64-neon-mlal.S.o
  [5071/5650] Building ASM object confu-deps/XNNPACK/CMakeFiles/microkernels-all.dir/src/qs8-qc8w-igemm/gen/qs8-qc8w-igemm-4x16c4-minmax-fp32-asm-aarch64-neondot-ld64.S.o
  [5072/5650] Building ASM object confu-deps/XNNPACK/CMakeFiles/microkernels-all.dir/src/qs8-qc8w-igemm/gen/qs8-qc8w-igemm-4x16-minmax-fp32-asm-aarch64-neon-mlal-lane-cortex-a53-prfm.S.o
  [5073/5650] Building ASM object confu-deps/XNNPACK/CMakeFiles/microkernels-all.dir/src/qs8-qc8w-igemm/gen/qs8-qc8w-igemm-4x16-minmax-fp32-asm-aarch64-neon-mlal-lane-ld64-prfm.S.o
  [5074/5650] Building ASM object confu-deps/XNNPACK/CMakeFiles/microkernels-all.dir/src/qu8-gemm/gen/qu8-gemm-4x16-minmax-rndnu-asm-aarch64-neon-mlal-lane-cortex-a53.S.o
  [5075/5650] Building ASM object confu-deps/XNNPACK/CMakeFiles/microkernels-all.dir/src/qu8-gemm/gen/qu8-gemm-4x16-minmax-rndnu-asm-aarch64-neon-mlal-lane-ld64-prfm.S.o
  [5076/5650] Building ASM object confu-deps/XNNPACK/CMakeFiles/microkernels-all.dir/src/qu8-gemm/gen/qu8-gemm-4x16-minmax-rndnu16-asm-aarch64-neon-mlal-lane-cortex-a53.S.o
  [5077/5650] Building ASM object confu-deps/XNNPACK/CMakeFiles/microkernels-all.dir/src/qu8-gemm/gen/qu8-gemm-4x16-minmax-rndnu-asm-aarch64-neon-mlal-lane-ld64.S.o
  [5078/5650] Building ASM object confu-deps/XNNPACK/CMakeFiles/microkernels-all.dir/src/qu8-igemm/gen/qu8-igemm-4x16-minmax-rndnu-asm-aarch64-neon-mlal-lane-cortex-a53.S.o
  [5079/5650] Building ASM object confu-deps/XNNPACK/CMakeFiles/microkernels-all.dir/src/qu8-igemm/gen/qu8-igemm-4x16-minmax-rndnu-asm-aarch64-neon-mlal-lane-ld64-prfm.S.o
  [5080/5650] Building ASM object confu-deps/XNNPACK/CMakeFiles/microkernels-all.dir/src/qu8-igemm/gen/qu8-igemm-4x16-minmax-rndnu16-asm-aarch64-neon-mlal-lane-cortex-a53.S.o
  [5081/5650] Building ASM object confu-deps/XNNPACK/CMakeFiles/microkernels-all.dir/src/qu8-igemm/gen/qu8-igemm-4x16-minmax-rndnu-asm-aarch64-neon-mlal-lane-ld64.S.o
  [5082/5650] Linking CXX static library lib/libgmock.a
  [5083/5650] Linking CXX static library lib/libgtest_main.a
  [5084/5650] Linking CXX static library lib/libbenchmark.a
  [5085/5650] Building CXX object third_party/fmt/CMakeFiles/fmt.dir/src/os.cc.o
  [5086/5650] Building CXX object third_party/benchmark/src/CMakeFiles/benchmark_main.dir/benchmark_main.cc.o
  [5087/5650] Building CXX object c10/test/CMakeFiles/c10_CompileTimeFunctionPointer_test.dir/core/CompileTimeFunctionPointer_test.cpp.o
  [5088/5650] Building CXX object c10/test/CMakeFiles/c10_StreamGuard_test.dir/core/StreamGuard_test.cpp.o
  [5089/5650] Building CXX object third_party/googletest/googlemock/CMakeFiles/gmock_main.dir/src/gmock_main.cc.o
  [5090/5650] Building CXX object c10/test/CMakeFiles/c10_Device_test.dir/core/Device_test.cpp.o
  [5091/5650] Building CXX object c10/test/CMakeFiles/c10_DeviceGuard_test.dir/core/DeviceGuard_test.cpp.o
  [5092/5650] Building CXX object c10/test/CMakeFiles/c10_AllocatorConfig_test.dir/core/AllocatorConfig_test.cpp.o
  [5093/5650] Building CXX object c10/test/CMakeFiles/c10_Scalar_test.dir/core/Scalar_test.cpp.o
  [5094/5650] Building CXX object c10/test/CMakeFiles/c10_SymInt_test.dir/core/SymInt_test.cpp.o
  [5095/5650] Building CXX object c10/test/CMakeFiles/c10_ConstexprCrc_test.dir/util/ConstexprCrc_test.cpp.o
  [5096/5650] Building CXX object c10/test/CMakeFiles/c10_DispatchKeySet_test.dir/core/DispatchKeySet_test.cpp.o
  [5097/5650] Building CXX object c10/test/CMakeFiles/c10_InlineDeviceGuard_test.dir/core/impl/InlineDeviceGuard_test.cpp.o
  [5098/5650] Building CXX object c10/test/CMakeFiles/c10_ArrayRef_test.dir/util/ArrayRef_test.cpp.o
  [5099/5650] Building CXX object c10/test/CMakeFiles/c10_Bitset_test.dir/util/Bitset_test.cpp.o
  [5100/5650] Building CXX object c10/test/CMakeFiles/c10_SizesAndStrides_test.dir/core/impl/SizesAndStrides_test.cpp.o
  [5101/5650] Building CXX object c10/test/CMakeFiles/c10_InlineStreamGuard_test.dir/core/impl/InlineStreamGuard_test.cpp.o
  [5102/5650] Building CXX object c10/test/CMakeFiles/c10_DeadlockDetection_test.dir/util/DeadlockDetection_test.cpp.o
  [5103/5650] Building CXX object third_party/fmt/CMakeFiles/fmt.dir/src/format.cc.o
  [5104/5650] Building CXX object c10/test/CMakeFiles/c10_Half_test.dir/util/Half_test.cpp.o
  [5105/5650] Building CXX object c10/test/CMakeFiles/c10_IntrusiveList_test.dir/util/IntrusiveList_test.cpp.o
  [5106/5650] Building CXX object c10/test/CMakeFiles/c10_NetworkFlow_test.dir/util/NetworkFlow_test.cpp.o
  [5107/5650] Building CXX object c10/test/CMakeFiles/c10_Synchronized_test.dir/util/Synchronized_test.cpp.o
  [5108/5650] Building CXX object c10/test/CMakeFiles/c10_Semaphore_test.dir/util/Semaphore_test.cpp.o
  [5109/5650] Building CXX object c10/test/CMakeFiles/c10_cow_test.dir/core/impl/cow_test.cpp.o
  [5110/5650] Building CXX object c10/test/CMakeFiles/c10_Enumerate_test.dir/util/Enumerate_test.cpp.o
  [5111/5650] Building CXX object c10/test/CMakeFiles/c10_TypeIndex_test.dir/util/TypeIndex_test.cpp.o
  [5112/5650] Building CXX object c10/test/CMakeFiles/c10_LeftRight_test.dir/util/LeftRight_test.cpp.o
  [5113/5650] Building CXX object c10/test/CMakeFiles/c10_ThreadLocal_test.dir/util/ThreadLocal_test.cpp.o
  [5114/5650] Building CXX object c10/test/CMakeFiles/c10_accumulate_test.dir/util/accumulate_test.cpp.o
  [5115/5650] Building CXX object c10/test/CMakeFiles/c10_error_test.dir/util/error_test.cpp.o
  [5116/5650] Building CXX object c10/test/CMakeFiles/c10_WaitCounter_test.dir/util/WaitCounter_test.cpp.o
  [5117/5650] Building CXX object c10/test/CMakeFiles/c10_bit_cast_test.dir/util/bit_cast_test.cpp.o
  [5118/5650] Building CXX object c10/test/CMakeFiles/c10_exception_test.dir/util/exception_test.cpp.o
  [5119/5650] Building CXX object c10/test/CMakeFiles/c10_flags_test.dir/util/flags_test.cpp.o
  [5120/5650] Building CXX object c10/test/CMakeFiles/c10_generic_math_test.dir/util/generic_math_test.cpp.o
  [5121/5650] Building CXX object c10/test/CMakeFiles/c10_bfloat16_test.dir/util/bfloat16_test.cpp.o
  [5122/5650] Building CXX object c10/test/CMakeFiles/c10_irange_test.dir/util/irange_test.cpp.o
  [5123/5650] Building CXX object c10/test/CMakeFiles/c10_complex_test.dir/util/complex_test.cpp.o
  [5124/5650] Building CXX object c10/test/CMakeFiles/c10_complex_math_test.dir/util/complex_math_test.cpp.o
  [5125/5650] Building CXX object c10/test/CMakeFiles/c10_nofatal_test.dir/util/nofatal_test.cpp.o
  [5126/5650] Building CXX object c10/test/CMakeFiles/c10_lazy_test.dir/util/lazy_test.cpp.o
  [5127/5650] Building CXX object c10/test/CMakeFiles/c10_logging_test.dir/util/logging_test.cpp.o
  [5128/5650] Building CXX object c10/test/CMakeFiles/c10_string_view_test.dir/util/string_view_test.cpp.o
  [5129/5650] Building CXX object c10/test/CMakeFiles/c10_ssize_test.dir/util/ssize_test.cpp.o
  [5130/5650] Building CXX object c10/test/CMakeFiles/c10_tempfile_test.dir/util/tempfile_test.cpp.o
  [5131/5650] Building C object caffe2/CMakeFiles/torch_global_deps.dir/__/torch/csrc/empty.c.o
  [5132/5650] Building CXX object c10/test/CMakeFiles/c10_registry_test.dir/util/registry_test.cpp.o
  [5133/5650] Building CXX object c10/test/CMakeFiles/c10_cpp17_header_build_test.dir/util/cpp17_header_build_check.cpp.o
  [5134/5650] Building CXX object c10/test/CMakeFiles/c10_string_util_test.dir/util/string_util_test.cpp.o
  [5135/5650] Building CXX object c10/benchmark/CMakeFiles/c10_intrusive_ptr_benchmark.dir/intrusive_ptr_benchmark.cpp.o
  [5136/5650] Building CXX object c10/test/CMakeFiles/c10_typeid_test.dir/util/typeid_test.cpp.o
  [5137/5650] Building CXX object caffe2/CMakeFiles/vec_test_all_types_DEFAULT.dir/__/aten/src/ATen/native/quantized/AffineQuantizerBase.cpp.o
  [5138/5650] Building CXX object c10/test/CMakeFiles/c10_ordered_preserving_dict_test.dir/util/ordered_preserving_dict_test.cpp.o
  [5139/5650] Building CXX object caffe2/CMakeFiles/Dimname_test.dir/__/aten/src/ATen/test/Dimname_test.cpp.o
  [5140/5650] Building CXX object c10/test/CMakeFiles/c10_optional_test.dir/util/optional_test.cpp.o
  [5141/5650] Building CXX object c10/test/CMakeFiles/c10_intrusive_ptr_test.dir/util/intrusive_ptr_test.cpp.o
  [5142/5650] Building CXX object caffe2/CMakeFiles/NamedTensor_test.dir/__/aten/src/ATen/test/NamedTensor_test.cpp.o
  [5143/5650] Building CXX object caffe2/CMakeFiles/cpu_allocator_test.dir/__/aten/src/ATen/test/cpu_allocator_test.cpp.o
  [5144/5650] Building CXX object caffe2/CMakeFiles/broadcast_test.dir/__/aten/src/ATen/test/broadcast_test.cpp.o
  [5145/5650] Building CXX object caffe2/CMakeFiles/atest.dir/__/aten/src/ATen/test/atest.cpp.o
  [5146/5650] Building CXX object caffe2/CMakeFiles/Dict_test.dir/__/aten/src/ATen/test/Dict_test.cpp.o
  [5147/5650] Building CXX object caffe2/CMakeFiles/apply_utils_test.dir/__/aten/src/ATen/test/apply_utils_test.cpp.o
  [5148/5650] Building CXX object caffe2/CMakeFiles/MaybeOwned_test.dir/__/aten/src/ATen/test/MaybeOwned_test.cpp.o
  [5149/5650] Building CXX object caffe2/CMakeFiles/basic.dir/__/aten/src/ATen/test/basic.cpp.o
  [5150/5650] Building CXX object caffe2/CMakeFiles/cpu_generator_test.dir/__/aten/src/ATen/test/cpu_generator_test.cpp.o
  [5151/5650] Building CXX object caffe2/CMakeFiles/cpu_profiling_allocator_test.dir/__/aten/src/ATen/test/cpu_profiling_allocator_test.cpp.o
  [5152/5650] Building CXX object caffe2/CMakeFiles/dlconvertor_test.dir/__/aten/src/ATen/test/dlconvertor_test.cpp.o
  [5153/5650] Building CXX object caffe2/CMakeFiles/half_test.dir/__/aten/src/ATen/test/half_test.cpp.o
  [5154/5650] Building CXX object caffe2/CMakeFiles/lazy_tensor_test.dir/__/aten/src/ATen/test/lazy_tensor_test.cpp.o
  [5155/5650] Building CXX object caffe2/CMakeFiles/math_kernel_test.dir/__/aten/src/ATen/test/math_kernel_test.cpp.o
  [5156/5650] Building CXX object caffe2/CMakeFiles/memory_format_test.dir/__/aten/src/ATen/test/memory_format_test.cpp.o
  [5157/5650] Building CXX object caffe2/CMakeFiles/operator_name_test.dir/__/aten/src/ATen/test/operator_name_test.cpp.o
  [5158/5650] Building CXX object caffe2/CMakeFiles/extension_backend_test.dir/__/aten/src/ATen/test/extension_backend_test.cpp.o
  [5159/5650] Building CXX object caffe2/CMakeFiles/memory_overlapping_test.dir/__/aten/src/ATen/test/memory_overlapping_test.cpp.o
  [5160/5650] Building CXX object caffe2/CMakeFiles/native_test.dir/__/aten/src/ATen/test/native_test.cpp.o
  [5161/5650] Building CXX object caffe2/CMakeFiles/operators_test.dir/__/aten/src/ATen/test/operators_test.cpp.o
  [5162/5650] Building CXX object caffe2/CMakeFiles/packedtensoraccessor_test.dir/__/aten/src/ATen/test/packedtensoraccessor_test.cpp.o
  [5163/5650] Building CXX object caffe2/CMakeFiles/quantized_test.dir/__/aten/src/ATen/test/quantized_test.cpp.o
  [5164/5650] Building CXX object c10/test/CMakeFiles/c10_small_vector_test.dir/util/small_vector_test.cpp.o
  [5165/5650] Building CXX object caffe2/CMakeFiles/reportMemoryUsage_test.dir/__/aten/src/ATen/test/reportMemoryUsage_test.cpp.o
  [5166/5650] Building CXX object caffe2/CMakeFiles/reduce_ops_test.dir/__/aten/src/ATen/test/reduce_ops_test.cpp.o
  [5167/5650] Building CXX object caffe2/CMakeFiles/mobile_memory_cleanup.dir/__/aten/src/ATen/test/mobile_memory_cleanup.cpp.o
  [5168/5650] Building CXX object caffe2/CMakeFiles/pow_test.dir/__/aten/src/ATen/test/pow_test.cpp.o
  [5169/5650] Building CXX object caffe2/CMakeFiles/StorageUtils_test.dir/__/aten/src/ATen/test/StorageUtils_test.cpp.o
  [5170/5650] Building CXX object caffe2/CMakeFiles/ivalue_test.dir/__/aten/src/ATen/test/ivalue_test.cpp.o
  [5171/5650] Building CXX object caffe2/CMakeFiles/scalar_test.dir/__/aten/src/ATen/test/scalar_test.cpp.o
  [5172/5650] Building CXX object caffe2/CMakeFiles/scalar_tensor_test.dir/__/aten/src/ATen/test/scalar_tensor_test.cpp.o
  [5173/5650] Building CXX object caffe2/CMakeFiles/cpu_rng_test.dir/__/aten/src/ATen/test/cpu_rng_test.cpp.o
  [5174/5650] Building CXX object caffe2/CMakeFiles/type_ptr_test.dir/__/aten/src/ATen/test/type_ptr_test.cpp.o
  [5175/5650] Building CXX object caffe2/CMakeFiles/stride_properties_test.dir/__/aten/src/ATen/test/stride_properties_test.cpp.o
  [5176/5650] Building CXX object caffe2/CMakeFiles/thread_init_test.dir/__/aten/src/ATen/test/thread_init_test.cpp.o
  [5177/5650] Building CXX object caffe2/CMakeFiles/test_parallel.dir/__/aten/src/ATen/test/test_parallel.cpp.o
  [5178/5650] Building CXX object caffe2/CMakeFiles/verify_api_visibility.dir/__/aten/src/ATen/test/verify_api_visibility.cpp.o
  [5179/5650] Building CXX object caffe2/CMakeFiles/undefined_tensor_test.dir/__/aten/src/ATen/test/undefined_tensor_test.cpp.o
  [5180/5650] Building CXX object caffe2/CMakeFiles/tensor_iterator_test.dir/__/aten/src/ATen/test/tensor_iterator_test.cpp.o
  [5181/5650] Building CXX object caffe2/CMakeFiles/weakref_test.dir/__/aten/src/ATen/test/weakref_test.cpp.o
  [5182/5650] Building CXX object caffe2/CMakeFiles/wrapdim_test.dir/__/aten/src/ATen/test/wrapdim_test.cpp.o
  [5183/5650] Building CXX object caffe2/CMakeFiles/xla_tensor_test.dir/__/aten/src/ATen/test/xla_tensor_test.cpp.o
  [5184/5650] Building CXX object caffe2/CMakeFiles/IListRef_test.dir/__/aten/src/ATen/core/IListRef_test.cpp.o
  [5185/5650] Building CXX object caffe2/CMakeFiles/CppSignature_test.dir/__/aten/src/ATen/core/dispatch/CppSignature_test.cpp.o
  [5186/5650] Building CXX object caffe2/CMakeFiles/legacy_vmap_test.dir/__/aten/src/ATen/test/legacy_vmap_test.cpp.o
  [5187/5650] Building CXX object caffe2/CMakeFiles/List_test.dir/__/aten/src/ATen/core/List_test.cpp.o
  [5188/5650] Building CXX object caffe2/CMakeFiles/op_allowlist_test.dir/__/aten/src/ATen/core/op_registration/op_allowlist_test.cpp.o
  [5189/5650] Building CXX object caffe2/CMakeFiles/KernelFunction_test.dir/__/aten/src/ATen/core/boxing/KernelFunction_test.cpp.o
  [5190/5650] Building CXX object caffe2/CMakeFiles/kernel_stackbased_test.dir/__/aten/src/ATen/core/boxing/impl/kernel_stackbased_test.cpp.o
  [5191/5650] Building CXX object caffe2/CMakeFiles/type_test.dir/__/aten/src/ATen/test/type_test.cpp.o
  [5192/5650] Building CXX object caffe2/CMakeFiles/inline_container_test.dir/serialize/inline_container_test.cc.o
  [5193/5650] Building CXX object caffe2/CMakeFiles/kernel_function_test.dir/__/aten/src/ATen/core/boxing/impl/kernel_function_test.cpp.o
  [5194/5650] Building C object sleef/src/libm/CMakeFiles/mkrename_gnuabi.dir/mkrename_gnuabi.c.o
  [5195/5650] Building C object sleef/src/libm/CMakeFiles/mkmasked_gnuabi.dir/mkmasked_gnuabi.c.o
  [5196/5650] Building CXX object caffe2/CMakeFiles/backend_fallback_test.dir/__/aten/src/ATen/core/dispatch/backend_fallback_test.cpp.o
  [5197/5650] Building C object sleef/src/common/CMakeFiles/addSuffix.dir/addSuffix.c.o
  [5198/5650] Linking CXX shared library lib/libjitbackend_test.dylib
  [5199/5650] Linking CXX shared library lib/libbackend_with_compiler.dylib
  [5200/5650] Building CXX object test_jit/CMakeFiles/test_jit.dir/__/common/main.cpp.o
  [5201/5650] Building CXX object caffe2/CMakeFiles/make_boxed_from_unboxed_functor_test.dir/__/aten/src/ATen/core/boxing/impl/make_boxed_from_unboxed_functor_test.cpp.o
  [5202/5650] Building CXX object caffe2/CMakeFiles/kernel_lambda_test.dir/__/aten/src/ATen/core/boxing/impl/kernel_lambda_test.cpp.o
  [5203/5650] Building CXX object caffe2/CMakeFiles/kernel_function_legacy_test.dir/__/aten/src/ATen/core/boxing/impl/kernel_function_legacy_test.cpp.o
  [5204/5650] Building CXX object test_jit/CMakeFiles/test_jit.dir/source_range_test.cpp.o
  [5205/5650] Building CXX object caffe2/CMakeFiles/kernel_lambda_legacy_test.dir/__/aten/src/ATen/core/boxing/impl/kernel_lambda_legacy_test.cpp.o
  [5206/5650] Building CXX object test_jit/CMakeFiles/test_jit.dir/test_add_if_then_else.cpp.o
  [5207/5650] Building CXX object caffe2/CMakeFiles/mps_test_print.dir/__/aten/src/ATen/test/mps_test_print.cpp.o
  [5208/5650] Building CXX object caffe2/CMakeFiles/mps_test_allocator.dir/__/aten/src/ATen/test/mps_test_allocator.cpp.o
  [5209/5650] Building CXX object caffe2/CMakeFiles/mps_test_metal_library.dir/__/aten/src/ATen/test/mps_test_metal_library.cpp.o
  [5210/5650] Building OBJCXX object caffe2/CMakeFiles/mps_test_objc_interface.dir/__/aten/src/ATen/test/mps_test_objc_interface.mm.o
  [5211/5650] Building CXX object test_jit/CMakeFiles/test_jit.dir/test_load_upgraders.cpp.o
  [5212/5650] Building CXX object test_jit/CMakeFiles/test_jit.dir/test_op_replacement.cpp.o
  [5213/5650] Building CXX object test_jit/CMakeFiles/test_jit.dir/test_argument_spec.cpp.o
  [5214/5650] Building CXX object test_jit/CMakeFiles/test_jit.dir/test_upgrader_utils.cpp.o
  [5215/5650] Building CXX object test_jit/CMakeFiles/test_jit.dir/test_code_template.cpp.o
  [5216/5650] Building CXX object test_jit/CMakeFiles/test_jit.dir/test_alias_analysis.cpp.o
  [5217/5650] Building CXX object test_jit/CMakeFiles/test_jit.dir/test_class_parser.cpp.o
  [5218/5650] Building CXX object test_jit/CMakeFiles/test_jit.dir/test_constant_pooling.cpp.o
  [5219/5650] Building CXX object test_jit/CMakeFiles/test_jit.dir/test_autodiff.cpp.o
  [5220/5650] Building CXX object test_jit/CMakeFiles/test_jit.dir/test_concat_opt.cpp.o
  [5221/5650] Building CXX object test_jit/CMakeFiles/test_jit.dir/test_create_autodiff_subgraphs.cpp.o
  [5222/5650] Building CXX object test_jit/CMakeFiles/test_jit.dir/test_cleanup_passes.cpp.o
  [5223/5650] Building CXX object test_jit/CMakeFiles/test_jit.dir/test_class_import.cpp.o
  [5224/5650] Building CXX object test_jit/CMakeFiles/test_jit.dir/test_backend.cpp.o
  [5225/5650] Building CXX object test_jit/CMakeFiles/test_jit.dir/test_dce.cpp.o
  [5226/5650] Building CXX object test_jit/CMakeFiles/test_jit.dir/test_class_type.cpp.o
  [5227/5650] Building CXX object caffe2/CMakeFiles/vec_test_all_types_DEFAULT.dir/__/aten/src/ATen/test/vec_test_all_types.cpp.o
  [5228/5650] Building CXX object test_jit/CMakeFiles/test_jit.dir/test_custom_class.cpp.o
  [5229/5650] Building CXX object test_jit/CMakeFiles/test_jit.dir/test_inliner.cpp.o
  [5230/5650] Building CXX object test_jit/CMakeFiles/test_jit.dir/test_custom_operators.cpp.o
  [5231/5650] Building CXX object test_jit/CMakeFiles/test_jit.dir/test_fuser.cpp.o
  [5232/5650] Building CXX object test_jit/CMakeFiles/torchbind_test.dir/test_custom_class_registrations.cpp.o
  [5233/5650] Building CXX object test_jit/CMakeFiles/test_jit.dir/test_lexer.cpp.o
  [5234/5650] Building CXX object test_jit/CMakeFiles/test_jit.dir/test_ir.cpp.o
  [5235/5650] Building CXX object test_jit/CMakeFiles/test_jit.dir/test_graph_executor.cpp.o
  [5236/5650] Building CXX object test_jit/CMakeFiles/test_jit.dir/test_irparser.cpp.o
  [5237/5650] Building CXX object test_jit/CMakeFiles/test_jit.dir/test_jit_type.cpp.o
  [5238/5650] Building CXX object test_jit/CMakeFiles/test_jit.dir/test_graph_iterator.cpp.o
  [5239/5650] Building CXX object test_jit/CMakeFiles/test_jit.dir/test_cs_debug_info_serialization.cpp.o
  [5240/5650] Building CXX object test_jit/CMakeFiles/test_jit.dir/test_interface.cpp.o
  [5241/5650] Building CXX object test_jit/CMakeFiles/test_jit.dir/test_interpreter.cpp.o
  [5242/5650] Building CXX object test_jit/CMakeFiles/test_jit.dir/test_qualified_name.cpp.o
  [5243/5650] Building CXX object test_jit/CMakeFiles/test_jit.dir/test_memory_dag.cpp.o
  [5244/5650] Building CXX object test_jit/CMakeFiles/test_jit.dir/test_mobile_type_parser.cpp.o
  [5245/5650] Building CXX object test_jit/CMakeFiles/test_jit.dir/test_peephole_optimize.cpp.o
  [5246/5650] Building CXX object test_jit/CMakeFiles/test_jit.dir/test_schema_matching.cpp.o
  [5247/5650] Building CXX object test_jit/CMakeFiles/test_jit.dir/test_schema_info.cpp.o
  [5248/5650] Building CXX object test_jit/CMakeFiles/test_jit.dir/test_subgraph_matcher.cpp.o
  [5249/5650] Building CXX object test_jit/CMakeFiles/test_jit.dir/test_custom_class_registrations.cpp.o
  [5250/5650] Building CXX object test_jit/CMakeFiles/test_jit.dir/test_stack_opt.cpp.o
  [5251/5650] Building CXX object test_jit/CMakeFiles/test_jit.dir/test_lite_trainer.cpp.o
  [5252/5650] Building CXX object test_jit/CMakeFiles/test_jit.dir/test_lite_interpreter_direct.cpp.o
  [5253/5650] Building CXX object test_jit/CMakeFiles/test_jit.dir/test_subgraph_rewriter.cpp.o
  [5254/5650] Building CXX object test_jit/CMakeFiles/test_jit.dir/test_te.cpp.o
  [5255/5650] Building CXX object test_jit/CMakeFiles/test_jit.dir/test_subgraph_utils.cpp.o
  [5256/5650] Building CXX object test_jit/CMakeFiles/test_jit.dir/test_module_api.cpp.o
  [5257/5650] Building CXX object test_jit/CMakeFiles/test_jit.dir/test_union.cpp.o
  [5258/5650] Building CXX object test_jit/CMakeFiles/test_jit.dir/test_file_format.cpp.o
  [5259/5650] Building CXX object test_lazy/CMakeFiles/test_lazy.dir/__/common/main.cpp.o
  [5260/5650] Building CXX object test_jit/CMakeFiles/test_jit.dir/test_lite_interpreter.cpp.o
  [5261/5650] Building CXX object test_jit/CMakeFiles/test_jit.dir/test_script_profile.cpp.o
  [5262/5650] Building CXX object test_jit/CMakeFiles/test_jit.dir/test_save_load.cpp.o
  [5263/5650] Building CXX object test_jit/CMakeFiles/test_jit.dir/test_jit_logging_levels.cpp.o
  [5264/5650] Building CXX object test_lazy/CMakeFiles/test_lazy.dir/test_permutation_util.cpp.o
  [5265/5650] Building CXX object test_jit/CMakeFiles/test_jit.dir/test_misc.cpp.o
  [5266/5650] Building CXX object test_jit/CMakeFiles/test_jit.dir/test_utils.cpp.o
  [5267/5650] Building CXX object test_lazy/CMakeFiles/test_lazy.dir/test_misc.cpp.o
  [5268/5650] Building CXX object test_lazy/CMakeFiles/test_lazy.dir/test_util.cpp.o
  [5269/5650] Building CXX object test_lazy/CMakeFiles/test_lazy.dir/test_ir_util.cpp.o
  [5270/5650] Building CXX object test_lazy/CMakeFiles/test_lazy.dir/test_cache.cpp.o
  [5271/5650] Building CXX object test_aoti_abi_check/CMakeFiles/test_aoti_abi_check.dir/main.cpp.o
  [5272/5650] Building CXX object test_lazy/CMakeFiles/test_lazy.dir/test_ir.cpp.o
  [5273/5650] Building CXX object test_aoti_abi_check/CMakeFiles/test_aoti_abi_check.dir/test_accessor.cpp.o
  [5274/5650] Building CXX object test_jit/CMakeFiles/test_jit.dir/test_shape_analysis.cpp.o
  [5275/5650] Building CXX object test_aoti_abi_check/CMakeFiles/test_aoti_abi_check.dir/test_cast.cpp.o
  [5276/5650] Building CXX object test_lazy/CMakeFiles/test_lazy.dir/test_shape.cpp.o
  [5277/5650] Building CXX object test_lazy/CMakeFiles/test_lazy.dir/test_trie_cache.cpp.o
  [5278/5650] Building CXX object test_aoti_abi_check/CMakeFiles/test_aoti_abi_check.dir/test_devicetype.cpp.o
  [5279/5650] Building CXX object test_aoti_abi_check/CMakeFiles/test_aoti_abi_check.dir/test_dispatch.cpp.o
  [5280/5650] Building CXX object test_aoti_abi_check/CMakeFiles/test_aoti_abi_check.dir/test_dispatch_v2.cpp.o
  [5281/5650] Building CXX object test_aoti_abi_check/CMakeFiles/test_aoti_abi_check.dir/test_exception.cpp.o
  [5282/5650] Building CXX object test_aoti_abi_check/CMakeFiles/test_aoti_abi_check.dir/test_headeronlyarrayref.cpp.o
  [5283/5650] Building CXX object test_aoti_abi_check/CMakeFiles/test_aoti_abi_check.dir/test_dtype.cpp.o
  [5284/5650] Building CXX object test_aoti_abi_check/CMakeFiles/test_aoti_abi_check.dir/test_layout.cpp.o
  [5285/5650] Building CXX object test_aoti_abi_check/CMakeFiles/test_aoti_abi_check.dir/test_macros.cpp.o
  [5286/5650] Building CXX object test_aoti_abi_check/CMakeFiles/test_aoti_abi_check.dir/test_memoryformat.cpp.o
  [5287/5650] Building CXX object test_aoti_abi_check/CMakeFiles/test_aoti_abi_check.dir/test_math.cpp.o
  [5288/5650] Building CXX object test_aoti_abi_check/CMakeFiles/test_aoti_abi_check.dir/test_rand.cpp.o
  [5289/5650] Building CXX object test_aoti_abi_check/CMakeFiles/test_aoti_abi_check.dir/test_metaprogramming.cpp.o
  [5290/5650] Building CXX object test_aoti_abi_check/CMakeFiles/test_aoti_abi_check.dir/test_typetraits.cpp.o
  [5291/5650] Building CXX object test_aoti_abi_check/CMakeFiles/test_aoti_abi_check.dir/test_typelist.cpp.o
  [5292/5650] Building CXX object test_lazy/CMakeFiles/test_lazy.dir/test_backend_device.cpp.o
  [5293/5650] Building CXX object test_aoti_abi_check/CMakeFiles/test_aoti_abi_check.dir/test_vec_half.cpp.o
  [5294/5650] Building CXX object test_api/CMakeFiles/test_api.dir/__/common/main.cpp.o
  [5295/5650] Building CXX object test_aoti_abi_check/CMakeFiles/test_aoti_abi_check.dir/test_vec.cpp.o
  [5296/5650] Building CXX object test_aoti_abi_check/CMakeFiles/test_vec_half_DEFAULT.dir/test_vec_half.cpp.o
  [5297/5650] Building CXX object test_aoti_abi_check/CMakeFiles/test_aoti_abi_check.dir/test_scalartype.cpp.o
  [5298/5650] Building CXX object test_inductor/CMakeFiles/aoti_custom_ops.dir/custom_ops.cpp.o
  [5299/5650] Building CXX object test_lazy/CMakeFiles/test_lazy.dir/test_lazy_graph_executor.cpp.o
  [5300/5650] Building CXX object test_lazy/CMakeFiles/test_lazy.dir/test_lazy_ops_util.cpp.o
  [5301/5650] Building CXX object test_jit/CMakeFiles/test_jit.dir/test_flatbuffer.cpp.o
  [5302/5650] Building CXX object test_api/CMakeFiles/test_api.dir/expanding-array.cpp.o
  [5303/5650] Building CXX object test_api/CMakeFiles/test_api.dir/enum.cpp.o
  [5304/5650] Building CXX object test_api/CMakeFiles/test_api.dir/fft.cpp.o
  [5305/5650] Building CXX object test_api/CMakeFiles/test_api.dir/memory.cpp.o
  [5306/5650] Building CXX object test_api/CMakeFiles/test_api.dir/any.cpp.o
  [5307/5650] Building CXX object test_api/CMakeFiles/test_api.dir/ivalue.cpp.o
  [5308/5650] Building CXX object test_api/CMakeFiles/test_api.dir/init.cpp.o
  [5309/5650] Building CXX object test_api/CMakeFiles/test_api.dir/integration.cpp.o
  [5310/5650] Building CXX object test_api/CMakeFiles/test_api.dir/jit.cpp.o
  [5311/5650] Building CXX object test_api/CMakeFiles/test_api.dir/meta_tensor.cpp.o
  [5312/5650] Building CXX object test_api/CMakeFiles/test_api.dir/misc.cpp.o
  [5313/5650] Building CXX object test_api/CMakeFiles/test_api.dir/module.cpp.o
  [5314/5650] Building CXX object test_api/CMakeFiles/test_api.dir/moduledict.cpp.o
  [5315/5650] Building CXX object test_api/CMakeFiles/test_api.dir/nested.cpp.o
  [5316/5650] Building CXX object test_api/CMakeFiles/test_api.dir/autograd.cpp.o
  [5317/5650] Building CXX object test_api/CMakeFiles/test_api.dir/modulelist.cpp.o
  [5318/5650] Building CXX object test_api/CMakeFiles/test_api.dir/functional.cpp.o
  [5319/5650] Building CXX object test_api/CMakeFiles/test_api.dir/parameterdict.cpp.o
  [5320/5650] Building CXX object test_api/CMakeFiles/test_api.dir/parameterlist.cpp.o
  [5321/5650] Building CXX object test_api/CMakeFiles/test_api.dir/dataloader.cpp.o
  [5322/5650] Building CXX object test_api/CMakeFiles/test_api.dir/namespace.cpp.o
  [5323/5650] Building CXX object caffe2/CMakeFiles/op_registration_test.dir/__/aten/src/ATen/core/op_registration/op_registration_test.cpp.o
  [5324/5650] Building CXX object test_api/CMakeFiles/test_api.dir/ordered_dict.cpp.o
  [5325/5650] Building CXX object test_api/CMakeFiles/test_api.dir/nn_utils.cpp.o
  [5326/5650] Building CXX object test_api/CMakeFiles/test_api.dir/rnn.cpp.o
  [5327/5650] Building CXX object test_api/CMakeFiles/test_api.dir/special.cpp.o
  [5328/5650] Building CXX object test_api/CMakeFiles/test_api.dir/static.cpp.o
  [5329/5650] Building CXX object test_api/CMakeFiles/test_api.dir/support.cpp.o
  [5330/5650] Building CXX object test_api/CMakeFiles/test_api.dir/serialize.cpp.o
  [5331/5650] Building CXX object test_api/CMakeFiles/test_api.dir/sequential.cpp.o
  [5332/5650] Building CXX object test_api/CMakeFiles/test_api.dir/tensor_cuda.cpp.o
  [5333/5650] Building CXX object test_api/CMakeFiles/test_api.dir/transformer.cpp.o
  [5334/5650] Building CXX object test_api/CMakeFiles/test_api.dir/tensor_options_cuda.cpp.o
  [5335/5650] Building CXX object test_api/CMakeFiles/test_api.dir/tensor_options.cpp.o
  [5336/5650] Building CXX object test_api/CMakeFiles/test_api.dir/optim.cpp.o
  [5337/5650] Building CXX object test_api/CMakeFiles/test_api.dir/torch_include.cpp.o
  [5338/5650] Building CXX object test_api/CMakeFiles/test_api.dir/tensor_indexing.cpp.o
  [5339/5650] Building CXX object test_api/CMakeFiles/test_api.dir/grad_mode.cpp.o
  [5340/5650] Building CXX object test_api/CMakeFiles/test_api.dir/modules.cpp.o
  [5341/5650] Building CXX object test_api/CMakeFiles/test_api.dir/inference_mode.cpp.o
  [5342/5650] Building CXX object test_api/CMakeFiles/test_api.dir/operations.cpp.o
  [5343/5650] Building CXX object test_api/CMakeFiles/test_api.dir/nested_int.cpp.o
  [5344/5650] Building CXX object test_api/CMakeFiles/test_api.dir/tensor.cpp.o
  [5345/5650] Building CXX object test_api/CMakeFiles/parallel_benchmark.dir/parallel_benchmark.cpp.o
  [5346/5650] Building CXX object caffe2/torch/CMakeFiles/torch_python.dir/csrc/autograd/generated/python_functions_1.cpp.o
  [5347/5650] Building CXX object caffe2/torch/CMakeFiles/torch_python.dir/csrc/autograd/generated/python_functions_0.cpp.o
  [5348/5650] Building CXX object caffe2/torch/CMakeFiles/torch_python.dir/csrc/autograd/generated/python_functions_2.cpp.o
  [5349/5650] Building CXX object caffe2/torch/CMakeFiles/torch_python.dir/csrc/autograd/generated/python_functions_3.cpp.o
  [5350/5650] Building CXX object caffe2/torch/CMakeFiles/torch_python.dir/csrc/autograd/generated/python_functions_4.cpp.o
  [5351/5650] Building CXX object caffe2/torch/CMakeFiles/torch_python.dir/csrc/autograd/generated/python_fft_functions.cpp.o
  [5352/5650] Building CXX object caffe2/torch/CMakeFiles/torch_python.dir/csrc/autograd/generated/python_nn_functions.cpp.o
  [5353/5650] Building CXX object caffe2/torch/CMakeFiles/torch_python.dir/csrc/autograd/generated/python_return_types.cpp.o
  [5354/5650] Building CXX object caffe2/torch/CMakeFiles/torch_python.dir/csrc/autograd/generated/python_nested_functions.cpp.o
  [5355/5650] Building CXX object caffe2/torch/CMakeFiles/torch_python.dir/csrc/autograd/generated/python_linalg_functions.cpp.o
  [5356/5650] Building CXX object caffe2/torch/CMakeFiles/torch_python.dir/csrc/autograd/generated/python_sparse_functions.cpp.o
  [5357/5650] Building CXX object caffe2/torch/CMakeFiles/torch_python.dir/csrc/autograd/generated/python_enum_tag.cpp.o
  [5358/5650] Building CXX object caffe2/torch/CMakeFiles/torch_python.dir/csrc/autograd/generated/python_special_functions.cpp.o
  [5359/5650] Building CXX object caffe2/torch/CMakeFiles/torch_python.dir/csrc/autograd/generated/python_torch_functions_1.cpp.o
  [5360/5650] Building CXX object caffe2/torch/CMakeFiles/torch_python.dir/csrc/autograd/generated/python_torch_functions_0.cpp.o
  [5361/5650] Building CXX object caffe2/torch/CMakeFiles/torch_python.dir/csrc/autograd/generated/python_variable_methods.cpp.o
  [5362/5650] Building CXX object caffe2/torch/CMakeFiles/torch_python.dir/csrc/DeviceAccelerator.cpp.o
  [5363/5650] Building CXX object caffe2/torch/CMakeFiles/torch_python.dir/csrc/autograd/generated/python_torch_functions_2.cpp.o
  [5364/5650] Building CXX object caffe2/torch/CMakeFiles/torch_python.dir/csrc/DataLoader.cpp.o
  [5365/5650] Building CXX object caffe2/torch/CMakeFiles/torch_python.dir/csrc/Device.cpp.o
  [5366/5650] Building CXX object caffe2/torch/CMakeFiles/torch_python.dir/csrc/Dtype.cpp.o
  [5367/5650] Building CXX object caffe2/torch/CMakeFiles/torch_python.dir/csrc/DynamicTypes.cpp.o
  [5368/5650] Building CXX object caffe2/torch/CMakeFiles/torch_python.dir/csrc/Layout.cpp.o
  [5369/5650] Building CXX object caffe2/torch/CMakeFiles/torch_python.dir/csrc/MemoryFormat.cpp.o
  [5370/5650] Building CXX object caffe2/torch/CMakeFiles/torch_python.dir/csrc/QScheme.cpp.o
  [5371/5650] Building CXX object caffe2/torch/CMakeFiles/torch_python.dir/csrc/PyInterpreterHooks.cpp.o
  [5372/5650] Building CXX object caffe2/torch/CMakeFiles/torch_python.dir/csrc/python_dimname.cpp.o
  [5373/5650] Building CXX object caffe2/torch/CMakeFiles/torch_python.dir/csrc/Size.cpp.o
  [5374/5650] Building CXX object test_lazy/CMakeFiles/test_lazy.dir/test_lazy_ops.cpp.o
  [5375/5650] Building CXX object caffe2/torch/CMakeFiles/torch_python.dir/csrc/Exceptions.cpp.o
  [5376/5650] Building CXX object caffe2/torch/CMakeFiles/torch_python.dir/csrc/Generator.cpp.o
  [5377/5650] Building CXX object caffe2/torch/CMakeFiles/torch_python.dir/csrc/Stream.cpp.o
  [5378/5650] Building CXX object caffe2/torch/CMakeFiles/torch_python.dir/csrc/PyInterpreter.cpp.o
  [5379/5650] Building CXX object caffe2/torch/CMakeFiles/torch_python.dir/csrc/Event.cpp.o
  [5380/5650] Building CXX object caffe2/torch/CMakeFiles/torch_python.dir/csrc/StorageSharing.cpp.o
  [5381/5650] Building CXX object caffe2/torch/CMakeFiles/torch_python.dir/csrc/functionalization/generated/ViewMetaClassesPythonBinding.cpp.o
  [5382/5650] Building CXX object caffe2/torch/CMakeFiles/torch_python.dir/csrc/Storage.cpp.o
  [5383/5650] Building CXX object caffe2/torch/CMakeFiles/torch_python.dir/csrc/StorageMethods.cpp.o
  [5384/5650] Building CXX object caffe2/torch/CMakeFiles/torch_python.dir/csrc/TypeInfo.cpp.o
  [5385/5650] Building CXX object caffe2/torch/CMakeFiles/torch_python.dir/csrc/autograd/python_anomaly_mode.cpp.o
  [5386/5650] Building CXX object caffe2/torch/CMakeFiles/torch_python.dir/csrc/Module.cpp.o
  [5387/5650] Building CXX object caffe2/torch/CMakeFiles/torch_python.dir/csrc/autograd/functions/init.cpp.o
  [5388/5650] Building CXX object caffe2/torch/CMakeFiles/torch_python.dir/csrc/autograd/python_cpp_function.cpp.o
  [5389/5650] Building CXX object caffe2/torch/CMakeFiles/torch_python.dir/csrc/api/src/python/init.cpp.o
  [5390/5650] Building CXX object caffe2/torch/CMakeFiles/torch_python.dir/csrc/autograd/python_saved_variable_hooks.cpp.o
  [5391/5650] Building CXX object caffe2/torch/CMakeFiles/torch_python.dir/csrc/autograd/profiler_python.cpp.o
  [5392/5650] Building CXX object caffe2/torch/CMakeFiles/torch_python.dir/csrc/acc/Module.cpp.o
  [5393/5650] Building CXX object caffe2/torch/CMakeFiles/torch_python.dir/csrc/autograd/python_engine.cpp.o
  [5394/5650] Building CXX object caffe2/torch/CMakeFiles/torch_python.dir/csrc/dynamo/cpp_shim.cpp.o
  [5395/5650] Building C object caffe2/torch/CMakeFiles/torch_python.dir/csrc/dynamo/cpython_defs.c.o
  [5396/5650] Building C object caffe2/torch/CMakeFiles/torch_python.dir/csrc/dynamo/eval_frame.c.o
  [5397/5650] Building CXX object caffe2/torch/CMakeFiles/torch_python.dir/csrc/autograd/python_hook.cpp.o
  [5398/5650] Building CXX object caffe2/torch/CMakeFiles/torch_python.dir/csrc/autograd/python_legacy_variable.cpp.o
  [5399/5650] Building CXX object caffe2/torch/CMakeFiles/torch_python.dir/csrc/dynamo/cache_entry.cpp.o
  [5400/5650] Building CXX object caffe2/torch/CMakeFiles/torch_python.dir/csrc/distributed/python_placement.cpp.o
  [5401/5650] Building CXX object caffe2/torch/CMakeFiles/torch_python.dir/csrc/autograd/python_torch_functions_manual.cpp.o
  [5402/5650] Building CXX object caffe2/torch/CMakeFiles/torch_python.dir/csrc/autograd/python_nested_functions_manual.cpp.o
  [5403/5650] Building CXX object caffe2/torch/CMakeFiles/torch_python.dir/csrc/autograd/init.cpp.o
  [5404/5650] Building C object caffe2/torch/CMakeFiles/torch_python.dir/csrc/dynamo/stackref_bridge.c.o
  [5405/5650] Building CXX object caffe2/torch/CMakeFiles/torch_python.dir/csrc/dynamo/eval_frame_cpp.cpp.o
  [5406/5650] Building CXX object caffe2/torch/CMakeFiles/torch_python.dir/csrc/dynamo/extra_state.cpp.o
  [5407/5650] Building CXX object caffe2/torch/CMakeFiles/torch_python.dir/csrc/fx/node.cpp.o
  [5408/5650] Building CXX object caffe2/torch/CMakeFiles/torch_python.dir/csrc/dynamo/framelocals_mapping.cpp.o
  [5409/5650] Building CXX object caffe2/torch/CMakeFiles/torch_python.dir/csrc/autograd/python_variable_indexing.cpp.o
  [5410/5650] Building CXX object caffe2/torch/CMakeFiles/torch_python.dir/csrc/dynamo/utils.cpp.o
  [5411/5650] Building CXX object caffe2/torch/CMakeFiles/torch_python.dir/csrc/autograd/python_function.cpp.o
  [5412/5650] Building CXX object caffe2/torch/CMakeFiles/torch_python.dir/csrc/export/example_upgraders.cpp.o
  [5413/5650] Building CXX object caffe2/torch/CMakeFiles/torch_python.dir/csrc/export/upgrader.cpp.o
  [5414/5650] Building CXX object caffe2/torch/CMakeFiles/torch_python.dir/csrc/dynamo/python_compiled_autograd.cpp.o
  [5415/5650] Building CXX object caffe2/torch/CMakeFiles/torch_python.dir/csrc/autograd/python_variable.cpp.o
  [5416/5650] Building CXX object caffe2/torch/CMakeFiles/torch_python.dir/csrc/inductor/static_launcher/cuda.cpp.o
  [5417/5650] Building CXX object caffe2/torch/CMakeFiles/torch_python.dir/csrc/inductor/static_launcher/xpu.cpp.o
  [5418/5650] Building CXX object caffe2/torch/CMakeFiles/torch_python.dir/csrc/inductor/resize_storage_bytes.cpp.o
  [5419/5650] Building CXX object caffe2/torch/CMakeFiles/torch_python.dir/csrc/inductor/aoti_package/pybind.cpp.o
  [5420/5650] Building CXX object caffe2/torch/CMakeFiles/torch_python.dir/csrc/dynamo/init.cpp.o
  [5421/5650] Building CXX object caffe2/torch/CMakeFiles/torch_python.dir/csrc/inductor/aoti_runner/pybind.cpp.o
  [5422/5650] Building CXX object caffe2/torch/CMakeFiles/torch_python.dir/csrc/mtia/Module.cpp.o
  [5423/5650] Building CXX object caffe2/torch/CMakeFiles/torch_python.dir/csrc/inductor/aoti_eager/kernel_meta_info.cpp.o
  [5424/5650] Building CXX object caffe2/torch/CMakeFiles/torch_python.dir/csrc/jit/passes/onnx/cast_all_constant_to_floating.cpp.o
  [5425/5650] Building CXX object caffe2/torch/CMakeFiles/torch_python.dir/csrc/mps/Module.cpp.o
  [5426/5650] Building CXX object caffe2/torch/CMakeFiles/torch_python.dir/csrc/inductor/aoti_eager/kernel_holder.cpp.o
  [5427/5650] Building CXX object caffe2/torch/CMakeFiles/torch_python.dir/csrc/jit/passes/onnx/deduplicate_initializers.cpp.o
  [5428/5650] Building CXX object caffe2/torch/CMakeFiles/torch_python.dir/csrc/jit/passes/onnx/eval_peephole.cpp.o
  [5429/5650] Building CXX object caffe2/torch/CMakeFiles/torch_python.dir/csrc/jit/passes/onnx/eliminate_unused_items.cpp.o
  [5430/5650] Building CXX object caffe2/torch/CMakeFiles/torch_python.dir/csrc/jit/passes/onnx/constant_fold.cpp.o
  [5431/5650] Building CXX object caffe2/torch/CMakeFiles/torch_python.dir/csrc/functorch/init.cpp.o
  [5432/5650] Building CXX object caffe2/torch/CMakeFiles/torch_python.dir/csrc/jit/passes/onnx/function_substitution.cpp.o
  [5433/5650] Building CXX object caffe2/torch/CMakeFiles/torch_python.dir/csrc/jit/passes/onnx/list_model_parameters.cpp.o
  [5434/5650] Building CXX object caffe2/torch/CMakeFiles/torch_python.dir/csrc/export/pybind.cpp.o
  [5435/5650] Building CXX object caffe2/torch/CMakeFiles/torch_python.dir/csrc/jit/passes/onnx/constant_map.cpp.o
  [5436/5650] Building CXX object caffe2/torch/CMakeFiles/torch_python.dir/csrc/jit/backends/backend_init.cpp.o
  [5437/5650] Building CXX object caffe2/torch/CMakeFiles/torch_python.dir/csrc/jit/passes/onnx/helper.cpp.o
  [5438/5650] Building CXX object caffe2/torch/CMakeFiles/torch_python.dir/csrc/jit/passes/onnx/prepare_division_for_onnx.cpp.o
  [5439/5650] Building CXX object caffe2/torch/CMakeFiles/torch_python.dir/csrc/jit/passes/onnx/preprocess_for_onnx.cpp.o
  [5440/5650] Building CXX object caffe2/torch/CMakeFiles/torch_python.dir/csrc/jit/passes/onnx/peephole.cpp.o
  [5441/5650] Building CXX object caffe2/torch/CMakeFiles/torch_python.dir/csrc/jit/passes/onnx/onnx_log.cpp.o
  [5442/5650] Building CXX object caffe2/torch/CMakeFiles/torch_python.dir/csrc/jit/passes/onnx.cpp.o
  [5443/5650] Building CXX object caffe2/torch/CMakeFiles/torch_python.dir/csrc/jit/passes/onnx/scalar_type_analysis.cpp.o
  [5444/5650] Building CXX object caffe2/torch/CMakeFiles/torch_python.dir/csrc/jit/passes/onnx/fixup_onnx_controlflow.cpp.o
  [5445/5650] Building CXX object caffe2/torch/CMakeFiles/torch_python.dir/csrc/jit/passes/onnx/remove_inplace_ops_for_onnx.cpp.o
  [5446/5650] Building CXX object caffe2/torch/CMakeFiles/torch_python.dir/csrc/jit/passes/onnx/naming.cpp.o
  [5447/5650] Building CXX object caffe2/torch/CMakeFiles/torch_python.dir/csrc/jit/passes/onnx/pattern_conversion/autograd_function_process.cpp.o
  [5448/5650] Building CXX object caffe2/torch/CMakeFiles/torch_python.dir/csrc/jit/passes/onnx/pattern_conversion/common.cpp.o
  [5449/5650] Building CXX object caffe2/torch/CMakeFiles/torch_python.dir/csrc/jit/passes/onnx/unpack_quantized_weights.cpp.o
  [5450/5650] Building CXX object caffe2/torch/CMakeFiles/torch_python.dir/csrc/jit/passes/onnx/pattern_conversion/pattern_encapsulation.cpp.o
  [5451/5650] Building CXX object caffe2/torch/CMakeFiles/torch_python.dir/csrc/jit/passes/onnx/function_extraction.cpp.o
  [5452/5650] Building CXX object caffe2/torch/CMakeFiles/torch_python.dir/csrc/dynamo/guards.cpp.o
  [5453/5650] Building CXX object caffe2/torch/CMakeFiles/torch_python.dir/csrc/jit/passes/onnx/pattern_conversion/pattern_conversion.cpp.o
  [5454/5650] Building CXX object caffe2/torch/CMakeFiles/torch_python.dir/csrc/jit/python/pybind_utils.cpp.o
  [5455/5650] Building CXX object caffe2/torch/CMakeFiles/torch_python.dir/csrc/jit/python/python_interpreter.cpp.o
  [5456/5650] Building CXX object caffe2/torch/CMakeFiles/torch_python.dir/csrc/jit/frontend/tree_views.cpp.o
  [5457/5650] Building CXX object caffe2/torch/CMakeFiles/torch_python.dir/csrc/jit/python/python_dict.cpp.o
  [5458/5650] Building CXX object caffe2/torch/CMakeFiles/torch_python.dir/csrc/jit/python/python_arg_flatten.cpp.o
  [5459/5650] Building CXX object caffe2/torch/CMakeFiles/torch_python.dir/csrc/jit/python/python_custom_class.cpp.o
  [5460/5650] Building CXX object caffe2/torch/CMakeFiles/torch_python.dir/csrc/jit/passes/onnx/shape_type_inference.cpp.o
  [5461/5650] Building CXX object caffe2/torch/CMakeFiles/torch_python.dir/csrc/jit/python/python_list.cpp.o
  [5462/5650] Building CXX object caffe2/torch/CMakeFiles/torch_python.dir/csrc/multiprocessing/init.cpp.o
  [5463/5650] Building CXX object caffe2/torch/CMakeFiles/torch_python.dir/csrc/jit/frontend/concrete_module_type.cpp.o
  [5464/5650] Building CXX object caffe2/torch/CMakeFiles/torch_python.dir/csrc/jit/python/python_tracer.cpp.o
  [5465/5650] Building CXX object caffe2/torch/CMakeFiles/torch_python.dir/csrc/jit/python/init.cpp.o
  [5466/5650] Building CXX object caffe2/torch/CMakeFiles/torch_python.dir/csrc/monitor/python_init.cpp.o
  [5467/5650] Building CXX object caffe2/torch/CMakeFiles/torch_python.dir/csrc/jit/runtime/static/init.cpp.o
  [5468/5650] Building CXX object caffe2/torch/CMakeFiles/torch_python.dir/csrc/jit/python/python_tree_views.cpp.o
  [5469/5650] Building CXX object caffe2/torch/CMakeFiles/torch_python.dir/csrc/jit/python/python_sugared_value.cpp.o
  [5470/5650] Building CXX object caffe2/torch/CMakeFiles/torch_python.dir/csrc/profiler/python/combined_traceback.cpp.o
  [5471/5650] Building CXX object caffe2/torch/CMakeFiles/torch_python.dir/csrc/utils/device_lazy_init.cpp.o
  [5472/5650] Building CXX object caffe2/torch/CMakeFiles/torch_python.dir/csrc/utils/invalid_arguments.cpp.o
  [5473/5650] Building CXX object caffe2/torch/CMakeFiles/torch_python.dir/csrc/tensor/python_tensor.cpp.o
  [5474/5650] Building CXX object caffe2/torch/CMakeFiles/torch_python.dir/csrc/utils/object_ptr.cpp.o
  [5475/5650] Building CXX object caffe2/torch/CMakeFiles/torch_python.dir/csrc/serialization.cpp.o
  [5476/5650] Building CXX object caffe2/torch/CMakeFiles/torch_python.dir/csrc/jit/python/python_ir.cpp.o
  [5477/5650] Building CXX object caffe2/torch/CMakeFiles/torch_python.dir/csrc/onnx/init.cpp.o
  [5478/5650] Building CXX object caffe2/torch/CMakeFiles/torch_python.dir/csrc/utils/pyobject_preservation.cpp.o
  [5479/5650] Building CXX object caffe2/torch/CMakeFiles/torch_python.dir/csrc/profiler/python/init.cpp.o
  [5480/5650] Building CXX object caffe2/torch/CMakeFiles/torch_python.dir/csrc/utils/structseq.cpp.o
  [5481/5650] Building CXX object caffe2/torch/CMakeFiles/torch_python.dir/csrc/utils/init.cpp.o
  [5482/5650] Building CXX object caffe2/torch/CMakeFiles/torch_python.dir/csrc/utils/throughput_benchmark.cpp.o
  [5483/5650] Building CXX object caffe2/torch/CMakeFiles/torch_python.dir/csrc/utils.cpp.o
  [5484/5650] Building CXX object caffe2/torch/CMakeFiles/torch_python.dir/csrc/utils/python_symnode.cpp.o
  [5485/5650] Building CXX object caffe2/torch/CMakeFiles/torch_python.dir/csrc/utils/pybind.cpp.o
  [5486/5650] Building CXX object caffe2/torch/CMakeFiles/torch_python.dir/csrc/utils/tensor_dtypes.cpp.o
  [5487/5650] Building CXX object caffe2/torch/CMakeFiles/torch_python.dir/csrc/utils/tensor_layouts.cpp.o
  [5488/5650] Building CXX object caffe2/torch/CMakeFiles/torch_python.dir/csrc/utils/tensor_memoryformats.cpp.o
  [5489/5650] Building CXX object caffe2/torch/CMakeFiles/torch_python.dir/csrc/utils/tensor_qschemes.cpp.o
  [5490/5650] Building CXX object caffe2/torch/CMakeFiles/torch_python.dir/csrc/jit/tensorexpr/tensorexpr_init.cpp.o
  [5491/5650] Building CXX object caffe2/torch/CMakeFiles/torch_python.dir/csrc/utils/nested.cpp.o
  [5492/5650] Building CXX object caffe2/torch/CMakeFiles/torch_python.dir/csrc/utils/tensor_types.cpp.o
  [5493/5650] Building CXX object caffe2/torch/CMakeFiles/torch_python.dir/csrc/utils/tensor_apply.cpp.o
  [5494/5650] Building CXX object caffe2/torch/CMakeFiles/torch_python.dir/csrc/utils/verbose.cpp.o
  [5495/5650] Building CXX object caffe2/torch/CMakeFiles/torch_python.dir/csrc/utils/python_arg_parser.cpp.o
  [5496/5650] Building CXX object caffe2/torch/CMakeFiles/torch_python.dir/csrc/utils/tensor_list.cpp.o
  [5497/5650] Building CXX object caffe2/torch/CMakeFiles/torch_python.dir/csrc/jit/python/script_init.cpp.o
  [5498/5650] Linking CXX shared library lib/libshm.dylib
  [5499/5650] Building CXX object caffe2/torch/CMakeFiles/torch_python.dir/csrc/cpu/Module.cpp.o
  [5500/5650] Linking CXX static library lib/libprotobuf-lite.a
  [5501/5650] Building CXX object caffe2/torch/lib/libshm/CMakeFiles/torch_shm_manager.dir/manager.cpp.o
  [5502/5650] Linking C static library lib/libcpuinfo_internals.a
  [5503/5650] Linking C static library lib/libnnpack_reference_layers.a
  [5504/5650] Linking CXX static library lib/libgmock_main.a
  [5505/5650] Linking CXX static library lib/libbenchmark_main.a
  [5506/5650] Building CXX object caffe2/torch/CMakeFiles/torch_python.dir/csrc/instruction_counter/Module.cpp.o
  [5507/5650] Linking CXX static library lib/libfmt.a
  [5508/5650] Linking CXX executable bin/c10_AllocatorConfig_test
  ld: warning: ignoring duplicate libraries: 'lib/libgtest.a'
  [5509/5650] Linking CXX executable bin/c10_CompileTimeFunctionPointer_test
  ld: warning: ignoring duplicate libraries: 'lib/libgtest.a'
  [5510/5650] Linking C static library lib/libmicrokernels-all.a
  [5511/5650] Linking CXX executable bin/c10_DeviceGuard_test
  ld: warning: ignoring duplicate libraries: 'lib/libgtest.a'
  [5512/5650] Linking CXX executable bin/c10_Device_test
  ld: warning: ignoring duplicate libraries: 'lib/libgtest.a'
  [5513/5650] Linking CXX executable bin/c10_DispatchKeySet_test
  ld: warning: ignoring duplicate libraries: 'lib/libgtest.a'
  [5514/5650] Linking CXX executable bin/c10_Scalar_test
  ld: warning: ignoring duplicate libraries: 'lib/libgtest.a'
  [5515/5650] Linking CXX executable bin/c10_StreamGuard_test
  ld: warning: ignoring duplicate libraries: 'lib/libgtest.a'
  [5516/5650] Linking CXX executable bin/c10_SymInt_test
  ld: warning: ignoring duplicate libraries: 'lib/libgtest.a'
  [5517/5650] Building CXX object caffe2/torch/CMakeFiles/torch_python.dir/csrc/utils/disable_torch_function.cpp.o
  [5518/5650] Linking CXX executable bin/c10_InlineDeviceGuard_test
  ld: warning: ignoring duplicate libraries: 'lib/libgtest.a'
  [5519/5650] Linking CXX executable bin/c10_InlineStreamGuard_test
  ld: warning: ignoring duplicate libraries: 'lib/libgtest.a'
  [5520/5650] Linking CXX executable bin/c10_SizesAndStrides_test
  ld: warning: ignoring duplicate libraries: 'lib/libgtest.a'
  [5521/5650] Linking CXX executable bin/c10_cow_test
  ld: warning: ignoring duplicate libraries: 'lib/libgtest.a'
  [5522/5650] Linking CXX executable bin/c10_ArrayRef_test
  ld: warning: ignoring duplicate libraries: 'lib/libgtest.a'
  [5523/5650] Linking CXX executable bin/c10_Bitset_test
  ld: warning: ignoring duplicate libraries: 'lib/libgtest.a'
  [5524/5650] Linking CXX executable bin/c10_ConstexprCrc_test
  ld: warning: ignoring duplicate libraries: 'lib/libgtest.a'
  [5525/5650] Linking CXX executable bin/c10_DeadlockDetection_test
  ld: warning: ignoring duplicate libraries: 'lib/libgtest.a'
  [5526/5650] Linking CXX executable bin/c10_Enumerate_test
  ld: warning: ignoring duplicate libraries: 'lib/libgtest.a'
  [5527/5650] Linking CXX executable bin/c10_Half_test
  ld: warning: ignoring duplicate libraries: 'lib/libgtest.a'
  [5528/5650] Linking CXX executable bin/c10_Semaphore_test
  ld: warning: ignoring duplicate libraries: 'lib/libgtest.a'
  [5529/5650] Linking CXX executable bin/c10_NetworkFlow_test
  ld: warning: ignoring duplicate libraries: 'lib/libgtest.a'
  [5530/5650] Linking CXX executable bin/c10_LeftRight_test
  ld: warning: ignoring duplicate libraries: 'lib/libgtest.a'
  [5531/5650] Linking CXX executable bin/c10_IntrusiveList_test
  ld: warning: ignoring duplicate libraries: 'lib/libgtest.a'
  [5532/5650] Linking CXX executable bin/c10_TypeIndex_test
  ld: warning: ignoring duplicate libraries: 'lib/libgtest.a'
  [5533/5650] Linking CXX executable bin/c10_ThreadLocal_test
  ld: warning: ignoring duplicate libraries: 'lib/libgtest.a'
  [5534/5650] Linking CXX executable bin/c10_Synchronized_test
  ld: warning: ignoring duplicate libraries: 'lib/libgtest.a'
  [5535/5650] Linking CXX executable bin/c10_WaitCounter_test
  ld: warning: ignoring duplicate libraries: 'lib/libgtest.a'
  [5536/5650] Linking CXX executable bin/c10_accumulate_test
  ld: warning: ignoring duplicate libraries: 'lib/libgtest.a'
  [5537/5650] Linking CXX executable bin/c10_bit_cast_test
  ld: warning: ignoring duplicate libraries: 'lib/libgtest.a'
  [5538/5650] Linking CXX executable bin/c10_bfloat16_test
  ld: warning: ignoring duplicate libraries: 'lib/libgtest.a'
  [5539/5650] Linking CXX executable bin/c10_complex_math_test
  ld: warning: ignoring duplicate libraries: 'lib/libgtest.a'
  [5540/5650] Linking CXX executable bin/c10_error_test
  ld: warning: ignoring duplicate libraries: 'lib/libgtest.a'
  [5541/5650] Linking CXX executable bin/c10_exception_test
  ld: warning: ignoring duplicate libraries: 'lib/libgtest.a'
  [5542/5650] Linking CXX executable bin/c10_complex_test
  ld: warning: ignoring duplicate libraries: 'lib/libgtest.a'
  [5543/5650] Linking CXX executable bin/c10_flags_test
  ld: warning: ignoring duplicate libraries: 'lib/libgtest.a'
  [5544/5650] Linking CXX executable bin/c10_generic_math_test
  ld: warning: ignoring duplicate libraries: 'lib/libgtest.a'
  [5545/5650] Linking CXX executable bin/c10_irange_test
  ld: warning: ignoring duplicate libraries: 'lib/libgtest.a'
  [5546/5650] Linking CXX executable bin/c10_intrusive_ptr_test
  ld: warning: ignoring duplicate libraries: 'lib/libgtest.a'
  [5547/5650] Linking CXX executable bin/c10_lazy_test
  ld: warning: ignoring duplicate libraries: 'lib/libgtest.a'
  [5548/5650] Linking CXX executable bin/c10_nofatal_test
  ld: warning: ignoring duplicate libraries: 'lib/libgtest.a'
  [5549/5650] Linking CXX executable bin/c10_logging_test
  ld: warning: ignoring duplicate libraries: 'lib/libgtest.a'
  [5550/5650] Linking CXX executable bin/c10_optional_test
  ld: warning: ignoring duplicate libraries: 'lib/libgtest.a'
  [5551/5650] Linking CXX executable bin/c10_ordered_preserving_dict_test
  ld: warning: ignoring duplicate libraries: 'lib/libgtest.a'
  [5552/5650] Linking CXX executable bin/c10_ssize_test
  ld: warning: ignoring duplicate libraries: 'lib/libgtest.a'
  [5553/5650] Linking CXX executable bin/c10_registry_test
  ld: warning: ignoring duplicate libraries: 'lib/libgtest.a'
  [5554/5650] Linking CXX executable bin/c10_small_vector_test
  ld: warning: ignoring duplicate libraries: 'lib/libgtest.a'
  [5555/5650] Linking CXX executable bin/c10_string_util_test
  ld: warning: ignoring duplicate libraries: 'lib/libgtest.a'
  [5556/5650] Linking CXX executable bin/c10_typeid_test
  ld: warning: ignoring duplicate libraries: 'lib/libgtest.a'
  [5557/5650] Linking CXX executable bin/c10_string_view_test
  ld: warning: ignoring duplicate libraries: 'lib/libgtest.a'
  [5558/5650] Linking CXX executable bin/c10_tempfile_test
  ld: warning: ignoring duplicate libraries: 'lib/libgtest.a'
  [5559/5650] Linking CXX executable bin/c10_cpp17_header_build_test
  ld: warning: ignoring duplicate libraries: 'lib/libgtest.a'
  [5560/5650] Linking CXX executable bin/c10_intrusive_ptr_benchmark
  [5561/5650] Linking CXX executable bin/vec_test_all_types_DEFAULT
  [5562/5650] Linking C shared library lib/libtorch_global_deps.dylib
  [5563/5650] Linking CXX executable bin/Dict_test
  ld: warning: ignoring duplicate libraries: '-lc++', 'lib/libgtest.a'
  [5564/5650] Linking CXX executable bin/Dimname_test
  ld: warning: ignoring duplicate libraries: '-lc++', 'lib/libgtest.a'
  [5565/5650] Linking CXX executable bin/MaybeOwned_test
  ld: warning: ignoring duplicate libraries: '-lc++', 'lib/libgtest.a'
  [5566/5650] Linking CXX executable bin/apply_utils_test
  ld: warning: ignoring duplicate libraries: '-lc++', 'lib/libgtest.a'
  [5567/5650] Linking CXX executable bin/NamedTensor_test
  ld: warning: ignoring duplicate libraries: '-lc++', 'lib/libgtest.a'
  [5568/5650] Linking CXX executable bin/atest
  ld: warning: ignoring duplicate libraries: '-lc++', 'lib/libgtest.a'
  [5569/5650] Linking CXX executable bin/basic
  ld: warning: ignoring duplicate libraries: '-lc++', 'lib/libgtest.a'
  [5570/5650] Linking CXX executable bin/broadcast_test
  ld: warning: ignoring duplicate libraries: '-lc++', 'lib/libgtest.a'
  [5571/5650] Linking CXX executable bin/cpu_allocator_test
  ld: warning: ignoring duplicate libraries: '-lc++', 'lib/libgtest.a'
  [5572/5650] Linking CXX executable bin/cpu_generator_test
  ld: warning: ignoring duplicate libraries: '-lc++', 'lib/libgtest.a'
  [5573/5650] Linking CXX executable bin/cpu_profiling_allocator_test
  ld: warning: ignoring duplicate libraries: '-lc++', 'lib/libgtest.a'
  [5574/5650] Linking CXX executable bin/dlconvertor_test
  ld: warning: ignoring duplicate libraries: '-lc++', 'lib/libgtest.a'
  [5575/5650] Linking CXX executable bin/cpu_rng_test
  ld: warning: ignoring duplicate libraries: '-lc++', 'lib/libgtest.a'
  [5576/5650] Linking CXX executable bin/extension_backend_test
  ld: warning: ignoring duplicate libraries: '-lc++', 'lib/libgtest.a'
  [5577/5650] Linking CXX executable bin/half_test
  ld: warning: ignoring duplicate libraries: '-lc++', 'lib/libgtest.a'
  [5578/5650] Linking CXX executable bin/lazy_tensor_test
  ld: warning: ignoring duplicate libraries: '-lc++', 'lib/libgtest.a'
  [5579/5650] Linking CXX executable bin/ivalue_test
  ld: warning: ignoring duplicate libraries: '-lc++', 'lib/libgtest.a'
  [5580/5650] Linking CXX executable bin/math_kernel_test
  ld: warning: ignoring duplicate libraries: '-lc++', 'lib/libgtest.a'
  [5581/5650] Linking CXX executable bin/memory_format_test
  ld: warning: ignoring duplicate libraries: '-lc++', 'lib/libgtest.a'
  [5582/5650] Linking CXX executable bin/memory_overlapping_test
  ld: warning: ignoring duplicate libraries: '-lc++', 'lib/libgtest.a'
  [5583/5650] Linking CXX executable bin/mobile_memory_cleanup
  ld: warning: ignoring duplicate libraries: '-lc++', 'lib/libgtest.a'
  [5584/5650] Linking CXX executable bin/operator_name_test
  ld: warning: ignoring duplicate libraries: '-lc++', 'lib/libgtest.a'
  [5585/5650] Linking CXX executable bin/native_test
  ld: warning: ignoring duplicate libraries: '-lc++', 'lib/libgtest.a'
  [5586/5650] Building CXX object caffe2/torch/CMakeFiles/torch_python.dir/csrc/utils/python_dispatch.cpp.o
  [5587/5650] Linking CXX executable bin/operators_test
  ld: warning: ignoring duplicate libraries: '-lc++', 'lib/libgtest.a'
  [5588/5650] Linking CXX executable bin/packedtensoraccessor_test
  ld: warning: ignoring duplicate libraries: '-lc++', 'lib/libgtest.a'
  [5589/5650] Linking CXX executable bin/quantized_test
  ld: warning: ignoring duplicate libraries: '-lc++', 'lib/libgtest.a'
  [5590/5650] Linking CXX executable bin/pow_test
  ld: warning: ignoring duplicate libraries: '-lc++', 'lib/libgtest.a'
  [5591/5650] Linking CXX executable bin/reduce_ops_test
  ld: warning: ignoring duplicate libraries: '-lc++', 'lib/libgtest.a'
  [5592/5650] Linking CXX executable bin/scalar_tensor_test
  ld: warning: ignoring duplicate libraries: '-lc++', 'lib/libgtest.a'
  [5593/5650] Linking CXX executable bin/reportMemoryUsage_test
  ld: warning: ignoring duplicate libraries: '-lc++', 'lib/libgtest.a'
  [5594/5650] Linking CXX executable bin/scalar_test
  ld: warning: ignoring duplicate libraries: '-lc++', 'lib/libgtest.a'
  [5595/5650] Linking CXX executable bin/StorageUtils_test
  ld: warning: ignoring duplicate libraries: '-lc++', 'lib/libgtest.a'
  [5596/5650] Linking CXX executable bin/test_parallel
  ld: warning: ignoring duplicate libraries: '-lc++', 'lib/libgtest.a'
  [5597/5650] Linking CXX executable bin/stride_properties_test
  ld: warning: ignoring duplicate libraries: '-lc++', 'lib/libgtest.a'
  [5598/5650] Linking CXX executable bin/tensor_iterator_test
  ld: warning: ignoring duplicate libraries: '-lc++', 'lib/libgtest.a'
  [5599/5650] Linking CXX executable bin/thread_init_test
  ld: warning: ignoring duplicate libraries: '-lc++', 'lib/libgtest.a'
  [5600/5650] Linking CXX executable bin/type_ptr_test
  ld: warning: ignoring duplicate libraries: '-lc++', 'lib/libgtest.a'
  [5601/5650] Linking CXX executable bin/undefined_tensor_test
  ld: warning: ignoring duplicate libraries: '-lc++', 'lib/libgtest.a'
  [5602/5650] Linking CXX executable bin/type_test
  ld: warning: ignoring duplicate libraries: '-lc++', 'lib/libgtest.a'
  [5603/5650] Linking CXX executable bin/verify_api_visibility
  ld: warning: ignoring duplicate libraries: '-lc++', 'lib/libgtest.a'
  [5604/5650] Linking CXX executable bin/xla_tensor_test
  ld: warning: ignoring duplicate libraries: '-lc++', 'lib/libgtest.a'
  [5605/5650] Linking CXX executable bin/weakref_test
  ld: warning: ignoring duplicate libraries: '-lc++', 'lib/libgtest.a'
  [5606/5650] Linking CXX executable bin/legacy_vmap_test
  ld: warning: ignoring duplicate libraries: '-lc++', 'lib/libgtest.a'
  [5607/5650] Linking CXX executable bin/IListRef_test
  ld: warning: ignoring duplicate libraries: '-lc++', 'lib/libgtest.a'
  [5608/5650] Linking CXX executable bin/wrapdim_test
  ld: warning: ignoring duplicate libraries: '-lc++', 'lib/libgtest.a'
  [5609/5650] Linking CXX executable bin/List_test
  ld: warning: ignoring duplicate libraries: '-lc++', 'lib/libgtest.a'
  [5610/5650] Linking CXX executable bin/KernelFunction_test
  ld: warning: ignoring duplicate libraries: '-lc++', 'lib/libgtest.a'
  [5611/5650] Linking CXX executable bin/kernel_function_legacy_test
  ld: warning: ignoring duplicate libraries: '-lc++', 'lib/libgtest.a'
  [5612/5650] Linking CXX executable bin/kernel_function_test
  ld: warning: ignoring duplicate libraries: '-lc++', 'lib/libgtest.a'
  [5613/5650] Linking CXX executable bin/kernel_lambda_legacy_test
  ld: warning: ignoring duplicate libraries: '-lc++', 'lib/libgtest.a'
  [5614/5650] Linking CXX executable bin/kernel_lambda_test
  ld: warning: ignoring duplicate libraries: '-lc++', 'lib/libgtest.a'
  [5615/5650] Linking CXX executable bin/kernel_stackbased_test
  ld: warning: ignoring duplicate libraries: '-lc++', 'lib/libgtest.a'
  [5616/5650] Linking CXX executable bin/make_boxed_from_unboxed_functor_test
  ld: warning: ignoring duplicate libraries: '-lc++', 'lib/libgtest.a'
  [5617/5650] Linking CXX executable bin/backend_fallback_test
  ld: warning: ignoring duplicate libraries: '-lc++', 'lib/libgtest.a'
  [5618/5650] Linking CXX executable bin/CppSignature_test
  ld: warning: ignoring duplicate libraries: '-lc++', 'lib/libgtest.a'
  [5619/5650] Building CXX object caffe2/torch/CMakeFiles/torch_python.dir/csrc/functionalization/Module.cpp.o
  [5620/5650] Linking CXX executable bin/op_allowlist_test
  ld: warning: ignoring duplicate libraries: '-lc++', 'lib/libgtest.a'
  [5621/5650] Linking CXX executable bin/op_registration_test
  ld: warning: ignoring duplicate libraries: '-lc++', 'lib/libgtest.a'
  [5622/5650] Linking CXX executable bin/inline_container_test
  ld: warning: ignoring duplicate libraries: '-lc++', 'lib/libgtest.a'
  [5623/5650] Linking CXX executable bin/mps_test_print
  [5624/5650] Linking CXX executable bin/mps_test_allocator
  [5625/5650] Linking C executable sleef/bin/mkmasked_gnuabi
  [5626/5650] Linking C executable sleef/bin/mkrename_gnuabi
  [5627/5650] Linking CXX executable bin/mps_test_metal_library
  [5628/5650] Linking C executable sleef/bin/addSuffix
  [5629/5650] Linking CXX executable bin/mps_test_objc_interface
  [5630/5650] Building C object sleef/src/common/CMakeFiles/arraymap.dir/arraymap.c.o
  [5631/5650] Linking CXX shared library lib/libtorchbind_test.dylib
  [5632/5650] Linking CXX executable bin/test_lazy
  [5633/5650] Linking CXX executable bin/test_aoti_abi_check
  [5634/5650] Linking CXX executable bin/test_vec_half_DEFAULT
  [5635/5650] Linking CXX executable bin/test_jit
  [5636/5650] Linking CXX shared library lib/libaoti_custom_ops.dylib
  [5637/5650] Linking CXX executable bin/torch_shm_manager
  [5638/5650] Linking CXX executable bin/parallel_benchmark
  [5639/5650] Linking CXX executable bin/test_api
  [5640/5650] Building CXX object caffe2/torch/CMakeFiles/torch_python.dir/csrc/lazy/python/python_util.cpp.o
  [5641/5650] Building CXX object caffe2/torch/CMakeFiles/torch_python.dir/csrc/utils/tensor_new.cpp.o
  [5642/5650] Building CXX object caffe2/torch/CMakeFiles/torch_python.dir/csrc/utils/tensor_numpy.cpp.o
  [5643/5650] Building CXX object caffe2/torch/CMakeFiles/torch_python.dir/__/test/cpp/jit/torch_python_test.cpp.o
  [5644/5650] Building CXX object caffe2/torch/CMakeFiles/torch_python.dir/nativert/python/Bindings.cpp.o
  [5645/5650] Building CXX object caffe2/torch/CMakeFiles/torch_python.dir/csrc/lazy/python/init.cpp.o
  [5646/5650] Linking CXX shared library lib/libtorch_python.dylib
  [5646/5650] Install the project...
  -- Install configuration: "Release"
  /opt/homebrew/anaconda3/envs/test/lib/python3.10/site-packages/setuptools/config/_apply_pyprojecttoml.py:82: SetuptoolsDeprecationWarning: `project.license` as a TOML table is deprecated
  !!

          ********************************************************************************
          Please use a simple string containing a SPDX expression for `project.license`. You can also use `project.license-files`. (Both options available on setuptools>=77.0.0).

          By 2027-Feb-18, you need to update your project and remove deprecated calls
          or your builds will no longer be supported.

          See https://packaging.python.org/en/latest/guides/writing-pyproject-toml/#license for details.
          ********************************************************************************

  !!
    corresp(dist, value, root_dir)
  -- Checkout nccl release tag: v2.28.9-1
  running editable_wheel
  creating /private/var/folders/wp/nzhddn0d4qbct1bgrq21kpq80000gn/T/pip-ephem-wheel-cache-y8_078ul/wheels/fa/7a/fb/0cb9bca8c3fce17cc359082fda159ada0fed0b260098265f02/tmpp3g_vhkg/.tmp-t19y7oz6/torch.egg-info
  writing /private/var/folders/wp/nzhddn0d4qbct1bgrq21kpq80000gn/T/pip-ephem-wheel-cache-y8_078ul/wheels/fa/7a/fb/0cb9bca8c3fce17cc359082fda159ada0fed0b260098265f02/tmpp3g_vhkg/.tmp-t19y7oz6/torch.egg-info/PKG-INFO
  writing dependency_links to /private/var/folders/wp/nzhddn0d4qbct1bgrq21kpq80000gn/T/pip-ephem-wheel-cache-y8_078ul/wheels/fa/7a/fb/0cb9bca8c3fce17cc359082fda159ada0fed0b260098265f02/tmpp3g_vhkg/.tmp-t19y7oz6/torch.egg-info/dependency_links.txt
  writing entry points to /private/var/folders/wp/nzhddn0d4qbct1bgrq21kpq80000gn/T/pip-ephem-wheel-cache-y8_078ul/wheels/fa/7a/fb/0cb9bca8c3fce17cc359082fda159ada0fed0b260098265f02/tmpp3g_vhkg/.tmp-t19y7oz6/torch.egg-info/entry_points.txt
  writing requirements to /private/var/folders/wp/nzhddn0d4qbct1bgrq21kpq80000gn/T/pip-ephem-wheel-cache-y8_078ul/wheels/fa/7a/fb/0cb9bca8c3fce17cc359082fda159ada0fed0b260098265f02/tmpp3g_vhkg/.tmp-t19y7oz6/torch.egg-info/requires.txt
  writing top-level names to /private/var/folders/wp/nzhddn0d4qbct1bgrq21kpq80000gn/T/pip-ephem-wheel-cache-y8_078ul/wheels/fa/7a/fb/0cb9bca8c3fce17cc359082fda159ada0fed0b260098265f02/tmpp3g_vhkg/.tmp-t19y7oz6/torch.egg-info/top_level.txt
  writing manifest file '/private/var/folders/wp/nzhddn0d4qbct1bgrq21kpq80000gn/T/pip-ephem-wheel-cache-y8_078ul/wheels/fa/7a/fb/0cb9bca8c3fce17cc359082fda159ada0fed0b260098265f02/tmpp3g_vhkg/.tmp-t19y7oz6/torch.egg-info/SOURCES.txt'
  reading manifest file '/private/var/folders/wp/nzhddn0d4qbct1bgrq21kpq80000gn/T/pip-ephem-wheel-cache-y8_078ul/wheels/fa/7a/fb/0cb9bca8c3fce17cc359082fda159ada0fed0b260098265f02/tmpp3g_vhkg/.tmp-t19y7oz6/torch.egg-info/SOURCES.txt'
  reading manifest template 'MANIFEST.in'
  warning: no directories found matching 'ios'
  no previously-included directories found matching 'third_party/opentelemetry-cpp/third_party/prometheus-cpp/cmake/project-import-*'
  no previously-included directories found matching '**/.gitlab'
  warning: no previously-included files matching '*.o' found anywhere in distribution
  warning: no previously-included files matching '*.obj' found anywhere in distribution
  warning: no previously-included files matching '*.so' found anywhere in distribution
  warning: no previously-included files matching '*.swp' found anywhere in distribution
  warning: no previously-included files matching '*~' found anywhere in distribution
  adding license file 'LICENSE'
  adding license file 'NOTICE'
  writing manifest file '/private/var/folders/wp/nzhddn0d4qbct1bgrq21kpq80000gn/T/pip-ephem-wheel-cache-y8_078ul/wheels/fa/7a/fb/0cb9bca8c3fce17cc359082fda159ada0fed0b260098265f02/tmpp3g_vhkg/.tmp-t19y7oz6/torch.egg-info/SOURCES.txt'
  creating '/private/var/folders/wp/nzhddn0d4qbct1bgrq21kpq80000gn/T/pip-ephem-wheel-cache-y8_078ul/wheels/fa/7a/fb/0cb9bca8c3fce17cc359082fda159ada0fed0b260098265f02/tmpp3g_vhkg/.tmp-t19y7oz6/torch-2.11.0a0+git8a9a7f5.dist-info'
  creating /private/var/folders/wp/nzhddn0d4qbct1bgrq21kpq80000gn/T/pip-ephem-wheel-cache-y8_078ul/wheels/fa/7a/fb/0cb9bca8c3fce17cc359082fda159ada0fed0b260098265f02/tmpp3g_vhkg/.tmp-t19y7oz6/torch-2.11.0a0+git8a9a7f5.dist-info/WHEEL
  running build_py
  running build_ext
  -- Building with NumPy bindings
  -- Not using cuDNN
  -- Not using CUDA
  -- Not using XPU
  -- Not using MKLDNN
  -- Not using NCCL
  -- Building with distributed package:
    -- USE_TENSORPIPE=False
    -- USE_GLOO=False
    -- USE_MPI=False
  -- Not using ITT
  building 'torch._C' extension
  creating /var/folders/wp/nzhddn0d4qbct1bgrq21kpq80000gn/T/tmpr9kel8uj.build-temp/torch/csrc
  clang -Wno-unused-result -Wsign-compare -Wunreachable-code -DNDEBUG -fwrapv -O2 -Wall -fPIC -O2 -isystem /opt/homebrew/anaconda3/envs/test/include -arch arm64 -fPIC -O2 -isystem /opt/homebrew/anaconda3/envs/test/include -arch arm64 -I/opt/homebrew/anaconda3/envs/test/include/python3.10 -c torch/csrc/stub.c -o /var/folders/wp/nzhddn0d4qbct1bgrq21kpq80000gn/T/tmpr9kel8uj.build-temp/torch/csrc/stub.o -Wall -Wextra -Wno-strict-overflow -Wno-unused-parameter -Wno-missing-field-initializers -Wno-unknown-pragmas -fno-strict-aliasing
  creating /var/folders/wp/nzhddn0d4qbct1bgrq21kpq80000gn/T/tmp82f6nugk.build-lib/torch
  clang -bundle -undefined dynamic_lookup -Wl,-rpath,/opt/homebrew/anaconda3/envs/test/lib -L/opt/homebrew/anaconda3/envs/test/lib -Wl,-rpath,/opt/homebrew/anaconda3/envs/test/lib -L/opt/homebrew/anaconda3/envs/test/lib /var/folders/wp/nzhddn0d4qbct1bgrq21kpq80000gn/T/tmpr9kel8uj.build-temp/torch/csrc/stub.o -L/Users/wen/test/pytorch/torch/lib -ltorch_python -o /var/folders/wp/nzhddn0d4qbct1bgrq21kpq80000gn/T/tmp82f6nugk.build-lib/torch/_C.cpython-310-darwin.so -Wl,-rpath,@loader_path/lib
  ld: warning: duplicate -rpath '/opt/homebrew/anaconda3/envs/test/lib' ignored
  copying /var/folders/wp/nzhddn0d4qbct1bgrq21kpq80000gn/T/tmp82f6nugk.build-lib/torch/_C.cpython-310-darwin.so -> torch
  setup.py::get_outputs returning ['/var/folders/wp/nzhddn0d4qbct1bgrq21kpq80000gn/T/tmp82f6nugk.build-lib/torch/_C.cpython-310-darwin.so', '/var/folders/wp/nzhddn0d4qbct1bgrq21kpq80000gn/T/tmp82f6nugk.build-lib/caffe2']
  Editable install will be performed using a meta path finder.

  Options like `package-data`, `include/exclude-package-data` or
  `packages.find.exclude/include` may have no effect.

  adding '__editable___torch_2_11_0a0_git8a9a7f5_finder.py'
  adding '__editable__.torch-2.11.0a0+git8a9a7f5.pth'
  creating '/private/var/folders/wp/nzhddn0d4qbct1bgrq21kpq80000gn/T/pip-ephem-wheel-cache-y8_078ul/wheels/fa/7a/fb/0cb9bca8c3fce17cc359082fda159ada0fed0b260098265f02/tmpp3g_vhkg/.tmp-t19y7oz6/torch-2.11.0a0+git8a9a7f5-0.editable-cp310-cp310-macosx_12_0_arm64.whl' and adding '/var/folders/wp/nzhddn0d4qbct1bgrq21kpq80000gn/T/tmpi8cghv_utorch-2.11.0a0+git8a9a7f5-0.editable-cp310-cp310-macosx_12_0_arm64.whl' to it
  adding 'torch-2.11.0a0+git8a9a7f5.dist-info/licenses/LICENSE'
  adding 'torch-2.11.0a0+git8a9a7f5.dist-info/licenses/NOTICE'
  adding 'torch-2.11.0a0+git8a9a7f5.dist-info/METADATA'
  adding 'torch-2.11.0a0+git8a9a7f5.dist-info/WHEEL'
  adding 'torch-2.11.0a0+git8a9a7f5.dist-info/entry_points.txt'
  adding 'torch-2.11.0a0+git8a9a7f5.dist-info/top_level.txt'
  adding 'torch-2.11.0a0+git8a9a7f5.dist-info/RECORD'
  /opt/homebrew/anaconda3/envs/test/lib/python3.10/site-packages/setuptools/command/editable_wheel.py:352: InformationOnly: Editable installation.
  !!

          ********************************************************************************
          Please be careful with folders in your working directory with the same
          name as your package as they may take precedence during imports.
          ********************************************************************************

  !!
    with strategy, WheelFile(wheel_path, "w") as wheel_obj:
  Building editable for torch (pyproject.toml): finished with status 'done'
  Created wheel for torch: filename=torch-2.11.0a0+git8a9a7f5-0.editable-cp310-cp310-macosx_12_0_arm64.whl size=22419 sha256=7656765f0c8f186599c1b273542d15e2003bc2b66ad43ad47c4b146558db9009
  Stored in directory: /private/var/folders/wp/nzhddn0d4qbct1bgrq21kpq80000gn/T/pip-ephem-wheel-cache-y8_078ul/wheels/fa/7a/fb/0cb9bca8c3fce17cc359082fda159ada0fed0b260098265f02
Successfully built torch
Installing collected packages: torch
  changing mode of /opt/homebrew/anaconda3/envs/test/bin/torchfrtrace to 755
  changing mode of /opt/homebrew/anaconda3/envs/test/bin/torchrun to 755
Successfully installed torch-2.11.0a0+git8a9a7f5







(test)  🐍 test  wen@macbookpro  ~/test/pytorch   sswen-dev  git clean -fdx                 
Removing aten/src/ATen/Config.h
Removing build/
Removing compile_commands.json
Removing tools/__pycache__/
Removing tools/autograd/__pycache__/
Removing tools/pyi/__pycache__/
Removing tools/setup_helpers/__pycache__/
Removing tools/shared/_utils_internal.py
Removing torch/_C.cpython-310-darwin.so
Removing torch/_C/_VariableFunctions.pyi
Removing torch/_C/__init__.pyi
Removing torch/_C/_nn.pyi
Removing torch/_VF.pyi
Removing torch/__pycache__/
Removing torch/_inductor/kernel/vendored_templates/
Removing torch/bin/
Removing torch/csrc/autograd/generated/
Removing torch/csrc/functionalization/generated/
Removing torch/csrc/inductor/aoti_torch/generated/c_shim_aten.cpp
Removing torch/csrc/inductor/aoti_torch/generated/c_shim_cpu.cpp
Removing torch/csrc/inductor/aoti_torch/generated/c_shim_cuda.cpp
Removing torch/csrc/inductor/aoti_torch/generated/c_shim_mps.cpp
Removing torch/csrc/lazy/generated/LazyIr.h
Removing torch/csrc/lazy/generated/LazyNativeFunctions.cpp
Removing torch/csrc/lazy/generated/LazyNativeFunctions.h
Removing torch/csrc/lazy/generated/LazyNonNativeIr.h
Removing torch/csrc/lazy/generated/RegisterAutogradLazy.cpp
Removing torch/csrc/lazy/generated/RegisterLazy.cpp
Removing torch/headeronly/version.h
Removing torch/include/
Removing torch/lib/cmake/
Removing torch/lib/libXNNPACK.a
Removing torch/lib/libaoti_custom_ops.dylib
Removing torch/lib/libbackend_with_compiler.dylib
Removing torch/lib/libc10.dylib
Removing torch/lib/libclog.a
Removing torch/lib/libcpuinfo.a
Removing torch/lib/libfmt.a
Removing torch/lib/libjitbackend_test.dylib
Removing torch/lib/libkineto.a
Removing torch/lib/libkleidiai.a
Removing torch/lib/libmicrokernels-prod.a
Removing torch/lib/libnnpack.a
Removing torch/lib/libprotobuf-lite.a
Removing torch/lib/libprotobuf.a
Removing torch/lib/libprotoc.a
Removing torch/lib/libpthreadpool.a
Removing torch/lib/libpytorch_qnnpack.a
Removing torch/lib/libshm.dylib
Removing torch/lib/libsleef.a
Removing torch/lib/libtorch.dylib
Removing torch/lib/libtorch_cpu.dylib
Removing torch/lib/libtorch_global_deps.dylib
Removing torch/lib/libtorch_python.dylib
Removing torch/lib/libtorchbind_test.dylib
Removing torch/lib/pkgconfig/
Removing torch/nn/functional.pyi
Removing torch/return_types.pyi
Removing torch/share/
Removing torch/test/
Removing torch/testing/_internal/generated/annotated_fn_args.py
Removing torch/utils/benchmark/utils/valgrind_wrapper/callgrind.h
Removing torch/utils/benchmark/utils/valgrind_wrapper/valgrind.h
Removing torch/utils/data/datapipes/datapipe.pyi
Removing torch/version.py
Removing torchgen/__pycache__/
Removing torchgen/aoti/__pycache__/
Removing torchgen/api/__pycache__/
Removing torchgen/api/types/__pycache__/
Removing torchgen/dest/__pycache__/
Removing torchgen/packaged/
Removing torchgen/selective_build/__pycache__/
